--------- beginning of system

07-31 10:06:26.965 16535 16535 W FtTelephonyAdapterImpl: getActiveSubInfoList.subInfo is empty

--------- beginning of main

07-31 10:06:26.965 16535 16535 D Mms/CacheDelay: ---->>>start cache------------

07-31 10:06:26.969 16535 16535 I Mms/PrivacyMessageProcess: PrivacyMessageProcess init

07-31 10:06:26.969 16535 16601 I ContactArray: ContactsCache init begin:1501466786969

07-31 10:06:26.970   941  1996 D ActivityManager: getContentProviderImpl: from caller=android.app.ApplicationThreadProxy@2c05a7f (pid=16535, userId=0) to get content provider com.android.contacts cpr=ContentProviderRecord{91e9e7b u0 com.android.providers.contacts/.ContactsProvider2}

07-31 10:06:26.971   941  1996 D ActivityManager: getContentProviderImpl: updateLruProcessLocked cpr.proc=ProcessRecord{65e19de 3079:android.process.acore/u0a4}

07-31 10:06:26.974 16535 16601 D ActivityThread: holder:android.app.IActivityManager$ContentProviderHolder@539af1d, holder.provider:android.content.ContentProviderProxy@a589592

07-31 10:06:26.976 16535 16535 D Mms/CacheDelay: ---->>>cache finish------------

07-31 10:06:26.976 16535 16602 I PrivacyContactsArray: PrivacyContactsCache init begin:1501466786976

07-31 10:06:26.979  3079  3178 I ContactsProvider: query: uri=content://com.android.contacts/data/phones?encrypt=%20%3C%202 , projection=[_id, display_name, data1] , selection=[null] , args=null , order=[_id LIMIT 2000 OFFSET 0] CPID=16535 , User=0 , callingPackage=[com.android.mms]

07-31 10:06:26.979  3079  3090 I ContactsProvider: query: uri=content://com.android.contacts/data?encrypt=%3E0 , projection=[contact_id, raw_contact_id, display_name, data1] , selection=[mimetype_id = 5] , args=null , order=[null] CPID=16535 , User=0 , callingPackage=[com.android.mms]

07-31 10:06:26.983 16535 16602 D PrivacyContactsArray: -----count = 0

07-31 10:06:26.985   941  1380 V ActivityManager: Broadcast: Intent { act=com.android.mms.ACTION_NAME_LOAD_FINISHED flg=0x10 } ordered=false userid=0 callerApp=ProcessRecord{e04e6d 16535:com.android.mms/u0a11}

07-31 10:06:26.985 16535 16601 I ContactArray: ContactsCache init complete:1501466786985

07-31 10:06:26.985 16535 16602 I PrivacyContactsArray: PrivacyContactsCache init complete:1501466786985

07-31 10:06:26.985 16535 16602 I Mms/PrivacyMessageProcess: PrivacyContactsCache run done....

07-31 10:06:26.987 16535 16601 E PatternBuilder:  Incorrectly nested parentheses in regexp pattern

07-31 10:06:26.987 16535 16601 W System.err: java.util.regex.PatternSyntaxException: Incorrectly nested parentheses in regexp pattern near index 1:

07-31 10:06:26.987 16535 16601 W System.err: )

07-31 10:06:26.987 16535 16601 W System.err:  ^

07-31 10:06:26.987 16535 16601 W System.err: 	at java.util.regex.Pattern.compileImpl(Native Method)

07-31 10:06:26.988 16535 16601 W System.err: 	at java.util.regex.Pattern.compile(Pattern.java:411)

07-31 10:06:26.988 16535 16601 W System.err: 	at java.util.regex.Pattern.<init>(Pattern.java:394)

07-31 10:06:26.988 16535 16601 W System.err: 	at java.util.regex.Pattern.compile(Pattern.java:381)

07-31 10:06:26.988 16535 16601 W System.err: 	at com.android.mms.data.contactcache.PatternBuilder.buildNameMTPattern(PatternBuilder.java:69)

07-31 10:06:26.988 16535 16601 W System.err: 	at com.android.mms.data.contactcache.PatternBuilder.build(PatternBuilder.java:24)

07-31 10:06:26.988 16535 16601 W System.err: 	at com.android.mms.data.contactcache.ContactsArray.init(ContactsArray.java:67)

07-31 10:06:26.988   941  1509 V ActivityManager: Broadcast: Intent { act=com.android.mms.privacymsg.cacheover flg=0x10 } ordered=false userid=0 callerApp=ProcessRecord{e04e6d 16535:com.android.mms/u0a11}

07-31 10:06:26.988 16535 16601 W System.err: 	at com.android.mms.data.contactcache.ContactsCacheProcess$InitThread.run(ContactsCacheProcess.java:71)

07-31 10:06:26.988 16535 16601 I ContactsCacheProcess: ContactsCache run done....

07-31 10:06:27.071   817   839 E MFI-Conn:  (     mfia_task_bootstrap,  587) mfia_task_bootstrap(): retrying to connect to mal-mfi error 13!! ====

07-31 10:06:27.060   839   839 W viarild : type=1400 audit(0.0:3111): avc: denied { write } for name="mal-mfi" dev="tmpfs" ino=10393 scontext=u:r:viarild:s0 tcontext=u:object_r:mal_mfi_socket:s0 tclass=sock_file permissive=0

07-31 10:06:27.182   941  1870 D ActivityManager: getContentProviderImpl: from caller=android.app.ApplicationThreadProxy@30a1f9b (pid=16535, userId=0) to get content provider sms cpr=ContentProviderRecord{56a054c u0 com.android.providers.telephony/.SmsProvider}

07-31 10:06:27.182   941  1870 D ActivityManager: getContentProviderImpl: updateLruProcessLocked cpr.proc=ProcessRecord{335c711 1907:com.android.phone/1001}

07-31 10:06:27.183 16535 16535 D ActivityThread: holder:android.app.IActivityManager$ContentProviderHolder@68f4360, holder.provider:android.content.ContentProviderProxy@dc72019

07-31 10:06:27.195   433   433 I thermal_src: wake up function 3

07-31 10:06:27.195   433   433 I thermal_src: TA_DAEMON_CMD_GET_TPCB cmd=0x5, len=4 PCB=36000

07-31 10:06:27.195   433   433 I thermal_src: TA_DAEMON_CMD_SET_TTJ cmd=0x4, len=4 Tj=85000

07-31 10:06:27.195   433   433 I thermal_src: waiting NOTIFY from kernel...

07-31 10:06:27.196  2654  2658 D FRR     : buff=0x7f86538240, len=191

07-31 10:06:27.196  2654  2658 D FRR     : uevent[0]=0x7f86538240, len=48, "change@/devices/platform/battery/power_supply/ac"

07-31 10:06:27.196  2654  2658 D FRR     : voteFps(60, 0)

07-31 10:06:27.196  2654  2658 D FRR     : ThermalListener loop:

07-31 10:06:27.196  2654  2658 D FRR     : buff=0x7f86538240, len=194

07-31 10:06:27.196  2654  2658 D FRR     : uevent[0]=0x7f86538240, len=49, "change@/devices/platform/battery/power_supply/usb"

07-31 10:06:27.196  2654  2658 D FRR     : voteFps(60, 0)

07-31 10:06:27.196  2654  2658 D FRR     : ThermalListener loop:

07-31 10:06:27.196  2654  2658 D FRR     : buff=0x7f86538240, len=209

07-31 10:06:27.196  2654  2658 D FRR     : uevent[0]=0x7f86538240, len=54, "change@/devices/platform/battery/power_supply/wireless"

07-31 10:06:27.196  2654  2658 D FRR     : voteFps(60, 0)

07-31 10:06:27.196  2654  2658 D FRR     : ThermalListener loop:

07-31 10:06:27.197   941  1933 V BatteryService: VNOILBS mScreenOn=true level=99 mCriticalBatteryLevel=3 mNotificationLowBatteryStates=false OS_VERSION=true mNotificationChargeStates=true status=2

07-31 10:06:27.198   941  1933 V BatteryService: VNOILBS, turn off battery light.

07-31 10:06:27.198   941  1933 D BatteryService: mBatteryVoltage=4338, batteryLevel=50

07-31 10:06:27.198   941  1933 V BatteryService: VNOILBS mScreenOn=true level=99 mCriticalBatteryLevel=3 mNotificationLowBatteryStates=false OS_VERSION=true mNotificationChargeStates=true status=2

07-31 10:06:27.198   941  1933 V BatteryService: VNOILBS, turn off battery light.

07-31 10:06:27.199   941   941 V ActivityManager: Broadcast sticky: Intent { act=android.intent.action.BATTERY_CHANGED flg=0x60000010 (has extras) } ordered=false userid=-1 callerApp=null

07-31 10:06:27.199   941  1933 V BatteryService: VNOILBS mScreenOn=true level=99 mCriticalBatteryLevel=3 mNotificationLowBatteryStates=false OS_VERSION=true mNotificationChargeStates=true status=2

07-31 10:06:27.199   941  1933 V BatteryService: VNOILBS, turn off battery light.

07-31 10:06:27.200   941   941 D FeatureService: onReceive action android.intent.action.BATTERY_CHANGED

07-31 10:06:27.200   941   941 D WifiService: onReceive, action:android.intent.action.BATTERY_CHANGED

07-31 10:06:27.200  2654  2658 D FRR     : buff=0x7f86538240, len=965

07-31 10:06:27.201  2654  2658 D FRR     : uevent[0]=0x7f86538240, len=53, "change@/devices/platform/battery/power_supply/battery"

07-31 10:06:27.201  1340  1340 D KeyguardUpdateMonitor: received broadcast android.intent.action.BATTERY_CHANGED

07-31 10:06:27.201  2654  2658 D FRR     : voteFps(60, 0)

07-31 10:06:27.201  2654  2658 D FRR     : ThermalListener loop:

07-31 10:06:27.201   941  1236 D WifiController: ApStaDisabledState{ when=0 what=155652 arg1=2 target=com.android.internal.util.StateMachine$SmHandler }

07-31 10:06:27.201   941  1236 D WifiController: DefaultState{ when=0 what=155652 arg1=2 target=com.android.internal.util.StateMachine$SmHandler }

07-31 10:06:27.201   941  1236 D WifiController: battery changed pluggedType: 2

07-31 10:06:27.201  1340  1340 D KeyguardUpdateMonitor: handleBatteryUpdate

07-31 10:06:27.201  1504  1504 I WarningMessage: receiver: action isandroid.intent.action.BATTERY_CHANGED mBatteryPowerConnetDialog=true mShowChargerOverVoltageDialog=true

07-31 10:06:27.201  1504  1504 D DeviceListener: ++onReceive++:android.intent.action.BATTERY_CHANGED

07-31 10:06:27.201  1504  1504 D DeviceListener: onReceiveandroid.intent.action.BATTERY_CHANGED

07-31 10:06:27.201  1504  1504 I UsbDeviceManagerService: mUsbReceiver action:android.intent.action.BATTERY_CHANGED mConnected:false mLastConnected:false

07-31 10:06:27.201  1340  1340 I BatteryController: SystemUI|status = 2, mLastStatus = 2, mPluggedIn = true, mLastPluggedIn = true

07-31 10:06:27.202   941  1380 V BatteryService: VNOILBS mScreenOn=true level=99 mCriticalBatteryLevel=3 mNotificationLowBatteryStates=false OS_VERSION=true mNotificationChargeStates=true status=2

07-31 10:06:27.202   941  1380 V BatteryService: VNOILBS, turn off battery light.

07-31 10:06:27.203  1978  1978 D SwitcherUpdateMonitor: receive broadcast, action = android.intent.action.BATTERY_CHANGED

07-31 10:06:27.203  1340  1340 I BatteryController: SystemUI|mLevel = 99, mLastLevel = 99

07-31 10:06:27.203  1340  1340 D PowerUI : buckets   .....15 .. 10 .. 3

07-31 10:06:27.203  1340  1340 D PowerUI : level          99 --> 99

07-31 10:06:27.203  1340  1340 D PowerUI : status         2 --> 2

07-31 10:06:27.203  1340  1340 D PowerUI : plugType       2 --> 2

07-31 10:06:27.203  1340  1340 D PowerUI : invalidCharger 0 --> 0

07-31 10:06:27.203  1340  1340 D PowerUI : bucket         1 --> 1

07-31 10:06:27.203  1340  1340 D PowerUI : plugged        true --> true

07-31 10:06:27.204   941  1955 V ActivityManager: Broadcast: Intent { act=com.vivo.dismiss.lowpower flg=0x10 } ordered=false userid=0 callerApp=ProcessRecord{5bf1545 1340:com.android.systemui/u0a17}

07-31 10:06:27.205  1340  1340 I KeyguardSmartUpdateMonitor: handleChargingModeChanged, mQuickChargeHealth = 2, batteryHealth = 2

07-31 10:06:27.205  1340  1340 I KeyguardSmartUpdateMonitor: handleChargingModeChanged, mCurrentEngineState = 0, engineState = -2

07-31 10:06:27.800   941  1259 D PerfServiceManager: [PerfService] MESSAGE_TIMEOUT:106 

07-31 10:06:27.814   941  1259 I libPerfService: 6: set: -1, -1, 

07-31 10:06:27.816   941  1259 I libPerfService: 6: set freq: -1, -1, 

07-31 10:06:28.070   839   839 W viarild : type=1400 audit(0.0:3112): avc: denied { write } for name="mal-mfi" dev="tmpfs" ino=10393 scontext=u:r:viarild:s0 tcontext=u:object_r:mal_mfi_socket:s0 tclass=sock_file permissive=0

07-31 10:06:28.072   817   839 E MFI-Conn:  (     mfia_task_bootstrap,  587) mfia_task_bootstrap(): retrying to connect to mal-mfi error 13!! ====

07-31 10:06:28.516   941   986 V ActivityManager: Broadcast: Intent { act=android.intent.action.FORCE_STOP_PACKAGE.com.android.mms flg=0x10 (has extras) } ordered=false userid=0 callerApp=ProcessRecord{6939912 941:system/1000}

07-31 10:06:28.968   941  1404 D ConnectivityService: getActiveNetworkInfo networkInfo = null

07-31 10:06:29.073   817   839 E MFI-Conn:  (     mfia_task_bootstrap,  587) mfia_task_bootstrap(): retrying to connect to mal-mfi error 13!! ====

07-31 10:06:29.070   839   839 W viarild : type=1400 audit(0.0:3113): avc: denied { write } for name="mal-mfi" dev="tmpfs" ino=10393 scontext=u:r:viarild:s0 tcontext=u:object_r:mal_mfi_socket:s0 tclass=sock_file permissive=0

07-31 10:06:29.210   423   797 E VT      : [SRV] [VT THREAD] [VT_Bind] des = volte_imsvt1 Fail to connect . retry count: 1020

07-31 10:06:29.211   423   797 D VT      : [SRV] isIMCBrun : False

07-31 10:06:29.703   442   535 D vivo_daemon:AnpDaemon: start query abnormal logcat

07-31 10:06:29.814   442   535 D vivo_daemon:AnpDaemon: finish query abnormal logcat

07-31 10:06:30.070   839   839 W viarild : type=1400 audit(0.0:3114): avc: denied { write } for name="mal-mfi" dev="tmpfs" ino=10393 scontext=u:r:viarild:s0 tcontext=u:object_r:mal_mfi_socket:s0 tclass=sock_file permissive=0

07-31 10:06:30.073   817   839 E MFI-Conn:  (     mfia_task_bootstrap,  587) mfia_task_bootstrap(): retrying to connect to mal-mfi error 13!! ====

07-31 10:06:30.091   941  1106 I PackageManager: mcs_unbind

07-31 10:06:30.091   941  1106 I PackageManager: calling disconnectService()

07-31 10:06:30.092   941  1106 I PackageManager: disconnectService: false

07-31 10:06:30.104  4997  4997 D ActivityThread: SVC-UNBIND_SERVICE handled : 0 / BindServiceData{token=android.os.BinderProxy@12af259 intent=Intent { cmp=com.android.defcontainer/.DefaultContainerService }}

07-31 10:06:30.104  4997  4997 D ActivityThread: SVC-Destroying service: com.android.defcontainer.DefaultContainerService@ef67e1e

07-31 10:06:30.118  4997  4997 D ActivityThread: SVC-STOP_SERVICE handled : 0 / android.os.BinderProxy@12af259

07-31 10:06:30.352 16504 16521 E QueryController: Got null root node from accessibility - Retrying...

07-31 10:06:30.827 16504 16512 I System  : FinalizerDaemon: finalize objects = 1

07-31 10:06:30.934   435   435 I thermal_repeater: select timeout

07-31 10:06:30.964 16535 16535 V MMSLog  : ----------onReceiveWithPrivilege----------

07-31 10:06:30.968   941  1509 D AppOps  : startOperation: allowing code 40 uid 10011 package com.android.mms

07-31 10:06:30.976 16535 16535 D ActivityThread: SVC-Creating service: CreateServiceData{token=android.os.BinderProxy@5e678de className=com.android.mms.transaction.SmsReceiverService packageName=com.android.mms intent=null}

07-31 10:06:30.984   941   987 V NetworkStats: setKernelCounterSet uid=10058 set=0

07-31 10:06:30.984  1482  1482 D ActivityThread: SVC-Creating service: CreateServiceData{token=android.os.BinderProxy@805db08 className=com.iqoo.secure.ui.antiharassment.InterceptService packageName=com.iqoo.secure intent=null}

07-31 10:06:30.985  1482  1482 D ActivityThread: SVC-CREATE_SERVICE handled : 0 / CreateServiceData{token=android.os.BinderProxy@805db08 className=com.iqoo.secure.ui.antiharassment.InterceptService packageName=com.iqoo.secure intent=null}

07-31 10:06:30.985  1482  1482 V ActivityThread: handleBindService s=com.iqoo.secure.ui.antiharassment.InterceptService@36ae2a1 rebind=false

07-31 10:06:30.986  1482  1482 D ActivityThread: SVC-BIND_SERVICE handled : 0 / BindServiceData{token=android.os.BinderProxy@805db08 intent=Intent { pkg=com.iqoo.secure cmp=com.iqoo.secure/.ui.antiharassment.InterceptService }}

07-31 10:06:30.990  1624  1641 I DaemonService: DataUsageService pid = 1482

07-31 10:06:30.992 16535 16535 D ActivityThread: SVC-CREATE_SERVICE handled : 0 / CreateServiceData{token=android.os.BinderProxy@5e678de className=com.android.mms.transaction.SmsReceiverService packageName=com.android.mms intent=null}

07-31 10:06:30.993 16535 16535 D ActivityThread: SVC-Calling onStartCommand: com.android.mms.transaction.SmsReceiverService@5a94abf, flags=0, startId=1

07-31 10:06:30.993 16535 16535 D Mms/MMSLog: Message Sent Result Code = 0

07-31 10:06:30.993 16535 16535 D ActivityThread: SVC-SERVICE_ARGS handled : 0 / ServiceArgsData{token=android.os.BinderProxy@5e678de startId=1 args=Intent { act=com.vivo.telephony.VIVO_SMS_RECEIVED cmp=com.android.mms/.transaction.SmsReceiverService (has extras) }}

07-31 10:06:31.009 16535 16617 D Mms/MMSLog: Sms handleMessage :{ when=-12ms what=0 arg1=1 obj=Intent { act=com.vivo.telephony.VIVO_SMS_RECEIVED cmp=com.android.mms/.transaction.SmsReceiverService (has extras) } target=com.android.mms.transaction.SmsReceiverService$ServiceHandler obj=Intent { act=com.vivo.telephony.VIVO_SMS_RECEIVED cmp=com.android.mms/.transaction.SmsReceiverService (has extras) } }

07-31 10:06:31.009 16535 16617 D SmsReceiverService:  com.vivo.telephony.VIVO_SMS_RECEIVED -----------------

07-31 10:06:31.021   941  1509 D ActivityManager: getContentProviderImpl: from caller=android.app.ApplicationThreadProxy@972b6e4 (pid=16535, userId=0) to get content provider sms cpr=ContentProviderRecord{56a054c u0 com.android.providers.telephony/.SmsProvider}

07-31 10:06:31.022   941  1509 D ActivityManager: getContentProviderImpl: updateLruProcessLocked cpr.proc=ProcessRecord{335c711 1907:com.android.phone/1001}

07-31 10:06:31.031 16535 16617 D ActivityThread: holder:android.app.IActivityManager$ContentProviderHolder@820a4d5, holder.provider:android.content.ContentProviderProxy@9dd44ea

07-31 10:06:31.039 16535 16617 D SmsReceiverService: cur==========android.content.ContentResolver$CursorWrapperInner@531d3db

07-31 10:06:31.039 16535 16617 D SmsReceiverService: cur.getCount ========0

07-31 10:06:31.045 16535 16535 D ActivityThread: SVC-Destroying service: com.android.mms.transaction.SmsReceiverService@5a94abf

07-31 10:06:31.047  1482  1482 D ActivityThread: SVC-UNBIND_SERVICE handled : 0 / BindServiceData{token=android.os.BinderProxy@805db08 intent=Intent { pkg=com.iqoo.secure cmp=com.iqoo.secure/.ui.antiharassment.InterceptService }}

07-31 10:06:31.048  1482  1482 D ActivityThread: SVC-Destroying service: com.iqoo.secure.ui.antiharassment.InterceptService@36ae2a1

07-31 10:06:31.049 16535 16535 D ActivityThread: SVC-STOP_SERVICE handled : 0 / android.os.BinderProxy@5e678de

07-31 10:06:31.054   941   987 V NetworkStats: setKernelCounterSet uid=10058 set=1

07-31 10:06:31.054  1624  2680 I DaemonService: DataUsageService pid = 1482

07-31 10:06:31.056  1482  1482 D ActivityThread: SVC-STOP_SERVICE handled : 0 / android.os.BinderProxy@805db08

07-31 10:06:31.056  1624  2680 I DaemonService: DataUsageService pid = 1482

07-31 10:06:31.074   817   839 E MFI-Conn:  (     mfia_task_bootstrap,  587) mfia_task_bootstrap(): retrying to connect to mal-mfi error 13!! ====

07-31 10:06:31.070   839   839 W viarild : type=1400 audit(0.0:3115): avc: denied { write } for name="mal-mfi" dev="tmpfs" ino=10393 scontext=u:r:viarild:s0 tcontext=u:object_r:mal_mfi_socket:s0 tclass=sock_file permissive=0

07-31 10:06:31.393  2173  2181 I System  : FinalizerDaemon: finalize objects = 1

07-31 10:06:31.432   433   433 I thermal_src: wake up function 3

07-31 10:06:31.432   433   433 I thermal_src: TA_DAEMON_CMD_GET_TPCB cmd=0x5, len=4 PCB=36000

07-31 10:06:31.432   433   433 I thermal_src: TA_DAEMON_CMD_SET_TTJ cmd=0x4, len=4 Tj=85000

07-31 10:06:31.432   433   433 I thermal_src: waiting NOTIFY from kernel...

07-31 10:06:32.028  3079  3086 I System  : FinalizerDaemon: finalize objects = 7

07-31 10:06:32.075   817   839 E MFI-Conn:  (     mfia_task_bootstrap,  587) mfia_task_bootstrap(): retrying to connect to mal-mfi error 13!! ====

07-31 10:06:32.070   839   839 W viarild : type=1400 audit(0.0:3116): avc: denied { write } for name="mal-mfi" dev="tmpfs" ino=10393 scontext=u:r:viarild:s0 tcontext=u:object_r:mal_mfi_socket:s0 tclass=sock_file permissive=0

07-31 10:06:32.075   817   839 W MFI-Conn:  (     mfia_task_bootstrap,  593) mfia_task_bootstrap(13): [ASSERT] more than 60 retries to connect to mal-mfi!!

07-31 10:06:32.211   423   797 E VT      : [SRV] [VT THREAD] [VT_Bind] des = volte_imsvt1 Fail to connect . retry count: 1021

07-31 10:06:32.212   423   797 D VT      : [SRV] isIMCBrun : False

07-31 10:06:33.070   839   839 W viarild : type=1400 audit(0.0:3117): avc: denied { write } for name="mal-mfi" dev="tmpfs" ino=10393 scontext=u:r:viarild:s0 tcontext=u:object_r:mal_mfi_socket:s0 tclass=sock_file permissive=0

07-31 10:06:33.075   817   839 E MFI-Conn:  (     mfia_task_bootstrap,  587) mfia_task_bootstrap(): retrying to connect to mal-mfi error 13!! ====

07-31 10:06:33.306   941   948 I System  : FinalizerDaemon: finalize objects = 373

07-31 10:06:34.076   817   839 E MFI-Conn:  (     mfia_task_bootstrap,  587) mfia_task_bootstrap(): retrying to connect to mal-mfi error 13!! ====

07-31 10:06:34.070   839   839 W viarild : type=1400 audit(0.0:3118): avc: denied { write } for name="mal-mfi" dev="tmpfs" ino=10393 scontext=u:r:viarild:s0 tcontext=u:object_r:mal_mfi_socket:s0 tclass=sock_file permissive=0

07-31 10:06:35.070   839   839 W viarild : type=1400 audit(0.0:3119): avc: denied { write } for name="mal-mfi" dev="tmpfs" ino=10393 scontext=u:r:viarild:s0 tcontext=u:object_r:mal_mfi_socket:s0 tclass=sock_file permissive=0

07-31 10:06:35.077   817   839 E MFI-Conn:  (     mfia_task_bootstrap,  587) mfia_task_bootstrap(): retrying to connect to mal-mfi error 13!! ====

07-31 10:06:35.131  4997  5004 I System  : FinalizerDaemon: finalize objects = 67

07-31 10:06:35.212   423   797 E VT      : [SRV] [VT THREAD] [VT_Bind] des = volte_imsvt1 Fail to connect . retry count: 1022

07-31 10:06:35.212   423   797 D VT      : [SRV] isIMCBrun : False

07-31 10:06:35.935   435   435 I thermal_repeater: oh, queryMdThermalInfo (0)No such file or directory

07-31 10:06:35.943   435   435 I thermal_repeater: [recvMdThermalInfo] ret=5, strLen=127, ERROR

07-31 10:06:36.077   817   839 E MFI-Conn:  (     mfia_task_bootstrap,  587) mfia_task_bootstrap(): retrying to connect to mal-mfi error 13!! ====

07-31 10:06:36.070   839   839 W viarild : type=1400 audit(0.0:3120): avc: denied { write } for name="mal-mfi" dev="tmpfs" ino=10393 scontext=u:r:viarild:s0 tcontext=u:object_r:mal_mfi_socket:s0 tclass=sock_file permissive=0

07-31 10:06:36.442   433   433 I thermal_src: wake up function 3

07-31 10:06:36.442   433   433 I thermal_src: TA_DAEMON_CMD_GET_TPCB cmd=0x5, len=4 PCB=36000

07-31 10:06:36.442   433   433 I thermal_src: TA_DAEMON_CMD_SET_TTJ cmd=0x4, len=4 Tj=85000

07-31 10:06:36.442   433   433 I thermal_src: waiting NOTIFY from kernel...

07-31 10:06:37.070   839   839 W viarild : type=1400 audit(0.0:3121): avc: denied { write } for name="mal-mfi" dev="tmpfs" ino=10393 scontext=u:r:viarild:s0 tcontext=u:object_r:mal_mfi_socket:s0 tclass=sock_file permissive=0

07-31 10:06:37.078   817   839 E MFI-Conn:  (     mfia_task_bootstrap,  587) mfia_task_bootstrap(): retrying to connect to mal-mfi error 13!! ====

07-31 10:06:37.215   433   433 I thermal_src: wake up function 3

07-31 10:06:37.215   433   433 I thermal_src: TA_DAEMON_CMD_GET_TPCB cmd=0x5, len=4 PCB=36000

07-31 10:06:37.215   433   433 I thermal_src: TA_DAEMON_CMD_SET_TTJ cmd=0x4, len=4 Tj=85000

07-31 10:06:37.215   433   433 I thermal_src: waiting NOTIFY from kernel...

07-31 10:06:37.219  2654  2658 D FRR     : buff=0x7f86538240, len=191

07-31 10:06:37.219  2654  2658 D FRR     : uevent[0]=0x7f86538240, len=48, "change@/devices/platform/battery/power_supply/ac"

07-31 10:06:37.219  2654  2658 D FRR     : voteFps(60, 0)

07-31 10:06:37.219  2654  2658 D FRR     : ThermalListener loop:

07-31 10:06:37.222   941  1957 V BatteryService: VNOILBS mScreenOn=true level=99 mCriticalBatteryLevel=3 mNotificationLowBatteryStates=false OS_VERSION=true mNotificationChargeStates=true status=2

07-31 10:06:37.223   941  1957 V BatteryService: VNOILBS, turn off battery light.

07-31 10:06:37.223   941  1957 V BatteryService: VNOILBS mScreenOn=true level=99 mCriticalBatteryLevel=3 mNotificationLowBatteryStates=false OS_VERSION=true mNotificationChargeStates=true status=2

07-31 10:06:37.223   941  1957 V BatteryService: VNOILBS, turn off battery light.

07-31 10:06:37.226  2654  2658 D FRR     : buff=0x7f86538240, len=194

07-31 10:06:37.226  2654  2658 D FRR     : uevent[0]=0x7f86538240, len=49, "change@/devices/platform/battery/power_supply/usb"

07-31 10:06:37.226  2654  2658 D FRR     : voteFps(60, 0)

07-31 10:06:37.226  2654  2658 D FRR     : ThermalListener loop:

07-31 10:06:37.226  2654  2658 D FRR     : buff=0x7f86538240, len=209

07-31 10:06:37.226  2654  2658 D FRR     : uevent[0]=0x7f86538240, len=54, "change@/devices/platform/battery/power_supply/wireless"

07-31 10:06:37.226  2654  2658 D FRR     : voteFps(60, 0)

07-31 10:06:37.226  2654  2658 D FRR     : ThermalListener loop:

07-31 10:06:37.229   941  1995 V BatteryService: VNOILBS mScreenOn=true level=99 mCriticalBatteryLevel=3 mNotificationLowBatteryStates=false OS_VERSION=true mNotificationChargeStates=true status=2

07-31 10:06:37.229   941  1995 V BatteryService: VNOILBS, turn off battery light.

07-31 10:06:37.231  2654  2658 D FRR     : buff=0x7f86538240, len=965

07-31 10:06:37.231  2654  2658 D FRR     : uevent[0]=0x7f86538240, len=53, "change@/devices/platform/battery/power_supply/battery"

07-31 10:06:37.231  2654  2658 D FRR     : voteFps(60, 0)

07-31 10:06:37.231  2654  2658 D FRR     : ThermalListener loop:

07-31 10:06:37.235   941   956 D BatteryService: mBatteryVoltage=4335, batteryLevel=50

07-31 10:06:37.235   941   956 V BatteryService: VNOILBS mScreenOn=true level=99 mCriticalBatteryLevel=3 mNotificationLowBatteryStates=false OS_VERSION=true mNotificationChargeStates=true status=2

07-31 10:06:37.235   941   956 V BatteryService: VNOILBS, turn off battery light.

07-31 10:06:37.236   941   941 V ActivityManager: Broadcast sticky: Intent { act=android.intent.action.BATTERY_CHANGED flg=0x60000010 (has extras) } ordered=false userid=-1 callerApp=null

07-31 10:06:37.238  1504  1504 I WarningMessage: receiver: action isandroid.intent.action.BATTERY_CHANGED mBatteryPowerConnetDialog=true mShowChargerOverVoltageDialog=true

07-31 10:06:37.238  1340  1340 D KeyguardUpdateMonitor: received broadcast android.intent.action.BATTERY_CHANGED

07-31 10:06:37.238  1504  1504 D DeviceListener: ++onReceive++:android.intent.action.BATTERY_CHANGED

07-31 10:06:37.238  1504  1504 D DeviceListener: onReceiveandroid.intent.action.BATTERY_CHANGED

07-31 10:06:37.238  1504  1504 I UsbDeviceManagerService: mUsbReceiver action:android.intent.action.BATTERY_CHANGED mConnected:false mLastConnected:false

07-31 10:06:37.238  1340  1340 D KeyguardUpdateMonitor: handleBatteryUpdate

07-31 10:06:37.238   941   941 D FeatureService: onReceive action android.intent.action.BATTERY_CHANGED

07-31 10:06:37.238  1340  1340 I BatteryController: SystemUI|status = 2, mLastStatus = 2, mPluggedIn = true, mLastPluggedIn = true

07-31 10:06:37.238   941   941 D WifiService: onReceive, action:android.intent.action.BATTERY_CHANGED

07-31 10:06:37.239   941  1236 D WifiController: ApStaDisabledState{ when=0 what=155652 arg1=2 target=com.android.internal.util.StateMachine$SmHandler }

07-31 10:06:37.239   941  1236 D WifiController: DefaultState{ when=0 what=155652 arg1=2 target=com.android.internal.util.StateMachine$SmHandler }

07-31 10:06:37.239   941  1236 D WifiController: battery changed pluggedType: 2

07-31 10:06:37.239  1340  1340 I BatteryController: SystemUI|mLevel = 99, mLastLevel = 99

07-31 10:06:37.243  1978  1978 D SwitcherUpdateMonitor: receive broadcast, action = android.intent.action.BATTERY_CHANGED

07-31 10:06:37.245  1340  1340 D PowerUI : buckets   .....15 .. 10 .. 3

07-31 10:06:37.246  1340  1340 D PowerUI : level          99 --> 99

07-31 10:06:37.246  1340  1340 D PowerUI : status         2 --> 2

07-31 10:06:37.246  1340  1340 D PowerUI : plugType       2 --> 2

07-31 10:06:37.246  1340  1340 D PowerUI : invalidCharger 0 --> 0

07-31 10:06:37.246  1340  1340 D PowerUI : bucket         1 --> 1

07-31 10:06:37.246  1340  1340 D PowerUI : plugged        true --> true

07-31 10:06:37.247   941  1977 V ActivityManager: Broadcast: Intent { act=com.vivo.dismiss.lowpower flg=0x10 } ordered=false userid=0 callerApp=ProcessRecord{5bf1545 1340:com.android.systemui/u0a17}

07-31 10:06:37.249  1340  1340 I KeyguardSmartUpdateMonitor: handleChargingModeChanged, mQuickChargeHealth = 2, batteryHealth = 2

07-31 10:06:37.249  1340  1340 I KeyguardSmartUpdateMonitor: handleChargingModeChanged, mCurrentEngineState = 0, engineState = -2

07-31 10:06:38.078   817   839 E MFI-Conn:  (     mfia_task_bootstrap,  587) mfia_task_bootstrap(): retrying to connect to mal-mfi error 13!! ====

07-31 10:06:38.070   839   839 W viarild : type=1400 audit(0.0:3122): avc: denied { write } for name="mal-mfi" dev="tmpfs" ino=10393 scontext=u:r:viarild:s0 tcontext=u:object_r:mal_mfi_socket:s0 tclass=sock_file permissive=0

07-31 10:06:38.213   423   797 E VT      : [SRV] [VT THREAD] [VT_Bind] des = volte_imsvt1 Fail to connect . retry count: 1023

07-31 10:06:38.213   423   797 D VT      : [SRV] isIMCBrun : False

07-31 10:06:39.079   817   839 E MFI-Conn:  (     mfia_task_bootstrap,  587) mfia_task_bootstrap(): retrying to connect to mal-mfi error 13!! ====

07-31 10:06:39.079   941  1823 D AES     : AEEIOCTL_GET/SET_SF_STATE IOCTL,cmd= 1074294797, lParam=0. 

07-31 10:06:39.079   941  1823 W Watchdog: **Get SF Time **1

07-31 10:06:39.079   941  1823 D AES     : AEEIOCTL_RT_MON_Kick IOCTL,cmd= -2147192822, lParam=300. 

07-31 10:06:39.079   941  1823 W Watchdog: SWT Watchdog before synchronized:3080617

07-31 10:06:39.079   941  1823 W Watchdog: SWT Watchdog after synchronized:3080617

07-31 10:06:39.070   839   839 W viarild : type=1400 audit(0.0:3123): avc: denied { write } for name="mal-mfi" dev="tmpfs" ino=10393 scontext=u:r:viarild:s0 tcontext=u:object_r:mal_mfi_socket:s0 tclass=sock_file permissive=0

07-31 10:06:40.079   817   839 E MFI-Conn:  (     mfia_task_bootstrap,  587) mfia_task_bootstrap(): retrying to connect to mal-mfi error 13!! ====

07-31 10:06:40.070   839   839 W viarild : type=1400 audit(0.0:3124): avc: denied { write } for name="mal-mfi" dev="tmpfs" ino=10393 scontext=u:r:viarild:s0 tcontext=u:object_r:mal_mfi_socket:s0 tclass=sock_file permissive=0

07-31 10:06:40.948   435   435 I thermal_repeater: select timeout

07-31 10:06:40.959 16504 16512 I System  : FinalizerDaemon: finalize objects = 60

07-31 10:06:41.079   817   839 E MFI-Conn:  (     mfia_task_bootstrap,  587) mfia_task_bootstrap(): retrying to connect to mal-mfi error 13!! ====

07-31 10:06:41.070   839   839 W viarild : type=1400 audit(0.0:3125): avc: denied { write } for name="mal-mfi" dev="tmpfs" ino=10393 scontext=u:r:viarild:s0 tcontext=u:object_r:mal_mfi_socket:s0 tclass=sock_file permissive=0

07-31 10:06:41.213   423   797 E VT      : [SRV] [VT THREAD] [VT_Bind] des = volte_imsvt1 Fail to connect . retry count: 1024

07-31 10:06:41.213   423   797 D VT      : [SRV] isIMCBrun : False

07-31 10:06:41.452   433   433 I thermal_src: wake up function 3

07-31 10:06:41.452   433   433 I thermal_src: TA_DAEMON_CMD_GET_TPCB cmd=0x5, len=4 PCB=36000

07-31 10:06:41.452   433   433 I thermal_src: TA_DAEMON_CMD_SET_TTJ cmd=0x4, len=4 Tj=85000

07-31 10:06:41.452   433   433 I thermal_src: waiting NOTIFY from kernel...

07-31 10:06:41.670 16535 16543 I System  : FinalizerDaemon: finalize objects = 274

07-31 10:06:42.080   817   839 E MFI-Conn:  (     mfia_task_bootstrap,  587) mfia_task_bootstrap(): retrying to connect to mal-mfi error 13!! ====

07-31 10:06:42.070   839   839 W viarild : type=1400 audit(0.0:3126): avc: denied { write } for name="mal-mfi" dev="tmpfs" ino=10393 scontext=u:r:viarild:s0 tcontext=u:object_r:mal_mfi_socket:s0 tclass=sock_file permissive=0

07-31 10:06:43.080   817   839 E MFI-Conn:  (     mfia_task_bootstrap,  587) mfia_task_bootstrap(): retrying to connect to mal-mfi error 13!! ====

07-31 10:06:43.070   839   839 W viarild : type=1400 audit(0.0:3127): avc: denied { write } for name="mal-mfi" dev="tmpfs" ino=10393 scontext=u:r:viarild:s0 tcontext=u:object_r:mal_mfi_socket:s0 tclass=sock_file permissive=0

07-31 10:06:44.081   817   839 E MFI-Conn:  (     mfia_task_bootstrap,  587) mfia_task_bootstrap(): retrying to connect to mal-mfi error 13!! ====

07-31 10:06:44.070   839   839 W viarild : type=1400 audit(0.0:3128): avc: denied { write } for name="mal-mfi" dev="tmpfs" ino=10393 scontext=u:r:viarild:s0 tcontext=u:object_r:mal_mfi_socket:s0 tclass=sock_file permissive=0

07-31 10:06:44.214   423   797 E VT      : [SRV] [VT THREAD] [VT_Bind] des = volte_imsvt1 Fail to connect . retry count: 1025

07-31 10:06:44.214   423   797 D VT      : [SRV] isIMCBrun : False

07-31 10:06:45.081   817   839 E MFI-Conn:  (     mfia_task_bootstrap,  587) mfia_task_bootstrap(): retrying to connect to mal-mfi error 13!! ====

07-31 10:06:45.080   839   839 W viarild : type=1400 audit(0.0:3129): avc: denied { write } for name="mal-mfi" dev="tmpfs" ino=10393 scontext=u:r:viarild:s0 tcontext=u:object_r:mal_mfi_socket:s0 tclass=sock_file permissive=0

07-31 10:06:45.949   435   435 I thermal_repeater: oh, queryMdThermalInfo (0)No such file or directory

07-31 10:06:45.953   435   435 I thermal_repeater: [recvMdThermalInfo] ret=5, strLen=127, ERROR

07-31 10:06:46.082   817   839 E MFI-Conn:  (     mfia_task_bootstrap,  587) mfia_task_bootstrap(): retrying to connect to mal-mfi error 13!! ====

07-31 10:06:46.080   839   839 W viarild : type=1400 audit(0.0:3130): avc: denied { write } for name="mal-mfi" dev="tmpfs" ino=10393 scontext=u:r:viarild:s0 tcontext=u:object_r:mal_mfi_socket:s0 tclass=sock_file permissive=0

07-31 10:06:46.462   433   433 I thermal_src: wake up function 3

07-31 10:06:46.462   433   433 I thermal_src: TA_DAEMON_CMD_GET_TPCB cmd=0x5, len=4 PCB=36000

07-31 10:06:46.462   433   433 I thermal_src: TA_DAEMON_CMD_SET_TTJ cmd=0x4, len=4 Tj=85000

07-31 10:06:46.462   433   433 I thermal_src: waiting NOTIFY from kernel...

07-31 10:06:47.082   817   839 E MFI-Conn:  (     mfia_task_bootstrap,  587) mfia_task_bootstrap(): retrying to connect to mal-mfi error 13!! ====
