--------- beginning of main

07-28 17:00:18.444   798   824 E MFI-Conn:  (     mfia_task_bootstrap,  587) mfia_task_bootstrap(): retrying to connect to mal-mfi error 13!! ====

07-28 17:00:18.431   824   824 W viarild : type=1400 audit(0.0:123181): avc: denied { write } for name="mal-mfi" dev="tmpfs" ino=8735 scontext=u:r:viarild:s0 tcontext=u:object_r:mal_mfi_socket:s0 tclass=sock_file permissive=0

07-28 17:00:18.469 16845 16851 I System  : FinalizerDaemon: finalize objects = 1

--------- beginning of system

07-28 17:00:18.500 16876 16876 W FtTelephonyAdapterImpl: getActiveSubInfoList.subInfo is empty

07-28 17:00:18.500 16876 16876 D Mms/CacheDelay: ---->>>start cache------------

07-28 17:00:18.504 16876 16876 I Mms/PrivacyMessageProcess: PrivacyMessageProcess init

07-28 17:00:18.504 16876 16946 I ContactArray: ContactsCache init begin:1501232418504

07-28 17:00:18.505   965  1507 D ActivityManager: getContentProviderImpl: from caller=android.app.ApplicationThreadProxy@51289d4 (pid=16876, userId=0) to get content provider com.android.contacts cpr=ContentProviderRecord{f1bd022 u0 com.android.providers.contacts/.ContactsProvider2}

07-28 17:00:18.505   965  1507 D ActivityManager: getContentProviderImpl: updateLruProcessLocked cpr.proc=ProcessRecord{9bb3022 3745:android.process.acore/u0a4}

07-28 17:00:18.508 16876 16946 D ActivityThread: holder:android.app.IActivityManager$ContentProviderHolder@e7726d5, holder.provider:android.content.ContentProviderProxy@44e9eea

07-28 17:00:18.510 16876 16876 D Mms/CacheDelay: ---->>>cache finish------------

07-28 17:00:18.510 16876 16947 I PrivacyContactsArray: PrivacyContactsCache init begin:1501232418510

07-28 17:00:18.511  3745  3756 I ContactsProvider: query: uri=content://com.android.contacts/data/phones?encrypt=%20%3C%202 , projection=[_id, display_name, data1] , selection=[null] , args=null , order=[_id LIMIT 2000 OFFSET 0] CPID=16876 , User=0 , callingPackage=[com.android.mms]

07-28 17:00:18.514  3745  3784 I ContactsProvider: query: uri=content://com.android.contacts/data?encrypt=%3E0 , projection=[contact_id, raw_contact_id, display_name, data1] , selection=[mimetype_id = 5] , args=null , order=[null] CPID=16876 , User=0 , callingPackage=[com.android.mms]

07-28 17:00:18.518   965  1361 V ActivityManager: Broadcast: Intent { act=com.android.mms.ACTION_NAME_LOAD_FINISHED flg=0x10 } ordered=false userid=0 callerApp=ProcessRecord{70f166a 16876:com.android.mms/u0a11}

07-28 17:00:18.518 16876 16947 D PrivacyContactsArray: -----count = 0

07-28 17:00:18.518 16876 16946 I ContactArray: ContactsCache init complete:1501232418518

07-28 17:00:18.520 16876 16946 E PatternBuilder:  Incorrectly nested parentheses in regexp pattern

07-28 17:00:18.520 16876 16946 W System.err: java.util.regex.PatternSyntaxException: Incorrectly nested parentheses in regexp pattern near index 1:

07-28 17:00:18.520 16876 16946 W System.err: )

07-28 17:00:18.520 16876 16946 W System.err:  ^

07-28 17:00:18.520 16876 16946 W System.err: 	at java.util.regex.Pattern.compileImpl(Native Method)

07-28 17:00:18.521 16876 16946 W System.err: 	at java.util.regex.Pattern.compile(Pattern.java:411)

07-28 17:00:18.521 16876 16946 W System.err: 	at java.util.regex.Pattern.<init>(Pattern.java:394)

07-28 17:00:18.521 16876 16946 W System.err: 	at java.util.regex.Pattern.compile(Pattern.java:381)

07-28 17:00:18.521 16876 16946 W System.err: 	at com.android.mms.data.contactcache.PatternBuilder.buildNameMTPattern(PatternBuilder.java:69)

07-28 17:00:18.521 16876 16946 W System.err: 	at com.android.mms.data.contactcache.PatternBuilder.build(PatternBuilder.java:24)

07-28 17:00:18.521 16876 16947 I PrivacyContactsArray: PrivacyContactsCache init complete:1501232418521

07-28 17:00:18.521 16876 16946 W System.err: 	at com.android.mms.data.contactcache.ContactsArray.init(ContactsArray.java:67)

07-28 17:00:18.521 16876 16946 W System.err: 	at com.android.mms.data.contactcache.ContactsCacheProcess$InitThread.run(ContactsCacheProcess.java:71)

07-28 17:00:18.521 16876 16947 I Mms/PrivacyMessageProcess: PrivacyContactsCache run done....

07-28 17:00:18.521 16876 16946 I ContactsCacheProcess: ContactsCache run done....

07-28 17:00:18.522   965  1947 V ActivityManager: Broadcast: Intent { act=com.android.mms.privacymsg.cacheover flg=0x10 } ordered=false userid=0 callerApp=ProcessRecord{70f166a 16876:com.android.mms/u0a11}

07-28 17:00:18.546   427   793 E VT      : [SRV] [VT THREAD] [VT_Bind] des = volte_imsvt1 Fail to connect . retry count: 39003

07-28 17:00:18.547   427   793 D VT      : [SRV] isIMCBrun : False

07-28 17:00:18.717   965  1362 D ActivityManager: getContentProviderImpl: from caller=android.app.ApplicationThreadProxy@1f86f40 (pid=16876, userId=0) to get content provider sms cpr=ContentProviderRecord{7af0cc7 u0 com.android.providers.telephony/.SmsProvider}

07-28 17:00:18.717   965  1362 D ActivityManager: getContentProviderImpl: updateLruProcessLocked cpr.proc=ProcessRecord{91df9ca 1710:com.android.phone/1001}

07-28 17:00:18.718 16876 16876 D ActivityThread: holder:android.app.IActivityManager$ContentProviderHolder@7c80878, holder.provider:android.content.ContentProviderProxy@7905b51

07-28 17:00:18.787   439   439 I thermal_src: wake up function 3

07-28 17:00:18.788   439   439 I thermal_src: TA_DAEMON_CMD_GET_TPCB cmd=0x5, len=4 PCB=37000

07-28 17:00:18.788   439   439 I thermal_src: TA_DAEMON_CMD_SET_TTJ cmd=0x4, len=4 Tj=85000

07-28 17:00:18.788   439   439 I thermal_src: waiting NOTIFY from kernel...

07-28 17:00:19.333   965  1253 D PerfServiceManager: [PerfService] MESSAGE_TIMEOUT:106 

07-28 17:00:19.348   965  1253 I libPerfService: 6: set: -1, -1, 

07-28 17:00:19.349   965  1253 I libPerfService: 6: set freq: -1, -1, 

07-28 17:00:19.444   798   824 E MFI-Conn:  (     mfia_task_bootstrap,  587) mfia_task_bootstrap(): retrying to connect to mal-mfi error 13!! ====

07-28 17:00:19.431   824   824 W viarild : type=1400 audit(0.0:123182): avc: denied { write } for name="mal-mfi" dev="tmpfs" ino=8735 scontext=u:r:viarild:s0 tcontext=u:object_r:mal_mfi_socket:s0 tclass=sock_file permissive=0

07-28 17:00:19.639   307  2346 I BufferQueueProducer: [StatusBar](this:0x7f9ed4a800,id:6,api:1,p:1322,c:307) queueBuffer: fps=1.00 dur=3000.76 max=2190.91 min=17.79

07-28 17:00:19.651   307   307 I SurfaceFlinger: [Built-in Screen (type:0)] fps:15.002758,dur:2332.90,max:1648.49,min:11.67

07-28 17:00:19.887   965  1227 D WifiStateMachine:  ConnectedState (when=-3ms what=131155 arg1=137!CMD_RSSI_POLL  rt=117091829/905551800 137 0 "beta-test" 3c:8c:40:e4:3c:f2 rssi=-71 f=2412 sc=80 link=65 tx=2.3, 0.0, 0.0  rx=0.6 bcn=0 [on:0 tx:0 rx:0 period:2998] from screen [on:0 period:-2006133713] gl hn rssi=-66 ag=0 ticks 5,266,806 ls-=0 [56,56,56,56,56] brc=0 lrc=0 offload-stopped

07-28 17:00:19.888   965  1227 D WifiStateMachine:  L2ConnectedState (when=-4ms what=131155 arg1=137!CMD_RSSI_POLL  rt=117091830/905551801 137 0 "beta-test" 3c:8c:40:e4:3c:f2 rssi=-71 f=2412 sc=80 link=65 tx=2.3, 0.0, 0.0  rx=0.6 bcn=0 [on:0 tx:0 rx:0 period:1] from screen [on:0 period:-2006133712] gl hn rssi=-66 ag=0 ticks 5,266,806 ls-=0 [56,56,56,56,56] brc=0 lrc=0 offload-stopped

07-28 17:00:19.888   965  1227 D WifiStateMachine:  get link layer stats 0

07-28 17:00:19.919   965  1227 I WifiStateMachine: fetchRssiLinkSpeedAndFrequencyNative, newRssi:-74, newLinkSpeed:58, SSID:"beta-test"

07-28 17:00:19.919   965  1227 D WifiStateMachine: mLastSignalLevel:2, newSignalLevel:2

07-28 17:00:19.920   965  1227 E WifiStateMachine: calculateWifiScore() we set wifi's score to 1000, so will always set wifi as a default network.

07-28 17:00:19.920   965  1227 V ActivityManager: Broadcast sticky: Intent { act=android.net.wifi.RSSI_CHANGED flg=0x4000010 (has extras) } ordered=false userid=-1 callerApp=ProcessRecord{f5c5ef3 965:system/1000}

07-28 17:00:19.923   965  1256 D WifiWatchdogStateMachine: RSSI current: 2 new: -74, 2

07-28 17:00:19.928  1322  1836 I VivoNetworkController: SystemUI|action = android.net.wifi.RSSI_CHANGED

07-28 17:00:20.445   798   824 E MFI-Conn:  (     mfia_task_bootstrap,  587) mfia_task_bootstrap(): retrying to connect to mal-mfi error 13!! ====

07-28 17:00:20.431   824   824 W viarild : type=1400 audit(0.0:123183): avc: denied { write } for name="mal-mfi" dev="tmpfs" ino=8735 scontext=u:r:viarild:s0 tcontext=u:object_r:mal_mfi_socket:s0 tclass=sock_file permissive=0

07-28 17:00:20.651   307  2293 I BufferQueueProducer: [StatusBar](this:0x7f9ed4a800,id:6,api:1,p:1322,c:307) queueBuffer: fps=0.99 dur=1012.01 max=1012.01 min=1012.01

07-28 17:00:20.663   307   307 I SurfaceFlinger: [Built-in Screen (type:0)] fps:0.987498,dur:1012.66,max:1012.66,min:1012.66

07-28 17:00:20.858   441   441 I thermal_repeater: oh, queryMdThermalInfo (0)No such file or directory

07-28 17:00:20.862   441   441 I thermal_repeater: [recvMdThermalInfo] ret=5, strLen=127, ERROR

07-28 17:00:20.974   312 31395 I MAL-Daemon:  (        ru_syssig_hndler,  436) [RDS-I][ru_syssig_hndler] Send Event: 688 

07-28 17:00:20.974   312 31395 I MAL-Daemon:  (        ru_syssig_hndler,  437) [RDS-I][RDS][RU][ru_syssig_hndler] ru_check_ctx_ptr<0xf5f34d9c, 0xf5f34d9c>

07-28 17:00:20.974   312 31395 W MAL-Daemon:  (    mdfx_task_send_event,  636) mdfx_task_send_event(): [ACT] should NOT enter this leagcy API!!

07-28 17:00:20.974   312 31395 I MAL-Daemon:  (    ru_send_event_entity,  368) [RDS-I][RDS][RU][ru_send_event_entity] send event 688 to 602 with ret(0)

07-28 17:00:20.974   312   682 I MAL-Daemon:  (             rds_ru_task,  454) [RDS-I][RU][rds_ru_task] RCV Event: 688 

07-28 17:00:20.983   312   682 D MAL-Daemon:  (     ru_wsl_poll_wpainfo,  657) [RDS-D][RDS][RU][ru_wsl_poll_wpainfo]socket recv pktlen(48) 

07-28 17:00:20.983   312   682 D MAL-Daemon:  (rds_ru_ws_rssi_timer_exp,  770) [RDS-D][RU][rds_ru_ws_rssi_timer_expire_hdlr][RDS] get rssi = -71, snr = 9999 

07-28 17:00:20.983   312   682 I MAL-Daemon:  (  ru_wsl_wifi_status_ind,  752) [RDS-I][RDS][RU][ru_wsl_wifi_status_ind] ru_check_ctx_ptr<0xf5f34d9c, 0xf5f34d9c>

07-28 17:00:20.983   312   682 W MAL-Daemon:  (    mdfx_task_send_event,  636) mdfx_task_send_event(): [ACT] should NOT enter this leagcy API!!

07-28 17:00:20.983   312   682 I MAL-Daemon:  (    ru_send_event_entity,  368) [RDS-I][RDS][RU][ru_send_event_entity] send event 604 to 602 with ret(0)

07-28 17:00:20.984   312   682 I MAL-Daemon:  (          ru_get_netstat, 5599) [RDS-I][RU][ru_get_netstat] netstat <thrghpt, pkterrt>, wifi <10900, 0%>, mobile <0, 0%>

07-28 17:00:20.984   312   682 I MAL-Daemon:  (    ru_send_event_entity,  368) [RDS-I][RDS][RU][ru_send_event_entity] send event 614 to 1236 with ret(0)

07-28 17:00:20.984   312   682 I MAL-Daemon:  (             rds_ru_task,  454) [RDS-I][RU][rds_ru_task] RCV Event: 604 

07-28 17:00:20.984   312   682 I MAL-Daemon:  (  rds_ru_wifi_status_ind, 1379) [RDS-I][RU][EVENT_RU_WS_WIFI_STATUS_IND] fgwifi_en:1(no use) i4wifirssi:0xffffffb9 i4wifisnr:0x270f

07-28 17:00:20.984   312   682 I MAL-Daemon:  (    ru_send_event_entity,  368) [RDS-I][RDS][RU][ru_send_event_entity] send event 615 to 1236 with ret(0)

07-28 17:00:20.984   312   682 I MAL-Daemon:  (          rds_ru_rpl_gen, 5180) [RDS-I][RU][rds_ru_rpl_gen][RDS][OP0] TYPE : <0>, UI Policy : <3>, RDS Policy : <3>

07-28 17:00:20.984   312   682 I MAL-Daemon:  (      rds_cell_only_orng, 3673) [RDS-I][RU][RDS IMS/MMS][rds_cell_only_orng] 

07-28 17:00:20.984   312   682 I MAL-Daemon:  (          rds_ru_rpl_gen, 5191) [RDS-I][RU][rds_ru_rpl_gen][RDS][OP0] TYPE : <0>, RAN1 : <254> ,RAN2 : <254>

07-28 17:00:20.984   312   682 I MAL-Daemon:  (          rds_ru_rpl_gen, 5180) [RDS-I][RU][rds_ru_rpl_gen][RDS][OP0] TYPE : <1>, UI Policy : <3>, RDS Policy : <3>

07-28 17:00:20.984   312   682 I MAL-Daemon:  (      rds_cell_only_orng, 3673) [RDS-I][RU][RDS IMS/MMS][rds_cell_only_orng] 

07-28 17:00:20.984   312   682 I MAL-Daemon:  (          rds_ru_rpl_gen, 5191) [RDS-I][RU][rds_ru_rpl_gen][RDS][OP0] TYPE : <1>, RAN1 : <254> ,RAN2 : <254>

07-28 17:00:20.984   312   682 I MAL-Daemon:  (          rds_ru_rpl_gen, 5180) [RDS-I][RU][rds_ru_rpl_gen][RDS][OP0] TYPE : <2>, UI Policy : <3>, RDS Policy : <3>

07-28 17:00:20.984   312   682 I MAL-Daemon:  (      rds_cell_only_orng, 3673) [RDS-I][RU][RDS IMS/MMS][rds_cell_only_orng] 

07-28 17:00:20.984   312   682 I MAL-Daemon:  (          rds_ru_rpl_gen, 5191) [RDS-I][RU][rds_ru_rpl_gen][RDS][OP0] TYPE : <2>, RAN1 : <254> ,RAN2 : <254>

07-28 17:00:20.984   312   682 I MAL-Daemon:  (          rds_ru_rpl_gen, 5180) [RDS-I][RU][rds_ru_rpl_gen][RDS][OP0] TYPE : <3>, UI Policy : <3>, RDS Policy : <3>

07-28 17:00:20.984   312   682 I MAL-Daemon:  (          rds_ru_rpl_gen, 5191) [RDS-I][RU][rds_ru_rpl_gen][RDS][OP0] TYPE : <3>, RAN1 : <255> ,RAN2 : <255>

07-28 17:00:20.984   312   682 I MAL-Daemon:  (          rds_ru_rpl_gen, 5180) [RDS-I][RU][rds_ru_rpl_gen][RDS][OP0] TYPE : <4>, UI Policy : <3>, RDS Policy : <3>

07-28 17:00:20.984   312   682 I MAL-Daemon:  (          rds_ru_rpl_gen, 5191) [RDS-I][RU][rds_ru_rpl_gen][RDS][OP0] TYPE : <4>, RAN1 : <255> ,RAN2 : <255>

07-28 17:00:20.985   312   682 I MAL-Daemon:  (          rds_ru_rpl_gen, 5180) [RDS-I][RU][rds_ru_rpl_gen][RDS][OP0] TYPE : <5>, UI Policy : <3>, RDS Policy : <3>

07-28 17:00:20.985   312   682 I MAL-Daemon:  (          rds_ru_rpl_gen, 5191) [RDS-I][RU][rds_ru_rpl_gen][RDS][OP0] TYPE : <5>, RAN1 : <255> ,RAN2 : <255>

07-28 17:00:20.985   312   682 I MAL-Daemon:  (          rds_ru_rpl_gen, 5191) [RDS-I][RU][rds_ru_rpl_gen][RDS][OP0] TYPE : <6>, RAN1 : <254> ,RAN2 : <254>

07-28 17:00:20.985   312   682 I MAL-Daemon:  (    rds_op_check_feature,  324) [RDS-I][RDS][OP][rds_op_check_feature] operator id(0) check feature<0>, curr_opmsk is <1>, sys_opmsk is <0x0001, 1>

07-28 17:00:20.985   312   682 I MAL-Daemon:  (  rds_ru_ims_vops_update, 4980) [RDS-I][RU][rds_ru_ims_vops_update][RDS IMS]Policy type: 0 IMS VOPS IE is Disabled, update IMS RPL from Ori:(254, 254) New:(254,254)

07-28 17:00:20.985   312   682 I MAL-Daemon:  (  rds_ru_ims_vops_update, 4980) [RDS-I][RU][rds_ru_ims_vops_update][RDS IMS]Policy type: 1 IMS VOPS IE is Disabled, update IMS RPL from Ori:(254, 254) New:(254,254)

07-28 17:00:20.985   312   682 I MAL-Daemon:  (  rds_ru_ims_vops_update, 4980) [RDS-I][RU][rds_ru_ims_vops_update][RDS IMS]Policy type: 2 IMS VOPS IE is Disabled, update IMS RPL from Ori:(254, 254) New:(254,254)

07-28 17:00:20.985   312   682 I MAL-Daemon:  (          rds_ru_rpl_gen, 5215) [RDS-I][RU][rds_ru_rpl_gen][RDS] Current policy: fgimsolte_en<0>, fgwfc_en<0>, erdspolicy<3>, 

07-28 17:00:20.985   312   682 I MAL-Daemon:  (          rds_ru_rpl_gen, 5218) [RDS-I][RU][rds_ru_rpl_gen][RDS] Threshold i4wifirssih<-75>, i4wifirssil<-85>, i4wifirssih_ho<-78>, i4wifirssil_ho<-88>, i4wifisnrh<10>, i4wifisnrl<6>

07-28 17:00:20.985   312   682 I MAL-Daemon:  (          rds_ru_rpl_gen, 5221) [RDS-I][RU][rds_ru_rpl_gen][RDS] Threshold i4ltersrph<-106>, i4ltersrpm<-111>, i4ltersrpl<-116>, i4ltersrqh<5>, i4ltersrqm<3>, i4ltersrql<1>

07-28 17:00:20.985   312   682 I MAL-Daemon:  (          rds_ru_rpl_gen, 5224) [RDS-I][RU][rds_ru_rpl_gen][RDS] current rds ru status: i4wifirssi<-71>, i4wifisnr<9999>, i4ltersrp<-141>, i4ltersrq<0>, u4active_ran<1> 

07-28 17:00:20.985   312   682 I MAL-Daemon:  (          rds_ru_rpl_gen, 5227) [RDS-I][RU][rds_ru_rpl_gen][RDS] current wifi backhaul : rtp_plr<0>, rtp_jitter<0>, ping_ind<0>

07-28 17:00:20.985   312   682 I MAL-Daemon:  (          rds_ru_rpl_gen, 5230) [RDS-I][RU][rds_ru_rpl_gen][RDS] Call stat : IR92<0>, IR94<0> 

07-28 17:00:20.985   312   682 I MAL-Daemon:  (          rds_ru_rpl_gen, 5236) [RDS-I][RU][RDS IMS/MMS][rds_ru_rpl_gen] Ori:(254,254)/(255,255) New:(254,254)/(255,255)

07-28 17:00:20.985   312   682 I MAL-Daemon:  (          rds_ru_rpl_gen, 5241) [RDS-I][RU][RDS IMS/MMS WIFI][rds_ru_rpl_gen] Ori:(254,254)/(255,255) New:(254,254)/(255,255)

07-28 17:00:20.985   312   682 I MAL-Daemon:  (          rds_ru_rpl_gen, 5246) [RDS-I][RU][RDS IMS/MMS CELL][rds_ru_rpl_gen] Ori:(254,254)/(255,255) New:(254,254)/(255,255)

07-28 17:00:20.985   312   682 I MAL-Daemon:  (          rds_ru_rpl_gen, 5250) [RDS-I][RU][RDS EMG][rds_ru_rpl_gen] Ori:(254,254) New:(254,254)

07-28 17:00:20.985  1970  2068 I MFI-Conn:  (     mfia_task_bootstrap,  944) mfia_task_bootstrap(): an event 614 incoming

07-28 17:00:20.985  1970  2068 I MFI-Conn:  (     mfia_task_bootstrap,  944) mfia_task_bootstrap(): an event 615 incoming

07-28 17:00:20.985  1970  2110 I MFI-Conn:  (             rds_urc_hdl,  263) [RDS][rds_urc_hdl] RCV Event: 614 

07-28 17:00:20.985  1970  2110 I MFI-Conn:  (             rds_urc_hdl,  378) [RDS][IF][rds_urc_hdl] data_base update: pkterrt(0) 

07-28 17:00:20.985  1970  2110 I MFI-Conn:  (             rds_urc_hdl,  263) [RDS][rds_urc_hdl] RCV Event: 615 

07-28 17:00:20.985  1970  2110 I MFI-Conn:  (             rds_urc_hdl,  388) [RDS][IF][rds_urc_hdl] data_base update: i4wifirssi(-71) 

07-28 17:00:21.445   798   824 E MFI-Conn:  (     mfia_task_bootstrap,  587) mfia_task_bootstrap(): retrying to connect to mal-mfi error 13!! ====

07-28 17:00:21.431   824   824 W viarild : type=1400 audit(0.0:123184): avc: denied { write } for name="mal-mfi" dev="tmpfs" ino=8735 scontext=u:r:viarild:s0 tcontext=u:object_r:mal_mfi_socket:s0 tclass=sock_file permissive=0

07-28 17:00:21.547   427   793 E VT      : [SRV] [VT THREAD] [VT_Bind] des = volte_imsvt1 Fail to connect . retry count: 39004

07-28 17:00:21.547   427   793 D VT      : [SRV] isIMCBrun : False

07-28 17:00:22.446   798   824 E MFI-Conn:  (     mfia_task_bootstrap,  587) mfia_task_bootstrap(): retrying to connect to mal-mfi error 13!! ====

07-28 17:00:22.431   824   824 W viarild : type=1400 audit(0.0:123185): avc: denied { write } for name="mal-mfi" dev="tmpfs" ino=8735 scontext=u:r:viarild:s0 tcontext=u:object_r:mal_mfi_socket:s0 tclass=sock_file permissive=0

07-28 17:00:22.505 16876 16876 V MMSLog  : ----------onReceiveWithPrivilege----------

07-28 17:00:22.511   965  1957 D AppOps  : startOperation: allowing code 40 uid 10011 package com.android.mms

07-28 17:00:22.529 16876 16876 D ActivityThread: SVC-Creating service: CreateServiceData{token=android.os.BinderProxy@5efbfb6 className=com.android.mms.transaction.SmsReceiverService packageName=com.android.mms intent=null}

07-28 17:00:22.539  1464  1464 D ActivityThread: SVC-Creating service: CreateServiceData{token=android.os.BinderProxy@a0a9806 className=com.iqoo.secure.ui.antiharassment.InterceptService packageName=com.iqoo.secure intent=null}

07-28 17:00:22.539   965  1037 V NetworkStats: setKernelCounterSet uid=10058 set=0

07-28 17:00:22.540  1464  1464 D ActivityThread: SVC-CREATE_SERVICE handled : 0 / CreateServiceData{token=android.os.BinderProxy@a0a9806 className=com.iqoo.secure.ui.antiharassment.InterceptService packageName=com.iqoo.secure intent=null}

07-28 17:00:22.540  1464  1464 V ActivityThread: handleBindService s=com.iqoo.secure.ui.antiharassment.InterceptService@b78bec7 rebind=false

07-28 17:00:22.542  1464  1464 D ActivityThread: SVC-BIND_SERVICE handled : 0 / BindServiceData{token=android.os.BinderProxy@a0a9806 intent=Intent { pkg=com.iqoo.secure cmp=com.iqoo.secure/.ui.antiharassment.InterceptService }}

07-28 17:00:22.543  1606 19448 I DaemonService: DataUsageService pid = 1464

07-28 17:00:22.545 16876 16876 D ActivityThread: SVC-CREATE_SERVICE handled : 0 / CreateServiceData{token=android.os.BinderProxy@5efbfb6 className=com.android.mms.transaction.SmsReceiverService packageName=com.android.mms intent=null}

07-28 17:00:22.545 16876 16876 D ActivityThread: SVC-Calling onStartCommand: com.android.mms.transaction.SmsReceiverService@4244b7, flags=0, startId=1

07-28 17:00:22.545 16876 16876 D Mms/MMSLog: Message Sent Result Code = 0

07-28 17:00:22.546 16876 16876 D ActivityThread: SVC-SERVICE_ARGS handled : 0 / ServiceArgsData{token=android.os.BinderProxy@5efbfb6 startId=1 args=Intent { act=com.vivo.telephony.VIVO_SMS_RECEIVED cmp=com.android.mms/.transaction.SmsReceiverService (has extras) }}

07-28 17:00:22.548 16876 16961 D Mms/MMSLog: Sms handleMessage :{ when=-1ms what=0 arg1=1 obj=Intent { act=com.vivo.telephony.VIVO_SMS_RECEIVED cmp=com.android.mms/.transaction.SmsReceiverService (has extras) } target=com.android.mms.transaction.SmsReceiverService$ServiceHandler obj=Intent { act=com.vivo.telephony.VIVO_SMS_RECEIVED cmp=com.android.mms/.transaction.SmsReceiverService (has extras) } }

07-28 17:00:22.548 16876 16961 D SmsReceiverService:  com.vivo.telephony.VIVO_SMS_RECEIVED -----------------

07-28 17:00:22.553   965  1939 D ActivityManager: getContentProviderImpl: from caller=android.app.ApplicationThreadProxy@c671935 (pid=16876, userId=0) to get content provider sms cpr=ContentProviderRecord{7af0cc7 u0 com.android.providers.telephony/.SmsProvider}

07-28 17:00:22.554   965  1939 D ActivityManager: getContentProviderImpl: updateLruProcessLocked cpr.proc=ProcessRecord{91df9ca 1710:com.android.phone/1001}

07-28 17:00:22.555 16876 16961 D ActivityThread: holder:android.app.IActivityManager$ContentProviderHolder@62e5b8d, holder.provider:android.content.ContentProviderProxy@db02142

07-28 17:00:22.562 16876 16961 D SmsReceiverService: cur==========android.content.ContentResolver$CursorWrapperInner@4df6e90

07-28 17:00:22.563 16876 16961 D SmsReceiverService: cur.getCount ========0

07-28 17:00:22.567 16876 16876 D ActivityThread: SVC-Destroying service: com.android.mms.transaction.SmsReceiverService@4244b7

07-28 17:00:22.569  1464  1464 D ActivityThread: SVC-UNBIND_SERVICE handled : 0 / BindServiceData{token=android.os.BinderProxy@a0a9806 intent=Intent { pkg=com.iqoo.secure cmp=com.iqoo.secure/.ui.antiharassment.InterceptService }}

07-28 17:00:22.570  1464  1464 D ActivityThread: SVC-Destroying service: com.iqoo.secure.ui.antiharassment.InterceptService@b78bec7

07-28 17:00:22.570  1464  1464 D ActivityThread: SVC-STOP_SERVICE handled : 0 / android.os.BinderProxy@a0a9806

07-28 17:00:22.570 16876 16876 D ActivityThread: SVC-STOP_SERVICE handled : 0 / android.os.BinderProxy@5efbfb6

07-28 17:00:22.574   965  1037 V NetworkStats: setKernelCounterSet uid=10058 set=1

07-28 17:00:22.574  1606  1619 I DaemonService: DataUsageService pid = 1464

07-28 17:00:22.576  1606  1619 I DaemonService: DataUsageService pid = 1464

07-28 17:00:22.922   965  1227 D WifiStateMachine:  ConnectedState (when=-2ms what=131155 arg1=137!CMD_RSSI_POLL  rt=117094864/905554836 137 0 "beta-test" 3c:8c:40:e4:3c:f2 rssi=-74 f=2412 sc=80 link=58 tx=2.2, 0.0, 0.0  rx=0.3 bcn=0 [on:0 tx:0 rx:0 period:3001] from screen [on:0 period:-2006130678] gl hn rssi=-69 ag=0 ticks 5,266,806 ls-=0 [56,56,56,56,56] brc=0 lrc=0 offload-stopped

07-28 17:00:22.923   965  1227 D WifiStateMachine:  L2ConnectedState (when=-3ms what=131155 arg1=137!CMD_RSSI_POLL  rt=117094865/905554837 137 0 "beta-test" 3c:8c:40:e4:3c:f2 rssi=-74 f=2412 sc=80 link=58 tx=2.2, 0.0, 0.0  rx=0.3 bcn=0 [on:0 tx:0 rx:0 period:1] from screen [on:0 period:-2006130677] gl hn rssi=-69 ag=0 ticks 5,266,806 ls-=0 [56,56,56,56,56] brc=0 lrc=0 offload-stopped

07-28 17:00:22.923   965  1227 D WifiStateMachine:  get link layer stats 0

07-28 17:00:22.929   965  1227 I WifiStateMachine: fetchRssiLinkSpeedAndFrequencyNative, newRssi:-68, newLinkSpeed:58, SSID:"beta-test"

07-28 17:00:22.930   965  1227 D WifiStateMachine: mLastSignalLevel:2, newSignalLevel:2

07-28 17:00:22.930   965  1227 E WifiStateMachine: calculateWifiScore() we set wifi's score to 1000, so will always set wifi as a default network.

07-28 17:00:22.930   965  1227 V ActivityManager: Broadcast sticky: Intent { act=android.net.wifi.RSSI_CHANGED flg=0x4000010 (has extras) } ordered=false userid=-1 callerApp=ProcessRecord{f5c5ef3 965:system/1000}

07-28 17:00:22.934   965  1256 D WifiWatchdogStateMachine: RSSI current: 2 new: -68, 2

07-28 17:00:22.939  1322  1836 I VivoNetworkController: SystemUI|action = android.net.wifi.RSSI_CHANGED

07-28 17:00:22.962  2151  2160 I System  : FinalizerDaemon: finalize objects = 1

07-28 17:00:23.026  2015  2023 I System  : FinalizerDaemon: finalize objects = 258

07-28 17:00:23.446   798   824 E MFI-Conn:  (     mfia_task_bootstrap,  587) mfia_task_bootstrap(): retrying to connect to mal-mfi error 13!! ====

07-28 17:00:23.431   824   824 W viarild : type=1400 audit(0.0:123186): avc: denied { write } for name="mal-mfi" dev="tmpfs" ino=8735 scontext=u:r:viarild:s0 tcontext=u:object_r:mal_mfi_socket:s0 tclass=sock_file permissive=0

07-28 17:00:23.546  3745  3752 I System  : FinalizerDaemon: finalize objects = 11

07-28 17:00:23.797   439   439 I thermal_src: wake up function 3

07-28 17:00:23.797   439   439 I thermal_src: TA_DAEMON_CMD_GET_TPCB cmd=0x5, len=4 PCB=37000

07-28 17:00:23.797   439   439 I thermal_src: TA_DAEMON_CMD_SET_TTJ cmd=0x4, len=4 Tj=85000

07-28 17:00:23.798   439   439 I thermal_src: waiting NOTIFY from kernel...

07-28 17:00:23.974   312 31395 I MAL-Daemon:  (        ru_syssig_hndler,  436) [RDS-I][ru_syssig_hndler] Send Event: 688 

07-28 17:00:23.974   312 31395 I MAL-Daemon:  (        ru_syssig_hndler,  437) [RDS-I][RDS][RU][ru_syssig_hndler] ru_check_ctx_ptr<0xf5f34d9c, 0xf5f34d9c>

07-28 17:00:23.974   312 31395 W MAL-Daemon:  (    mdfx_task_send_event,  636) mdfx_task_send_event(): [ACT] should NOT enter this leagcy API!!

07-28 17:00:23.974   312 31395 I MAL-Daemon:  (    ru_send_event_entity,  368) [RDS-I][RDS][RU][ru_send_event_entity] send event 688 to 602 with ret(0)

07-28 17:00:23.974   312   682 I MAL-Daemon:  (             rds_ru_task,  454) [RDS-I][RU][rds_ru_task] RCV Event: 688 

07-28 17:00:24.005   312   682 D MAL-Daemon:  (     ru_wsl_poll_wpainfo,  657) [RDS-D][RDS][RU][ru_wsl_poll_wpainfo]socket recv pktlen(48) 

07-28 17:00:24.005   312   682 D MAL-Daemon:  (rds_ru_ws_rssi_timer_exp,  770) [RDS-D][RU][rds_ru_ws_rssi_timer_expire_hdlr][RDS] get rssi = -68, snr = 9999 

07-28 17:00:24.005   312   682 I MAL-Daemon:  (  ru_wsl_wifi_status_ind,  752) [RDS-I][RDS][RU][ru_wsl_wifi_status_ind] ru_check_ctx_ptr<0xf5f34d9c, 0xf5f34d9c>

07-28 17:00:24.005   312   682 W MAL-Daemon:  (    mdfx_task_send_event,  636) mdfx_task_send_event(): [ACT] should NOT enter this leagcy API!!

07-28 17:00:24.005   312   682 I MAL-Daemon:  (    ru_send_event_entity,  368) [RDS-I][RDS][RU][ru_send_event_entity] send event 604 to 602 with ret(0)

07-28 17:00:24.006   312   682 I MAL-Daemon:  (          ru_get_netstat, 5599) [RDS-I][RU][ru_get_netstat] netstat <thrghpt, pkterrt>, wifi <13570, 0%>, mobile <0, 0%>

07-28 17:00:24.006   312   682 I MAL-Daemon:  (    ru_send_event_entity,  368) [RDS-I][RDS][RU][ru_send_event_entity] send event 614 to 1236 with ret(0)

07-28 17:00:24.006   312   682 I MAL-Daemon:  (             rds_ru_task,  454) [RDS-I][RU][rds_ru_task] RCV Event: 604 

07-28 17:00:24.006   312   682 I MAL-Daemon:  (  rds_ru_wifi_status_ind, 1379) [RDS-I][RU][EVENT_RU_WS_WIFI_STATUS_IND] fgwifi_en:1(no use) i4wifirssi:0xffffffbc i4wifisnr:0x270f

07-28 17:00:24.006   312   682 I MAL-Daemon:  (    ru_send_event_entity,  368) [RDS-I][RDS][RU][ru_send_event_entity] send event 615 to 1236 with ret(0)

07-28 17:00:24.006   312   682 I MAL-Daemon:  (          rds_ru_rpl_gen, 5180) [RDS-I][RU][rds_ru_rpl_gen][RDS][OP0] TYPE : <0>, UI Policy : <3>, RDS Policy : <3>

07-28 17:00:24.006   312   682 I MAL-Daemon:  (      rds_cell_only_orng, 3673) [RDS-I][RU][RDS IMS/MMS][rds_cell_only_orng] 

07-28 17:00:24.006   312   682 I MAL-Daemon:  (          rds_ru_rpl_gen, 5191) [RDS-I][RU][rds_ru_rpl_gen][RDS][OP0] TYPE : <0>, RAN1 : <254> ,RAN2 : <254>

07-28 17:00:24.006   312   682 I MAL-Daemon:  (          rds_ru_rpl_gen, 5180) [RDS-I][RU][rds_ru_rpl_gen][RDS][OP0] TYPE : <1>, UI Policy : <3>, RDS Policy : <3>

07-28 17:00:24.006   312   682 I MAL-Daemon:  (      rds_cell_only_orng, 3673) [RDS-I][RU][RDS IMS/MMS][rds_cell_only_orng] 

07-28 17:00:24.006   312   682 I MAL-Daemon:  (          rds_ru_rpl_gen, 5191) [RDS-I][RU][rds_ru_rpl_gen][RDS][OP0] TYPE : <1>, RAN1 : <254> ,RAN2 : <254>

07-28 17:00:24.006   312   682 I MAL-Daemon:  (          rds_ru_rpl_gen, 5180) [RDS-I][RU][rds_ru_rpl_gen][RDS][OP0] TYPE : <2>, UI Policy : <3>, RDS Policy : <3>

07-28 17:00:24.006   312   682 I MAL-Daemon:  (      rds_cell_only_orng, 3673) [RDS-I][RU][RDS IMS/MMS][rds_cell_only_orng] 

07-28 17:00:24.006   312   682 I MAL-Daemon:  (          rds_ru_rpl_gen, 5191) [RDS-I][RU][rds_ru_rpl_gen][RDS][OP0] TYPE : <2>, RAN1 : <254> ,RAN2 : <254>

07-28 17:00:24.006   312   682 I MAL-Daemon:  (          rds_ru_rpl_gen, 5180) [RDS-I][RU][rds_ru_rpl_gen][RDS][OP0] TYPE : <3>, UI Policy : <3>, RDS Policy : <3>

07-28 17:00:24.006   312   682 I MAL-Daemon:  (          rds_ru_rpl_gen, 5191) [RDS-I][RU][rds_ru_rpl_gen][RDS][OP0] TYPE : <3>, RAN1 : <255> ,RAN2 : <255>

07-28 17:00:24.006   312   682 I MAL-Daemon:  (          rds_ru_rpl_gen, 5180) [RDS-I][RU][rds_ru_rpl_gen][RDS][OP0] TYPE : <4>, UI Policy : <3>, RDS Policy : <3>

07-28 17:00:24.006   312   682 I MAL-Daemon:  (          rds_ru_rpl_gen, 5191) [RDS-I][RU][rds_ru_rpl_gen][RDS][OP0] TYPE : <4>, RAN1 : <255> ,RAN2 : <255>

07-28 17:00:24.006   312   682 I MAL-Daemon:  (          rds_ru_rpl_gen, 5180) [RDS-I][RU][rds_ru_rpl_gen][RDS][OP0] TYPE : <5>, UI Policy : <3>, RDS Policy : <3>

07-28 17:00:24.006   312   682 I MAL-Daemon:  (          rds_ru_rpl_gen, 5191) [RDS-I][RU][rds_ru_rpl_gen][RDS][OP0] TYPE : <5>, RAN1 : <255> ,RAN2 : <255>

07-28 17:00:24.006   312   682 I MAL-Daemon:  (          rds_ru_rpl_gen, 5191) [RDS-I][RU][rds_ru_rpl_gen][RDS][OP0] TYPE : <6>, RAN1 : <254> ,RAN2 : <254>

07-28 17:00:24.007   312   682 I MAL-Daemon:  (    rds_op_check_feature,  324) [RDS-I][RDS][OP][rds_op_check_feature] operator id(0) check feature<0>, curr_opmsk is <1>, sys_opmsk is <0x0001, 1>

07-28 17:00:24.007   312   682 I MAL-Daemon:  (  rds_ru_ims_vops_update, 4980) [RDS-I][RU][rds_ru_ims_vops_update][RDS IMS]Policy type: 0 IMS VOPS IE is Disabled, update IMS RPL from Ori:(254, 254) New:(254,254)

07-28 17:00:24.007   312   682 I MAL-Daemon:  (  rds_ru_ims_vops_update, 4980) [RDS-I][RU][rds_ru_ims_vops_update][RDS IMS]Policy type: 1 IMS VOPS IE is Disabled, update IMS RPL from Ori:(254, 254) New:(254,254)

07-28 17:00:24.007   312   682 I MAL-Daemon:  (  rds_ru_ims_vops_update, 4980) [RDS-I][RU][rds_ru_ims_vops_update][RDS IMS]Policy type: 2 IMS VOPS IE is Disabled, update IMS RPL from Ori:(254, 254) New:(254,254)

07-28 17:00:24.007   312   682 I MAL-Daemon:  (          rds_ru_rpl_gen, 5215) [RDS-I][RU][rds_ru_rpl_gen][RDS] Current policy: fgimsolte_en<0>, fgwfc_en<0>, erdspolicy<3>, 

07-28 17:00:24.007   312   682 I MAL-Daemon:  (          rds_ru_rpl_gen, 5218) [RDS-I][RU][rds_ru_rpl_gen][RDS] Threshold i4wifirssih<-75>, i4wifirssil<-85>, i4wifirssih_ho<-78>, i4wifirssil_ho<-88>, i4wifisnrh<10>, i4wifisnrl<6>

07-28 17:00:24.007   312   682 I MAL-Daemon:  (          rds_ru_rpl_gen, 5221) [RDS-I][RU][rds_ru_rpl_gen][RDS] Threshold i4ltersrph<-106>, i4ltersrpm<-111>, i4ltersrpl<-116>, i4ltersrqh<5>, i4ltersrqm<3>, i4ltersrql<1>

07-28 17:00:24.007   312   682 I MAL-Daemon:  (          rds_ru_rpl_gen, 5224) [RDS-I][RU][rds_ru_rpl_gen][RDS] current rds ru status: i4wifirssi<-68>, i4wifisnr<9999>, i4ltersrp<-141>, i4ltersrq<0>, u4active_ran<1> 

07-28 17:00:24.007   312   682 I MAL-Daemon:  (          rds_ru_rpl_gen, 5227) [RDS-I][RU][rds_ru_rpl_gen][RDS] current wifi backhaul : rtp_plr<0>, rtp_jitter<0>, ping_ind<0>

07-28 17:00:24.007   312   682 I MAL-Daemon:  (          rds_ru_rpl_gen, 5230) [RDS-I][RU][rds_ru_rpl_gen][RDS] Call stat : IR92<0>, IR94<0> 

07-28 17:00:24.007   312   682 I MAL-Daemon:  (          rds_ru_rpl_gen, 5236) [RDS-I][RU][RDS IMS/MMS][rds_ru_rpl_gen] Ori:(254,254)/(255,255) New:(254,254)/(255,255)

07-28 17:00:24.007   312   682 I MAL-Daemon:  (          rds_ru_rpl_gen, 5241) [RDS-I][RU][RDS IMS/MMS WIFI][rds_ru_rpl_gen] Ori:(254,254)/(255,255) New:(254,254)/(255,255)

07-28 17:00:24.007   312   682 I MAL-Daemon:  (          rds_ru_rpl_gen, 5246) [RDS-I][RU][RDS IMS/MMS CELL][rds_ru_rpl_gen] Ori:(254,254)/(255,255) New:(254,254)/(255,255)

07-28 17:00:24.007   312   682 I MAL-Daemon:  (          rds_ru_rpl_gen, 5250) [RDS-I][RU][RDS EMG][rds_ru_rpl_gen] Ori:(254,254) New:(254,254)

07-28 17:00:24.008  1970  2068 I MFI-Conn:  (     mfia_task_bootstrap,  944) mfia_task_bootstrap(): an event 614 incoming

07-28 17:00:24.008  1970  2068 I MFI-Conn:  (     mfia_task_bootstrap,  944) mfia_task_bootstrap(): an event 615 incoming

07-28 17:00:24.010  1970  2110 I MFI-Conn:  (             rds_urc_hdl,  263) [RDS][rds_urc_hdl] RCV Event: 614 

07-28 17:00:24.010  1970  2110 I MFI-Conn:  (             rds_urc_hdl,  378) [RDS][IF][rds_urc_hdl] data_base update: pkterrt(0) 

07-28 17:00:24.010  1970  2110 I MFI-Conn:  (             rds_urc_hdl,  263) [RDS][rds_urc_hdl] RCV Event: 615 

07-28 17:00:24.010  1970  2110 I MFI-Conn:  (             rds_urc_hdl,  388) [RDS][IF][rds_urc_hdl] data_base update: i4wifirssi(-68) 

07-28 17:00:24.447   798   824 E MFI-Conn:  (     mfia_task_bootstrap,  587) mfia_task_bootstrap(): retrying to connect to mal-mfi error 13!! ====

07-28 17:00:24.431   824   824 W viarild : type=1400 audit(0.0:123187): avc: denied { write } for name="mal-mfi" dev="tmpfs" ino=8735 scontext=u:r:viarild:s0 tcontext=u:object_r:mal_mfi_socket:s0 tclass=sock_file permissive=0

07-28 17:00:24.547   427   793 E VT      : [SRV] [VT THREAD] [VT_Bind] des = volte_imsvt1 Fail to connect . retry count: 39005

07-28 17:00:24.548   427   793 D VT      : [SRV] isIMCBrun : False

07-28 17:00:24.654   307  4893 I BufferQueueProducer: [StatusBar](this:0x7f9ed4a800,id:6,api:1,p:1322,c:307) queueBuffer: fps=0.50 dur=4002.61 max=3005.85 min=996.76

07-28 17:00:24.666   307   307 I SurfaceFlinger: [Built-in Screen (type:0)] fps:0.499677,dur:4002.58,max:3005.98,min:996.61

07-28 17:00:24.998  1484  3817 I System.out: [socket][2604:52931] exception

07-28 17:00:25.000   411  1172 D SocketClient: SocketClient sendData done: 

07-28 17:00:25.003  1484  3817 I System.out: [CDS]rx timeout:8000

07-28 17:00:25.003  1484  3817 I System.out: [socket][2604] connection clients3.google.com/74.125.204.113:80;LocalPort=47940(8000)

07-28 17:00:25.003  1484  3817 I System.out: [CDS]connect[clients3.google.com/74.125.204.113:80] tm:8

07-28 17:00:25.003  1484  3817 D Posix   : [Posix_connect Debug]Process com.vivo.daemonService :80 

07-28 17:00:25.004   411  1172 D SocketClient: SocketClient sendData done: 

07-28 17:00:25.447   798   824 E MFI-Conn:  (     mfia_task_bootstrap,  587) mfia_task_bootstrap(): retrying to connect to mal-mfi error 13!! ====

07-28 17:00:25.441   824   824 W viarild : type=1400 audit(0.0:123188): avc: denied { write } for name="mal-mfi" dev="tmpfs" ino=8735 scontext=u:r:viarild:s0 tcontext=u:object_r:mal_mfi_socket:s0 tclass=sock_file permissive=0

07-28 17:00:25.867   441   441 I thermal_repeater: select timeout

07-28 17:00:25.933   965  1227 D WifiStateMachine:  ConnectedState (when=-3ms what=131155 arg1=137!CMD_RSSI_POLL  rt=117097875/905557847 137 0 "beta-test" 3c:8c:40:e4:3c:f2 rssi=-68 f=2412 sc=80 link=58 tx=1.6, 0.0, 0.0  rx=0.2 bcn=0 [on:0 tx:0 rx:0 period:2995] from screen [on:0 period:-2006127667] gl hn rssi=-63 ag=0 hr ticks 5,266,806 ls-=0 [56,56,56,56,61] brc=0 lrc=0 offload-stopped

07-28 17:00:25.934   965  1227 D WifiStateMachine:  L2ConnectedState (when=-4ms what=131155 arg1=137!CMD_RSSI_POLL  rt=117097876/905557848 137 0 "beta-test" 3c:8c:40:e4:3c:f2 rssi=-68 f=2412 sc=80 link=58 tx=1.6, 0.0, 0.0  rx=0.2 bcn=0 [on:0 tx:0 rx:0 period:1] from screen [on:0 period:-2006127666] gl hn rssi=-63 ag=0 hr ticks 5,266,806 ls-=0 [56,56,56,56,61] brc=0 lrc=0 offload-stopped

07-28 17:00:25.934   965  1227 D WifiStateMachine:  get link layer stats 0

07-28 17:00:25.945   965  1227 I WifiStateMachine: fetchRssiLinkSpeedAndFrequencyNative, newRssi:-68, newLinkSpeed:65, SSID:"beta-test"

07-28 17:00:25.945   965  1227 D WifiStateMachine: mLastSignalLevel:2, newSignalLevel:2

07-28 17:00:25.945   965  1227 E WifiStateMachine: calculateWifiScore() we set wifi's score to 1000, so will always set wifi as a default network.

07-28 17:00:25.945   965  1227 V ActivityManager: Broadcast sticky: Intent { act=android.net.wifi.RSSI_CHANGED flg=0x4000010 (has extras) } ordered=false userid=-1 callerApp=ProcessRecord{f5c5ef3 965:system/1000}

07-28 17:00:25.949   965  1256 D WifiWatchdogStateMachine: RSSI current: 2 new: -68, 2

07-28 17:00:25.949  1322  1836 I VivoNetworkController: SystemUI|action = android.net.wifi.RSSI_CHANGED

07-28 17:00:26.064   439   439 I thermal_src: wake up function 3

07-28 17:00:26.064   439   439 I thermal_src: TA_DAEMON_CMD_GET_TPCB cmd=0x5, len=4 PCB=37000

07-28 17:00:26.064   439   439 I thermal_src: TA_DAEMON_CMD_SET_TTJ cmd=0x4, len=4 Tj=85000

07-28 17:00:26.064   439   439 I thermal_src: waiting NOTIFY from kernel...

07-28 17:00:26.065  2678  2683 D FRR     : buff=0x7fb368b240, len=192

07-28 17:00:26.065  2678  2683 D FRR     : uevent[0]=0x7fb368b240, len=48, "change@/devices/platform/battery/power_supply/ac"

07-28 17:00:26.065  2678  2683 D FRR     : voteFps(60, 0)

07-28 17:00:26.065  2678  2683 D FRR     : ThermalListener loop:

07-28 17:00:26.065  2678  2683 D FRR     : buff=0x7fb368b240, len=195

07-28 17:00:26.065  2678  2683 D FRR     : uevent[0]=0x7fb368b240, len=49, "change@/devices/platform/battery/power_supply/usb"

07-28 17:00:26.065  2678  2683 D FRR     : voteFps(60, 0)

07-28 17:00:26.065  2678  2683 D FRR     : ThermalListener loop:

07-28 17:00:26.065  2678  2683 D FRR     : buff=0x7fb368b240, len=210

07-28 17:00:26.065  2678  2683 D FRR     : uevent[0]=0x7fb368b240, len=54, "change@/devices/platform/battery/power_supply/wireless"

07-28 17:00:26.065  2678  2683 D FRR     : voteFps(60, 0)

07-28 17:00:26.065  2678  2683 D FRR     : ThermalListener loop:

07-28 17:00:26.067   965  2004 V BatteryService: VNOILBS mScreenOn=true level=100 mCriticalBatteryLevel=3 mNotificationLowBatteryStates=false OS_VERSION=true mNotificationChargeStates=true status=5

07-28 17:00:26.067   965  2004 V BatteryService: VNOILBS, turn off battery light.

07-28 17:00:26.067   965  2004 V BatteryService: VNOILBS mScreenOn=true level=100 mCriticalBatteryLevel=3 mNotificationLowBatteryStates=false OS_VERSION=true mNotificationChargeStates=true status=5

07-28 17:00:26.067   965  2004 V BatteryService: VNOILBS, turn off battery light.

07-28 17:00:26.069   965  1939 D BatteryService: mBatteryVoltage=4379, batteryLevel=50

07-28 17:00:26.069   965  1939 V BatteryService: VNOILBS mScreenOn=true level=100 mCriticalBatteryLevel=3 mNotificationLowBatteryStates=false OS_VERSION=true mNotificationChargeStates=true status=5

07-28 17:00:26.069   965  1939 V BatteryService: VNOILBS, turn off battery light.

07-28 17:00:26.069   965   965 V ActivityManager: Broadcast sticky: Intent { act=android.intent.action.BATTERY_CHANGED flg=0x60000010 (has extras) } ordered=false userid=-1 callerApp=null

07-28 17:00:26.070   965   965 D FeatureService: onReceive action android.intent.action.BATTERY_CHANGED

07-28 17:00:26.071   965   965 D WifiService: onReceive, action:android.intent.action.BATTERY_CHANGED

07-28 17:00:26.071  1484  1484 I WarningMessage: receiver: action isandroid.intent.action.BATTERY_CHANGED mBatteryPowerConnetDialog=true mShowChargerOverVoltageDialog=true

07-28 17:00:26.071  1484  1484 D DeviceListener: ++onReceive++:android.intent.action.BATTERY_CHANGED

07-28 17:00:26.071  1484  1484 D DeviceListener: onReceiveandroid.intent.action.BATTERY_CHANGED

07-28 17:00:26.071  1484  1484 I UsbDeviceManagerService: mUsbReceiver action:android.intent.action.BATTERY_CHANGED mConnected:false mLastConnected:false

07-28 17:00:26.072  2678  2683 D FRR     : buff=0x7fb368b240, len=963

07-28 17:00:26.072  2678  2683 D FRR     : uevent[0]=0x7fb368b240, len=53, "change@/devices/platform/battery/power_supply/battery"

07-28 17:00:26.072  2678  2683 D FRR     : voteFps(60, 0)

07-28 17:00:26.072  2678  2683 D FRR     : ThermalListener loop:

07-28 17:00:26.073  1322  1322 D KeyguardUpdateMonitor: received broadcast android.intent.action.BATTERY_CHANGED

07-28 17:00:26.073   965  1229 D WifiController: DeviceActiveState{ when=-2ms what=155652 arg1=2 target=com.android.internal.util.StateMachine$SmHandler }

07-28 17:00:26.073   965  1229 D WifiController: StaEnabledState{ when=-3ms what=155652 arg1=2 target=com.android.internal.util.StateMachine$SmHandler }

07-28 17:00:26.073   965  1229 D WifiController: DefaultState{ when=-3ms what=155652 arg1=2 target=com.android.internal.util.StateMachine$SmHandler }

07-28 17:00:26.073   965  1229 D WifiController: battery changed pluggedType: 2

07-28 17:00:26.073  1322  1322 I BatteryController: SystemUI|status = 5, mLastStatus = 5, mPluggedIn = true, mLastPluggedIn = true

07-28 17:00:26.074  1322  1322 I BatteryController: SystemUI|mLevel = 100, mLastLevel = 100

07-28 17:00:26.074  1322  1322 D PowerUI : buckets   .....15 .. 10 .. 3

07-28 17:00:26.074  1322  1322 D PowerUI : level          100 --> 100

07-28 17:00:26.074  1322  1322 D PowerUI : status         5 --> 5

07-28 17:00:26.074  1322  1322 D PowerUI : plugType       2 --> 2

07-28 17:00:26.075  1322  1322 D PowerUI : invalidCharger 0 --> 0

07-28 17:00:26.075  1322  1322 D PowerUI : bucket         1 --> 1

07-28 17:00:26.075  1322  1322 D PowerUI : plugged        true --> true

07-28 17:00:26.075  1997  1997 D SwitcherUpdateMonitor: receive broadcast, action = android.intent.action.BATTERY_CHANGED

07-28 17:00:26.075   965  2010 V ActivityManager: Broadcast: Intent { act=com.vivo.dismiss.lowpower flg=0x10 } ordered=false userid=0 callerApp=ProcessRecord{a9d1b8a 1322:com.android.systemui/u0a17}

07-28 17:00:26.076   965  2010 V BatteryService: VNOILBS mScreenOn=true level=100 mCriticalBatteryLevel=3 mNotificationLowBatteryStates=false OS_VERSION=true mNotificationChargeStates=true status=5

07-28 17:00:26.076   965  2010 V BatteryService: VNOILBS, turn off battery light.

07-28 17:00:26.077  7934  7934 D MusicService: ========action = android.intent.action.BATTERY_CHANGED

07-28 17:00:26.078  1322  1322 D KeyguardUpdateMonitor: handleBatteryUpdate

07-28 17:00:26.079  1322  1322 I KeyguardSmartUpdateMonitor: handleChargingModeChanged, mQuickChargeHealth = 2, batteryHealth = 2

07-28 17:00:26.079  1322  1322 I KeyguardSmartUpdateMonitor: handleChargingModeChanged, mCurrentEngineState = 0, engineState = -2

07-28 17:00:26.448   798   824 E MFI-Conn:  (     mfia_task_bootstrap,  587) mfia_task_bootstrap(): retrying to connect to mal-mfi error 13!! ====

07-28 17:00:26.441   824   824 W viarild : type=1400 audit(0.0:123189): avc: denied { write } for name="mal-mfi" dev="tmpfs" ino=8735 scontext=u:r:viarild:s0 tcontext=u:object_r:mal_mfi_socket:s0 tclass=sock_file permissive=0

07-28 17:00:26.974   312 31395 I MAL-Daemon:  (        ru_syssig_hndler,  436) [RDS-I][ru_syssig_hndler] Send Event: 688 

07-28 17:00:26.974   312 31395 I MAL-Daemon:  (        ru_syssig_hndler,  437) [RDS-I][RDS][RU][ru_syssig_hndler] ru_check_ctx_ptr<0xf5f34d9c, 0xf5f34d9c>

07-28 17:00:26.974   312 31395 W MAL-Daemon:  (    mdfx_task_send_event,  636) mdfx_task_send_event(): [ACT] should NOT enter this leagcy API!!

07-28 17:00:26.974   312 31395 I MAL-Daemon:  (    ru_send_event_entity,  368) [RDS-I][RDS][RU][ru_send_event_entity] send event 688 to 602 with ret(0)

07-28 17:00:26.974   312   682 I MAL-Daemon:  (             rds_ru_task,  454) [RDS-I][RU][rds_ru_task] RCV Event: 688 

07-28 17:00:26.998   312   682 D MAL-Daemon:  (     ru_wsl_poll_wpainfo,  657) [RDS-D][RDS][RU][ru_wsl_poll_wpainfo]socket recv pktlen(48) 

07-28 17:00:26.998   312   682 D MAL-Daemon:  (rds_ru_ws_rssi_timer_exp,  770) [RDS-D][RU][rds_ru_ws_rssi_timer_expire_hdlr][RDS] get rssi = -68, snr = 9999 

07-28 17:00:26.998   312   682 I MAL-Daemon:  (          ru_get_netstat, 5599) [RDS-I][RU][ru_get_netstat] netstat <thrghpt, pkterrt>, wifi <190, 0%>, mobile <0, 0%>

07-28 17:00:26.999   312   682 I MAL-Daemon:  (    ru_send_event_entity,  368) [RDS-I][RDS][RU][ru_send_event_entity] send event 614 to 1236 with ret(0)

07-28 17:00:26.999  1970  2068 I MFI-Conn:  (     mfia_task_bootstrap,  944) mfia_task_bootstrap(): an event 614 incoming

07-28 17:00:26.999  1970  2110 I MFI-Conn:  (             rds_urc_hdl,  263) [RDS][rds_urc_hdl] RCV Event: 614 

07-28 17:00:26.999  1970  2110 I MFI-Conn:  (             rds_urc_hdl,  378) [RDS][IF][rds_urc_hdl] data_base update: pkterrt(0) 

07-28 17:00:27.448   798   824 E MFI-Conn:  (     mfia_task_bootstrap,  587) mfia_task_bootstrap(): retrying to connect to mal-mfi error 13!! ====

07-28 17:00:27.441   824   824 W viarild : type=1400 audit(0.0:123190): avc: denied { write } for name="mal-mfi" dev="tmpfs" ino=8735 scontext=u:r:viarild:s0 tcontext=u:object_r:mal_mfi_socket:s0 tclass=sock_file permissive=0

07-28 17:00:27.548   427   793 E VT      : [SRV] [VT THREAD] [VT_Bind] des = volte_imsvt1 Fail to connect . retry count: 39006

07-28 17:00:27.548   427   793 D VT      : [SRV] isIMCBrun : False

07-28 17:00:27.660   307  4893 I BufferQueueProducer: [StatusBar](this:0x7f9ed4a800,id:6,api:1,p:1322,c:307) queueBuffer: fps=0.33 dur=3005.97 max=3005.97 min=3005.97

07-28 17:00:27.672   307   307 I SurfaceFlinger: [Built-in Screen (type:0)] fps:0.332658,dur:3006.09,max:3006.09,min:3006.09

07-28 17:00:28.449   798   824 E MFI-Conn:  (     mfia_task_bootstrap,  587) mfia_task_bootstrap(): retrying to connect to mal-mfi error 13!! ====

07-28 17:00:28.441   824   824 W viarild : type=1400 audit(0.0:123191): avc: denied { write } for name="mal-mfi" dev="tmpfs" ino=8735 scontext=u:r:viarild:s0 tcontext=u:object_r:mal_mfi_socket:s0 tclass=sock_file permissive=0

07-28 17:00:28.807   439   439 I thermal_src: wake up function 3

07-28 17:00:28.808   439   439 I thermal_src: TA_DAEMON_CMD_GET_TPCB cmd=0x5, len=4 PCB=37000

07-28 17:00:28.808   439   439 I thermal_src: TA_DAEMON_CMD_SET_TTJ cmd=0x4, len=4 Tj=85000

07-28 17:00:28.808   439   439 I thermal_src: waiting NOTIFY from kernel...

07-28 17:00:28.827 16845 16851 I System  : FinalizerDaemon: finalize objects = 53

07-28 17:00:28.950   965  1227 D WifiStateMachine:  ConnectedState (when=-4ms what=131155 arg1=137!CMD_RSSI_POLL  rt=117100892/905560864 137 0 "beta-test" 3c:8c:40:e4:3c:f2 rssi=-68 f=2412 sc=80 link=65 tx=1.8, 0.0, 0.0  rx=0.1 bcn=0 [on:0 tx:0 rx:0 period:2998] from screen [on:0 period:-2006124650] gl hn rssi=-63 ag=0 hr ticks 5,266,806 ls-=0 [56,56,56,56,61] brc=0 lrc=0 offload-stopped

07-28 17:00:28.951   965  1227 D WifiStateMachine:  L2ConnectedState (when=-5ms what=131155 arg1=137!CMD_RSSI_POLL  rt=117100893/905560865 137 0 "beta-test" 3c:8c:40:e4:3c:f2 rssi=-68 f=2412 sc=80 link=65 tx=1.8, 0.0, 0.0  rx=0.1 bcn=0 [on:0 tx:0 rx:0 period:1] from screen [on:0 period:-2006124649] gl hn rssi=-63 ag=0 hr ticks 5,266,806 ls-=0 [56,56,56,56,61] brc=0 lrc=0 offload-stopped

07-28 17:00:28.951   965  1227 D WifiStateMachine:  get link layer stats 0

07-28 17:00:28.956   965  1227 I WifiStateMachine: fetchRssiLinkSpeedAndFrequencyNative, newRssi:-67, newLinkSpeed:65, SSID:"beta-test"

07-28 17:00:28.956   965  1227 D WifiStateMachine: mLastSignalLevel:2, newSignalLevel:2

07-28 17:00:28.958   965  1227 E WifiStateMachine: calculateWifiScore() we set wifi's score to 1000, so will always set wifi as a default network.

07-28 17:00:28.960   965  1227 V ActivityManager: Broadcast sticky: Intent { act=android.net.wifi.RSSI_CHANGED flg=0x4000010 (has extras) } ordered=false userid=-1 callerApp=ProcessRecord{f5c5ef3 965:system/1000}

07-28 17:00:28.964   965  1256 D WifiWatchdogStateMachine: RSSI current: 2 new: -67, 2

07-28 17:00:28.967  1322  1836 I VivoNetworkController: SystemUI|action = android.net.wifi.RSSI_CHANGED

07-28 17:00:29.449   798   824 E MFI-Conn:  (     mfia_task_bootstrap,  587) mfia_task_bootstrap(): retrying to connect to mal-mfi error 13!! ====

07-28 17:00:29.441   824   824 W viarild : type=1400 audit(0.0:123192): avc: denied { write } for name="mal-mfi" dev="tmpfs" ino=8735 scontext=u:r:viarild:s0 tcontext=u:object_r:mal_mfi_socket:s0 tclass=sock_file permissive=0

07-28 17:00:29.653   307   340 I BufferQueueProducer: [StatusBar](this:0x7f9ed4a800,id:6,api:1,p:1322,c:307) queueBuffer: fps=1.00 dur=1992.92 max=996.51 min=996.42

07-28 17:00:29.665   307   307 I SurfaceFlinger: [Built-in Screen (type:0)] fps:1.003433,dur:1993.16,max:996.60,min:996.56

07-28 17:00:29.974   312 31395 I MAL-Daemon:  (        ru_syssig_hndler,  436) [RDS-I][ru_syssig_hndler] Send Event: 688 

07-28 17:00:29.974   312 31395 I MAL-Daemon:  (        ru_syssig_hndler,  437) [RDS-I][RDS][RU][ru_syssig_hndler] ru_check_ctx_ptr<0xf5f34d9c, 0xf5f34d9c>

07-28 17:00:29.974   312 31395 W MAL-Daemon:  (    mdfx_task_send_event,  636) mdfx_task_send_event(): [ACT] should NOT enter this leagcy API!!

07-28 17:00:29.974   312 31395 I MAL-Daemon:  (    ru_send_event_entity,  368) [RDS-I][RDS][RU][ru_send_event_entity] send event 688 to 602 with ret(0)

07-28 17:00:29.974   312   682 I MAL-Daemon:  (             rds_ru_task,  454) [RDS-I][RU][rds_ru_task] RCV Event: 688 

07-28 17:00:29.990   312   682 D MAL-Daemon:  (     ru_wsl_poll_wpainfo,  657) [RDS-D][RDS][RU][ru_wsl_poll_wpainfo]socket recv pktlen(48) 

07-28 17:00:29.990   312   682 D MAL-Daemon:  (rds_ru_ws_rssi_timer_exp,  770) [RDS-D][RU][rds_ru_ws_rssi_timer_expire_hdlr][RDS] get rssi = -67, snr = 9999 

07-28 17:00:29.990   312   682 I MAL-Daemon:  (  ru_wsl_wifi_status_ind,  752) [RDS-I][RDS][RU][ru_wsl_wifi_status_ind] ru_check_ctx_ptr<0xf5f34d9c, 0xf5f34d9c>

07-28 17:00:29.990   312   682 W MAL-Daemon:  (    mdfx_task_send_event,  636) mdfx_task_send_event(): [ACT] should NOT enter this leagcy API!!

