07-31 11:42:22.923   435   435 I thermal_repeater: oh, queryMdThermalInfo (0)No such file or directory

07-31 11:42:22.927   435   435 I thermal_repeater: [recvMdThermalInfo] ret=5, strLen=127, ERROR

07-31 11:42:23.790   817   839 E MFI-Conn:  (     mfia_task_bootstrap,  587) mfia_task_bootstrap(): retrying to connect to mal-mfi error 13!! ====

07-31 11:42:23.780   839   839 W viarild : type=1400 audit(0.0:8894): avc: denied { write } for name="mal-mfi" dev="tmpfs" ino=10393 scontext=u:r:viarild:s0 tcontext=u:object_r:mal_mfi_socket:s0 tclass=sock_file permissive=0

07-31 11:42:24.774   423   797 E VT      : [SRV] [VT THREAD] [VT_Bind] des = volte_imsvt1 Fail to connect . retry count: 2938

07-31 11:42:24.775   423   797 D VT      : [SRV] isIMCBrun : False

07-31 11:42:24.780   839   839 W viarild : type=1400 audit(0.0:8895): avc: denied { write } for name="mal-mfi" dev="tmpfs" ino=10393 scontext=u:r:viarild:s0 tcontext=u:object_r:mal_mfi_socket:s0 tclass=sock_file permissive=0

07-31 11:42:24.791   817   839 E MFI-Conn:  (     mfia_task_bootstrap,  587) mfia_task_bootstrap(): retrying to connect to mal-mfi error 13!! ====

07-31 11:42:25.791   817   839 E MFI-Conn:  (     mfia_task_bootstrap,  587) mfia_task_bootstrap(): retrying to connect to mal-mfi error 13!! ====

07-31 11:42:25.790   839   839 W viarild : type=1400 audit(0.0:8896): avc: denied { write } for name="mal-mfi" dev="tmpfs" ino=10393 scontext=u:r:viarild:s0 tcontext=u:object_r:mal_mfi_socket:s0 tclass=sock_file permissive=0

07-31 11:42:26.368  1967  1981 I System  : FinalizerDaemon: finalize objects = 14

07-31 11:42:26.791   817   839 E MFI-Conn:  (     mfia_task_bootstrap,  587) mfia_task_bootstrap(): retrying to connect to mal-mfi error 13!! ====

07-31 11:42:26.790   839   839 W viarild : type=1400 audit(0.0:8897): avc: denied { write } for name="mal-mfi" dev="tmpfs" ino=10393 scontext=u:r:viarild:s0 tcontext=u:object_r:mal_mfi_socket:s0 tclass=sock_file permissive=0

07-31 11:42:27.271   433   433 I thermal_src: wake up function 3

07-31 11:42:27.271   433   433 I thermal_src: TA_DAEMON_CMD_GET_TPCB cmd=0x5, len=4 PCB=32000

07-31 11:42:27.271   433   433 I thermal_src: TA_DAEMON_CMD_SET_TTJ cmd=0x4, len=4 Tj=85000

07-31 11:42:27.271   433   433 I thermal_src: waiting NOTIFY from kernel...

07-31 11:42:27.273  2654  2658 D FRR     : buff=0x7f86538240, len=191

07-31 11:42:27.273  2654  2658 D FRR     : uevent[0]=0x7f86538240, len=48, "change@/devices/platform/battery/power_supply/ac"

07-31 11:42:27.273  2654  2658 D FRR     : voteFps(60, 0)

07-31 11:42:27.273  2654  2658 D FRR     : ThermalListener loop:

07-31 11:42:27.274   941  1995 V BatteryService: VNOILBS mScreenOn=true level=100 mCriticalBatteryLevel=3 mNotificationLowBatteryStates=false OS_VERSION=true mNotificationChargeStates=true status=5

07-31 11:42:27.274   941  1995 V BatteryService: VNOILBS, turn off battery light.

07-31 11:42:27.277  2654  2658 D FRR     : buff=0x7f86538240, len=194

07-31 11:42:27.277  2654  2658 D FRR     : uevent[0]=0x7f86538240, len=49, "change@/devices/platform/battery/power_supply/usb"

07-31 11:42:27.277  2654  2658 D FRR     : voteFps(60, 0)

07-31 11:42:27.277  2654  2658 D FRR     : ThermalListener loop:

07-31 11:42:27.279  2654  2658 D FRR     : buff=0x7f86538240, len=209

07-31 11:42:27.279  2654  2658 D FRR     : uevent[0]=0x7f86538240, len=54, "change@/devices/platform/battery/power_supply/wireless"

07-31 11:42:27.279  2654  2658 D FRR     : voteFps(60, 0)

07-31 11:42:27.279  2654  2658 D FRR     : ThermalListener loop:

07-31 11:42:27.280   941  1509 V BatteryService: VNOILBS mScreenOn=true level=100 mCriticalBatteryLevel=3 mNotificationLowBatteryStates=false OS_VERSION=true mNotificationChargeStates=true status=5

07-31 11:42:27.280   941  1509 V BatteryService: VNOILBS, turn off battery light.

07-31 11:42:27.280   941  1949 V BatteryService: VNOILBS mScreenOn=true level=100 mCriticalBatteryLevel=3 mNotificationLowBatteryStates=false OS_VERSION=true mNotificationChargeStates=true status=5

07-31 11:42:27.280   941  1949 V BatteryService: VNOILBS, turn off battery light.

07-31 11:42:27.287  2654  2658 D FRR     : buff=0x7f86538240, len=960

07-31 11:42:27.287  2654  2658 D FRR     : uevent[0]=0x7f86538240, len=53, "change@/devices/platform/battery/power_supply/battery"

07-31 11:42:27.287  2654  2658 D FRR     : voteFps(60, 0)

07-31 11:42:27.287  2654  2658 D FRR     : ThermalListener loop:

07-31 11:42:27.290   941  1955 D BatteryService: mBatteryVoltage=4356, batteryLevel=50

07-31 11:42:27.290   941  1955 V BatteryService: VNOILBS mScreenOn=true level=100 mCriticalBatteryLevel=3 mNotificationLowBatteryStates=false OS_VERSION=true mNotificationChargeStates=true status=5

07-31 11:42:27.290   941  1955 V BatteryService: VNOILBS, turn off battery light.

07-31 11:42:27.291   941   941 V ActivityManager: Broadcast sticky: Intent { act=android.intent.action.BATTERY_CHANGED flg=0x60000010 (has extras) } ordered=false userid=-1 callerApp=null

07-31 11:42:27.294  1340  1340 D KeyguardUpdateMonitor: received broadcast android.intent.action.BATTERY_CHANGED

07-31 11:42:27.294  1340  1340 I BatteryController: SystemUI|status = 5, mLastStatus = 5, mPluggedIn = true, mLastPluggedIn = true

07-31 11:42:27.294  1504  1504 I WarningMessage: receiver: action isandroid.intent.action.BATTERY_CHANGED mBatteryPowerConnetDialog=true mShowChargerOverVoltageDialog=true

07-31 11:42:27.294  1504  1504 D DeviceListener: ++onReceive++:android.intent.action.BATTERY_CHANGED

07-31 11:42:27.294  1504  1504 D DeviceListener: onReceiveandroid.intent.action.BATTERY_CHANGED

07-31 11:42:27.294  1504  1504 I UsbDeviceManagerService: mUsbReceiver action:android.intent.action.BATTERY_CHANGED mConnected:false mLastConnected:false

07-31 11:42:27.294  1340  1340 I BatteryController: SystemUI|mLevel = 100, mLastLevel = 100

07-31 11:42:27.295  1340  1340 D PowerUI : buckets   .....15 .. 10 .. 3

07-31 11:42:27.295  1340  1340 D PowerUI : level          100 --> 100

07-31 11:42:27.295  1340  1340 D PowerUI : status         5 --> 5

07-31 11:42:27.295  1340  1340 D PowerUI : plugType       2 --> 2

07-31 11:42:27.295  1340  1340 D PowerUI : invalidCharger 0 --> 0

07-31 11:42:27.295  1340  1340 D PowerUI : bucket         1 --> 1

07-31 11:42:27.295  1340  1340 D PowerUI : plugged        true --> true

07-31 11:42:27.295  1978  1978 D SwitcherUpdateMonitor: receive broadcast, action = android.intent.action.BATTERY_CHANGED

07-31 11:42:27.296   941  1380 V ActivityManager: Broadcast: Intent { act=com.vivo.dismiss.lowpower flg=0x10 } ordered=false userid=0 callerApp=ProcessRecord{5bf1545 1340:com.android.systemui/u0a17}

07-31 11:42:27.297  1340  1340 D KeyguardUpdateMonitor: handleBatteryUpdate

07-31 11:42:27.297  1340  1340 I KeyguardSmartUpdateMonitor: handleChargingModeChanged, mQuickChargeHealth = 2, batteryHealth = 2

07-31 11:42:27.297  1340  1340 I KeyguardSmartUpdateMonitor: handleChargingModeChanged, mCurrentEngineState = 0, engineState = -2

07-31 11:42:27.301   941   941 D FeatureService: onReceive action android.intent.action.BATTERY_CHANGED

07-31 11:42:27.301   941   941 D WifiService: onReceive, action:android.intent.action.BATTERY_CHANGED

07-31 11:42:27.301   941  1236 D WifiController: ApStaDisabledState{ when=0 what=155652 arg1=2 target=com.android.internal.util.StateMachine$SmHandler }

07-31 11:42:27.301   941  1236 D WifiController: DefaultState{ when=0 what=155652 arg1=2 target=com.android.internal.util.StateMachine$SmHandler }

07-31 11:42:27.301   941  1236 D WifiController: battery changed pluggedType: 2

07-31 11:42:27.752   433   433 I thermal_src: wake up function 3
