--------- beginning of system

07-28 16:38:20.793   965  2004 D ActivityManager: getContentProviderImpl: updateLruProcessLocked cpr.proc=ProcessRecord{9bb3022 3745:android.process.acore/u0a4}

07-28 16:38:20.798 10833 10980 D ActivityThread: holder:android.app.IActivityManager$ContentProviderHolder@7c80878, holder.provider:android.content.ContentProviderProxy@7905b51

--------- beginning of main

07-28 16:38:20.800 10833 10833 D Mms/CacheDelay: ---->>>cache finish------------

07-28 16:38:20.802 10833 10981 I PrivacyContactsArray: PrivacyContactsCache init begin:1501231100802

07-28 16:38:20.803  3745  3784 I ContactsProvider: query: uri=content://com.android.contacts/data/phones?encrypt=%20%3C%202 , projection=[_id, display_name, data1] , selection=[null] , args=null , order=[_id LIMIT 2000 OFFSET 0] CPID=10833 , User=0 , callingPackage=[com.android.mms]

07-28 16:38:20.808  3745  3755 I ContactsProvider: query: uri=content://com.android.contacts/data?encrypt=%3E0 , projection=[contact_id, raw_contact_id, display_name, data1] , selection=[mimetype_id = 5] , args=null , order=[null] CPID=10833 , User=0 , callingPackage=[com.android.mms]

07-28 16:38:20.812   965  1947 V ActivityManager: Broadcast: Intent { act=com.android.mms.ACTION_NAME_LOAD_FINISHED flg=0x10 } ordered=false userid=0 callerApp=ProcessRecord{1e8ed0e 10833:com.android.mms/u0a11}

07-28 16:38:20.813 10833 10980 I ContactArray: ContactsCache init complete:1501231100812

07-28 16:38:20.814 10833 10981 D PrivacyContactsArray: -----count = 0

07-28 16:38:20.815 10833 10980 E PatternBuilder:  Incorrectly nested parentheses in regexp pattern

07-28 16:38:20.815 10833 10980 W System.err: java.util.regex.PatternSyntaxException: Incorrectly nested parentheses in regexp pattern near index 1:

07-28 16:38:20.815 10833 10980 W System.err: )

07-28 16:38:20.815 10833 10980 W System.err:  ^

07-28 16:38:20.815 10833 10980 W System.err: 	at java.util.regex.Pattern.compileImpl(Native Method)

07-28 16:38:20.815 10833 10980 W System.err: 	at java.util.regex.Pattern.compile(Pattern.java:411)

07-28 16:38:20.815 10833 10980 W System.err: 	at java.util.regex.Pattern.<init>(Pattern.java:394)

07-28 16:38:20.815 10833 10980 W System.err: 	at java.util.regex.Pattern.compile(Pattern.java:381)

07-28 16:38:20.815 10833 10980 W System.err: 	at com.android.mms.data.contactcache.PatternBuilder.buildNameMTPattern(PatternBuilder.java:69)

07-28 16:38:20.815 10833 10980 W System.err: 	at com.android.mms.data.contactcache.PatternBuilder.build(PatternBuilder.java:24)

07-28 16:38:20.815 10833 10980 W System.err: 	at com.android.mms.data.contactcache.ContactsArray.init(ContactsArray.java:67)

07-28 16:38:20.815 10833 10980 W System.err: 	at com.android.mms.data.contactcache.ContactsCacheProcess$InitThread.run(ContactsCacheProcess.java:71)

07-28 16:38:20.815 10833 10980 I ContactsCacheProcess: ContactsCache run done....

07-28 16:38:20.817 10833 10981 I PrivacyContactsArray: PrivacyContactsCache init complete:1501231100816

07-28 16:38:20.817 10833 10981 I Mms/PrivacyMessageProcess: PrivacyContactsCache run done....

07-28 16:38:20.819   965  2004 V ActivityManager: Broadcast: Intent { act=com.android.mms.privacymsg.cacheover flg=0x10 } ordered=false userid=0 callerApp=ProcessRecord{1e8ed0e 10833:com.android.mms/u0a11}

07-28 16:38:20.838 10925 10963 D OpenSSLLib: OpensslErr:Module:12(116:176); file:external/boringssl/src/crypto/asn1/asn1_lib.c ;Line:186;Function:ASN1_get_object

07-28 16:38:20.924   965  1947 D ConnectivityService: getActiveNetworkInfo networkInfo = [type: WIFI[], state: CONNECTED/CONNECTED, reason: (unspecified), extra: "beta-test", roaming: false, failover: false, isAvailable: true]

07-28 16:38:20.930 10854 10992 V UpgradeTheme-: UpgradeUtils--from last check duration = 3(minute)

07-28 16:38:20.931 10854 10992 V UpgradeTheme-: UpgradeUtils--last show notify time is 7days before, return true

07-28 16:38:20.932   965  2010 D ConnectivityService: getActiveNetworkInfo networkInfo = [type: WIFI[], state: CONNECTED/CONNECTED, reason: (unspecified), extra: "beta-test", roaming: false, failover: false, isAvailable: true]

07-28 16:38:20.940   965  1954 V AlarmAlign: remove pkg = com.bbk.theme, action = android.intent.action.theme.checkupgrade

07-28 16:38:20.940   965  1954 D AlarmManager:  whichBatch = -1

07-28 16:38:20.940   965  1954 D AlarmManager:  whichBatch = -1

07-28 16:38:20.940   965  1954 D AlarmManager:  whichBatch = -1

07-28 16:38:20.940   965  1954 D AlarmManager:  whichBatch = -1

07-28 16:38:20.940   965  1954 D AlarmManager:  whichBatch = -1

07-28 16:38:20.940   965  1954 D AlarmManager:  whichBatch = -1

07-28 16:38:20.940   965  1954 D AlarmManager:  whichBatch = -1

07-28 16:38:20.940   965  1954 D AlarmManager:  whichBatch = -1

07-28 16:38:20.941   965  1954 D AlarmManager:  whichBatch = -1

07-28 16:38:20.941   965  1954 D AlarmManager:  whichBatch = -1

07-28 16:38:20.941   965  1954 D AlarmManager:  whichBatch = -1

07-28 16:38:20.941   965  1954 D AlarmManager:  whichBatch = -1

07-28 16:38:20.941   965  1954 D AlarmManager:  whichBatch = -1

07-28 16:38:20.941   965  1954 D AlarmManager:  whichBatch = -1

07-28 16:38:20.941   965  1954 D AlarmManager:  whichBatch = -1

07-28 16:38:20.941   965  1954 D AlarmManager:  whichBatch = -1

07-28 16:38:20.941   965  1954 D AlarmManager:  whichBatch = -1

07-28 16:38:20.941   965  1954 D AlarmManager:  whichBatch = -1

07-28 16:38:20.941   965  1954 D AlarmManager:  whichBatch = -1

07-28 16:38:20.941   965  1954 D AlarmManager:  whichBatch = -1

07-28 16:38:20.941   965  1954 D AlarmManager:  whichBatch = -1

07-28 16:38:20.941   965  1954 D AlarmManager:  whichBatch = -1

07-28 16:38:20.941   965  1954 D AlarmManager:  whichBatch = -1

07-28 16:38:20.941   965  1954 D AlarmManager:  whichBatch = -1

07-28 16:38:20.941   965  1954 D AlarmManager:  whichBatch = -1

07-28 16:38:20.941   965  1954 D AlarmManager:  whichBatch = -1

07-28 16:38:20.941   965  1954 D AlarmManager:  whichBatch = -1

07-28 16:38:20.941   965  1954 D AlarmManager:  whichBatch = -1

07-28 16:38:20.941   965  1954 D AlarmManager:  whichBatch = -1

07-28 16:38:20.941   965  1954 D AlarmManager:  whichBatch = -1

07-28 16:38:20.941   965  1954 D AlarmManager:  whichBatch = -1

07-28 16:38:20.941   965  1954 D AlarmManager:  whichBatch = -1

07-28 16:38:20.941   965  1954 D AlarmManager:  whichBatch = -1

07-28 16:38:20.941   965  1954 D AlarmManager:  whichBatch = -1

07-28 16:38:20.941   965  1954 D AlarmManager:  whichBatch = -1

07-28 16:38:20.942   965  1954 D AlarmManager:  whichBatch = -1

07-28 16:38:20.942   965  1954 D AlarmManager:  whichBatch = -1

07-28 16:38:20.942   965  1954 D AlarmManager:  whichBatch = -1

07-28 16:38:20.942   965  1954 D AlarmManager:  whichBatch = -1

07-28 16:38:20.942   965  1954 D AlarmManager:  whichBatch = -1

07-28 16:38:20.942   965  1954 D AlarmManager:  whichBatch = -1

07-28 16:38:20.942   965  1954 D AlarmManager:  whichBatch = -1

07-28 16:38:20.942   965  1954 D AlarmManager:  whichBatch = -1

07-28 16:38:20.942   965  1954 D AlarmManager:  whichBatch = -1

07-28 16:38:20.942   965  1954 D AlarmManager:  whichBatch = -1

07-28 16:38:20.942   965  1954 D AlarmManager:  whichBatch = -1

07-28 16:38:20.944   965  1993 I ExtraAlarmManager: type: 1 Type: 1

07-28 16:38:20.944   965  1993 V AlarmAlign: addAlarm pkg = com.bbk.theme, action = android.intent.action.theme.checkupgrade, whenElapsed = 990632846

07-28 16:38:20.944   965  1993 D AlarmManager:  whichBatch = -1

07-28 16:38:20.947 10854 10992 V UpgradeTheme-: UpgradeUtils--setNextCheckNotify, Check update time: 2017-07-29 16:38:20 周六

07-28 16:38:20.947 10854 10992 V UpgradeTheme-: UpgradeUtils--wifi connect, start to check upgrade.

07-28 16:38:20.949 10854 10854 D BBKTheme-BBKTheme.VersionUpgradeManager: check self update start.., checkType = 3

07-28 16:38:20.962   965  1227 D WifiStateMachine:  ConnectedState (when=-2ms what=131155 arg1=135!CMD_RSSI_POLL  rt=115772902/904232874 135 0 "beta-test" 3c:8c:40:e4:3c:52 rssi=-73 f=2412 sc=80 link=65 tx=1.9, 0.0, 0.0  rx=2.1 bcn=0 [on:0 tx:0 rx:0 period:2980] from screen [on:0 period:-2007452638] gl hn rssi=-68 ag=0 ticks 5,266,790 ls-=0 [56,56,60,60,60] brc=0 lrc=0 offload-stopped

07-28 16:38:20.962 10854 10854 D BBKTheme-BBKTheme.VersionUpgradeManager: libvivo_upgrade_wave.so exists, load success.

07-28 16:38:20.964   965  1227 D WifiStateMachine:  L2ConnectedState (when=-5ms what=131155 arg1=135!CMD_RSSI_POLL  rt=115772905/904232877 135 0 "beta-test" 3c:8c:40:e4:3c:52 rssi=-73 f=2412 sc=80 link=65 tx=1.9, 0.0, 0.0  rx=2.1 bcn=0 [on:0 tx:0 rx:0 period:1] from screen [on:0 period:-2007452637] gl hn rssi=-68 ag=0 ticks 5,266,790 ls-=0 [56,56,60,60,60] brc=0 lrc=0 offload-stopped

07-28 16:38:20.964   965  1227 D WifiStateMachine:  get link layer stats 0

07-28 16:38:20.968   965  1227 I WifiStateMachine: fetchRssiLinkSpeedAndFrequencyNative, newRssi:-68, newLinkSpeed:65, SSID:"beta-test"

07-28 16:38:20.968   965  1227 V ActivityManager: Broadcast sticky: Intent { act=android.net.wifi.RSSI_CHANGED flg=0x4000010 (has extras) } ordered=false userid=-1 callerApp=ProcessRecord{f5c5ef3 965:system/1000}

07-28 16:38:20.968   965  1230 D ConnectivityService: updateCapabilities cap: [ Transports: WIFI Capabilities: INTERNET&NOT_RESTRICTED&TRUSTED&NOT_VPN LinkUpBandwidth>=1048576Kbps LinkDnBandwidth>=1048576Kbps SignalStrength: -68]

07-28 16:38:20.969   965  1230 D ConnectivityService: rematching NetworkAgentInfo [WIFI () - 1020]

07-28 16:38:20.969   965  1227 D WifiStateMachine: mLastSignalLevel:-1, newSignalLevel:2

07-28 16:38:20.969   965  1230 D ConnectivityService:  network has: [ Transports: WIFI Capabilities: INTERNET&NOT_RESTRICTED&TRUSTED&NOT_VPN&VALIDATED LinkUpBandwidth>=1048576Kbps LinkDnBandwidth>=1048576Kbps SignalStrength: -68]

07-28 16:38:20.969   965  1230 D ConnectivityService: Network NetworkAgentInfo [WIFI () - 1020] was already satisfying request 1. No change.

07-28 16:38:20.969   965  1230 D ConnectivityService:   checking if request is satisfied: NetworkRequest [ id=3, legacyType=-1, [] ]

07-28 16:38:20.969   965  1230 D ConnectivityService:   checking if request is satisfied: NetworkRequest [ id=81, legacyType=-1, [ Capabilities: INTERNET&NOT_RESTRICTED&TRUSTED] ]

07-28 16:38:20.969   965  1227 E WifiStateMachine: calculateWifiScore() we set wifi's score to 1000, so will always set wifi as a default network.

07-28 16:38:20.969   965  1230 D ConnectivityService:   checking if request is satisfied: NetworkRequest [ id=4, legacyType=-1, [ Transports: WIFI Capabilities: NOT_RESTRICTED&TRUSTED&NOT_VPN&VALIDATED] ]

07-28 16:38:20.969   965  1230 D ConnectivityService: notifyType CAP_CHANGED for NetworkAgentInfo [WIFI () - 1020]

07-28 16:38:20.969   965  1227 V ActivityManager: Broadcast sticky: Intent { act=android.net.wifi.RSSI_CHANGED flg=0x4000010 (has extras) } ordered=false userid=-1 callerApp=ProcessRecord{f5c5ef3 965:system/1000}

07-28 16:38:20.969   965  1230 D ConnectivityService:  sending notification for NetworkRequest [ id=1, legacyType=-1, [ Capabilities: INTERNET&NOT_RESTRICTED&TRUSTED&NOT_VPN] ]

07-28 16:38:20.970   965  1230 D ConnectivityService:  sending notification for NetworkRequest [ id=3, legacyType=-1, [] ]

07-28 16:38:20.970   965  1256 D WifiWatchdogStateMachine: RSSI current: 2 new: -68, 2

07-28 16:38:20.970   965  1230 D ConnectivityService: sending notification CAP_CHANGED for NetworkRequest [ id=3, legacyType=-1, [] ]

07-28 16:38:20.970   965  1256 D WifiWatchdogStateMachine: RSSI current: 2 new: -68, 2

07-28 16:38:20.970   965  1230 D ConnectivityService:  sending notification for NetworkRequest [ id=4, legacyType=-1, [ Transports: WIFI Capabilities: NOT_RESTRICTED&TRUSTED&NOT_VPN&VALIDATED] ]

07-28 16:38:20.971  1322  1836 I VivoNetworkController: SystemUI|action = android.net.wifi.RSSI_CHANGED

07-28 16:38:20.971   965  1230 D ConnectivityService: sending notification CAP_CHANGED for NetworkRequest [ id=4, legacyType=-1, [ Transports: WIFI Capabilities: NOT_RESTRICTED&TRUSTED&NOT_VPN&VALIDATED] ]

07-28 16:38:20.971  1322  1836 I VivoNetworkController: SystemUI|action = android.net.wifi.RSSI_CHANGED

07-28 16:38:20.971  1322  1854 D ConnectivityManager.CallbackHandler: CM callback handler got msg 524294

07-28 16:38:20.972   965  1230 D ConnectivityService:  sending notification for NetworkRequest [ id=81, legacyType=-1, [ Capabilities: INTERNET&NOT_RESTRICTED&TRUSTED] ]

07-28 16:38:20.972   965  1230 D ConnectivityService: sending notification CAP_CHANGED for NetworkRequest [ id=81, legacyType=-1, [ Capabilities: INTERNET&NOT_RESTRICTED&TRUSTED] ]

07-28 16:38:20.973 12841 12985 D ConnectivityManager.CallbackHandler: CM callback handler got msg 524294

07-28 16:38:20.974  1970  2095 D ConnectivityManager.CallbackHandler: CM callback handler got msg 524294

07-28 16:38:20.976   312 31395 I MAL-Daemon:  (        ru_syssig_hndler,  436) [RDS-I][ru_syssig_hndler] Send Event: 688 

07-28 16:38:20.976   312 31395 I MAL-Daemon:  (        ru_syssig_hndler,  437) [RDS-I][RDS][RU][ru_syssig_hndler] ru_check_ctx_ptr<0xf5f34d9c, 0xf5f34d9c>

07-28 16:38:20.976   312 31395 W MAL-Daemon:  (    mdfx_task_send_event,  636) mdfx_task_send_event(): [ACT] should NOT enter this leagcy API!!

07-28 16:38:20.976   312 31395 I MAL-Daemon:  (    ru_send_event_entity,  368) [RDS-I][RDS][RU][ru_send_event_entity] send event 688 to 602 with ret(0)

07-28 16:38:20.976   312   682 I MAL-Daemon:  (             rds_ru_task,  454) [RDS-I][RU][rds_ru_task] RCV Event: 688 

07-28 16:38:20.979   312   682 D MAL-Daemon:  (     ru_wsl_poll_wpainfo,  657) [RDS-D][RDS][RU][ru_wsl_poll_wpainfo]socket recv pktlen(48) 

07-28 16:38:20.979   312   682 D MAL-Daemon:  (rds_ru_ws_rssi_timer_exp,  770) [RDS-D][RU][rds_ru_ws_rssi_timer_expire_hdlr][RDS] get rssi = -68, snr = 9999 

07-28 16:38:20.979   312   682 I MAL-Daemon:  (  ru_wsl_wifi_status_ind,  752) [RDS-I][RDS][RU][ru_wsl_wifi_status_ind] ru_check_ctx_ptr<0xf5f34d9c, 0xf5f34d9c>

07-28 16:38:20.979   312   682 W MAL-Daemon:  (    mdfx_task_send_event,  636) mdfx_task_send_event(): [ACT] should NOT enter this leagcy API!!

07-28 16:38:20.979   312   682 I MAL-Daemon:  (    ru_send_event_entity,  368) [RDS-I][RDS][RU][ru_send_event_entity] send event 604 to 602 with ret(0)

07-28 16:38:20.980   312   682 I MAL-Daemon:  (          ru_get_netstat, 5599) [RDS-I][RU][ru_get_netstat] netstat <thrghpt, pkterrt>, wifi <13339, 0%>, mobile <0, 0%>

07-28 16:38:20.980   312   682 I MAL-Daemon:  (    ru_send_event_entity,  368) [RDS-I][RDS][RU][ru_send_event_entity] send event 614 to 1236 with ret(0)

07-28 16:38:20.980   312   682 I MAL-Daemon:  (             rds_ru_task,  454) [RDS-I][RU][rds_ru_task] RCV Event: 604 

07-28 16:38:20.980  1970  2068 I MFI-Conn:  (     mfia_task_bootstrap,  944) mfia_task_bootstrap(): an event 614 incoming

07-28 16:38:20.980   312   682 I MAL-Daemon:  (  rds_ru_wifi_status_ind, 1379) [RDS-I][RU][EVENT_RU_WS_WIFI_STATUS_IND] fgwifi_en:1(no use) i4wifirssi:0xffffffbc i4wifisnr:0x270f

07-28 16:38:20.980   312   682 I MAL-Daemon:  (    ru_send_event_entity,  368) [RDS-I][RDS][RU][ru_send_event_entity] send event 615 to 1236 with ret(0)

07-28 16:38:20.980  1970  2068 I MFI-Conn:  (     mfia_task_bootstrap,  944) mfia_task_bootstrap(): an event 615 incoming

07-28 16:38:20.980   312   682 I MAL-Daemon:  (          rds_ru_rpl_gen, 5180) [RDS-I][RU][rds_ru_rpl_gen][RDS][OP0] TYPE : <0>, UI Policy : <3>, RDS Policy : <3>

07-28 16:38:20.980  1970  2110 I MFI-Conn:  (             rds_urc_hdl,  263) [RDS][rds_urc_hdl] RCV Event: 614 

07-28 16:38:20.980   312   682 I MAL-Daemon:  (      rds_cell_only_orng, 3673) [RDS-I][RU][RDS IMS/MMS][rds_cell_only_orng] 

07-28 16:38:20.980  1970  2110 I MFI-Conn:  (             rds_urc_hdl,  378) [RDS][IF][rds_urc_hdl] data_base update: pkterrt(0) 

07-28 16:38:20.981   312   682 I MAL-Daemon:  (          rds_ru_rpl_gen, 5191) [RDS-I][RU][rds_ru_rpl_gen][RDS][OP0] TYPE : <0>, RAN1 : <254> ,RAN2 : <254>

07-28 16:38:20.981  1970  2110 I MFI-Conn:  (             rds_urc_hdl,  263) [RDS][rds_urc_hdl] RCV Event: 615 

07-28 16:38:20.981   312   682 I MAL-Daemon:  (          rds_ru_rpl_gen, 5180) [RDS-I][RU][rds_ru_rpl_gen][RDS][OP0] TYPE : <1>, UI Policy : <3>, RDS Policy : <3>

07-28 16:38:20.981  1970  2110 I MFI-Conn:  (             rds_urc_hdl,  388) [RDS][IF][rds_urc_hdl] data_base update: i4wifirssi(-68) 

07-28 16:38:20.981   312   682 I MAL-Daemon:  (      rds_cell_only_orng, 3673) [RDS-I][RU][RDS IMS/MMS][rds_cell_only_orng] 

07-28 16:38:20.981   312   682 I MAL-Daemon:  (          rds_ru_rpl_gen, 5191) [RDS-I][RU][rds_ru_rpl_gen][RDS][OP0] TYPE : <1>, RAN1 : <254> ,RAN2 : <254>

07-28 16:38:20.981   312   682 I MAL-Daemon:  (          rds_ru_rpl_gen, 5180) [RDS-I][RU][rds_ru_rpl_gen][RDS][OP0] TYPE : <2>, UI Policy : <3>, RDS Policy : <3>

07-28 16:38:20.981   312   682 I MAL-Daemon:  (      rds_cell_only_orng, 3673) [RDS-I][RU][RDS IMS/MMS][rds_cell_only_orng] 

07-28 16:38:20.981   312   682 I MAL-Daemon:  (          rds_ru_rpl_gen, 5191) [RDS-I][RU][rds_ru_rpl_gen][RDS][OP0] TYPE : <2>, RAN1 : <254> ,RAN2 : <254>

07-28 16:38:20.981   312   682 I MAL-Daemon:  (          rds_ru_rpl_gen, 5180) [RDS-I][RU][rds_ru_rpl_gen][RDS][OP0] TYPE : <3>, UI Policy : <3>, RDS Policy : <3>

07-28 16:38:20.981   312   682 I MAL-Daemon:  (          rds_ru_rpl_gen, 5191) [RDS-I][RU][rds_ru_rpl_gen][RDS][OP0] TYPE : <3>, RAN1 : <255> ,RAN2 : <255>

07-28 16:38:20.981   312   682 I MAL-Daemon:  (          rds_ru_rpl_gen, 5180) [RDS-I][RU][rds_ru_rpl_gen][RDS][OP0] TYPE : <4>, UI Policy : <3>, RDS Policy : <3>

07-28 16:38:20.981   312   682 I MAL-Daemon:  (          rds_ru_rpl_gen, 5191) [RDS-I][RU][rds_ru_rpl_gen][RDS][OP0] TYPE : <4>, RAN1 : <255> ,RAN2 : <255>

07-28 16:38:20.981   312   682 I MAL-Daemon:  (          rds_ru_rpl_gen, 5180) [RDS-I][RU][rds_ru_rpl_gen][RDS][OP0] TYPE : <5>, UI Policy : <3>, RDS Policy : <3>

07-28 16:38:20.981   312   682 I MAL-Daemon:  (          rds_ru_rpl_gen, 5191) [RDS-I][RU][rds_ru_rpl_gen][RDS][OP0] TYPE : <5>, RAN1 : <255> ,RAN2 : <255>

07-28 16:38:20.981   312   682 I MAL-Daemon:  (          rds_ru_rpl_gen, 5191) [RDS-I][RU][rds_ru_rpl_gen][RDS][OP0] TYPE : <6>, RAN1 : <254> ,RAN2 : <254>

07-28 16:38:20.981   312   682 I MAL-Daemon:  (    rds_op_check_feature,  324) [RDS-I][RDS][OP][rds_op_check_feature] operator id(0) check feature<0>, curr_opmsk is <1>, sys_opmsk is <0x0001, 1>

07-28 16:38:20.981   312   682 I MAL-Daemon:  (  rds_ru_ims_vops_update, 4980) [RDS-I][RU][rds_ru_ims_vops_update][RDS IMS]Policy type: 0 IMS VOPS IE is Disabled, update IMS RPL from Ori:(254, 254) New:(254,254)

07-28 16:38:20.981   312   682 I MAL-Daemon:  (  rds_ru_ims_vops_update, 4980) [RDS-I][RU][rds_ru_ims_vops_update][RDS IMS]Policy type: 1 IMS VOPS IE is Disabled, update IMS RPL from Ori:(254, 254) New:(254,254)

07-28 16:38:20.981   312   682 I MAL-Daemon:  (  rds_ru_ims_vops_update, 4980) [RDS-I][RU][rds_ru_ims_vops_update][RDS IMS]Policy type: 2 IMS VOPS IE is Disabled, update IMS RPL from Ori:(254, 254) New:(254,254)

07-28 16:38:20.981   312   682 I MAL-Daemon:  (          rds_ru_rpl_gen, 5215) [RDS-I][RU][rds_ru_rpl_gen][RDS] Current policy: fgimsolte_en<0>, fgwfc_en<0>, erdspolicy<3>, 

07-28 16:38:20.981   312   682 I MAL-Daemon:  (          rds_ru_rpl_gen, 5218) [RDS-I][RU][rds_ru_rpl_gen][RDS] Threshold i4wifirssih<-75>, i4wifirssil<-85>, i4wifirssih_ho<-78>, i4wifirssil_ho<-88>, i4wifisnrh<10>, i4wifisnrl<6>

07-28 16:38:20.981   312   682 I MAL-Daemon:  (          rds_ru_rpl_gen, 5221) [RDS-I][RU][rds_ru_rpl_gen][RDS] Threshold i4ltersrph<-106>, i4ltersrpm<-111>, i4ltersrpl<-116>, i4ltersrqh<5>, i4ltersrqm<3>, i4ltersrql<1>

07-28 16:38:20.981   312   682 I MAL-Daemon:  (          rds_ru_rpl_gen, 5224) [RDS-I][RU][rds_ru_rpl_gen][RDS] current rds ru status: i4wifirssi<-68>, i4wifisnr<9999>, i4ltersrp<-141>, i4ltersrq<0>, u4active_ran<1> 

07-28 16:38:20.981   312   682 I MAL-Daemon:  (          rds_ru_rpl_gen, 5227) [RDS-I][RU][rds_ru_rpl_gen][RDS] current wifi backhaul : rtp_plr<0>, rtp_jitter<0>, ping_ind<0>

07-28 16:38:20.981   312   682 I MAL-Daemon:  (          rds_ru_rpl_gen, 5230) [RDS-I][RU][rds_ru_rpl_gen][RDS] Call stat : IR92<0>, IR94<0> 

07-28 16:38:20.981   312   682 I MAL-Daemon:  (          rds_ru_rpl_gen, 5236) [RDS-I][RU][RDS IMS/MMS][rds_ru_rpl_gen] Ori:(254,254)/(255,255) New:(254,254)/(255,255)

07-28 16:38:20.981   312   682 I MAL-Daemon:  (          rds_ru_rpl_gen, 5241) [RDS-I][RU][RDS IMS/MMS WIFI][rds_ru_rpl_gen] Ori:(254,254)/(255,255) New:(254,254)/(255,255)

07-28 16:38:20.981   312   682 I MAL-Daemon:  (          rds_ru_rpl_gen, 5246) [RDS-I][RU][RDS IMS/MMS CELL][rds_ru_rpl_gen] Ori:(254,254)/(255,255) New:(254,254)/(255,255)

07-28 16:38:20.981   312   682 I MAL-Daemon:  (          rds_ru_rpl_gen, 5250) [RDS-I][RU][RDS EMG][rds_ru_rpl_gen] Ori:(254,254) New:(254,254)

07-28 16:38:20.985   307   340 I BufferQueueProducer: [StatusBar](this:0x7f9ed4a800,id:6,api:1,p:1322,c:307) queueBuffer: fps=1.96 dur=1531.21 max=1294.96 min=28.66

07-28 16:38:20.997   965  1947 D ActivityManager: getContentProviderImpl: from caller=android.app.ApplicationThreadProxy@73ef946 (pid=10925, userId=0) to get content provider settings cpr=ContentProviderRecord{2fcf66b u0 com.android.providers.settings/.SettingsProvider}

07-28 16:38:20.997   965  1947 D ActivityManager: getContentProviderImpl: updateLruProcessLocked cpr.proc=ProcessRecord{f5c5ef3 965:system/1000}

07-28 16:38:20.998 10925 10963 D ActivityThread: holder:android.app.IActivityManager$ContentProviderHolder@95c0cae, holder.provider:android.content.ContentProviderProxy@4a29a4f

07-28 16:38:21.000   307   307 I SurfaceFlinger: [Built-in Screen (type:0)] fps:22.996315,dur:1565.47,max:571.05,min:13.32

07-28 16:38:21.002 10746 10752 I System  : FinalizerDaemon: finalize objects = 1

07-28 16:38:21.008 10925 10963 D VivoPush.AppConfigSettings: 151228-cur config is null

07-28 16:38:21.026 10854 10854 D BBKTheme-BBKTheme.VersionUpgradeManager: libBspatchApk.so exists, load success.

07-28 16:38:21.027   965  1947 D ConnectivityService: getActiveNetworkInfo networkInfo = [type: WIFI[], state: CONNECTED/CONNECTED, reason: (unspecified), extra: "beta-test", roaming: false, failover: false, isAvailable: true]

07-28 16:38:21.028 10854 10854 V BBKTheme-ThemeUtils: isTestMode =

07-28 16:38:21.028 10854 10854 D BBKTheme-BBKTheme.VersionUpgradeManager: autoUpgradeCheck  

07-28 16:38:21.032 10854 10854 D AppStore.ImeiUtils: isMtk true isMulSimCard true

07-28 16:38:21.044 10925 10925 D ActivityThread: BIND_APPLICATION handled : 0 / AppBindData{appInfo=ApplicationInfo{53d0386 com.vivo.space}}

07-28 16:38:21.051 10925 10925 D ActivityThread: BDC-Calling onReceive: intent=Intent { act=android.net.conn.CONNECTIVITY_CHANGE flg=0x4000010 cmp=com.vivo.space/.service.UpgradeReceiver (has extras) }, receiver=com.vivo.space.service.UpgradeReceiver@1b18447

07-28 16:38:21.051   965  1993 D ConnectivityService: getActiveNetworkInfo networkInfo = [type: WIFI[], state: CONNECTED/CONNECTED, reason: (unspecified), extra: "beta-test", roaming: false, failover: false, isAvailable: true]

07-28 16:38:21.053 10925 10925 D ActivityThread: BDC-RECEIVER handled : 0 / ReceiverData{intent=Intent { act=android.net.conn.CONNECTIVITY_CHANGE flg=0x4000010 cmp=com.vivo.space/.service.UpgradeReceiver (has extras) } packageName=com.vivo.space resultCode=0 resultData=null resultExtras=null}

07-28 16:38:21.055   965  2012 D ConnectivityService: getActiveNetworkInfo networkInfo = [type: WIFI[], state: CONNECTED/CONNECTED, reason: (unspecified), extra: "beta-test", roaming: false, failover: false, isAvailable: true]

07-28 16:38:21.059  9516  9516 D ActivityThread: BDC-Calling onReceive: intent=Intent { act=android.net.conn.CONNECTIVITY_CHANGE flg=0x4000010 cmp=com.vivo.numbermark/com.yulore.basic.cache.receiver.MultipleReceiver (has extras) }, receiver=com.yulore.basic.cache.receiver.MultipleReceiver@628026c

07-28 16:38:21.060   965   993 D ConnectivityService: getActiveNetworkInfo networkInfo = [type: WIFI[], state: CONNECTED/CONNECTED, reason: (unspecified), extra: "beta-test", roaming: false, failover: false, isAvailable: true]

07-28 16:38:21.062   965  1969 I NetworkIdentity: buildNetworkIdentity:

07-28 16:38:21.062   965  1969 I NetworkIdentity: networkId = beta-test

07-28 16:38:21.063  9516  9516 D ActivityThread: BDC-RECEIVER handled : 0 / ReceiverData{intent=Intent { act=android.net.conn.CONNECTIVITY_CHANGE flg=0x4000010 cmp=com.vivo.numbermark/com.yulore.basic.cache.receiver.MultipleReceiver (has extras) } packageName=com.vivo.numbermark resultCode=-1 resultData=null resultExtras=null}

07-28 16:38:21.067  7182  7182 D ActivityThread: BDC-Calling onReceive: intent=Intent { act=android.net.conn.CONNECTIVITY_CHANGE flg=0x4000010 cmp=com.bbk.updater/.receiver.NetworkReceiver (has extras) }, receiver=com.bbk.updater.receiver.NetworkReceiver@dea0b30

07-28 16:38:21.067  7182  7182 D Updater/NetworkReceiver: Receive action:android.net.conn.CONNECTIVITY_CHANGE

07-28 16:38:21.069   965  1939 D ConnectivityService: getActiveNetworkInfo networkInfo = [type: WIFI[], state: CONNECTED/CONNECTED, reason: (unspecified), extra: "beta-test", roaming: false, failover: false, isAvailable: true]

07-28 16:38:21.070   965   981 D ConnectivityService: getActiveNetworkInfo networkInfo = [type: WIFI[], state: CONNECTED/CONNECTED, reason: (unspecified), extra: "beta-test", roaming: false, failover: false, isAvailable: true]

07-28 16:38:21.071  7182  7182 I Updater/strategy/AutoDownloadStrategy: isConnected: true,isWifiConnect: true

07-28 16:38:21.072   965  1362 D ActivityManager: getContentProviderImpl: from caller=android.app.ApplicationThreadProxy@b37f359 (pid=7182, userId=0) to get content provider downloads cpr=ContentProviderRecord{42f2199 u0 com.android.providers.downloads/.DownloadProvider}

07-28 16:38:21.072   965  1362 D ActivityManager: getContentProviderImpl: updateLruProcessLocked cpr.proc=ProcessRecord{9a41c5e 1680:android.process.media/u0a7}

07-28 16:38:21.073  7182  7182 D ActivityThread: holder:android.app.IActivityManager$ContentProviderHolder@32f93a9, holder.provider:android.content.ContentProviderProxy@7f58d2e

07-28 16:38:21.080   965  1933 D ActivityManager: getContentProviderImpl: from caller=android.app.ApplicationThreadProxy@2cdeb1e (pid=10833, userId=0) to get content provider sms cpr=ContentProviderRecord{7af0cc7 u0 com.android.providers.telephony/.SmsProvider}

07-28 16:38:21.080  7182  7182 D Updater/DownloadUtils: check isDownloadStarted, status = -1

07-28 16:38:21.081   965  1933 D ActivityManager: getContentProviderImpl: updateLruProcessLocked cpr.proc=ProcessRecord{91df9ca 1710:com.android.phone/1001}

07-28 16:38:21.081  7182  7182 D ActivityThread: BDC-RECEIVER handled : 0 / ReceiverData{intent=Intent { act=android.net.conn.CONNECTIVITY_CHANGE flg=0x4000010 cmp=com.bbk.updater/.receiver.NetworkReceiver (has extras) } packageName=com.bbk.updater resultCode=0 resultData=null resultExtras=null}

07-28 16:38:21.082 10833 10833 D ActivityThread: holder:android.app.IActivityManager$ContentProviderHolder@4244b7, holder.provider:android.content.ContentProviderProxy@9b13424

07-28 16:38:21.086  1680  1680 D ActivityThread: BDC-Calling onReceive: intent=Intent { act=android.net.conn.CONNECTIVITY_CHANGE flg=0x4000010 cmp=com.android.providers.downloads/.DownloadReceiver (has extras) }, receiver=com.android.providers.downloads.DownloadReceiver@9e406d7

07-28 16:38:21.086  1680  1680 I VDP1018-VDP-DownloadManager: onReceive action is android.net.conn.CONNECTIVITY_CHANGE

07-28 16:38:21.087   965  1947 D ConnectivityService: getActiveNetworkInfo networkInfo = [type: WIFI[], state: CONNECTED/CONNECTED, reason: (unspecified), extra: "beta-test", roaming: false, failover: false, isAvailable: true]

07-28 16:38:21.087  1680  1680 D VDP1018-DownloadProxyImpl: handleNetChange info state is CONNECTED info type is 1

07-28 16:38:21.087  1680  1680 D VDP1018-VivoNotifyManager: hideNetPauseNotification

07-28 16:38:21.088  1680  1680 I VDP1018-VDP-DownloadManager: vivo handle net change end

07-28 16:38:21.088  1680  1680 D ActivityThread: BDC-RECEIVER handled : 0 / ReceiverData{intent=Intent { act=android.net.conn.CONNECTIVITY_CHANGE flg=0x4000010 cmp=com.android.providers.downloads/.DownloadReceiver (has extras) } packageName=com.android.providers.downloads resultCode=0 resultData=null resultExtras=null}

07-28 16:38:21.092  1710  1710 D ActivityThread: BDC-Calling onReceive: intent=Intent { act=android.net.conn.CONNECTIVITY_CHANGE flg=0x4000010 cmp=com.android.providers.telephony/.NetworkInfoChangeReceiver (has extras) }, receiver=com.android.providers.telephony.NetworkInfoChangeReceiver@a1151ed

07-28 16:38:21.093  1710  1710 D NetworkInfoChangeReceiver: NetworkInfo: [type: WIFI[], state: CONNECTED/CONNECTED, reason: (unspecified), extra: "beta-test", roaming: false, failover: false, isAvailable: true]

07-28 16:38:21.093  1710  1710 D NetworkInfoChangeReceiver: preTime:0  curTime:1501231101093

07-28 16:38:21.094  1710  1710 D ActivityThread: BDC-RECEIVER handled : 0 / ReceiverData{intent=Intent { act=android.net.conn.CONNECTIVITY_CHANGE flg=0x4000010 cmp=com.android.providers.telephony/.NetworkInfoChangeReceiver (has extras) } packageName=com.android.providers.telephony resultCode=0 resultData=null resultExtras=null}

07-28 16:38:21.095  1710  1710 D ActivityThread: SVC-Calling onStartCommand: com.android.providers.telephony.ApnUpdateService@5c68804, flags=0, startId=2

07-28 16:38:21.095  1680  3078 I VDP1018-DownloadProxyImpl: startDownloadNetPaused currentId is 3, control is 0, status is 200, changed is 255

07-28 16:38:21.095  1680  3078 I VDP1018-DownloadProxyImpl: startDownloadNetPaused currentId is 4, control is 0, status is 200, changed is 255

07-28 16:38:21.095  1680  3078 I VDP1018-DownloadProxyImpl: startDownloadNetPaused currentId is 5, control is 1, status is 193, changed is 255

07-28 16:38:21.095  1710  1710 D ActivityThread: SVC-SERVICE_ARGS handled : 0 / ServiceArgsData{token=android.os.BinderProxy@58afc17 startId=2 args=Intent { cmp=com.android.providers.telephony/.ApnUpdateService }}

07-28 16:38:21.095  1680  3078 I VDP1018-DownloadProxyImpl: startDownloadNetPaused currentId is 6, control is 0, status is 200, changed is 255

07-28 16:38:21.095  1680  3078 I VDP1018-DownloadProxyImpl: startDownloadNetPaused currentId is 7, control is 0, status is 200, changed is 255

07-28 16:38:21.095  1680  3078 I VDP1018-DownloadProxyImpl: startDownloadNetPaused currentId is 8, control is 0, status is 200, changed is 255

07-28 16:38:21.097  1363  1363 D ActivityThread: BDC-Calling onReceive: intent=Intent { act=android.net.conn.CONNECTIVITY_CHANGE flg=0x4000010 cmp=com.vivo.abe/com.vivo.push.sdk.service.PushServiceReceiver (has extras) }, receiver=com.vivo.push.sdk.service.PushServiceReceiver@a24e953

07-28 16:38:21.097  1363  1363 D ActivityThread: BDC-RECEIVER handled : 0 / ReceiverData{intent=Intent { act=android.net.conn.CONNECTIVITY_CHANGE flg=0x4000010 cmp=com.vivo.abe/com.vivo.push.sdk.service.PushServiceReceiver (has extras) } packageName=com.vivo.abe resultCode=0 resultData=null resultExtras=null}

07-28 16:38:21.101  1680  1680 D ActivityThread: SVC-Creating service: CreateServiceData{token=android.os.BinderProxy@1769bc4 className=com.android.providers.downloads.DownloadService packageName=com.android.providers.downloads intent=null}

07-28 16:38:21.101  1680  1680 V VDP1018-DownloadService: Service onCreate

07-28 16:38:21.103 10854 10854 D ActivityThread: BDC-Calling onReceive: intent=Intent { act=android.net.conn.CONNECTIVITY_CHANGE flg=0x4000010 cmp=com.bbk.theme/.download.ThemeReceiver (has extras) }, receiver=com.bbk.theme.download.ThemeReceiver@95c0cae

07-28 16:38:21.103 10854 10854 V BBKTheme-ThemeReceiver: onReceive action:android.net.conn.CONNECTIVITY_CHANGE, mIsRunning:false

07-28 16:38:21.105 10854 10854 D ActivityThread: BDC-RECEIVER handled : 0 / ReceiverData{intent=Intent { act=android.net.conn.CONNECTIVITY_CHANGE flg=0x4000010 cmp=com.bbk.theme/.download.ThemeReceiver (has extras) } packageName=com.bbk.theme resultCode=0 resultData=null resultExtras=null}

07-28 16:38:21.105 10854 10854 D ActivityThread: SVC-Calling onStartCommand: com.bbk.theme.upgrade.CheckUpdateService@3792a11, flags=0, startId=2

07-28 16:38:21.106  1680  1680 D ActivityThread: SVC-CREATE_SERVICE handled : 0 / CreateServiceData{token=android.os.BinderProxy@1769bc4 className=com.android.providers.downloads.DownloadService packageName=com.android.providers.downloads intent=null}

07-28 16:38:21.106  1680  1680 D ActivityThread: SVC-Calling onStartCommand: com.android.providers.downloads.DownloadService@8e3aad, flags=0, startId=1

07-28 16:38:21.106  1680  1680 V VDP1018-DownloadService: Service onStart

07-28 16:38:21.106  1680  1680 D ActivityThread: SVC-SERVICE_ARGS handled : 0 / ServiceArgsData{token=android.os.BinderProxy@1769bc4 startId=1 args=Intent { cmp=com.android.providers.downloads/.DownloadService }}

07-28 16:38:21.108  2073  2073 D ActivityThread: BDC-Calling onReceive: intent=Intent { act=android.net.conn.CONNECTIVITY_CHANGE flg=0x4000010 cmp=com.vivo.devicereg/com.dmyk.android.telephony.receiver.CmRegReceiver (has extras) }, receiver=com.dmyk.android.telephony.receiver.CmRegReceiver@153fe5a

07-28 16:38:21.109  2073  2073 I Reg     : CmRegReceiver||CmRegReceiver : action = android.net.conn.CONNECTIVITY_CHANGE

07-28 16:38:21.109  2073  2073 D ActivityThread: BDC-RECEIVER handled : 0 / ReceiverData{intent=Intent { act=android.net.conn.CONNECTIVITY_CHANGE flg=0x4000010 cmp=com.vivo.devicereg/com.dmyk.android.telephony.receiver.CmRegReceiver (has extras) } packageName=com.vivo.devicereg resultCode=0 resultData=null resultExtras=null}

07-28 16:38:21.110 10854 10854 D ActivityThread: SVC-SERVICE_ARGS handled : 0 / ServiceArgsData{token=android.os.BinderProxy@92bda38 startId=2 args=Intent { cmp=com.bbk.theme/.upgrade.CheckUpdateService (has extras) }}

07-28 16:38:21.112  9592  9592 D ActivityThread: BDC-Calling onReceive: intent=Intent { act=android.net.conn.CONNECTIVITY_CHANGE flg=0x4000010 cmp=com.mediatek.providers.drm/.ConnectionChangeReceiver (has extras) }, receiver=com.mediatek.providers.drm.ConnectionChangeReceiver@f3becd4

07-28 16:38:21.112  9592  9592 D DRM/ConnectionChangeReceiver: onReceive: Intent { act=android.net.conn.CONNECTIVITY_CHANGE flg=0x4000010 cmp=com.mediatek.providers.drm/.ConnectionChangeReceiver (has extras) }

07-28 16:38:21.112  9592  9592 D OmaDrmClient: create OmaDrmClient instance

07-28 16:38:21.112  9592  9592 D DrmManagerClient: create DrmManagerClient instance & create event threads.

07-28 16:38:21.112  9592  9592 V DrmManagerClient: create info handler thread.

07-28 16:38:21.114  9592  9592 V DrmManagerClient: create event handler thread.

07-28 16:38:21.115  1680 11002 V VDP1018-DownloadService: processing inserted download 3

07-28 16:38:21.115  1680 11002 I VDP1018-DownloadProxyImpl: mLastNet 255

07-28 16:38:21.116  2073  2073 D ActivityThread: SVC-Calling onStartCommand: cn.richinfo.dm.service.DMService@53d0386, flags=0, startId=623

07-28 16:38:21.116  2073  2073 D ActivityThread: SVC-SERVICE_ARGS handled : 0 / ServiceArgsData{token=android.os.BinderProxy@f988c6b startId=623 args=Intent { cmp=com.vivo.devicereg/cn.richinfo.dm.service.DMService (has extras) }}

07-28 16:38:21.119   414  1861 D DrmCtaPlugIn: onInitialize() : uniqueId : 3998

07-28 16:38:21.119   965  1957 V AlarmAlign: remove pkg = com.vivo.devicereg, action = cn.richinfo.dmyk.action.HEARTBEAT_RETRY

07-28 16:38:21.119   414  1861 D DrmCtaPlugIn: encrypt thread has being created

07-28 16:38:21.119   414  1861 D DrmCtaPlugIn: decrypt thread has being created

07-28 16:38:21.119   414  1861 D DrmCtaPlugIn: onSetOnInfoListener(): uniqueId : 3998

07-28 16:38:21.119   414  1861 D DrmCtaPlugIn: onSetOnInfoListener() :  add

07-28 16:38:21.119   414  1861 D DrmMtkPlugIn: DrmMtkPlugIn::onInitialize : 3998

07-28 16:38:21.119   414  1861 D DrmMtkPlugIn: DrmMtkPlugIn::onSetOnInfoListener : 3998

07-28 16:38:21.121   414 21860 D DrmMtkPlugIn: DrmMtkPlugIn::onAcquireDrmInfo : 3998

07-28 16:38:21.121   414 21860 D DrmMtkPlugIn: DrmMtkPlugIn::onAcquireDrmInfo : execute action checkClock

07-28 16:38:21.121   965  1361 V AlarmAlign: remove pkg = com.vivo.devicereg, action = cn.richinfo.dmyk.action.HEARTBEAT

07-28 16:38:21.121   414 21860 D DrmMtkUtil/SecureTimer: getDRMTime() : secure timer valid.

07-28 16:38:21.122   965  1361 V AlarmAlign: list mBatch[0] whenElapsed = 905421938, maxWhenElapsed = 905422238, pkg = android, action = android.appwidget.action.APPWIDGET_UPDATE

07-28 16:38:21.122   414 21860 D DrmMtkUtil/SecureTimer: uptime = 904233.000000,idletime = 101262.492188,return value = 904233

07-28 16:38:21.122   965  1361 V AlarmAlign: list mBatch[1] whenElapsed = 947431055, maxWhenElapsed = 947431355, pkg = android, action = android.net.dhcp.DhcpClient.wlan0.RENEW

07-28 16:38:21.122   414 21860 D DrmMtkUtil/SecureTimer: getDRMTime() : validate with time base [1500871466], ticks base [544598], device time [1501231101], device ticks [904233]

07-28 16:38:21.122   414 21860 D DrmMtkUtil/SecureTimer: getDRMTime() : real time [1501231119], offset [18]

07-28 16:38:21.122   414 21860 D DrmMtkPlugIn: DrmMtkPlugIn::onAcquireDrmInfo : check secure timer status valid

07-28 16:38:21.122   414 21860 D DrmMtkPlugIn: DrmMtkPlugIn::onAcquireDrmInfo : result of GET_DRM_INFO operation valid

07-28 16:38:21.122   965  1361 V AlarmAlign: list mBatch[2] whenElapsed = 1464761637, maxWhenElapsed = 1464761937, pkg = com.vivo.devicereg, action = cn.richinfo.dmyk.action.APPINFO

07-28 16:38:21.122  1680 11002 V VDP1018-DownloadService: processing inserted download 4

07-28 16:38:21.122   965  1361 V AlarmAlign: list mBatch[3] whenElapsed = 2521305203, maxWhenElapsed = 2521305503, pkg = com.vivo.devicereg, action = cn.richinfo.dmyk.action.APN

07-28 16:38:21.122  1680 11002 I VDP1018-DownloadProxyImpl: mLastNet 255

07-28 16:38:21.122   965  1361 V AlarmAlign: list mBatch[4] whenElapsed = 916331915, maxWhenElapsed = 916332215, pkg = android, action = android.intent.action.auto_bright.day.end

07-28 16:38:21.122   965  1361 V AlarmAlign: list mBatch[5] whenElapsed = 930733424, maxWhenElapsed = 930733724, pkg = com.vivo.pem, action = com.vivo.pem.cbgpower

07-28 16:38:21.122   965  1361 V AlarmAlign: list mBatch[6] whenElapsed = 948731914, maxWhenElapsed = 948732214, pkg = android, action = android.intent.action.auto_bright.day.start

07-28 16:38:21.122   965  1361 D AlarmManager:  whichBatch = -1

07-28 16:38:21.123   965  1361 D AlarmManager:  whichBatch = -1

07-28 16:38:21.123  9592  9592 V DRM/OmaDrmHelper: getStringFromDrmInfo : >valid

07-28 16:38:21.123   965  1361 D AlarmManager:  whichBatch = -1

07-28 16:38:21.123   965  1361 D AlarmManager:  whichBatch = -1

07-28 16:38:21.123   965  1361 D AlarmManager:  whichBatch = -1

07-28 16:38:21.123  9592  9592 D DRM/OmaDrmHelper: checkClock : > valid

07-28 16:38:21.123   965  1361 D AlarmManager:  whichBatch = -1

07-28 16:38:21.123   965  1361 D AlarmManager:  whichBatch = -1

07-28 16:38:21.123  9592  9592 D OmaDrmClient: release OmaDrmClient instance

07-28 16:38:21.123   965  1361 D AlarmManager:  whichBatch = -1

07-28 16:38:21.123  9592  9592 D DrmManagerClient: release event threads.

07-28 16:38:21.123   965  1361 D AlarmManager:  whichBatch = -1

07-28 16:38:21.123   965  1361 D AlarmManager:  whichBatch = -1

07-28 16:38:21.123  9592  9592 V DrmManagerClient: quit event handler thread.

07-28 16:38:21.123   965  1361 D AlarmManager:  whichBatch = -1

07-28 16:38:21.123   965  1361 D AlarmManager:  whichBatch = -1

07-28 16:38:21.123  9592  9592 V DrmManagerClient: quit info handler thread.

07-28 16:38:21.123   965  1361 D AlarmManager:  whichBatch = -1

07-28 16:38:21.123   965  1361 D AlarmManager:  whichBatch = -1

07-28 16:38:21.123   965  1361 D AlarmManager:  whichBatch = -1

07-28 16:38:21.123   965  1361 D AlarmManager:  whichBatch = -1

07-28 16:38:21.123   965  1361 D AlarmManager:  whichBatch = -1

07-28 16:38:21.123   965  1361 D AlarmManager:  whichBatch = -1

07-28 16:38:21.123   965  1361 D AlarmManager:  whichBatch = -1

07-28 16:38:21.123   965  1361 D AlarmManager:  whichBatch = -1

07-28 16:38:21.123   965  1361 D AlarmManager:  whichBatch = -1

07-28 16:38:21.123   965  1361 D AlarmManager:  whichBatch = -1

07-28 16:38:21.123   965  1361 D AlarmManager:  whichBatch = -1

07-28 16:38:21.123   965  1361 D AlarmManager:  whichBatch = -1

07-28 16:38:21.123   965  1361 D AlarmManager:  whichBatch = -1

07-28 16:38:21.124   965  1361 D AlarmManager:  whichBatch = -1

07-28 16:38:21.124   965  1361 D AlarmManager:  whichBatch = -1

07-28 16:38:21.124   965  1361 D AlarmManager:  whichBatch = -1

07-28 16:38:21.124   965  1361 D AlarmManager:  whichBatch = -1

07-28 16:38:21.124   965  1361 D AlarmManager:  whichBatch = -1

07-28 16:38:21.124   965  1361 D AlarmManager:  whichBatch = -1

07-28 16:38:21.124   965  1361 D AlarmManager:  whichBatch = -1

07-28 16:38:21.124   965  1361 D AlarmManager:  whichBatch = -1

07-28 16:38:21.124   965  1361 D AlarmManager:  whichBatch = -1

07-28 16:38:21.124   965  1361 D AlarmManager:  whichBatch = -1

07-28 16:38:21.124   965  1361 D AlarmManager:  whichBatch = -1

07-28 16:38:21.124   965  1361 D AlarmManager:  whichBatch = -1

07-28 16:38:21.124   965  1361 D AlarmManager:  whichBatch = -1

07-28 16:38:21.124   965  1361 D AlarmManager:  whichBatch = -1

07-28 16:38:21.124   965  1361 D AlarmManager:  whichBatch = -1

07-28 16:38:21.124   965  1361 D AlarmManager:  whichBatch = -1

07-28 16:38:21.124   965  1361 D AlarmManager:  whichBatch = -1

07-28 16:38:21.124   965  1361 D AlarmManager:  whichBatch = -1

07-28 16:38:21.124   965  1361 D AlarmManager:  whichBatch = -1

07-28 16:38:21.124   965  1361 D AlarmManager:  whichBatch = -1

07-28 16:38:21.124   965  1361 D AlarmManager:  whichBatch = -1

07-28 16:38:21.128   414 21860 D DrmCtaPlugIn: onTerminate():uniqueId : 3998

07-28 16:38:21.128   414 21860 D DrmMtkPlugIn: DrmMtkPlugIn::onTerminate : 3998

07-28 16:38:21.129   965  1969 V AlarmAlign: remove pkg = com.vivo.devicereg, action = cn.richinfo.dmyk.action.HEARTBEAT

07-28 16:38:21.129  9592  9592 D DRM/ConnectionChangeReceiver: Secure timer is already valid, needn't sync secure timer

07-28 16:38:21.130  9592  9592 D ActivityThread: BDC-RECEIVER handled : 0 / ReceiverData{intent=Intent { act=android.net.conn.CONNECTIVITY_CHANGE flg=0x4000010 cmp=com.mediatek.providers.drm/.ConnectionChangeReceiver (has extras) } packageName=com.mediatek.providers.drm resultCode=0 resultData=null resultExtras=null}

07-28 16:38:21.130  1680 11002 V VDP1018-DownloadService: processing inserted download 5

07-28 16:38:21.130  1680 11002 D VDP1018-DownloadInfo: startDownloadIfReady isReady is false, isActive is false, mStatus is 193

07-28 16:38:21.130  1680 11002 I VDP1018-DownloadProxyImpl: mLastNet 255

07-28 16:38:21.130   965  1507 I ExtraAlarmManager: Uid : 10048, Package name is : com.vivo.devicereg

07-28 16:38:21.131   965  1507 D ExtraAlarmManager: com.vivo.devicereg: is package

07-28 16:38:21.131   965  1507 I ExtraAlarmManager: type: 2 Type: 2

07-28 16:38:21.131   965  1507 V AlarmAlign: addAlarm pkg = com.vivo.devicereg, action = cn.richinfo.dmyk.action.HEARTBEAT, whenElapsed = 968448990

07-28 16:38:21.131   965  1507 V AlarmAlign: addAlarm whenElapsed = 968448990, needGrouping = false

07-28 16:38:21.133  9606  9606 D ActivityThread: BDC-Calling onReceive: intent=Intent { act=android.net.conn.CONNECTIVITY_CHANGE flg=0x4000010 cmp=com.mediatek.esntrack/.EsnTrackTriggerReceiver (has extras) }, receiver=com.mediatek.esntrack.EsnTrackTriggerReceiver@f3becd4

07-28 16:38:21.134  9606  9606 D EsnTrackTriggerReceiver: isEsnTrackSwitchOpen value:0

07-28 16:38:21.134  9606  9606 D EsnTrackTriggerReceiver: [ESN TRACK] Switch is closed , return

07-28 16:38:21.134   965  1507 V AlarmAlign: list mBatch[0] whenElapsed = 905421938, maxWhenElapsed = 905422238, pkg = android, action = android.appwidget.action.APPWIDGET_UPDATE

07-28 16:38:21.134   965  1507 V AlarmAlign: list mBatch[1] whenElapsed = 947431055, maxWhenElapsed = 947431355, pkg = android, action = android.net.dhcp.DhcpClient.wlan0.RENEW

07-28 16:38:21.134   965  1507 V AlarmAlign: list mBatch[2] whenElapsed = 968448990, maxWhenElapsed = 968449290, pkg = com.vivo.devicereg, action = cn.richinfo.dmyk.action.HEARTBEAT

07-28 16:38:21.134   965  1507 V AlarmAlign: list mBatch[3] whenElapsed = 1464761637, maxWhenElapsed = 1464761937, pkg = com.vivo.devicereg, action = cn.richinfo.dmyk.action.APPINFO

07-28 16:38:21.135   965  1507 V AlarmAlign: list mBatch[4] whenElapsed = 2521305203, maxWhenElapsed = 2521305503, pkg = com.vivo.devicereg, action = cn.richinfo.dmyk.action.APN

07-28 16:38:21.135   965  1507 V AlarmAlign: list mBatch[5] whenElapsed = 916331915, maxWhenElapsed = 916332215, pkg = android, action = android.intent.action.auto_bright.day.end

07-28 16:38:21.135   965  1507 V AlarmAlign: list mBatch[6] whenElapsed = 930733424, maxWhenElapsed = 930733724, pkg = com.vivo.pem, action = com.vivo.pem.cbgpower

07-28 16:38:21.135  9606  9606 D ActivityThread: BDC-RECEIVER handled : 0 / ReceiverData{intent=Intent { act=android.net.conn.CONNECTIVITY_CHANGE flg=0x4000010 cmp=com.mediatek.esntrack/.EsnTrackTriggerReceiver (has extras) } packageName=com.mediatek.esntrack resultCode=0 resultData=null resultExtras=null}

07-28 16:38:21.135   965  1507 V AlarmAlign: list mBatch[7] whenElapsed = 948731914, maxWhenElapsed = 948732214, pkg = android, action = android.intent.action.auto_bright.day.start

07-28 16:38:21.138 10766 11006 D VivoGame.AwakeWatcher: startWatch key net_changed, mWatchMap = []

07-28 16:38:21.139   965  1361 D ConnectivityService: getActiveNetworkInfo networkInfo = [type: WIFI[], state: CONNECTED/CONNECTED, reason: (unspecified), extra: "beta-test", roaming: false, failover: false, isAvailable: true]

07-28 16:38:21.141   965  1507 D AlarmManager:  whichBatch = -1

07-28 16:38:21.141  9618  9618 D ActivityThread: BDC-Calling onReceive: intent=Intent { act=android.net.conn.CONNECTIVITY_CHANGE flg=0x4000010 cmp=com.iqoo.secure/.update.download.DownloadReceiver (has extras) }, receiver=com.iqoo.secure.update.download.DownloadReceiver@d0d6781

07-28 16:38:21.141  9618  9618 V FunDownloadManager: receive broadcast => android.net.conn.CONNECTIVITY_CHANGE

07-28 16:38:21.141 10766 11006 I VivoGame.NetChangedTask: NetChangedTask doInBackground connectType = 2, sBackExit = false

07-28 16:38:21.142   965  1939 D ConnectivityService: getActiveNetworkInfo networkInfo = [type: WIFI[], state: CONNECTED/CONNECTED, reason: (unspecified), extra: "beta-test", roaming: false, failover: false, isAvailable: true]

07-28 16:38:21.142  1680 11002 V VDP1018-DownloadService: processing inserted download 6

07-28 16:38:21.142  1680 11002 I VDP1018-DownloadProxyImpl: mLastNet 255

07-28 16:38:21.142   965  2010 D ConnectivityService: getActiveNetworkInfo networkInfo = [type: WIFI[], state: CONNECTED/CONNECTED, reason: (unspecified), extra: "beta-test", roaming: false, failover: false, isAvailable: true]

07-28 16:38:21.144   965  2012 I ExtraAlarmManager: Uid : 10048, Package name is : com.vivo.devicereg

07-28 16:38:21.144   965  2012 D ExtraAlarmManager: com.vivo.devicereg: is package

07-28 16:38:21.144   965  2012 I ExtraAlarmManager: type: 2 Type: 2

07-28 16:38:21.144   965  2012 V AlarmAlign: addAlarm pkg = com.vivo.devicereg, action = cn.richinfo.dmyk.action.APPINFO, whenElapsed = 1464761632

07-28 16:38:21.144   965  2012 V AlarmAlign: addAlarm whenElapsed = 1464761632, needGrouping = false

07-28 16:38:21.144   965  2012 V AlarmAlign: list mBatch[0] whenElapsed = 905421938, maxWhenElapsed = 905422238, pkg = android, action = android.appwidget.action.APPWIDGET_UPDATE

07-28 16:38:21.145   965  2012 V AlarmAlign: list mBatch[1] whenElapsed = 947431055, maxWhenElapsed = 947431355, pkg = android, action = android.net.dhcp.DhcpClient.wlan0.RENEW

07-28 16:38:21.145   965  2012 V AlarmAlign: list mBatch[2] whenElapsed = 968448990, maxWhenElapsed = 968449290, pkg = com.vivo.devicereg, action = cn.richinfo.dmyk.action.HEARTBEAT

07-28 16:38:21.145   965  2012 V AlarmAlign: list mBatch[3] whenElapsed = 1464761632, maxWhenElapsed = 1464761932, pkg = com.vivo.devicereg, action = cn.richinfo.dmyk.action.APPINFO

07-28 16:38:21.145   965  1933 D ConnectivityService: getActiveNetworkInfo networkInfo = [type: WIFI[], state: CONNECTED/CONNECTED, reason: (unspecified), extra: "beta-test", roaming: false, failover: false, isAvailable: true]

07-28 16:38:21.145   965  2012 V AlarmAlign: list mBatch[4] whenElapsed = 1464761637, maxWhenElapsed = 1464761937, pkg = com.vivo.devicereg, action = cn.richinfo.dmyk.action.APPINFO

07-28 16:38:21.145   965  2012 V AlarmAlign: list mBatch[5] whenElapsed = 2521305203, maxWhenElapsed = 2521305503, pkg = com.vivo.devicereg, action = cn.richinfo.dmyk.action.APN

07-28 16:38:21.145   965  2012 V AlarmAlign: list mBatch[6] whenElapsed = 916331915, maxWhenElapsed = 916332215, pkg = android, action = android.intent.action.auto_bright.day.end

07-28 16:38:21.145   965  2012 V AlarmAlign: list mBatch[7] whenElapsed = 930733424, maxWhenElapsed = 930733724, pkg = com.vivo.pem, action = com.vivo.pem.cbgpower

07-28 16:38:21.145   965  2012 V AlarmAlign: list mBatch[8] whenElapsed = 948731914, maxWhenElapsed = 948732214, pkg = android, action = android.intent.action.auto_bright.day.start

07-28 16:38:21.145 10766 11006 D VivoGame.AwakeWatcher: startWatch key check_appointment_list, mWatchMap = [net_changed]

07-28 16:38:21.145   965  2012 D AlarmManager:  whichBatch = -1

