07-28 16:38:35.989   312   682 I MAL-Daemon:  (    ru_send_event_entity,  368) [RDS-I][RDS][RU][ru_send_event_entity] send event 614 to 1236 with ret(0)

07-28 16:38:35.989   312   682 I MAL-Daemon:  (             rds_ru_task,  454) [RDS-I][RU][rds_ru_task] RCV Event: 604 

07-28 16:38:35.989   312   682 I MAL-Daemon:  (  rds_ru_wifi_status_ind, 1379) [RDS-I][RU][EVENT_RU_WS_WIFI_STATUS_IND] fgwifi_en:1(no use) i4wifirssi:0xffffffb9 i4wifisnr:0x270f

07-28 16:38:35.989   312   682 I MAL-Daemon:  (    ru_send_event_entity,  368) [RDS-I][RDS][RU][ru_send_event_entity] send event 615 to 1236 with ret(0)

07-28 16:38:35.989   312   682 I MAL-Daemon:  (          rds_ru_rpl_gen, 5180) [RDS-I][RU][rds_ru_rpl_gen][RDS][OP0] TYPE : <0>, UI Policy : <3>, RDS Policy : <3>

07-28 16:38:35.989   312   682 I MAL-Daemon:  (      rds_cell_only_orng, 3673) [RDS-I][RU][RDS IMS/MMS][rds_cell_only_orng] 

07-28 16:38:35.989   312   682 I MAL-Daemon:  (          rds_ru_rpl_gen, 5191) [RDS-I][RU][rds_ru_rpl_gen][RDS][OP0] TYPE : <0>, RAN1 : <254> ,RAN2 : <254>

07-28 16:38:35.989   312   682 I MAL-Daemon:  (          rds_ru_rpl_gen, 5180) [RDS-I][RU][rds_ru_rpl_gen][RDS][OP0] TYPE : <1>, UI Policy : <3>, RDS Policy : <3>

07-28 16:38:35.989   312   682 I MAL-Daemon:  (      rds_cell_only_orng, 3673) [RDS-I][RU][RDS IMS/MMS][rds_cell_only_orng] 

07-28 16:38:35.989   312   682 I MAL-Daemon:  (          rds_ru_rpl_gen, 5191) [RDS-I][RU][rds_ru_rpl_gen][RDS][OP0] TYPE : <1>, RAN1 : <254> ,RAN2 : <254>

07-28 16:38:35.989   312   682 I MAL-Daemon:  (          rds_ru_rpl_gen, 5180) [RDS-I][RU][rds_ru_rpl_gen][RDS][OP0] TYPE : <2>, UI Policy : <3>, RDS Policy : <3>

07-28 16:38:35.989   312   682 I MAL-Daemon:  (      rds_cell_only_orng, 3673) [RDS-I][RU][RDS IMS/MMS][rds_cell_only_orng] 

07-28 16:38:35.989   312   682 I MAL-Daemon:  (          rds_ru_rpl_gen, 5191) [RDS-I][RU][rds_ru_rpl_gen][RDS][OP0] TYPE : <2>, RAN1 : <254> ,RAN2 : <254>

07-28 16:38:35.989   312   682 I MAL-Daemon:  (          rds_ru_rpl_gen, 5180) [RDS-I][RU][rds_ru_rpl_gen][RDS][OP0] TYPE : <3>, UI Policy : <3>, RDS Policy : <3>

07-28 16:38:35.989   312   682 I MAL-Daemon:  (          rds_ru_rpl_gen, 5191) [RDS-I][RU][rds_ru_rpl_gen][RDS][OP0] TYPE : <3>, RAN1 : <255> ,RAN2 : <255>

07-28 16:38:35.989   312   682 I MAL-Daemon:  (          rds_ru_rpl_gen, 5180) [RDS-I][RU][rds_ru_rpl_gen][RDS][OP0] TYPE : <4>, UI Policy : <3>, RDS Policy : <3>

07-28 16:38:35.989   312   682 I MAL-Daemon:  (          rds_ru_rpl_gen, 5191) [RDS-I][RU][rds_ru_rpl_gen][RDS][OP0] TYPE : <4>, RAN1 : <255> ,RAN2 : <255>

07-28 16:38:35.989   312   682 I MAL-Daemon:  (          rds_ru_rpl_gen, 5180) [RDS-I][RU][rds_ru_rpl_gen][RDS][OP0] TYPE : <5>, UI Policy : <3>, RDS Policy : <3>

07-28 16:38:35.989   312   682 I MAL-Daemon:  (          rds_ru_rpl_gen, 5191) [RDS-I][RU][rds_ru_rpl_gen][RDS][OP0] TYPE : <5>, RAN1 : <255> ,RAN2 : <255>

07-28 16:38:35.989   312   682 I MAL-Daemon:  (          rds_ru_rpl_gen, 5191) [RDS-I][RU][rds_ru_rpl_gen][RDS][OP0] TYPE : <6>, RAN1 : <254> ,RAN2 : <254>

07-28 16:38:35.989   312   682 I MAL-Daemon:  (    rds_op_check_feature,  324) [RDS-I][RDS][OP][rds_op_check_feature] operator id(0) check feature<0>, curr_opmsk is <1>, sys_opmsk is <0x0001, 1>

07-28 16:38:35.989   312   682 I MAL-Daemon:  (  rds_ru_ims_vops_update, 4980) [RDS-I][RU][rds_ru_ims_vops_update][RDS IMS]Policy type: 0 IMS VOPS IE is Disabled, update IMS RPL from Ori:(254, 254) New:(254,254)

07-28 16:38:35.989   312   682 I MAL-Daemon:  (  rds_ru_ims_vops_update, 4980) [RDS-I][RU][rds_ru_ims_vops_update][RDS IMS]Policy type: 1 IMS VOPS IE is Disabled, update IMS RPL from Ori:(254, 254) New:(254,254)

07-28 16:38:35.989   312   682 I MAL-Daemon:  (  rds_ru_ims_vops_update, 4980) [RDS-I][RU][rds_ru_ims_vops_update][RDS IMS]Policy type: 2 IMS VOPS IE is Disabled, update IMS RPL from Ori:(254, 254) New:(254,254)

07-28 16:38:35.989   312   682 I MAL-Daemon:  (          rds_ru_rpl_gen, 5215) [RDS-I][RU][rds_ru_rpl_gen][RDS] Current policy: fgimsolte_en<0>, fgwfc_en<0>, erdspolicy<3>, 

07-28 16:38:35.989   312   682 I MAL-Daemon:  (          rds_ru_rpl_gen, 5218) [RDS-I][RU][rds_ru_rpl_gen][RDS] Threshold i4wifirssih<-75>, i4wifirssil<-85>, i4wifirssih_ho<-78>, i4wifirssil_ho<-88>, i4wifisnrh<10>, i4wifisnrl<6>

07-28 16:38:35.990   312   682 I MAL-Daemon:  (          rds_ru_rpl_gen, 5221) [RDS-I][RU][rds_ru_rpl_gen][RDS] Threshold i4ltersrph<-106>, i4ltersrpm<-111>, i4ltersrpl<-116>, i4ltersrqh<5>, i4ltersrqm<3>, i4ltersrql<1>

07-28 16:38:35.990   312   682 I MAL-Daemon:  (          rds_ru_rpl_gen, 5224) [RDS-I][RU][rds_ru_rpl_gen][RDS] current rds ru status: i4wifirssi<-71>, i4wifisnr<9999>, i4ltersrp<-141>, i4ltersrq<0>, u4active_ran<1> 

07-28 16:38:35.990   312   682 I MAL-Daemon:  (          rds_ru_rpl_gen, 5227) [RDS-I][RU][rds_ru_rpl_gen][RDS] current wifi backhaul : rtp_plr<0>, rtp_jitter<0>, ping_ind<0>

07-28 16:38:35.990   312   682 I MAL-Daemon:  (          rds_ru_rpl_gen, 5230) [RDS-I][RU][rds_ru_rpl_gen][RDS] Call stat : IR92<0>, IR94<0> 

07-28 16:38:35.990   312   682 I MAL-Daemon:  (          rds_ru_rpl_gen, 5236) [RDS-I][RU][RDS IMS/MMS][rds_ru_rpl_gen] Ori:(254,254)/(255,255) New:(254,254)/(255,255)

07-28 16:38:35.990   312   682 I MAL-Daemon:  (          rds_ru_rpl_gen, 5241) [RDS-I][RU][RDS IMS/MMS WIFI][rds_ru_rpl_gen] Ori:(254,254)/(255,255) New:(254,254)/(255,255)

07-28 16:38:35.990   312   682 I MAL-Daemon:  (          rds_ru_rpl_gen, 5246) [RDS-I][RU][RDS IMS/MMS CELL][rds_ru_rpl_gen] Ori:(254,254)/(255,255) New:(254,254)/(255,255)

07-28 16:38:35.990   312   682 I MAL-Daemon:  (          rds_ru_rpl_gen, 5250) [RDS-I][RU][RDS EMG][rds_ru_rpl_gen] Ori:(254,254) New:(254,254)

07-28 16:38:35.991  1970  2068 I MFI-Conn:  (     mfia_task_bootstrap,  944) mfia_task_bootstrap(): an event 614 incoming

07-28 16:38:35.991  1970  2068 I MFI-Conn:  (     mfia_task_bootstrap,  944) mfia_task_bootstrap(): an event 615 incoming

07-28 16:38:35.992  1970  2110 I MFI-Conn:  (             rds_urc_hdl,  263) [RDS][rds_urc_hdl] RCV Event: 614 

07-28 16:38:35.992  1970  2110 I MFI-Conn:  (             rds_urc_hdl,  378) [RDS][IF][rds_urc_hdl] data_base update: pkterrt(0) 

07-28 16:38:35.992  1970  2110 I MFI-Conn:  (             rds_urc_hdl,  263) [RDS][rds_urc_hdl] RCV Event: 615 

07-28 16:38:35.992  1970  2110 I MFI-Conn:  (             rds_urc_hdl,  388) [RDS][IF][rds_urc_hdl] data_base update: i4wifirssi(-71) 

07-28 16:38:36.028   965  1227 D WifiStateMachine:  ConnectedState (when=-3ms what=131155 arg1=135!CMD_RSSI_POLL  rt=115787970/904247942 135 0 "beta-test" 3c:8c:40:e4:3c:52 rssi=-70 f=2462 sc=80 link=65 tx=3.9, 0.0, 0.0  rx=2.5 bcn=0 [on:0 tx:0 rx:0 period:3003] from screen [on:0 period:-2007437572] gl hn rssi=-65 ag=0 hr ticks 5,266,792 ls-=0 [56,56,56,56,61] brc=0 lrc=0 offload-stopped

07-28 16:38:36.029   965  1227 D WifiStateMachine:  L2ConnectedState (when=-4ms what=131155 arg1=135!CMD_RSSI_POLL  rt=115787971/904247943 135 0 "beta-test" 3c:8c:40:e4:3c:52 rssi=-70 f=2462 sc=80 link=65 tx=3.9, 0.0, 0.0  rx=2.5 bcn=0 [on:0 tx:0 rx:0 period:1] from screen [on:0 period:-2007437571] gl hn rssi=-65 ag=0 hr ticks 5,266,792 ls-=0 [56,56,56,56,61] brc=0 lrc=0 offload-stopped

07-28 16:38:36.029   965  1227 D WifiStateMachine:  get link layer stats 0

07-28 16:38:36.033   439   439 I thermal_src: wake up function 3

07-28 16:38:36.033   439   439 I thermal_src: TA_DAEMON_CMD_GET_TPCB cmd=0x5, len=4 PCB=38000

07-28 16:38:36.033   439   439 I thermal_src: TA_DAEMON_CMD_SET_TTJ cmd=0x4, len=4 Tj=85000

07-28 16:38:36.033   439   439 I thermal_src: waiting NOTIFY from kernel...

07-28 16:38:36.034  2678  2683 D FRR     : buff=0x7fb368b240, len=192

07-28 16:38:36.034  2678  2683 D FRR     : uevent[0]=0x7fb368b240, len=48, "change@/devices/platform/battery/power_supply/ac"

07-28 16:38:36.034  2678  2683 D FRR     : voteFps(60, 0)

07-28 16:38:36.034  2678  2683 D FRR     : ThermalListener loop:

07-28 16:38:36.034  2678  2683 D FRR     : buff=0x7fb368b240, len=195

07-28 16:38:36.034  2678  2683 D FRR     : uevent[0]=0x7fb368b240, len=49, "change@/devices/platform/battery/power_supply/usb"

07-28 16:38:36.035  2678  2683 D FRR     : voteFps(60, 0)

07-28 16:38:36.035  2678  2683 D FRR     : ThermalListener loop:

07-28 16:38:36.035  2678  2683 D FRR     : buff=0x7fb368b240, len=210

07-28 16:38:36.035  2678  2683 D FRR     : uevent[0]=0x7fb368b240, len=54, "change@/devices/platform/battery/power_supply/wireless"

07-28 16:38:36.035  2678  2683 D FRR     : voteFps(60, 0)

07-28 16:38:36.035  2678  2683 D FRR     : ThermalListener loop:

07-28 16:38:36.036   965  1362 V BatteryService: VNOILBS mScreenOn=true level=100 mCriticalBatteryLevel=3 mNotificationLowBatteryStates=false OS_VERSION=true mNotificationChargeStates=true status=5

07-28 16:38:36.036   965  1362 V BatteryService: VNOILBS, turn off battery light.

07-28 16:38:36.036   965  1362 V BatteryService: VNOILBS mScreenOn=true level=100 mCriticalBatteryLevel=3 mNotificationLowBatteryStates=false OS_VERSION=true mNotificationChargeStates=true status=5

07-28 16:38:36.036   965  1362 V BatteryService: VNOILBS, turn off battery light.

07-28 16:38:36.037   965  2012 D BatteryService: mBatteryVoltage=4371, batteryLevel=50

07-28 16:38:36.037   965  2012 V BatteryService: VNOILBS mScreenOn=true level=100 mCriticalBatteryLevel=3 mNotificationLowBatteryStates=false OS_VERSION=true mNotificationChargeStates=true status=5

07-28 16:38:36.037   965  2012 V BatteryService: VNOILBS, turn off battery light.

07-28 16:38:36.037   965   965 V ActivityManager: Broadcast sticky: Intent { act=android.intent.action.BATTERY_CHANGED flg=0x60000010 (has extras) } ordered=false userid=-1 callerApp=null

07-28 16:38:36.039   965   965 D FeatureService: onReceive action android.intent.action.BATTERY_CHANGED

07-28 16:38:36.039   965  1227 I WifiStateMachine: fetchRssiLinkSpeedAndFrequencyNative, newRssi:-71, newLinkSpeed:65, SSID:"beta-test"

07-28 16:38:36.039   965  1227 D WifiStateMachine: mLastSignalLevel:2, newSignalLevel:2

07-28 16:38:36.039   965   965 D WifiService: onReceive, action:android.intent.action.BATTERY_CHANGED

07-28 16:38:36.039   965  1227 E WifiStateMachine: calculateWifiScore() we set wifi's score to 1000, so will always set wifi as a default network.

07-28 16:38:36.039   965  1229 D WifiController: DeviceActiveState{ when=0 what=155652 arg1=2 target=com.android.internal.util.StateMachine$SmHandler }

07-28 16:38:36.039   965  1229 D WifiController: StaEnabledState{ when=0 what=155652 arg1=2 target=com.android.internal.util.StateMachine$SmHandler }

07-28 16:38:36.039   965  1229 D WifiController: DefaultState{ when=-1ms what=155652 arg1=2 target=com.android.internal.util.StateMachine$SmHandler }

07-28 16:38:36.039   965  1229 D WifiController: battery changed pluggedType: 2

07-28 16:38:36.041   965  1227 V ActivityManager: Broadcast sticky: Intent { act=android.net.wifi.RSSI_CHANGED flg=0x4000010 (has extras) } ordered=false userid=-1 callerApp=ProcessRecord{f5c5ef3 965:system/1000}

07-28 16:38:36.042  1484  1484 I WarningMessage: receiver: action isandroid.intent.action.BATTERY_CHANGED mBatteryPowerConnetDialog=true mShowChargerOverVoltageDialog=true

07-28 16:38:36.042  1484  1484 D DeviceListener: ++onReceive++:android.intent.action.BATTERY_CHANGED

07-28 16:38:36.042  1484  1484 D DeviceListener: onReceiveandroid.intent.action.BATTERY_CHANGED

07-28 16:38:36.042  1484  1484 I UsbDeviceManagerService: mUsbReceiver action:android.intent.action.BATTERY_CHANGED mConnected:false mLastConnected:false

07-28 16:38:36.044  1322  1322 D KeyguardUpdateMonitor: received broadcast android.intent.action.BATTERY_CHANGED

07-28 16:38:36.044  2678  2683 D FRR     : buff=0x7fb368b240, len=963

07-28 16:38:36.044  2678  2683 D FRR     : uevent[0]=0x7fb368b240, len=53, "change@/devices/platform/battery/power_supply/battery"

07-28 16:38:36.044  2678  2683 D FRR     : voteFps(60, 0)

07-28 16:38:36.044  2678  2683 D FRR     : ThermalListener loop:

07-28 16:38:36.044  1322  1322 I BatteryController: SystemUI|status = 5, mLastStatus = 5, mPluggedIn = true, mLastPluggedIn = true

07-28 16:38:36.044  1322  1322 I BatteryController: SystemUI|mLevel = 100, mLastLevel = 100

07-28 16:38:36.044  1322  1322 D PowerUI : buckets   .....15 .. 10 .. 3

07-28 16:38:36.044  1322  1322 D PowerUI : level          100 --> 100

07-28 16:38:36.044  1322  1322 D PowerUI : status         5 --> 5

07-28 16:38:36.044  1322  1322 D PowerUI : plugType       2 --> 2

07-28 16:38:36.044  1322  1322 D PowerUI : invalidCharger 0 --> 0

07-28 16:38:36.044  1322  1322 D PowerUI : bucket         1 --> 1

07-28 16:38:36.045  1322  1322 D PowerUI : plugged        true --> true

07-28 16:38:36.045   965  1947 V BatteryService: VNOILBS mScreenOn=true level=100 mCriticalBatteryLevel=3 mNotificationLowBatteryStates=false OS_VERSION=true mNotificationChargeStates=true status=5

07-28 16:38:36.046   965  1947 V BatteryService: VNOILBS, turn off battery light.

07-28 16:38:36.046  1997  1997 D SwitcherUpdateMonitor: receive broadcast, action = android.intent.action.BATTERY_CHANGED

07-28 16:38:36.046   965  1947 V ActivityManager: Broadcast: Intent { act=com.vivo.dismiss.lowpower flg=0x10 } ordered=false userid=0 callerApp=ProcessRecord{a9d1b8a 1322:com.android.systemui/u0a17}

07-28 16:38:36.047  7934  7934 D MusicService: ========action = android.intent.action.BATTERY_CHANGED

07-28 16:38:36.048  1322  1322 D KeyguardUpdateMonitor: handleBatteryUpdate

07-28 16:38:36.048  1322  1322 I KeyguardSmartUpdateMonitor: handleChargingModeChanged, mQuickChargeHealth = 2, batteryHealth = 2

07-28 16:38:36.048  1322  1322 I KeyguardSmartUpdateMonitor: handleChargingModeChanged, mCurrentEngineState = 0, engineState = -2

07-28 16:38:36.049   965  1256 D WifiWatchdogStateMachine: RSSI current: 2 new: -71, 2

07-28 16:38:36.049  1322  1836 I VivoNetworkController: SystemUI|action = android.net.wifi.RSSI_CHANGED

07-28 16:38:36.157   427   793 E VT      : [SRV] [VT THREAD] [VT_Bind] des = volte_imsvt1 Fail to connect . retry count: 38569

07-28 16:38:36.157   427   793 D VT      : [SRV] isIMCBrun : False

07-28 16:38:36.211   307  2346 I BufferQueueProducer: [StatusBar](this:0x7f9ed4a800,id:6,api:1,p:1322,c:307) queueBuffer: fps=1.01 dur=1986.64 max=994.54 min=992.11

07-28 16:38:36.437   798   824 E MFI-Conn:  (     mfia_task_bootstrap,  587) mfia_task_bootstrap(): retrying to connect to mal-mfi error 13!! ====

07-28 16:38:36.421   824   824 W viarild : type=1400 audit(0.0:121823): avc: denied { write } for name="mal-mfi" dev="tmpfs" ino=8735 scontext=u:r:viarild:s0 tcontext=u:object_r:mal_mfi_socket:s0 tclass=sock_file permissive=0

07-28 16:38:36.567   439   439 I thermal_src: wake up function 3

07-28 16:38:36.567   439   439 I thermal_src: TA_DAEMON_CMD_GET_TPCB cmd=0x5, len=4 PCB=37000

07-28 16:38:36.567   439   439 I thermal_src: TA_DAEMON_CMD_SET_TTJ cmd=0x4, len=4 Tj=85000

07-28 16:38:36.567   439   439 I thermal_src: waiting NOTIFY from kernel...

07-28 16:38:37.225   307  2346 I BufferQueueProducer: [StatusBar](this:0x7f9ed4a800,id:6,api:1,p:1322,c:307) queueBuffer: fps=0.99 dur=1013.72 max=1013.72 min=1013.72

07-28 16:38:37.239   307   307 I SurfaceFlinger: [Built-in Screen (type:0)] fps:0.995264,dur:2009.52,max:1013.92,min:995.60

07-28 16:38:37.437   798   824 E MFI-Conn:  (     mfia_task_bootstrap,  587) mfia_task_bootstrap(): retrying to connect to mal-mfi error 13!! ====

07-28 16:38:37.431   824   824 W viarild : type=1400 audit(0.0:121824): avc: denied { write } for name="mal-mfi" dev="tmpfs" ino=8735 scontext=u:r:viarild:s0 tcontext=u:object_r:mal_mfi_socket:s0 tclass=sock_file permissive=0

07-28 16:38:38.254   307  2346 I BufferQueueProducer: [StatusBar](this:0x7f9ed4a800,id:6,api:1,p:1322,c:307) queueBuffer: fps=0.97 dur=1029.40 max=1029.40 min=1029.40

07-28 16:38:38.267   307   307 I SurfaceFlinger: [Built-in Screen (type:0)] fps:0.972815,dur:1027.94,max:1027.94,min:1027.94

07-28 16:38:38.438   798   824 E MFI-Conn:  (     mfia_task_bootstrap,  587) mfia_task_bootstrap(): retrying to connect to mal-mfi error 13!! ====

07-28 16:38:38.431   824   824 W viarild : type=1400 audit(0.0:121825): avc: denied { write } for name="mal-mfi" dev="tmpfs" ino=8735 scontext=u:r:viarild:s0 tcontext=u:object_r:mal_mfi_socket:s0 tclass=sock_file permissive=0

07-28 16:38:38.974   312 31395 I MAL-Daemon:  (        ru_syssig_hndler,  436) [RDS-I][ru_syssig_hndler] Send Event: 688 

07-28 16:38:38.974   312 31395 I MAL-Daemon:  (        ru_syssig_hndler,  437) [RDS-I][RDS][RU][ru_syssig_hndler] ru_check_ctx_ptr<0xf5f34d9c, 0xf5f34d9c>

07-28 16:38:38.974   312 31395 W MAL-Daemon:  (    mdfx_task_send_event,  636) mdfx_task_send_event(): [ACT] should NOT enter this leagcy API!!

07-28 16:38:38.974   312 31395 I MAL-Daemon:  (    ru_send_event_entity,  368) [RDS-I][RDS][RU][ru_send_event_entity] send event 688 to 602 with ret(0)

07-28 16:38:38.974   312   682 I MAL-Daemon:  (             rds_ru_task,  454) [RDS-I][RU][rds_ru_task] RCV Event: 688 

07-28 16:38:38.983   312   682 D MAL-Daemon:  (     ru_wsl_poll_wpainfo,  657) [RDS-D][RDS][RU][ru_wsl_poll_wpainfo]socket recv pktlen(48) 

07-28 16:38:38.983   312   682 D MAL-Daemon:  (rds_ru_ws_rssi_timer_exp,  770) [RDS-D][RU][rds_ru_ws_rssi_timer_expire_hdlr][RDS] get rssi = -71, snr = 9999 

07-28 16:38:38.984   312   682 I MAL-Daemon:  (          ru_get_netstat, 5599) [RDS-I][RU][ru_get_netstat] netstat <thrghpt, pkterrt>, wifi <284, 0%>, mobile <0, 0%>

07-28 16:38:38.984   312   682 I MAL-Daemon:  (    ru_send_event_entity,  368) [RDS-I][RDS][RU][ru_send_event_entity] send event 614 to 1236 with ret(0)

07-28 16:38:38.984  1970  2068 I MFI-Conn:  (     mfia_task_bootstrap,  944) mfia_task_bootstrap(): an event 614 incoming

07-28 16:38:38.984  1970  2110 I MFI-Conn:  (             rds_urc_hdl,  263) [RDS][rds_urc_hdl] RCV Event: 614 

07-28 16:38:38.984  1970  2110 I MFI-Conn:  (             rds_urc_hdl,  378) [RDS][IF][rds_urc_hdl] data_base update: pkterrt(0) 

07-28 16:38:39.041   965  1227 D WifiStateMachine:  ConnectedState (when=-2ms what=131155 arg1=135!CMD_RSSI_POLL  rt=115790983/904250955 135 0 "beta-test" 3c:8c:40:e4:3c:52 rssi=-71 f=2462 sc=80 link=65 tx=4.0, 0.0, 0.0  rx=2.3 bcn=0 [on:0 tx:0 rx:0 period:2999] from screen [on:0 period:-2007434559] gl hn rssi=-66 ag=0 ticks 5,266,792 ls-=0 [56,56,56,56,56] brc=0 lrc=0 offload-stopped

07-28 16:38:39.042   965  1227 D WifiStateMachine:  L2ConnectedState (when=-3ms what=131155 arg1=135!CMD_RSSI_POLL  rt=115790984/904250955 135 0 "beta-test" 3c:8c:40:e4:3c:52 rssi=-71 f=2462 sc=80 link=65 tx=4.0, 0.0, 0.0  rx=2.3 bcn=0 [on:0 tx:0 rx:0 period:0] from screen [on:0 period:-2007434559] gl hn rssi=-66 ag=0 ticks 5,266,792 ls-=0 [56,56,56,56,56] brc=0 lrc=0 offload-stopped

07-28 16:38:39.042   965  1227 D WifiStateMachine:  get link layer stats 0

07-28 16:38:39.054   965  1227 I WifiStateMachine: fetchRssiLinkSpeedAndFrequencyNative, newRssi:-71, newLinkSpeed:65, SSID:"beta-test"

07-28 16:38:39.054   965  1227 D WifiStateMachine: mLastSignalLevel:2, newSignalLevel:2

07-28 16:38:39.054   965  1227 E WifiStateMachine: calculateWifiScore() we set wifi's score to 1000, so will always set wifi as a default network.

07-28 16:38:39.055   965  1227 V ActivityManager: Broadcast sticky: Intent { act=android.net.wifi.RSSI_CHANGED flg=0x4000010 (has extras) } ordered=false userid=-1 callerApp=ProcessRecord{f5c5ef3 965:system/1000}

07-28 16:38:39.057   965  1256 D WifiWatchdogStateMachine: RSSI current: 2 new: -71, 2

07-28 16:38:39.068  1322  1836 I VivoNetworkController: SystemUI|action = android.net.wifi.RSSI_CHANGED

07-28 16:38:39.073  3339  8395 D NativeCrypto: ssl=0xd90244c0 NativeCrypto_SSL_interrupt

07-28 16:38:39.073  3339  8395 D NativeCrypto:  sslNotify, appData=0xe700ebc0 ret=1

07-28 16:38:39.073  3339  8395 D NativeCrypto:  sslNotify, appData=0xe700ebc0 ret=1

07-28 16:38:39.074  3339  8395 I System.out: close [socket][/10.0.66.126:40188]

07-28 16:38:39.157   427   793 E VT      : [SRV] [VT THREAD] [VT_Bind] des = volte_imsvt1 Fail to connect . retry count: 38570

07-28 16:38:39.158   427   793 D VT      : [SRV] isIMCBrun : False

07-28 16:38:39.438   798   824 E MFI-Conn:  (     mfia_task_bootstrap,  587) mfia_task_bootstrap(): retrying to connect to mal-mfi error 13!! ====

07-28 16:38:39.431   824   824 W viarild : type=1400 audit(0.0:121826): avc: denied { write } for name="mal-mfi" dev="tmpfs" ino=8735 scontext=u:r:viarild:s0 tcontext=u:object_r:mal_mfi_socket:s0 tclass=sock_file permissive=0

07-28 16:38:39.564   441   441 I thermal_repeater: oh, queryMdThermalInfo (0)No such file or directory

07-28 16:38:39.567   441   441 I thermal_repeater: [recvMdThermalInfo] ret=5, strLen=127, ERROR

07-28 16:38:40.263   307  2346 I BufferQueueProducer: [StatusBar](this:0x7f9ed4a800,id:6,api:1,p:1322,c:307) queueBuffer: fps=1.00 dur=2008.81 max=1041.75 min=967.06

07-28 16:38:40.277   307   307 I SurfaceFlinger: [Built-in Screen (type:0)] fps:0.995158,dur:2009.73,max:1045.04,min:964.69

07-28 16:38:40.439   798   824 E MFI-Conn:  (     mfia_task_bootstrap,  587) mfia_task_bootstrap(): retrying to connect to mal-mfi error 13!! ====

07-28 16:38:40.431   824   824 W viarild : type=1400 audit(0.0:121827): avc: denied { write } for name="mal-mfi" dev="tmpfs" ino=8735 scontext=u:r:viarild:s0 tcontext=u:object_r:mal_mfi_socket:s0 tclass=sock_file permissive=0

07-28 16:38:40.791   965   972 I System  : FinalizerDaemon: finalize objects = 2266
