07-31 10:21:33.092   433   433 I thermal_src: TA_DAEMON_CMD_SET_TTJ cmd=0x4, len=4 Tj=85000

07-31 10:21:33.092   433   433 I thermal_src: waiting NOTIFY from kernel...

07-31 10:21:33.681   817   839 E MFI-Conn:  (     mfia_task_bootstrap,  587) mfia_task_bootstrap(): retrying to connect to mal-mfi error 13!! ====

07-31 10:21:33.670   839   839 W viarild : type=1400 audit(0.0:4026): avc: denied { write } for name="mal-mfi" dev="tmpfs" ino=10393 scontext=u:r:viarild:s0 tcontext=u:object_r:mal_mfi_socket:s0 tclass=sock_file permissive=0

07-31 10:21:34.187  4997  5004 I System  : FinalizerDaemon: finalize objects = 67

07-31 10:21:34.681   817   839 E MFI-Conn:  (     mfia_task_bootstrap,  587) mfia_task_bootstrap(): retrying to connect to mal-mfi error 13!! ====

07-31 10:21:34.680   839   839 W viarild : type=1400 audit(0.0:4027): avc: denied { write } for name="mal-mfi" dev="tmpfs" ino=10393 scontext=u:r:viarild:s0 tcontext=u:object_r:mal_mfi_socket:s0 tclass=sock_file permissive=0

07-31 10:21:35.077 20808 20816 I System  : FinalizerDaemon: finalize objects = 39

07-31 10:21:35.080 20808 20818 I art     : Background sticky concurrent mark sweep GC freed 18105(960KB) AllocSpace objects, 0(0B) LOS objects, 64% free, 545KB/1522KB, paused 13.812ms total 33.860ms

07-31 10:21:35.453   423   797 E VT      : [SRV] [VT THREAD] [VT_Bind] des = volte_imsvt1 Fail to connect . retry count: 1322

07-31 10:21:35.453   423   797 D VT      : [SRV] isIMCBrun : False

07-31 10:21:35.682   817   839 E MFI-Conn:  (     mfia_task_bootstrap,  587) mfia_task_bootstrap(): retrying to connect to mal-mfi error 13!! ====

07-31 10:21:35.680   839   839 W viarild : type=1400 audit(0.0:4028): avc: denied { write } for name="mal-mfi" dev="tmpfs" ino=10393 scontext=u:r:viarild:s0 tcontext=u:object_r:mal_mfi_socket:s0 tclass=sock_file permissive=0

07-31 10:21:36.682   817   839 E MFI-Conn:  (     mfia_task_bootstrap,  587) mfia_task_bootstrap(): retrying to connect to mal-mfi error 13!! ====

07-31 10:21:36.680   839   839 W viarild : type=1400 audit(0.0:4029): avc: denied { write } for name="mal-mfi" dev="tmpfs" ino=10393 scontext=u:r:viarild:s0 tcontext=u:object_r:mal_mfi_socket:s0 tclass=sock_file permissive=0

07-31 10:21:36.990   435   435 I thermal_repeater: oh, queryMdThermalInfo (0)No such file or directory

07-31 10:21:36.997   435   435 I thermal_repeater: [recvMdThermalInfo] ret=5, strLen=127, ERROR

07-31 10:21:37.219   433   433 I thermal_src: wake up function 3

07-31 10:21:37.219   433   433 I thermal_src: TA_DAEMON_CMD_GET_TPCB cmd=0x5, len=4 PCB=36000

07-31 10:21:37.219   433   433 I thermal_src: TA_DAEMON_CMD_SET_TTJ cmd=0x4, len=4 Tj=85000

07-31 10:21:37.219   433   433 I thermal_src: waiting NOTIFY from kernel...

07-31 10:21:37.220  2654  2658 D FRR     : buff=0x7f86538240, len=191

07-31 10:21:37.220  2654  2658 D FRR     : uevent[0]=0x7f86538240, len=48, "change@/devices/platform/battery/power_supply/ac"

07-31 10:21:37.220  2654  2658 D FRR     : voteFps(60, 0)

07-31 10:21:37.220  2654  2658 D FRR     : ThermalListener loop:

07-31 10:21:37.220  2654  2658 D FRR     : buff=0x7f86538240, len=194

07-31 10:21:37.220  2654  2658 D FRR     : uevent[0]=0x7f86538240, len=49, "change@/devices/platform/battery/power_supply/usb"

07-31 10:21:37.221  2654  2658 D FRR     : voteFps(60, 0)

07-31 10:21:37.221  2654  2658 D FRR     : ThermalListener loop:

07-31 10:21:37.221  2654  2658 D FRR     : buff=0x7f86538240, len=209

07-31 10:21:37.221  2654  2658 D FRR     : uevent[0]=0x7f86538240, len=54, "change@/devices/platform/battery/power_supply/wireless"

07-31 10:21:37.221  2654  2658 D FRR     : voteFps(60, 0)

07-31 10:21:37.221  2654  2658 D FRR     : ThermalListener loop:

07-31 10:21:37.223   941  1870 D BatteryService: mBatteryVoltage=4364, batteryLevel=50

07-31 10:21:37.223   941  1870 V BatteryService: VNOILBS mScreenOn=true level=100 mCriticalBatteryLevel=3 mNotificationLowBatteryStates=false OS_VERSION=true mNotificationChargeStates=true status=5

07-31 10:21:37.223   941  1870 V BatteryService: VNOILBS, turn off battery light.

07-31 10:21:37.224   941  1870 V BatteryService: VNOILBS mScreenOn=true level=100 mCriticalBatteryLevel=3 mNotificationLowBatteryStates=false OS_VERSION=true mNotificationChargeStates=true status=5

07-31 10:21:37.224   941  1870 V BatteryService: VNOILBS, turn off battery light.

07-31 10:21:37.224   941   941 V ActivityManager: Broadcast sticky: Intent { act=android.intent.action.BATTERY_CHANGED flg=0x60000010 (has extras) } ordered=false userid=-1 callerApp=null

07-31 10:21:37.224   941  1509 V BatteryService: VNOILBS mScreenOn=true level=100 mCriticalBatteryLevel=3 mNotificationLowBatteryStates=false OS_VERSION=true mNotificationChargeStates=true status=5

07-31 10:21:37.224   941  1509 V BatteryService: VNOILBS, turn off battery light.

07-31 10:21:37.227  1504  1504 I WarningMessage: receiver: action isandroid.intent.action.BATTERY_CHANGED mBatteryPowerConnetDialog=true mShowChargerOverVoltageDialog=true

07-31 10:21:37.227  1340  1340 D KeyguardUpdateMonitor: received broadcast android.intent.action.BATTERY_CHANGED

07-31 10:21:37.227  1504  1504 D DeviceListener: ++onReceive++:android.intent.action.BATTERY_CHANGED

07-31 10:21:37.227  1504  1504 D DeviceListener: onReceiveandroid.intent.action.BATTERY_CHANGED

07-31 10:21:37.227  1504  1504 I UsbDeviceManagerService: mUsbReceiver action:android.intent.action.BATTERY_CHANGED mConnected:false mLastConnected:false

07-31 10:21:37.227  1340  1340 I BatteryController: SystemUI|status = 5, mLastStatus = 5, mPluggedIn = true, mLastPluggedIn = true

07-31 10:21:37.228   941   941 D FeatureService: onReceive action android.intent.action.BATTERY_CHANGED

07-31 10:21:37.228   941   941 D WifiService: onReceive, action:android.intent.action.BATTERY_CHANGED

07-31 10:21:37.228  1340  1340 I BatteryController: SystemUI|mLevel = 100, mLastLevel = 100

07-31 10:21:37.229  1340  1340 D PowerUI : buckets   .....15 .. 10 .. 3

07-31 10:21:37.229  1340  1340 D PowerUI : level          100 --> 100

07-31 10:21:37.229  1340  1340 D PowerUI : status         5 --> 5

07-31 10:21:37.229  1340  1340 D PowerUI : plugType       2 --> 2

07-31 10:21:37.229  1340  1340 D PowerUI : invalidCharger 0 --> 0

07-31 10:21:37.229  1340  1340 D PowerUI : bucket         1 --> 1

07-31 10:21:37.229  1340  1340 D PowerUI : plugged        true --> true

07-31 10:21:37.229   941  1236 D WifiController: ApStaDisabledState{ when=-1ms what=155652 arg1=2 target=com.android.internal.util.StateMachine$SmHandler }

07-31 10:21:37.229   941  1236 D WifiController: DefaultState{ when=-1ms what=155652 arg1=2 target=com.android.internal.util.StateMachine$SmHandler }

07-31 10:21:37.230   941  1236 D WifiController: battery changed pluggedType: 2

07-31 10:21:37.231  2654  2658 D FRR     : buff=0x7f86538240, len=962

07-31 10:21:37.231  2654  2658 D FRR     : uevent[0]=0x7f86538240, len=53, "change@/devices/platform/battery/power_supply/battery"

07-31 10:21:37.231  2654  2658 D FRR     : voteFps(60, 0)

07-31 10:21:37.231  2654  2658 D FRR     : ThermalListener loop:

07-31 10:21:37.231   941  1977 V ActivityManager: Broadcast: Intent { act=com.vivo.dismiss.lowpower flg=0x10 } ordered=false userid=0 callerApp=ProcessRecord{5bf1545 1340:com.android.systemui/u0a17}

07-31 10:21:37.232  1978  1978 D SwitcherUpdateMonitor: receive broadcast, action = android.intent.action.BATTERY_CHANGED

07-31 10:21:37.233  1340  1340 D KeyguardUpdateMonitor: handleBatteryUpdate

07-31 10:21:37.233  1340  1340 I KeyguardSmartUpdateMonitor: handleChargingModeChanged, mQuickChargeHealth = 2, batteryHealth = 2

07-31 10:21:37.233  1340  1340 I KeyguardSmartUpdateMonitor: handleChargingModeChanged, mCurrentEngineState = 0, engineState = -2

07-31 10:21:37.234   941   956 V BatteryService: VNOILBS mScreenOn=true level=100 mCriticalBatteryLevel=3 mNotificationLowBatteryStates=false OS_VERSION=true mNotificationChargeStates=true status=5

07-31 10:21:37.234   941   956 V BatteryService: VNOILBS, turn off battery light.

07-31 10:21:37.683   817   839 E MFI-Conn:  (     mfia_task_bootstrap,  587) mfia_task_bootstrap(): retrying to connect to mal-mfi error 13!! ====

07-31 10:21:37.680   839   839 W viarild : type=1400 audit(0.0:4030): avc: denied { write } for name="mal-mfi" dev="tmpfs" ino=10393 scontext=u:r:viarild:s0 tcontext=u:object_r:mal_mfi_socket:s0 tclass=sock_file permissive=0

07-31 10:21:38.102   433   433 I thermal_src: wake up function 3

07-31 10:21:38.102   433   433 I thermal_src: TA_DAEMON_CMD_GET_TPCB cmd=0x5, len=4 PCB=36000

07-31 10:21:38.102   433   433 I thermal_src: TA_DAEMON_CMD_SET_TTJ cmd=0x4, len=4 Tj=85000

07-31 10:21:38.102   433   433 I thermal_src: waiting NOTIFY from kernel...

07-31 10:21:38.454   423   797 E VT      : [SRV] [VT THREAD] [VT_Bind] des = volte_imsvt1 Fail to connect . retry count: 1323

07-31 10:21:38.454   423   797 D VT      : [SRV] isIMCBrun : False

07-31 10:21:38.683   817   839 E MFI-Conn:  (     mfia_task_bootstrap,  587) mfia_task_bootstrap(): retrying to connect to mal-mfi error 13!! ====

07-31 10:21:38.680   839   839 W viarild : type=1400 audit(0.0:4031): avc: denied { write } for name="mal-mfi" dev="tmpfs" ino=10393 scontext=u:r:viarild:s0 tcontext=u:object_r:mal_mfi_socket:s0 tclass=sock_file permissive=0

07-31 10:21:39.106   941  1823 D AES     : AEEIOCTL_GET/SET_SF_STATE IOCTL,cmd= 1074294797, lParam=0. 

07-31 10:21:39.106   941  1823 W Watchdog: **Get SF Time **1

07-31 10:21:39.106   941  1823 D AES     : AEEIOCTL_RT_MON_Kick IOCTL,cmd= -2147192822, lParam=300. 

07-31 10:21:39.106   941  1823 W Watchdog: SWT Watchdog before synchronized:3980644

07-31 10:21:39.106   941  1823 W Watchdog: SWT Watchdog after synchronized:3980644

07-31 10:21:39.684   817   839 E MFI-Conn:  (     mfia_task_bootstrap,  587) mfia_task_bootstrap(): retrying to connect to mal-mfi error 13!! ====

07-31 10:21:39.680   839   839 W viarild : type=1400 audit(0.0:4032): avc: denied { write } for name="mal-mfi" dev="tmpfs" ino=10393 scontext=u:r:viarild:s0 tcontext=u:object_r:mal_mfi_socket:s0 tclass=sock_file permissive=0

07-31 10:21:40.684   817   839 E MFI-Conn:  (     mfia_task_bootstrap,  587) mfia_task_bootstrap(): retrying to connect to mal-mfi error 13!! ====

07-31 10:21:40.680   839   839 W viarild : type=1400 audit(0.0:4033): avc: denied { write } for name="mal-mfi" dev="tmpfs" ino=10393 scontext=u:r:viarild:s0 tcontext=u:object_r:mal_mfi_socket:s0 tclass=sock_file permissive=0

07-31 10:21:41.454   423   797 E VT      : [SRV] [VT THREAD] [VT_Bind] des = volte_imsvt1 Fail to connect . retry count: 1324

07-31 10:21:41.455   423   797 D VT      : [SRV] isIMCBrun : False

07-31 10:21:41.680   839   839 W viarild : type=1400 audit(0.0:4034): avc: denied { write } for name="mal-mfi" dev="tmpfs" ino=10393 scontext=u:r:viarild:s0 tcontext=u:object_r:mal_mfi_socket:s0 tclass=sock_file permissive=0

07-31 10:21:41.685   817   839 E MFI-Conn:  (     mfia_task_bootstrap,  587) mfia_task_bootstrap(): retrying to connect to mal-mfi error 13!! ====

07-31 10:21:42.002   435   435 I thermal_repeater: select timeout

07-31 10:21:42.512   941  1013 W ProcessCpuTracker: Skipping unknown process pid 20960

07-31 10:21:42.685   817   839 E MFI-Conn:  (     mfia_task_bootstrap,  587) mfia_task_bootstrap(): retrying to connect to mal-mfi error 13!! ====

07-31 10:21:42.680   839   839 W viarild : type=1400 audit(0.0:4035): avc: denied { write } for name="mal-mfi" dev="tmpfs" ino=10393 scontext=u:r:viarild:s0 tcontext=u:object_r:mal_mfi_socket:s0 tclass=sock_file permissive=0

07-31 10:21:43.112   433   433 I thermal_src: wake up function 3

07-31 10:21:43.112   433   433 I thermal_src: TA_DAEMON_CMD_GET_TPCB cmd=0x5, len=4 PCB=36000

07-31 10:21:43.112   433   433 I thermal_src: TA_DAEMON_CMD_SET_TTJ cmd=0x4, len=4 Tj=85000

07-31 10:21:43.112   433   433 I thermal_src: waiting NOTIFY from kernel...

07-31 10:21:43.686   817   839 E MFI-Conn:  (     mfia_task_bootstrap,  587) mfia_task_bootstrap(): retrying to connect to mal-mfi error 13!! ====

07-31 10:21:43.680   839   839 W viarild : type=1400 audit(0.0:4036): avc: denied { write } for name="mal-mfi" dev="tmpfs" ino=10393 scontext=u:r:viarild:s0 tcontext=u:object_r:mal_mfi_socket:s0 tclass=sock_file permissive=0

07-31 10:21:44.455   423   797 E VT      : [SRV] [VT THREAD] [VT_Bind] des = volte_imsvt1 Fail to connect . retry count: 1325

07-31 10:21:44.455   423   797 D VT      : [SRV] isIMCBrun : False

07-31 10:21:44.686   817   839 E MFI-Conn:  (     mfia_task_bootstrap,  587) mfia_task_bootstrap(): retrying to connect to mal-mfi error 13!! ====

07-31 10:21:44.680   839   839 W viarild : type=1400 audit(0.0:4037): avc: denied { write } for name="mal-mfi" dev="tmpfs" ino=10393 scontext=u:r:viarild:s0 tcontext=u:object_r:mal_mfi_socket:s0 tclass=sock_file permissive=0

07-31 10:21:45.686   817   839 E MFI-Conn:  (     mfia_task_bootstrap,  587) mfia_task_bootstrap(): retrying to connect to mal-mfi error 13!! ====

07-31 10:21:45.680   839   839 W viarild : type=1400 audit(0.0:4038): avc: denied { write } for name="mal-mfi" dev="tmpfs" ino=10393 scontext=u:r:viarild:s0 tcontext=u:object_r:mal_mfi_socket:s0 tclass=sock_file permissive=0

07-31 10:21:45.753 20808 20816 I System  : FinalizerDaemon: finalize objects = 14

07-31 10:21:46.687   817   839 E MFI-Conn:  (     mfia_task_bootstrap,  587) mfia_task_bootstrap(): retrying to connect to mal-mfi error 13!! ====

07-31 10:21:46.680   839   839 W viarild : type=1400 audit(0.0:4039): avc: denied { write } for name="mal-mfi" dev="tmpfs" ino=10393 scontext=u:r:viarild:s0 tcontext=u:object_r:mal_mfi_socket:s0 tclass=sock_file permissive=0

07-31 10:21:47.003   435   435 I thermal_repeater: oh, queryMdThermalInfo (0)No such file or directory

07-31 10:21:47.007   435   435 I thermal_repeater: [recvMdThermalInfo] ret=5, strLen=127, ERROR

07-31 10:21:47.212   433   433 I thermal_src: wake up function 3

07-31 10:21:47.213   433   433 I thermal_src: TA_DAEMON_CMD_GET_TPCB cmd=0x5, len=4 PCB=36000

07-31 10:21:47.213   433   433 I thermal_src: TA_DAEMON_CMD_SET_TTJ cmd=0x4, len=4 Tj=85000

07-31 10:21:47.213   433   433 I thermal_src: waiting NOTIFY from kernel...

07-31 10:21:47.215  2654  2658 D FRR     : buff=0x7f86538240, len=191

07-31 10:21:47.215  2654  2658 D FRR     : uevent[0]=0x7f86538240, len=48, "change@/devices/platform/battery/power_supply/ac"

07-31 10:21:47.215  2654  2658 D FRR     : voteFps(60, 0)

07-31 10:21:47.215  2654  2658 D FRR     : ThermalListener loop:

07-31 10:21:47.217  2654  2658 D FRR     : buff=0x7f86538240, len=194

07-31 10:21:47.217  2654  2658 D FRR     : uevent[0]=0x7f86538240, len=49, "change@/devices/platform/battery/power_supply/usb"

07-31 10:21:47.217  2654  2658 D FRR     : voteFps(60, 0)

07-31 10:21:47.217  2654  2658 D FRR     : ThermalListener loop:

07-31 10:21:47.219  2654  2658 D FRR     : buff=0x7f86538240, len=209

07-31 10:21:47.219  2654  2658 D FRR     : uevent[0]=0x7f86538240, len=54, "change@/devices/platform/battery/power_supply/wireless"

07-31 10:21:47.219  2654  2658 D FRR     : voteFps(60, 0)

07-31 10:21:47.219  2654  2658 D FRR     : ThermalListener loop:

07-31 10:21:47.221   941  1380 V BatteryService: VNOILBS mScreenOn=true level=100 mCriticalBatteryLevel=3 mNotificationLowBatteryStates=false OS_VERSION=true mNotificationChargeStates=true status=5

07-31 10:21:47.221   941  1380 V BatteryService: VNOILBS, turn off battery light.

07-31 10:21:47.222   941   957 V BatteryService: VNOILBS mScreenOn=true level=100 mCriticalBatteryLevel=3 mNotificationLowBatteryStates=false OS_VERSION=true mNotificationChargeStates=true status=5

07-31 10:21:47.222   941   957 V BatteryService: VNOILBS, turn off battery light.

07-31 10:21:47.224   941  1933 V BatteryService: VNOILBS mScreenOn=true level=100 mCriticalBatteryLevel=3 mNotificationLowBatteryStates=false OS_VERSION=true mNotificationChargeStates=true status=5

07-31 10:21:47.224   941  1933 V BatteryService: VNOILBS, turn off battery light.

07-31 10:21:47.231  2654  2658 D FRR     : buff=0x7f86538240, len=962

07-31 10:21:47.231  2654  2658 D FRR     : uevent[0]=0x7f86538240, len=53, "change@/devices/platform/battery/power_supply/battery"

07-31 10:21:47.231  2654  2658 D FRR     : voteFps(60, 0)

07-31 10:21:47.231  2654  2658 D FRR     : ThermalListener loop:

07-31 10:21:47.233   941  1949 D BatteryService: mBatteryVoltage=4362, batteryLevel=50

07-31 10:21:47.233   941  1949 V BatteryService: VNOILBS mScreenOn=true level=100 mCriticalBatteryLevel=3 mNotificationLowBatteryStates=false OS_VERSION=true mNotificationChargeStates=true status=5

07-31 10:21:47.233   941  1949 V BatteryService: VNOILBS, turn off battery light.

07-31 10:21:47.233   941   941 V ActivityManager: Broadcast sticky: Intent { act=android.intent.action.BATTERY_CHANGED flg=0x60000010 (has extras) } ordered=false userid=-1 callerApp=null

07-31 10:21:47.237  1504  1504 I WarningMessage: receiver: action isandroid.intent.action.BATTERY_CHANGED mBatteryPowerConnetDialog=true mShowChargerOverVoltageDialog=true

07-31 10:21:47.237  1504  1504 D DeviceListener: ++onReceive++:android.intent.action.BATTERY_CHANGED

07-31 10:21:47.237  1504  1504 D DeviceListener: onReceiveandroid.intent.action.BATTERY_CHANGED

07-31 10:21:47.237  1504  1504 I UsbDeviceManagerService: mUsbReceiver action:android.intent.action.BATTERY_CHANGED mConnected:false mLastConnected:false

07-31 10:21:47.239  1340  1340 D KeyguardUpdateMonitor: received broadcast android.intent.action.BATTERY_CHANGED

07-31 10:21:47.239  1340  1340 I BatteryController: SystemUI|status = 5, mLastStatus = 5, mPluggedIn = true, mLastPluggedIn = true

07-31 10:21:47.240  1340  1340 I BatteryController: SystemUI|mLevel = 100, mLastLevel = 100

07-31 10:21:47.240  1340  1340 D PowerUI : buckets   .....15 .. 10 .. 3

07-31 10:21:47.240  1340  1340 D PowerUI : level          100 --> 100

07-31 10:21:47.240  1340  1340 D PowerUI : status         5 --> 5

07-31 10:21:47.240  1340  1340 D PowerUI : plugType       2 --> 2

07-31 10:21:47.240  1340  1340 D PowerUI : invalidCharger 0 --> 0

07-31 10:21:47.240  1340  1340 D PowerUI : bucket         1 --> 1

07-31 10:21:47.240  1340  1340 D PowerUI : plugged        true --> true

07-31 10:21:47.241  1978  1978 D SwitcherUpdateMonitor: receive broadcast, action = android.intent.action.BATTERY_CHANGED

07-31 10:21:47.243   941   941 D FeatureService: onReceive action android.intent.action.BATTERY_CHANGED

07-31 10:21:47.243   941   941 D WifiService: onReceive, action:android.intent.action.BATTERY_CHANGED

07-31 10:21:47.243   941  1236 D WifiController: ApStaDisabledState{ when=0 what=155652 arg1=2 target=com.android.internal.util.StateMachine$SmHandler }

07-31 10:21:47.243   941  1236 D WifiController: DefaultState{ when=0 what=155652 arg1=2 target=com.android.internal.util.StateMachine$SmHandler }

07-31 10:21:47.243   941  1236 D WifiController: battery changed pluggedType: 2

07-31 10:21:47.244   941   957 V ActivityManager: Broadcast: Intent { act=com.vivo.dismiss.lowpower flg=0x10 } ordered=false userid=0 callerApp=ProcessRecord{5bf1545 1340:com.android.systemui/u0a17}

07-31 10:21:47.245  1340  1340 D KeyguardUpdateMonitor: handleBatteryUpdate

07-31 10:21:47.245  1340  1340 I KeyguardSmartUpdateMonitor: handleChargingModeChanged, mQuickChargeHealth = 2, batteryHealth = 2

07-31 10:21:47.245  1340  1340 I KeyguardSmartUpdateMonitor: handleChargingModeChanged, mCurrentEngineState = 0, engineState = -2

07-31 10:21:47.458   423   797 E VT      : [SRV] [VT THREAD] [VT_Bind] des = volte_imsvt1 Fail to connect . retry count: 1326

07-31 10:21:47.458   423   797 D VT      : [SRV] isIMCBrun : False

07-31 10:21:47.687   817   839 E MFI-Conn:  (     mfia_task_bootstrap,  587) mfia_task_bootstrap(): retrying to connect to mal-mfi error 13!! ====

07-31 10:21:47.680   839   839 W viarild : type=1400 audit(0.0:4040): avc: denied { write } for name="mal-mfi" dev="tmpfs" ino=10393 scontext=u:r:viarild:s0 tcontext=u:object_r:mal_mfi_socket:s0 tclass=sock_file permissive=0

07-31 10:21:48.121   433   433 I thermal_src: wake up function 3

07-31 10:21:48.121   433   433 I thermal_src: TA_DAEMON_CMD_GET_TPCB cmd=0x5, len=4 PCB=35000

07-31 10:21:48.121   433   433 I thermal_src: TA_DAEMON_CMD_SET_TTJ cmd=0x4, len=4 Tj=85000

07-31 10:21:48.122   433   433 I thermal_src: waiting NOTIFY from kernel...

07-31 10:21:48.470 15996 16004 I System  : FinalizerDaemon: finalize objects = 24

07-31 10:21:48.688   817   839 E MFI-Conn:  (     mfia_task_bootstrap,  587) mfia_task_bootstrap(): retrying to connect to mal-mfi error 13!! ====

07-31 10:21:48.680   839   839 W viarild : type=1400 audit(0.0:4041): avc: denied { write } for name="mal-mfi" dev="tmpfs" ino=10393 scontext=u:r:viarild:s0 tcontext=u:object_r:mal_mfi_socket:s0 tclass=sock_file permissive=0

07-31 10:21:49.688   817   839 E MFI-Conn:  (     mfia_task_bootstrap,  587) mfia_task_bootstrap(): retrying to connect to mal-mfi error 13!! ====
