--------- beginning of main

07-28 17:15:31.222  2680  2681 D GasService: FG app changed: from com.bbk.launcher2 to com.android.mms

--------- beginning of system

07-28 17:15:31.524 21880 21880 W FtTelephonyAdapterImpl: getActiveSubInfoList.subInfo is empty

07-28 17:15:31.525 21880 21880 D Mms/CacheDelay: ---->>>start cache------------

07-28 17:15:31.529 21880 21880 I Mms/PrivacyMessageProcess: PrivacyMessageProcess init

07-28 17:15:31.529 21880 21955 I ContactArray: ContactsCache init begin:1501233331529

07-28 17:15:31.530   965  1957 D ActivityManager: getContentProviderImpl: from caller=android.app.ApplicationThreadProxy@5c4bc73 (pid=21880, userId=0) to get content provider com.android.contacts cpr=ContentProviderRecord{f1bd022 u0 com.android.providers.contacts/.ContactsProvider2}

07-28 17:15:31.530   965  1957 D ActivityManager: getContentProviderImpl: updateLruProcessLocked cpr.proc=ProcessRecord{9bb3022 3745:android.process.acore/u0a4}

07-28 17:15:31.534 21880 21955 D ActivityThread: holder:android.app.IActivityManager$ContentProviderHolder@ce125db, holder.provider:android.content.ContentProviderProxy@7c80878

07-28 17:15:31.535 21880 21880 D Mms/CacheDelay: ---->>>cache finish------------

07-28 17:15:31.536 21880 21956 I PrivacyContactsArray: PrivacyContactsCache init begin:1501233331535

07-28 17:15:31.538  3745  3755 I ContactsProvider: query: uri=content://com.android.contacts/data/phones?encrypt=%20%3C%202 , projection=[_id, display_name, data1] , selection=[null] , args=null , order=[_id LIMIT 2000 OFFSET 0] CPID=21880 , User=0 , callingPackage=[com.android.mms]

07-28 17:15:31.538  3745  3756 I ContactsProvider: query: uri=content://com.android.contacts/data?encrypt=%3E0 , projection=[contact_id, raw_contact_id, display_name, data1] , selection=[mimetype_id = 5] , args=null , order=[null] CPID=21880 , User=0 , callingPackage=[com.android.mms]

07-28 17:15:31.544 21880 21956 D PrivacyContactsArray: -----count = 0

07-28 17:15:31.546   965   981 V ActivityManager: Broadcast: Intent { act=com.android.mms.ACTION_NAME_LOAD_FINISHED flg=0x10 } ordered=false userid=0 callerApp=ProcessRecord{533f801 21880:com.android.mms/u0a11}

07-28 17:15:31.546 21880 21955 I ContactArray: ContactsCache init complete:1501233331546

07-28 17:15:31.546 21880 21956 I PrivacyContactsArray: PrivacyContactsCache init complete:1501233331546

07-28 17:15:31.546 21880 21956 I Mms/PrivacyMessageProcess: PrivacyContactsCache run done....

07-28 17:15:31.547   965   979 V ActivityManager: Broadcast: Intent { act=com.android.mms.privacymsg.cacheover flg=0x10 } ordered=false userid=0 callerApp=ProcessRecord{533f801 21880:com.android.mms/u0a11}

07-28 17:15:31.548 21880 21955 E PatternBuilder:  Incorrectly nested parentheses in regexp pattern

07-28 17:15:31.548 21880 21955 W System.err: java.util.regex.PatternSyntaxException: Incorrectly nested parentheses in regexp pattern near index 1:

07-28 17:15:31.548 21880 21955 W System.err: )

07-28 17:15:31.548 21880 21955 W System.err:  ^

07-28 17:15:31.548 21880 21955 W System.err: 	at java.util.regex.Pattern.compileImpl(Native Method)

07-28 17:15:31.548 21880 21955 W System.err: 	at java.util.regex.Pattern.compile(Pattern.java:411)

07-28 17:15:31.548 21880 21955 W System.err: 	at java.util.regex.Pattern.<init>(Pattern.java:394)

07-28 17:15:31.548 21880 21955 W System.err: 	at java.util.regex.Pattern.compile(Pattern.java:381)

07-28 17:15:31.548 21880 21955 W System.err: 	at com.android.mms.data.contactcache.PatternBuilder.buildNameMTPattern(PatternBuilder.java:69)

07-28 17:15:31.549 21880 21955 W System.err: 	at com.android.mms.data.contactcache.PatternBuilder.build(PatternBuilder.java:24)

07-28 17:15:31.549 21880 21955 W System.err: 	at com.android.mms.data.contactcache.ContactsArray.init(ContactsArray.java:67)

07-28 17:15:31.549 21880 21955 W System.err: 	at com.android.mms.data.contactcache.ContactsCacheProcess$InitThread.run(ContactsCacheProcess.java:71)

07-28 17:15:31.549 21880 21955 I ContactsCacheProcess: ContactsCache run done....

07-28 17:15:31.753   965  1957 D ActivityManager: getContentProviderImpl: from caller=android.app.ApplicationThreadProxy@6a4accf (pid=21880, userId=0) to get content provider sms cpr=ContentProviderRecord{7af0cc7 u0 com.android.providers.telephony/.SmsProvider}

07-28 17:15:31.753   965  1957 D ActivityManager: getContentProviderImpl: updateLruProcessLocked cpr.proc=ProcessRecord{91df9ca 1710:com.android.phone/1001}

07-28 17:15:31.754 21880 21880 D ActivityThread: holder:android.app.IActivityManager$ContentProviderHolder@5efbfb6, holder.provider:android.content.ContentProviderProxy@4244b7

07-28 17:15:31.846   441   441 I thermal_repeater: oh, queryMdThermalInfo (0)No such file or directory

07-28 17:15:31.847   441   441 I thermal_repeater: [recvMdThermalInfo] ret=5, strLen=127, ERROR

07-28 17:15:32.065   798   824 E MFI-Conn:  (     mfia_task_bootstrap,  587) mfia_task_bootstrap(): retrying to connect to mal-mfi error 13!! ====

07-28 17:15:32.051   824   824 W viarild : type=1400 audit(0.0:124134): avc: denied { write } for name="mal-mfi" dev="tmpfs" ino=8735 scontext=u:r:viarild:s0 tcontext=u:object_r:mal_mfi_socket:s0 tclass=sock_file permissive=0

07-28 17:15:32.149   307  2346 I BufferQueueProducer: [StatusBar](this:0x7f9ed4a800,id:6,api:1,p:1322,c:307) queueBuffer: fps=1.74 dur=1726.57 max=996.98 min=8.43

07-28 17:15:32.161   307   307 I SurfaceFlinger: [Built-in Screen (type:0)] fps:18.618734,dur:1826.12,max:997.17,min:14.01

07-28 17:15:32.342   965  1253 D PerfServiceManager: [PerfService] MESSAGE_TIMEOUT:106 

07-28 17:15:32.357   965  1253 I libPerfService: 6: set: -1, -1, 

07-28 17:15:32.357   965  1253 I libPerfService: 6: set freq: -1, -1, 

07-28 17:15:32.481   312 18192 I MAL-Daemon:  (        ru_syssig_hndler,  436) [RDS-I][ru_syssig_hndler] Send Event: 688 

07-28 17:15:32.481   312 18192 I MAL-Daemon:  (        ru_syssig_hndler,  437) [RDS-I][RDS][RU][ru_syssig_hndler] ru_check_ctx_ptr<0xf5f34d9c, 0xf5f34d9c>

07-28 17:15:32.481   312 18192 W MAL-Daemon:  (    mdfx_task_send_event,  636) mdfx_task_send_event(): [ACT] should NOT enter this leagcy API!!

07-28 17:15:32.481   312 18192 I MAL-Daemon:  (    ru_send_event_entity,  368) [RDS-I][RDS][RU][ru_send_event_entity] send event 688 to 602 with ret(0)

07-28 17:15:32.481   312   682 I MAL-Daemon:  (             rds_ru_task,  454) [RDS-I][RU][rds_ru_task] RCV Event: 688 

07-28 17:15:32.486   312   682 D MAL-Daemon:  (     ru_wsl_poll_wpainfo,  657) [RDS-D][RDS][RU][ru_wsl_poll_wpainfo]socket recv pktlen(48) 

07-28 17:15:32.486   312   682 D MAL-Daemon:  (rds_ru_ws_rssi_timer_exp,  770) [RDS-D][RU][rds_ru_ws_rssi_timer_expire_hdlr][RDS] get rssi = -72, snr = 9999 

07-28 17:15:32.487   312   682 I MAL-Daemon:  (  ru_wsl_wifi_status_ind,  752) [RDS-I][RDS][RU][ru_wsl_wifi_status_ind] ru_check_ctx_ptr<0xf5f34d9c, 0xf5f34d9c>

07-28 17:15:32.487   312   682 W MAL-Daemon:  (    mdfx_task_send_event,  636) mdfx_task_send_event(): [ACT] should NOT enter this leagcy API!!

07-28 17:15:32.487   312   682 I MAL-Daemon:  (    ru_send_event_entity,  368) [RDS-I][RDS][RU][ru_send_event_entity] send event 604 to 602 with ret(0)

07-28 17:15:32.487   312   682 I MAL-Daemon:  (          ru_get_netstat, 5599) [RDS-I][RU][ru_get_netstat] netstat <thrghpt, pkterrt>, wifi <148, 0%>, mobile <0, 0%>

07-28 17:15:32.488   312   682 I MAL-Daemon:  (    ru_send_event_entity,  368) [RDS-I][RDS][RU][ru_send_event_entity] send event 614 to 1236 with ret(0)

07-28 17:15:32.488   312   682 I MAL-Daemon:  (             rds_ru_task,  454) [RDS-I][RU][rds_ru_task] RCV Event: 604 

07-28 17:15:32.488   312   682 I MAL-Daemon:  (  rds_ru_wifi_status_ind, 1379) [RDS-I][RU][EVENT_RU_WS_WIFI_STATUS_IND] fgwifi_en:1(no use) i4wifirssi:0xffffffb8 i4wifisnr:0x270f

07-28 17:15:32.488   312   682 I MAL-Daemon:  (    ru_send_event_entity,  368) [RDS-I][RDS][RU][ru_send_event_entity] send event 615 to 1236 with ret(0)

07-28 17:15:32.488  1970  2068 I MFI-Conn:  (     mfia_task_bootstrap,  944) mfia_task_bootstrap(): an event 614 incoming

07-28 17:15:32.488   312   682 I MAL-Daemon:  (          rds_ru_rpl_gen, 5180) [RDS-I][RU][rds_ru_rpl_gen][RDS][OP0] TYPE : <0>, UI Policy : <3>, RDS Policy : <3>

07-28 17:15:32.488   312   682 I MAL-Daemon:  (      rds_cell_only_orng, 3673) [RDS-I][RU][RDS IMS/MMS][rds_cell_only_orng] 

07-28 17:15:32.488  1970  2068 I MFI-Conn:  (     mfia_task_bootstrap,  944) mfia_task_bootstrap(): an event 615 incoming

07-28 17:15:32.488   312   682 I MAL-Daemon:  (          rds_ru_rpl_gen, 5191) [RDS-I][RU][rds_ru_rpl_gen][RDS][OP0] TYPE : <0>, RAN1 : <254> ,RAN2 : <254>

07-28 17:15:32.488   312   682 I MAL-Daemon:  (          rds_ru_rpl_gen, 5180) [RDS-I][RU][rds_ru_rpl_gen][RDS][OP0] TYPE : <1>, UI Policy : <3>, RDS Policy : <3>

07-28 17:15:32.488   312   682 I MAL-Daemon:  (      rds_cell_only_orng, 3673) [RDS-I][RU][RDS IMS/MMS][rds_cell_only_orng] 

07-28 17:15:32.488   312   682 I MAL-Daemon:  (          rds_ru_rpl_gen, 5191) [RDS-I][RU][rds_ru_rpl_gen][RDS][OP0] TYPE : <1>, RAN1 : <254> ,RAN2 : <254>

07-28 17:15:32.488   312   682 I MAL-Daemon:  (          rds_ru_rpl_gen, 5180) [RDS-I][RU][rds_ru_rpl_gen][RDS][OP0] TYPE : <2>, UI Policy : <3>, RDS Policy : <3>

07-28 17:15:32.488   312   682 I MAL-Daemon:  (      rds_cell_only_orng, 3673) [RDS-I][RU][RDS IMS/MMS][rds_cell_only_orng] 

07-28 17:15:32.488   312   682 I MAL-Daemon:  (          rds_ru_rpl_gen, 5191) [RDS-I][RU][rds_ru_rpl_gen][RDS][OP0] TYPE : <2>, RAN1 : <254> ,RAN2 : <254>

07-28 17:15:32.488   312   682 I MAL-Daemon:  (          rds_ru_rpl_gen, 5180) [RDS-I][RU][rds_ru_rpl_gen][RDS][OP0] TYPE : <3>, UI Policy : <3>, RDS Policy : <3>

07-28 17:15:32.488   312   682 I MAL-Daemon:  (          rds_ru_rpl_gen, 5191) [RDS-I][RU][rds_ru_rpl_gen][RDS][OP0] TYPE : <3>, RAN1 : <255> ,RAN2 : <255>

07-28 17:15:32.488   312   682 I MAL-Daemon:  (          rds_ru_rpl_gen, 5180) [RDS-I][RU][rds_ru_rpl_gen][RDS][OP0] TYPE : <4>, UI Policy : <3>, RDS Policy : <3>

07-28 17:15:32.488   312   682 I MAL-Daemon:  (          rds_ru_rpl_gen, 5191) [RDS-I][RU][rds_ru_rpl_gen][RDS][OP0] TYPE : <4>, RAN1 : <255> ,RAN2 : <255>

07-28 17:15:32.488   312   682 I MAL-Daemon:  (          rds_ru_rpl_gen, 5180) [RDS-I][RU][rds_ru_rpl_gen][RDS][OP0] TYPE : <5>, UI Policy : <3>, RDS Policy : <3>

07-28 17:15:32.488   312   682 I MAL-Daemon:  (          rds_ru_rpl_gen, 5191) [RDS-I][RU][rds_ru_rpl_gen][RDS][OP0] TYPE : <5>, RAN1 : <255> ,RAN2 : <255>

07-28 17:15:32.488   312   682 I MAL-Daemon:  (          rds_ru_rpl_gen, 5191) [RDS-I][RU][rds_ru_rpl_gen][RDS][OP0] TYPE : <6>, RAN1 : <254> ,RAN2 : <254>

07-28 17:15:32.488   312   682 I MAL-Daemon:  (    rds_op_check_feature,  324) [RDS-I][RDS][OP][rds_op_check_feature] operator id(0) check feature<0>, curr_opmsk is <1>, sys_opmsk is <0x0001, 1>

07-28 17:15:32.488   312   682 I MAL-Daemon:  (  rds_ru_ims_vops_update, 4980) [RDS-I][RU][rds_ru_ims_vops_update][RDS IMS]Policy type: 0 IMS VOPS IE is Disabled, update IMS RPL from Ori:(254, 254) New:(254,254)

07-28 17:15:32.488   312   682 I MAL-Daemon:  (  rds_ru_ims_vops_update, 4980) [RDS-I][RU][rds_ru_ims_vops_update][RDS IMS]Policy type: 1 IMS VOPS IE is Disabled, update IMS RPL from Ori:(254, 254) New:(254,254)

07-28 17:15:32.488   312   682 I MAL-Daemon:  (  rds_ru_ims_vops_update, 4980) [RDS-I][RU][rds_ru_ims_vops_update][RDS IMS]Policy type: 2 IMS VOPS IE is Disabled, update IMS RPL from Ori:(254, 254) New:(254,254)

07-28 17:15:32.488   312   682 I MAL-Daemon:  (          rds_ru_rpl_gen, 5215) [RDS-I][RU][rds_ru_rpl_gen][RDS] Current policy: fgimsolte_en<0>, fgwfc_en<0>, erdspolicy<3>, 

07-28 17:15:32.488   312   682 I MAL-Daemon:  (          rds_ru_rpl_gen, 5218) [RDS-I][RU][rds_ru_rpl_gen][RDS] Threshold i4wifirssih<-75>, i4wifirssil<-85>, i4wifirssih_ho<-78>, i4wifirssil_ho<-88>, i4wifisnrh<10>, i4wifisnrl<6>

07-28 17:15:32.488   312   682 I MAL-Daemon:  (          rds_ru_rpl_gen, 5221) [RDS-I][RU][rds_ru_rpl_gen][RDS] Threshold i4ltersrph<-106>, i4ltersrpm<-111>, i4ltersrpl<-116>, i4ltersrqh<5>, i4ltersrqm<3>, i4ltersrql<1>

07-28 17:15:32.489   312   682 I MAL-Daemon:  (          rds_ru_rpl_gen, 5224) [RDS-I][RU][rds_ru_rpl_gen][RDS] current rds ru status: i4wifirssi<-72>, i4wifisnr<9999>, i4ltersrp<-141>, i4ltersrq<0>, u4active_ran<1> 

07-28 17:15:32.489   312   682 I MAL-Daemon:  (          rds_ru_rpl_gen, 5227) [RDS-I][RU][rds_ru_rpl_gen][RDS] current wifi backhaul : rtp_plr<0>, rtp_jitter<0>, ping_ind<0>

07-28 17:15:32.489   312   682 I MAL-Daemon:  (          rds_ru_rpl_gen, 5230) [RDS-I][RU][rds_ru_rpl_gen][RDS] Call stat : IR92<0>, IR94<0> 

07-28 17:15:32.489   312   682 I MAL-Daemon:  (          rds_ru_rpl_gen, 5236) [RDS-I][RU][RDS IMS/MMS][rds_ru_rpl_gen] Ori:(254,254)/(255,255) New:(254,254)/(255,255)

07-28 17:15:32.489   312   682 I MAL-Daemon:  (          rds_ru_rpl_gen, 5241) [RDS-I][RU][RDS IMS/MMS WIFI][rds_ru_rpl_gen] Ori:(254,254)/(255,255) New:(254,254)/(255,255)

07-28 17:15:32.489   312   682 I MAL-Daemon:  (          rds_ru_rpl_gen, 5246) [RDS-I][RU][RDS IMS/MMS CELL][rds_ru_rpl_gen] Ori:(254,254)/(255,255) New:(254,254)/(255,255)

07-28 17:15:32.489   312   682 I MAL-Daemon:  (          rds_ru_rpl_gen, 5250) [RDS-I][RU][RDS EMG][rds_ru_rpl_gen] Ori:(254,254) New:(254,254)

07-28 17:15:32.489  1970  2110 I MFI-Conn:  (             rds_urc_hdl,  263) [RDS][rds_urc_hdl] RCV Event: 614 

07-28 17:15:32.489  1970  2110 I MFI-Conn:  (             rds_urc_hdl,  378) [RDS][IF][rds_urc_hdl] data_base update: pkterrt(0) 

07-28 17:15:32.489  1970  2110 I MFI-Conn:  (             rds_urc_hdl,  263) [RDS][rds_urc_hdl] RCV Event: 615 

07-28 17:15:32.489  1970  2110 I MFI-Conn:  (             rds_urc_hdl,  388) [RDS][IF][rds_urc_hdl] data_base update: i4wifirssi(-72) 

07-28 17:15:32.971   965  1227 D WifiStateMachine:  ConnectedState (when=-2ms what=131155 arg1=142!CMD_RSSI_POLL  rt=118004912/906464884 142 0 "beta-test" 3c:8c:40:e4:3c:f2 rssi=-71 f=2412 sc=80 link=58 tx=2.9, 0.0, 0.0  rx=0.5 bcn=0 [on:0 tx:0 rx:0 period:2999] from screen [on:0 period:-2005220629] gl hn rssi=-66 ag=0 ticks 5,271,820 ls-=0 [56,56,56,56,56] brc=0 lrc=0 offload-stopped

07-28 17:15:32.972   965  1227 D WifiStateMachine:  L2ConnectedState (when=-4ms what=131155 arg1=142!CMD_RSSI_POLL  rt=118004914/906464885 142 0 "beta-test" 3c:8c:40:e4:3c:f2 rssi=-71 f=2412 sc=80 link=58 tx=2.9, 0.0, 0.0  rx=0.5 bcn=0 [on:0 tx:0 rx:0 period:1] from screen [on:0 period:-2005220628] gl hn rssi=-66 ag=0 ticks 5,271,820 ls-=0 [56,56,56,56,56] brc=0 lrc=0 offload-stopped

07-28 17:15:32.972   965  1227 D WifiStateMachine:  get link layer stats 0

07-28 17:15:32.983   965  1227 I WifiStateMachine: fetchRssiLinkSpeedAndFrequencyNative, newRssi:-72, newLinkSpeed:65, SSID:"beta-test"

07-28 17:15:32.983   965  1227 D WifiStateMachine: mLastSignalLevel:2, newSignalLevel:2

07-28 17:15:32.983   965  1227 E WifiStateMachine: calculateWifiScore() we set wifi's score to 1000, so will always set wifi as a default network.

07-28 17:15:32.984   965  1227 V ActivityManager: Broadcast sticky: Intent { act=android.net.wifi.RSSI_CHANGED flg=0x4000010 (has extras) } ordered=false userid=-1 callerApp=ProcessRecord{f5c5ef3 965:system/1000}

07-28 17:15:32.985   965  1256 D WifiWatchdogStateMachine: RSSI current: 2 new: -72, 2

07-28 17:15:32.985  1322  1836 I VivoNetworkController: SystemUI|action = android.net.wifi.RSSI_CHANGED

07-28 17:15:33.065   798   824 E MFI-Conn:  (     mfia_task_bootstrap,  587) mfia_task_bootstrap(): retrying to connect to mal-mfi error 13!! ====

07-28 17:15:33.065   798   824 W MFI-Conn:  (     mfia_task_bootstrap,  593) mfia_task_bootstrap(13): [ASSERT] more than 60 retries to connect to mal-mfi!!

07-28 17:15:33.051   824   824 W viarild : type=1400 audit(0.0:124135): avc: denied { write } for name="mal-mfi" dev="tmpfs" ino=8735 scontext=u:r:viarild:s0 tcontext=u:object_r:mal_mfi_socket:s0 tclass=sock_file permissive=0

07-28 17:15:33.163   307  2293 I BufferQueueProducer: [StatusBar](this:0x7f9ed4a800,id:6,api:1,p:1322,c:307) queueBuffer: fps=0.99 dur=1013.34 max=1013.34 min=1013.34

07-28 17:15:33.175   307   307 I SurfaceFlinger: [Built-in Screen (type:0)] fps:0.987063,dur:1013.11,max:1013.11,min:1013.11

07-28 17:15:33.785   427   793 E VT      : [SRV] [VT THREAD] [VT_Bind] des = volte_imsvt1 Fail to connect . retry count: 39308

07-28 17:15:33.785   427   793 D VT      : [SRV] isIMCBrun : False

07-28 17:15:34.066   798   824 E MFI-Conn:  (     mfia_task_bootstrap,  587) mfia_task_bootstrap(): retrying to connect to mal-mfi error 13!! ====

07-28 17:15:34.051   824   824 W viarild : type=1400 audit(0.0:124136): avc: denied { write } for name="mal-mfi" dev="tmpfs" ino=8735 scontext=u:r:viarild:s0 tcontext=u:object_r:mal_mfi_socket:s0 tclass=sock_file permissive=0

07-28 17:15:35.066   798   824 E MFI-Conn:  (     mfia_task_bootstrap,  587) mfia_task_bootstrap(): retrying to connect to mal-mfi error 13!! ====

07-28 17:15:35.051   824   824 W viarild : type=1400 audit(0.0:124137): avc: denied { write } for name="mal-mfi" dev="tmpfs" ino=8735 scontext=u:r:viarild:s0 tcontext=u:object_r:mal_mfi_socket:s0 tclass=sock_file permissive=0

07-28 17:15:35.481   312 18192 I MAL-Daemon:  (        ru_syssig_hndler,  436) [RDS-I][ru_syssig_hndler] Send Event: 688 

07-28 17:15:35.481   312 18192 I MAL-Daemon:  (        ru_syssig_hndler,  437) [RDS-I][RDS][RU][ru_syssig_hndler] ru_check_ctx_ptr<0xf5f34d9c, 0xf5f34d9c>

07-28 17:15:35.481   312 18192 W MAL-Daemon:  (    mdfx_task_send_event,  636) mdfx_task_send_event(): [ACT] should NOT enter this leagcy API!!

07-28 17:15:35.481   312 18192 I MAL-Daemon:  (    ru_send_event_entity,  368) [RDS-I][RDS][RU][ru_send_event_entity] send event 688 to 602 with ret(0)

07-28 17:15:35.481   312   682 I MAL-Daemon:  (             rds_ru_task,  454) [RDS-I][RU][rds_ru_task] RCV Event: 688 

07-28 17:15:35.493   312   682 D MAL-Daemon:  (     ru_wsl_poll_wpainfo,  657) [RDS-D][RDS][RU][ru_wsl_poll_wpainfo]socket recv pktlen(48) 

07-28 17:15:35.494   312   682 D MAL-Daemon:  (rds_ru_ws_rssi_timer_exp,  770) [RDS-D][RU][rds_ru_ws_rssi_timer_expire_hdlr][RDS] get rssi = -73, snr = 9999 

07-28 17:15:35.494   312   682 I MAL-Daemon:  (  ru_wsl_wifi_status_ind,  752) [RDS-I][RDS][RU][ru_wsl_wifi_status_ind] ru_check_ctx_ptr<0xf5f34d9c, 0xf5f34d9c>

07-28 17:15:35.494   312   682 W MAL-Daemon:  (    mdfx_task_send_event,  636) mdfx_task_send_event(): [ACT] should NOT enter this leagcy API!!

07-28 17:15:35.494   312   682 I MAL-Daemon:  (    ru_send_event_entity,  368) [RDS-I][RDS][RU][ru_send_event_entity] send event 604 to 602 with ret(0)

07-28 17:15:35.494   312   682 I MAL-Daemon:  (          ru_get_netstat, 5599) [RDS-I][RU][ru_get_netstat] netstat <thrghpt, pkterrt>, wifi <0, 0%>, mobile <0, 0%>

07-28 17:15:35.494   312   682 I MAL-Daemon:  (    ru_send_event_entity,  368) [RDS-I][RDS][RU][ru_send_event_entity] send event 614 to 1236 with ret(0)

07-28 17:15:35.494   312   682 I MAL-Daemon:  (             rds_ru_task,  454) [RDS-I][RU][rds_ru_task] RCV Event: 604 

07-28 17:15:35.494   312   682 I MAL-Daemon:  (  rds_ru_wifi_status_ind, 1379) [RDS-I][RU][EVENT_RU_WS_WIFI_STATUS_IND] fgwifi_en:1(no use) i4wifirssi:0xffffffb7 i4wifisnr:0x270f

07-28 17:15:35.494   312   682 I MAL-Daemon:  (    ru_send_event_entity,  368) [RDS-I][RDS][RU][ru_send_event_entity] send event 615 to 1236 with ret(0)

07-28 17:15:35.495   312   682 I MAL-Daemon:  (          rds_ru_rpl_gen, 5180) [RDS-I][RU][rds_ru_rpl_gen][RDS][OP0] TYPE : <0>, UI Policy : <3>, RDS Policy : <3>

07-28 17:15:35.495   312   682 I MAL-Daemon:  (      rds_cell_only_orng, 3673) [RDS-I][RU][RDS IMS/MMS][rds_cell_only_orng] 

07-28 17:15:35.495   312   682 I MAL-Daemon:  (          rds_ru_rpl_gen, 5191) [RDS-I][RU][rds_ru_rpl_gen][RDS][OP0] TYPE : <0>, RAN1 : <254> ,RAN2 : <254>

07-28 17:15:35.495   312   682 I MAL-Daemon:  (          rds_ru_rpl_gen, 5180) [RDS-I][RU][rds_ru_rpl_gen][RDS][OP0] TYPE : <1>, UI Policy : <3>, RDS Policy : <3>

07-28 17:15:35.495   312   682 I MAL-Daemon:  (      rds_cell_only_orng, 3673) [RDS-I][RU][RDS IMS/MMS][rds_cell_only_orng] 

07-28 17:15:35.495   312   682 I MAL-Daemon:  (          rds_ru_rpl_gen, 5191) [RDS-I][RU][rds_ru_rpl_gen][RDS][OP0] TYPE : <1>, RAN1 : <254> ,RAN2 : <254>

07-28 17:15:35.495   312   682 I MAL-Daemon:  (          rds_ru_rpl_gen, 5180) [RDS-I][RU][rds_ru_rpl_gen][RDS][OP0] TYPE : <2>, UI Policy : <3>, RDS Policy : <3>

07-28 17:15:35.495   312   682 I MAL-Daemon:  (      rds_cell_only_orng, 3673) [RDS-I][RU][RDS IMS/MMS][rds_cell_only_orng] 

07-28 17:15:35.495   312   682 I MAL-Daemon:  (          rds_ru_rpl_gen, 5191) [RDS-I][RU][rds_ru_rpl_gen][RDS][OP0] TYPE : <2>, RAN1 : <254> ,RAN2 : <254>

07-28 17:15:35.495   312   682 I MAL-Daemon:  (          rds_ru_rpl_gen, 5180) [RDS-I][RU][rds_ru_rpl_gen][RDS][OP0] TYPE : <3>, UI Policy : <3>, RDS Policy : <3>

07-28 17:15:35.495   312   682 I MAL-Daemon:  (          rds_ru_rpl_gen, 5191) [RDS-I][RU][rds_ru_rpl_gen][RDS][OP0] TYPE : <3>, RAN1 : <255> ,RAN2 : <255>

07-28 17:15:35.495   312   682 I MAL-Daemon:  (          rds_ru_rpl_gen, 5180) [RDS-I][RU][rds_ru_rpl_gen][RDS][OP0] TYPE : <4>, UI Policy : <3>, RDS Policy : <3>

07-28 17:15:35.495   312   682 I MAL-Daemon:  (          rds_ru_rpl_gen, 5191) [RDS-I][RU][rds_ru_rpl_gen][RDS][OP0] TYPE : <4>, RAN1 : <255> ,RAN2 : <255>

07-28 17:15:35.495   312   682 I MAL-Daemon:  (          rds_ru_rpl_gen, 5180) [RDS-I][RU][rds_ru_rpl_gen][RDS][OP0] TYPE : <5>, UI Policy : <3>, RDS Policy : <3>

07-28 17:15:35.495   312   682 I MAL-Daemon:  (          rds_ru_rpl_gen, 5191) [RDS-I][RU][rds_ru_rpl_gen][RDS][OP0] TYPE : <5>, RAN1 : <255> ,RAN2 : <255>

07-28 17:15:35.495   312   682 I MAL-Daemon:  (          rds_ru_rpl_gen, 5191) [RDS-I][RU][rds_ru_rpl_gen][RDS][OP0] TYPE : <6>, RAN1 : <254> ,RAN2 : <254>

07-28 17:15:35.495   312   682 I MAL-Daemon:  (    rds_op_check_feature,  324) [RDS-I][RDS][OP][rds_op_check_feature] operator id(0) check feature<0>, curr_opmsk is <1>, sys_opmsk is <0x0001, 1>

07-28 17:15:35.495   312   682 I MAL-Daemon:  (  rds_ru_ims_vops_update, 4980) [RDS-I][RU][rds_ru_ims_vops_update][RDS IMS]Policy type: 0 IMS VOPS IE is Disabled, update IMS RPL from Ori:(254, 254) New:(254,254)

07-28 17:15:35.495   312   682 I MAL-Daemon:  (  rds_ru_ims_vops_update, 4980) [RDS-I][RU][rds_ru_ims_vops_update][RDS IMS]Policy type: 1 IMS VOPS IE is Disabled, update IMS RPL from Ori:(254, 254) New:(254,254)

07-28 17:15:35.495   312   682 I MAL-Daemon:  (  rds_ru_ims_vops_update, 4980) [RDS-I][RU][rds_ru_ims_vops_update][RDS IMS]Policy type: 2 IMS VOPS IE is Disabled, update IMS RPL from Ori:(254, 254) New:(254,254)

07-28 17:15:35.495   312   682 I MAL-Daemon:  (          rds_ru_rpl_gen, 5215) [RDS-I][RU][rds_ru_rpl_gen][RDS] Current policy: fgimsolte_en<0>, fgwfc_en<0>, erdspolicy<3>, 

07-28 17:15:35.495   312   682 I MAL-Daemon:  (          rds_ru_rpl_gen, 5218) [RDS-I][RU][rds_ru_rpl_gen][RDS] Threshold i4wifirssih<-75>, i4wifirssil<-85>, i4wifirssih_ho<-78>, i4wifirssil_ho<-88>, i4wifisnrh<10>, i4wifisnrl<6>

07-28 17:15:35.495   312   682 I MAL-Daemon:  (          rds_ru_rpl_gen, 5221) [RDS-I][RU][rds_ru_rpl_gen][RDS] Threshold i4ltersrph<-106>, i4ltersrpm<-111>, i4ltersrpl<-116>, i4ltersrqh<5>, i4ltersrqm<3>, i4ltersrql<1>

07-28 17:15:35.495   312   682 I MAL-Daemon:  (          rds_ru_rpl_gen, 5224) [RDS-I][RU][rds_ru_rpl_gen][RDS] current rds ru status: i4wifirssi<-73>, i4wifisnr<9999>, i4ltersrp<-141>, i4ltersrq<0>, u4active_ran<1> 

07-28 17:15:35.495   312   682 I MAL-Daemon:  (          rds_ru_rpl_gen, 5227) [RDS-I][RU][rds_ru_rpl_gen][RDS] current wifi backhaul : rtp_plr<0>, rtp_jitter<0>, ping_ind<0>

07-28 17:15:35.495   312   682 I MAL-Daemon:  (          rds_ru_rpl_gen, 5230) [RDS-I][RU][rds_ru_rpl_gen][RDS] Call stat : IR92<0>, IR94<0> 

07-28 17:15:35.495   312   682 I MAL-Daemon:  (          rds_ru_rpl_gen, 5236) [RDS-I][RU][RDS IMS/MMS][rds_ru_rpl_gen] Ori:(254,254)/(255,255) New:(254,254)/(255,255)

07-28 17:15:35.495   312   682 I MAL-Daemon:  (          rds_ru_rpl_gen, 5241) [RDS-I][RU][RDS IMS/MMS WIFI][rds_ru_rpl_gen] Ori:(254,254)/(255,255) New:(254,254)/(255,255)

07-28 17:15:35.495   312   682 I MAL-Daemon:  (          rds_ru_rpl_gen, 5246) [RDS-I][RU][RDS IMS/MMS CELL][rds_ru_rpl_gen] Ori:(254,254)/(255,255) New:(254,254)/(255,255)

07-28 17:15:35.495   312   682 I MAL-Daemon:  (          rds_ru_rpl_gen, 5250) [RDS-I][RU][RDS EMG][rds_ru_rpl_gen] Ori:(254,254) New:(254,254)

07-28 17:15:35.496  1970  2068 I MFI-Conn:  (     mfia_task_bootstrap,  944) mfia_task_bootstrap(): an event 614 incoming

07-28 17:15:35.496  1970  2068 I MFI-Conn:  (     mfia_task_bootstrap,  944) mfia_task_bootstrap(): an event 615 incoming

07-28 17:15:35.496  1970  2110 I MFI-Conn:  (             rds_urc_hdl,  263) [RDS][rds_urc_hdl] RCV Event: 614 

07-28 17:15:35.496  1970  2110 I MFI-Conn:  (             rds_urc_hdl,  378) [RDS][IF][rds_urc_hdl] data_base update: pkterrt(0) 

07-28 17:15:35.496  1970  2110 I MFI-Conn:  (             rds_urc_hdl,  263) [RDS][rds_urc_hdl] RCV Event: 615 

07-28 17:15:35.496  1970  2110 I MFI-Conn:  (             rds_urc_hdl,  388) [RDS][IF][rds_urc_hdl] data_base update: i4wifirssi(-73) 

07-28 17:15:35.525 21880 21880 V MMSLog  : ----------onReceiveWithPrivilege----------

07-28 17:15:35.531   965  1933 D AppOps  : startOperation: allowing code 40 uid 10011 package com.android.mms

07-28 17:15:35.544 21880 21880 D ActivityThread: SVC-Creating service: CreateServiceData{token=android.os.BinderProxy@9b13424 className=com.android.mms.transaction.SmsReceiverService packageName=com.android.mms intent=null}

07-28 17:15:35.554  1464  1464 D ActivityThread: SVC-Creating service: CreateServiceData{token=android.os.BinderProxy@59322a5 className=com.iqoo.secure.ui.antiharassment.InterceptService packageName=com.iqoo.secure intent=null}

07-28 17:15:35.554  1464  1464 D ActivityThread: SVC-CREATE_SERVICE handled : 0 / CreateServiceData{token=android.os.BinderProxy@59322a5 className=com.iqoo.secure.ui.antiharassment.InterceptService packageName=com.iqoo.secure intent=null}

07-28 17:15:35.555  1464  1464 V ActivityThread: handleBindService s=com.iqoo.secure.ui.antiharassment.InterceptService@4d2367a rebind=false

07-28 17:15:35.558   439   439 I thermal_src: wake up function 3

07-28 17:15:35.559   439   439 I thermal_src: TA_DAEMON_CMD_GET_TPCB cmd=0x5, len=4 PCB=37000

07-28 17:15:35.559   439   439 I thermal_src: TA_DAEMON_CMD_SET_TTJ cmd=0x4, len=4 Tj=85000

07-28 17:15:35.559   439   439 I thermal_src: waiting NOTIFY from kernel...

07-28 17:15:35.563   965  1037 V NetworkStats: setKernelCounterSet uid=10058 set=0

07-28 17:15:35.567  1606  2893 I DaemonService: DataUsageService pid = 1464

07-28 17:15:35.571  1464  1464 D ActivityThread: SVC-BIND_SERVICE handled : 0 / BindServiceData{token=android.os.BinderProxy@59322a5 intent=Intent { pkg=com.iqoo.secure cmp=com.iqoo.secure/.ui.antiharassment.InterceptService }}

07-28 17:15:35.576 21880 21880 D ActivityThread: SVC-CREATE_SERVICE handled : 0 / CreateServiceData{token=android.os.BinderProxy@9b13424 className=com.android.mms.transaction.SmsReceiverService packageName=com.android.mms intent=null}

07-28 17:15:35.576 21880 21880 D ActivityThread: SVC-Calling onStartCommand: com.android.mms.transaction.SmsReceiverService@62e5b8d, flags=0, startId=1

07-28 17:15:35.577 21880 21880 D Mms/MMSLog: Message Sent Result Code = 0

07-28 17:15:35.577 21880 21880 D ActivityThread: SVC-SERVICE_ARGS handled : 0 / ServiceArgsData{token=android.os.BinderProxy@9b13424 startId=1 args=Intent { act=com.vivo.telephony.VIVO_SMS_RECEIVED cmp=com.android.mms/.transaction.SmsReceiverService (has extras) }}

07-28 17:15:35.589 21880 21971 D Mms/MMSLog: Sms handleMessage :{ when=-10ms what=0 arg1=1 obj=Intent { act=com.vivo.telephony.VIVO_SMS_RECEIVED cmp=com.android.mms/.transaction.SmsReceiverService (has extras) } target=com.android.mms.transaction.SmsReceiverService$ServiceHandler obj=Intent { act=com.vivo.telephony.VIVO_SMS_RECEIVED cmp=com.android.mms/.transaction.SmsReceiverService (has extras) } }

07-28 17:15:35.589 21880 21971 D SmsReceiverService:  com.vivo.telephony.VIVO_SMS_RECEIVED -----------------

07-28 17:15:35.595   965   993 D ActivityManager: getContentProviderImpl: from caller=android.app.ApplicationThreadProxy@6b0fc48 (pid=21880, userId=0) to get content provider sms cpr=ContentProviderRecord{7af0cc7 u0 com.android.providers.telephony/.SmsProvider}

07-28 17:15:35.595   965   993 D ActivityManager: getContentProviderImpl: updateLruProcessLocked cpr.proc=ProcessRecord{91df9ca 1710:com.android.phone/1001}

07-28 17:15:35.596 21880 21971 D ActivityThread: holder:android.app.IActivityManager$ContentProviderHolder@92c7553, holder.provider:android.content.ContentProviderProxy@4df6e90

07-28 17:15:35.603 21880 21971 D SmsReceiverService: cur==========android.content.ContentResolver$CursorWrapperInner@3230f8e

07-28 17:15:35.604 21880 21971 D SmsReceiverService: cur.getCount ========0

07-28 17:15:35.609 21880 21880 D ActivityThread: SVC-Destroying service: com.android.mms.transaction.SmsReceiverService@62e5b8d

07-28 17:15:35.613 21880 21880 D ActivityThread: SVC-STOP_SERVICE handled : 0 / android.os.BinderProxy@9b13424

07-28 17:15:35.614  1464  1464 D ActivityThread: SVC-UNBIND_SERVICE handled : 0 / BindServiceData{token=android.os.BinderProxy@59322a5 intent=Intent { pkg=com.iqoo.secure cmp=com.iqoo.secure/.ui.antiharassment.InterceptService }}

07-28 17:15:35.615  1606  1619 I DaemonService: DataUsageService pid = 1464

07-28 17:15:35.615  1464  1464 D ActivityThread: SVC-Destroying service: com.iqoo.secure.ui.antiharassment.InterceptService@4d2367a

07-28 17:15:35.615  1464  1464 D ActivityThread: SVC-STOP_SERVICE handled : 0 / android.os.BinderProxy@59322a5

07-28 17:15:35.620   965  1037 V NetworkStats: setKernelCounterSet uid=10058 set=1

07-28 17:15:35.622  1606 19448 I DaemonService: DataUsageService pid = 1464

07-28 17:15:35.985   965  1227 D WifiStateMachine:  ConnectedState (when=-1ms what=131155 arg1=142!CMD_RSSI_POLL  rt=118007927/906467899 142 0 "beta-test" 3c:8c:40:e4:3c:f2 rssi=-72 f=2412 sc=80 link=65 tx=2.0, 0.0, 0.0  rx=0.3 bcn=0 [on:0 tx:0 rx:0 period:3001] from screen [on:0 period:-2005217615] gl hn rssi=-67 ag=0 ticks 5,271,820 ls-=0 [56,56,56,56,56] brc=0 lrc=0 offload-stopped

07-28 17:15:35.986   965  1227 D WifiStateMachine:  L2ConnectedState (when=-2ms what=131155 arg1=142!CMD_RSSI_POLL  rt=118007928/906467899 142 0 "beta-test" 3c:8c:40:e4:3c:f2 rssi=-72 f=2412 sc=80 link=65 tx=2.0, 0.0, 0.0  rx=0.3 bcn=0 [on:0 tx:0 rx:0 period:0] from screen [on:0 period:-2005217615] gl hn rssi=-67 ag=0 ticks 5,271,820 ls-=0 [56,56,56,56,56] brc=0 lrc=0 offload-stopped

07-28 17:15:35.986   965  1227 D WifiStateMachine:  get link layer stats 0

07-28 17:15:35.998  2151  2160 I System  : FinalizerDaemon: finalize objects = 1

07-28 17:15:35.999   965  1227 I WifiStateMachine: fetchRssiLinkSpeedAndFrequencyNative, newRssi:-73, newLinkSpeed:65, SSID:"beta-test"

07-28 17:15:35.999   965  1227 D WifiStateMachine: mLastSignalLevel:2, newSignalLevel:2

07-28 17:15:36.000   965  1227 E WifiStateMachine: calculateWifiScore() we set wifi's score to 1000, so will always set wifi as a default network.

07-28 17:15:36.000   965  1227 V ActivityManager: Broadcast sticky: Intent { act=android.net.wifi.RSSI_CHANGED flg=0x4000010 (has extras) } ordered=false userid=-1 callerApp=ProcessRecord{f5c5ef3 965:system/1000}

07-28 17:15:36.001   965  1256 D WifiWatchdogStateMachine: RSSI current: 2 new: -73, 2

07-28 17:15:36.002  1322  1836 I VivoNetworkController: SystemUI|action = android.net.wifi.RSSI_CHANGED

07-28 17:15:36.062   439   439 I thermal_src: wake up function 3

07-28 17:15:36.062   439   439 I thermal_src: TA_DAEMON_CMD_GET_TPCB cmd=0x5, len=4 PCB=37000

07-28 17:15:36.062   439   439 I thermal_src: TA_DAEMON_CMD_SET_TTJ cmd=0x4, len=4 Tj=85000

07-28 17:15:36.062   439   439 I thermal_src: waiting NOTIFY from kernel...

07-28 17:15:36.063  2678  2683 D FRR     : buff=0x7fb368b240, len=192

07-28 17:15:36.063  2678  2683 D FRR     : uevent[0]=0x7fb368b240, len=48, "change@/devices/platform/battery/power_supply/ac"

07-28 17:15:36.064  2678  2683 D FRR     : voteFps(60, 0)

07-28 17:15:36.064  2678  2683 D FRR     : ThermalListener loop:

07-28 17:15:36.064  2678  2683 D FRR     : buff=0x7fb368b240, len=195

07-28 17:15:36.064  2678  2683 D FRR     : uevent[0]=0x7fb368b240, len=49, "change@/devices/platform/battery/power_supply/usb"

07-28 17:15:36.064  2678  2683 D FRR     : voteFps(60, 0)

07-28 17:15:36.064  2678  2683 D FRR     : ThermalListener loop:

07-28 17:15:36.064  2678  2683 D FRR     : buff=0x7fb368b240, len=210

07-28 17:15:36.064  2678  2683 D FRR     : uevent[0]=0x7fb368b240, len=54, "change@/devices/platform/battery/power_supply/wireless"

07-28 17:15:36.064  2678  2683 D FRR     : voteFps(60, 0)

07-28 17:15:36.064  2678  2683 D FRR     : ThermalListener loop:

07-28 17:15:36.065   965  1361 V BatteryService: VNOILBS mScreenOn=true level=100 mCriticalBatteryLevel=3 mNotificationLowBatteryStates=false OS_VERSION=true mNotificationChargeStates=true status=5

07-28 17:15:36.065   965  1361 V BatteryService: VNOILBS, turn off battery light.

07-28 17:15:36.066   965  1361 V BatteryService: VNOILBS mScreenOn=true level=100 mCriticalBatteryLevel=3 mNotificationLowBatteryStates=false OS_VERSION=true mNotificationChargeStates=true status=5

07-28 17:15:36.066   965  1361 V BatteryService: VNOILBS, turn off battery light.

07-28 17:15:36.066   965  1361 V BatteryService: VNOILBS mScreenOn=true level=100 mCriticalBatteryLevel=3 mNotificationLowBatteryStates=false OS_VERSION=true mNotificationChargeStates=true status=5

07-28 17:15:36.066   965  1361 V BatteryService: VNOILBS, turn off battery light.

07-28 17:15:36.051   824   824 W viarild : type=1400 audit(0.0:124138): avc: denied { write } for name="mal-mfi" dev="tmpfs" ino=8735 scontext=u:r:viarild:s0 tcontext=u:object_r:mal_mfi_socket:s0 tclass=sock_file permissive=0

07-28 17:15:36.067   798   824 E MFI-Conn:  (     mfia_task_bootstrap,  587) mfia_task_bootstrap(): retrying to connect to mal-mfi error 13!! ====

07-28 17:15:36.072  2678  2683 D FRR     : buff=0x7fb368b240, len=957

07-28 17:15:36.073  2678  2683 D FRR     : uevent[0]=0x7fb368b240, len=53, "change@/devices/platform/battery/power_supply/battery"

07-28 17:15:36.073  2678  2683 D FRR     : voteFps(60, 0)

07-28 17:15:36.073  2678  2683 D FRR     : ThermalListener loop:

07-28 17:15:36.073   965   979 D BatteryService: mBatteryVoltage=4355, batteryLevel=50

07-28 17:15:36.074   965   979 V BatteryService: VNOILBS mScreenOn=true level=100 mCriticalBatteryLevel=3 mNotificationLowBatteryStates=false OS_VERSION=true mNotificationChargeStates=true status=5

07-28 17:15:36.074   965   979 V BatteryService: VNOILBS, turn off battery light.

07-28 17:15:36.074   965   965 V ActivityManager: Broadcast sticky: Intent { act=android.intent.action.BATTERY_CHANGED flg=0x60000010 (has extras) } ordered=false userid=-1 callerApp=null

07-28 17:15:36.075   965   965 D FeatureService: onReceive action android.intent.action.BATTERY_CHANGED

07-28 17:15:36.075   965   965 D WifiService: onReceive, action:android.intent.action.BATTERY_CHANGED

07-28 17:15:36.077  1997  1997 D SwitcherUpdateMonitor: receive broadcast, action = android.intent.action.BATTERY_CHANGED

07-28 17:15:36.078  7934  7934 D MusicService: ========action = android.intent.action.BATTERY_CHANGED

07-28 17:15:36.078  1322  1322 D KeyguardUpdateMonitor: received broadcast android.intent.action.BATTERY_CHANGED

07-28 17:15:36.078  1322  1322 I BatteryController: SystemUI|status = 5, mLastStatus = 5, mPluggedIn = true, mLastPluggedIn = true

07-28 17:15:36.079   965  1229 D WifiController: DeviceActiveState{ when=-4ms what=155652 arg1=2 target=com.android.internal.util.StateMachine$SmHandler }

07-28 17:15:36.079   965  1229 D WifiController: StaEnabledState{ when=-4ms what=155652 arg1=2 target=com.android.internal.util.StateMachine$SmHandler }

07-28 17:15:36.079  1484  1484 I WarningMessage: receiver: action isandroid.intent.action.BATTERY_CHANGED mBatteryPowerConnetDialog=true mShowChargerOverVoltageDialog=true

07-28 17:15:36.079   965  1229 D WifiController: DefaultState{ when=-4ms what=155652 arg1=2 target=com.android.internal.util.StateMachine$SmHandler }

07-28 17:15:36.079  1322  1322 I BatteryController: SystemUI|mLevel = 100, mLastLevel = 100

07-28 17:15:36.079   965  1229 D WifiController: battery changed pluggedType: 2

07-28 17:15:36.079  1484  1484 D DeviceListener: ++onReceive++:android.intent.action.BATTERY_CHANGED

07-28 17:15:36.079  1484  1484 D DeviceListener: onReceiveandroid.intent.action.BATTERY_CHANGED

07-28 17:15:36.079  1484  1484 I UsbDeviceManagerService: mUsbReceiver action:android.intent.action.BATTERY_CHANGED mConnected:false mLastConnected:false

07-28 17:15:36.079  1322  1322 D PowerUI : buckets   .....15 .. 10 .. 3

07-28 17:15:36.079  1322  1322 D PowerUI : level          100 --> 100

07-28 17:15:36.079  1322  1322 D PowerUI : status         5 --> 5

07-28 17:15:36.079  1322  1322 D PowerUI : plugType       2 --> 2

07-28 17:15:36.079  1322  1322 D PowerUI : invalidCharger 0 --> 0

07-28 17:15:36.079  1322  1322 D PowerUI : bucket         1 --> 1

07-28 17:15:36.079  1322  1322 D PowerUI : plugged        true --> true

07-28 17:15:36.081   965  2012 V ActivityManager: Broadcast: Intent { act=com.vivo.dismiss.lowpower flg=0x10 } ordered=false userid=0 callerApp=ProcessRecord{a9d1b8a 1322:com.android.systemui/u0a17}

07-28 17:15:36.081  2015  2023 I System  : FinalizerDaemon: finalize objects = 263

07-28 17:15:36.081  1322  1322 D KeyguardUpdateMonitor: handleBatteryUpdate

07-28 17:15:36.081  1322  1322 I KeyguardSmartUpdateMonitor: handleChargingModeChanged, mQuickChargeHealth = 2, batteryHealth = 2

07-28 17:15:36.082  1322  1322 I KeyguardSmartUpdateMonitor: handleChargingModeChanged, mCurrentEngineState = 0, engineState = -2

07-28 17:15:36.169   307  2293 I BufferQueueProducer: [StatusBar](this:0x7f9ed4a800,id:6,api:1,p:1322,c:307) queueBuffer: fps=0.33 dur=3006.53 max=3006.53 min=3006.53

07-28 17:15:36.180   307   307 I SurfaceFlinger: [Built-in Screen (type:0)] fps:0.332716,dur:3005.57,max:3005.57,min:3005.57

07-28 17:15:36.574  3745  3752 I System  : FinalizerDaemon: finalize objects = 9

07-28 17:15:36.620  1484  3817 I System.out: [socket][2655:43051] exception

07-28 17:15:36.622   411  1172 D SocketClient: SocketClient sendData done: 

07-28 17:15:36.628  1484  3817 I System.out: [CDS]rx timeout:8000

07-28 17:15:36.628  1484  3817 I System.out: [socket][2655] connection clients3.google.com/64.233.189.138:80;LocalPort=45921(8000)

07-28 17:15:36.628  1484  3817 I System.out: [CDS]connect[clients3.google.com/64.233.189.138:80] tm:8

07-28 17:15:36.628  1484  3817 D Posix   : [Posix_connect Debug]Process com.vivo.daemonService :80 

07-28 17:15:36.629   411  1172 D SocketClient: SocketClient sendData done: 

07-28 17:15:36.785   427   793 E VT      : [SRV] [VT THREAD] [VT_Bind] des = volte_imsvt1 Fail to connect . retry count: 39309

07-28 17:15:36.786   427   793 D VT      : [SRV] isIMCBrun : False

07-28 17:15:36.857   441   441 I thermal_repeater: select timeout

07-28 17:15:37.068   798   824 E MFI-Conn:  (     mfia_task_bootstrap,  587) mfia_task_bootstrap(): retrying to connect to mal-mfi error 13!! ====

07-28 17:15:37.061   824   824 W viarild : type=1400 audit(0.0:124139): avc: denied { write } for name="mal-mfi" dev="tmpfs" ino=8735 scontext=u:r:viarild:s0 tcontext=u:object_r:mal_mfi_socket:s0 tclass=sock_file permissive=0

07-28 17:15:38.068   798   824 E MFI-Conn:  (     mfia_task_bootstrap,  587) mfia_task_bootstrap(): retrying to connect to mal-mfi error 13!! ====

07-28 17:15:38.061   824   824 W viarild : type=1400 audit(0.0:124140): avc: denied { write } for name="mal-mfi" dev="tmpfs" ino=8735 scontext=u:r:viarild:s0 tcontext=u:object_r:mal_mfi_socket:s0 tclass=sock_file permissive=0

07-28 17:15:38.481   312 18192 I MAL-Daemon:  (        ru_syssig_hndler,  436) [RDS-I][ru_syssig_hndler] Send Event: 688 

07-28 17:15:38.481   312 18192 I MAL-Daemon:  (        ru_syssig_hndler,  437) [RDS-I][RDS][RU][ru_syssig_hndler] ru_check_ctx_ptr<0xf5f34d9c, 0xf5f34d9c>

07-28 17:15:38.481   312 18192 W MAL-Daemon:  (    mdfx_task_send_event,  636) mdfx_task_send_event(): [ACT] should NOT enter this leagcy API!!

07-28 17:15:38.481   312 18192 I MAL-Daemon:  (    ru_send_event_entity,  368) [RDS-I][RDS][RU][ru_send_event_entity] send event 688 to 602 with ret(0)

07-28 17:15:38.481   312   682 I MAL-Daemon:  (             rds_ru_task,  454) [RDS-I][RU][rds_ru_task] RCV Event: 688 

07-28 17:15:38.493   312   682 D MAL-Daemon:  (     ru_wsl_poll_wpainfo,  657) [RDS-D][RDS][RU][ru_wsl_poll_wpainfo]socket recv pktlen(48) 

07-28 17:15:38.493   312   682 D MAL-Daemon:  (rds_ru_ws_rssi_timer_exp,  770) [RDS-D][RU][rds_ru_ws_rssi_timer_expire_hdlr][RDS] get rssi = -73, snr = 9999 

07-28 17:15:38.496   312   682 I MAL-Daemon:  (          ru_get_netstat, 5599) [RDS-I][RU][ru_get_netstat] netstat <thrghpt, pkterrt>, wifi <222, 0%>, mobile <0, 0%>

07-28 17:15:38.496   312   682 I MAL-Daemon:  (    ru_send_event_entity,  368) [RDS-I][RDS][RU][ru_send_event_entity] send event 614 to 1236 with ret(0)

07-28 17:15:38.496  1970  2068 I MFI-Conn:  (     mfia_task_bootstrap,  944) mfia_task_bootstrap(): an event 614 incoming

07-28 17:15:38.497  1970  2110 I MFI-Conn:  (             rds_urc_hdl,  263) [RDS][rds_urc_hdl] RCV Event: 614 

07-28 17:15:38.497  1970  2110 I MFI-Conn:  (             rds_urc_hdl,  378) [RDS][IF][rds_urc_hdl] data_base update: pkterrt(0) 

07-28 17:15:39.004   965  1227 D WifiStateMachine:  ConnectedState (when=-4ms what=131155 arg1=142!CMD_RSSI_POLL  rt=118010946/906470918 142 0 "beta-test" 3c:8c:40:e4:3c:f2 rssi=-73 f=2412 sc=80 link=65 tx=1.5, 0.0, 0.0  rx=0.1 bcn=0 [on:0 tx:0 rx:0 period:3002] from screen [on:0 period:-2005214596] gl hn rssi=-68 ag=0 ticks 5,271,820 ls-=0 [56,56,56,56,56] brc=0 lrc=0 offload-stopped

07-28 17:15:39.005   965  1227 D WifiStateMachine:  L2ConnectedState (when=-5ms what=131155 arg1=142!CMD_RSSI_POLL  rt=118010947/906470919 142 0 "beta-test" 3c:8c:40:e4:3c:f2 rssi=-73 f=2412 sc=80 link=65 tx=1.5, 0.0, 0.0  rx=0.1 bcn=0 [on:0 tx:0 rx:0 period:1] from screen [on:0 period:-2005214595] gl hn rssi=-68 ag=0 ticks 5,271,820 ls-=0 [56,56,56,56,56] brc=0 lrc=0 offload-stopped

07-28 17:15:39.005   965  1227 D WifiStateMachine:  get link layer stats 0

07-28 17:15:39.018   965  1227 I WifiStateMachine: fetchRssiLinkSpeedAndFrequencyNative, newRssi:-73, newLinkSpeed:65, SSID:"beta-test"

07-28 17:15:39.018   965  1227 D WifiStateMachine: mLastSignalLevel:2, newSignalLevel:2

07-28 17:15:39.019   965  1227 E WifiStateMachine: calculateWifiScore() we set wifi's score to 1000, so will always set wifi as a default network.

07-28 17:15:39.019   965  1227 V ActivityManager: Broadcast sticky: Intent { act=android.net.wifi.RSSI_CHANGED flg=0x4000010 (has extras) } ordered=false userid=-1 callerApp=ProcessRecord{f5c5ef3 965:system/1000}

07-28 17:15:39.024   965  1256 D WifiWatchdogStateMachine: RSSI current: 2 new: -73, 2

07-28 17:15:39.024  1322  1836 I VivoNetworkController: SystemUI|action = android.net.wifi.RSSI_CHANGED

07-28 17:15:39.068   798   824 E MFI-Conn:  (     mfia_task_bootstrap,  587) mfia_task_bootstrap(): retrying to connect to mal-mfi error 13!! ====

07-28 17:15:39.061   824   824 W viarild : type=1400 audit(0.0:124141): avc: denied { write } for name="mal-mfi" dev="tmpfs" ino=8735 scontext=u:r:viarild:s0 tcontext=u:object_r:mal_mfi_socket:s0 tclass=sock_file permissive=0

07-28 17:15:39.174   307  2293 I BufferQueueProducer: [StatusBar](this:0x7f9ed4a800,id:6,api:1,p:1322,c:307) queueBuffer: fps=0.33 dur=3005.22 max=3005.22 min=3005.22

07-28 17:15:39.186   307   307 I SurfaceFlinger: [Built-in Screen (type:0)] fps:0.332628,dur:3006.36,max:3006.36,min:3006.36

07-28 17:15:39.786   427   793 E VT      : [SRV] [VT THREAD] [VT_Bind] des = volte_imsvt1 Fail to connect . retry count: 39310

07-28 17:15:39.786   427   793 D VT      : [SRV] isIMCBrun : False

07-28 17:15:40.069   798   824 E MFI-Conn:  (     mfia_task_bootstrap,  587) mfia_task_bootstrap(): retrying to connect to mal-mfi error 13!! ====

07-28 17:15:40.061   824   824 W viarild : type=1400 audit(0.0:124142): avc: denied { write } for name="mal-mfi" dev="tmpfs" ino=8735 scontext=u:r:viarild:s0 tcontext=u:object_r:mal_mfi_socket:s0 tclass=sock_file permissive=0

07-28 17:15:40.187   307   338 I BufferQueueProducer: [StatusBar](this:0x7f9ed4a800,id:6,api:1,p:1322,c:307) queueBuffer: fps=0.99 dur=1012.96 max=1012.96 min=1012.96

07-28 17:15:40.199   307   307 I SurfaceFlinger: [Built-in Screen (type:0)] fps:0.987356,dur:1012.81,max:1012.81,min:1012.81

07-28 17:15:40.567   439   439 I thermal_src: wake up function 3

07-28 17:15:40.567   439   439 I thermal_src: TA_DAEMON_CMD_GET_TPCB cmd=0x5, len=4 PCB=37000

07-28 17:15:40.567   439   439 I thermal_src: TA_DAEMON_CMD_SET_TTJ cmd=0x4, len=4 Tj=85000

07-28 17:15:40.568   439   439 I thermal_src: waiting NOTIFY from kernel...

07-28 17:15:41.069   798   824 E MFI-Conn:  (     mfia_task_bootstrap,  587) mfia_task_bootstrap(): retrying to connect to mal-mfi error 13!! ====

07-28 17:15:41.061   824   824 W viarild : type=1400 audit(0.0:124143): avc: denied { write } for name="mal-mfi" dev="tmpfs" ino=8735 scontext=u:r:viarild:s0 tcontext=u:object_r:mal_mfi_socket:s0 tclass=sock_file permissive=0

07-28 17:15:41.481   312 18192 I MAL-Daemon:  (        ru_syssig_hndler,  436) [RDS-I][ru_syssig_hndler] Send Event: 688 

07-28 17:15:41.481   312 18192 I MAL-Daemon:  (        ru_syssig_hndler,  437) [RDS-I][RDS][RU][ru_syssig_hndler] ru_check_ctx_ptr<0xf5f34d9c, 0xf5f34d9c>

07-28 17:15:41.481   312 18192 W MAL-Daemon:  (    mdfx_task_send_event,  636) mdfx_task_send_event(): [ACT] should NOT enter this leagcy API!!

07-28 17:15:41.481   312 18192 I MAL-Daemon:  (    ru_send_event_entity,  368) [RDS-I][RDS][RU][ru_send_event_entity] send event 688 to 602 with ret(0)

07-28 17:15:41.481   312   682 I MAL-Daemon:  (             rds_ru_task,  454) [RDS-I][RU][rds_ru_task] RCV Event: 688 

07-28 17:15:41.491   312   682 D MAL-Daemon:  (     ru_wsl_poll_wpainfo,  657) [RDS-D][RDS][RU][ru_wsl_poll_wpainfo]socket recv pktlen(48) 

07-28 17:15:41.491   312   682 D MAL-Daemon:  (rds_ru_ws_rssi_timer_exp,  770) [RDS-D][RU][rds_ru_ws_rssi_timer_expire_hdlr][RDS] get rssi = -72, snr = 9999 

07-28 17:15:41.491   312   682 I MAL-Daemon:  (  ru_wsl_wifi_status_ind,  752) [RDS-I][RDS][RU][ru_wsl_wifi_status_ind] ru_check_ctx_ptr<0xf5f34d9c, 0xf5f34d9c>

07-28 17:15:41.491   312   682 W MAL-Daemon:  (    mdfx_task_send_event,  636) mdfx_task_send_event(): [ACT] should NOT enter this leagcy API!!

07-28 17:15:41.492   312   682 I MAL-Daemon:  (    ru_send_event_entity,  368) [RDS-I][RDS][RU][ru_send_event_entity] send event 604 to 602 with ret(0)

07-28 17:15:41.492   312   682 I MAL-Daemon:  (          ru_get_netstat, 5599) [RDS-I][RU][ru_get_netstat] netstat <thrghpt, pkterrt>, wifi <514, 0%>, mobile <0, 0%>

07-28 17:15:41.492   312   682 I MAL-Daemon:  (    ru_send_event_entity,  368) [RDS-I][RDS][RU][ru_send_event_entity] send event 614 to 1236 with ret(0)

07-28 17:15:41.492   312   682 I MAL-Daemon:  (             rds_ru_task,  454) [RDS-I][RU][rds_ru_task] RCV Event: 604 

07-28 17:15:41.492   312   682 I MAL-Daemon:  (  rds_ru_wifi_status_ind, 1379) [RDS-I][RU][EVENT_RU_WS_WIFI_STATUS_IND] fgwifi_en:1(no use) i4wifirssi:0xffffffb8 i4wifisnr:0x270f

07-28 17:15:41.492   312   682 I MAL-Daemon:  (    ru_send_event_entity,  368) [RDS-I][RDS][RU][ru_send_event_entity] send event 615 to 1236 with ret(0)

07-28 17:15:41.492   312   682 I MAL-Daemon:  (          rds_ru_rpl_gen, 5180) [RDS-I][RU][rds_ru_rpl_gen][RDS][OP0] TYPE : <0>, UI Policy : <3>, RDS Policy : <3>

07-28 17:15:41.492   312   682 I MAL-Daemon:  (      rds_cell_only_orng, 3673) [RDS-I][RU][RDS IMS/MMS][rds_cell_only_orng] 

07-28 17:15:41.492   312   682 I MAL-Daemon:  (          rds_ru_rpl_gen, 5191) [RDS-I][RU][rds_ru_rpl_gen][RDS][OP0] TYPE : <0>, RAN1 : <254> ,RAN2 : <254>

07-28 17:15:41.492   312   682 I MAL-Daemon:  (          rds_ru_rpl_gen, 5180) [RDS-I][RU][rds_ru_rpl_gen][RDS][OP0] TYPE : <1>, UI Policy : <3>, RDS Policy : <3>

07-28 17:15:41.492   312   682 I MAL-Daemon:  (      rds_cell_only_orng, 3673) [RDS-I][RU][RDS IMS/MMS][rds_cell_only_orng] 

07-28 17:15:41.493   312   682 I MAL-Daemon:  (          rds_ru_rpl_gen, 5191) [RDS-I][RU][rds_ru_rpl_gen][RDS][OP0] TYPE : <1>, RAN1 : <254> ,RAN2 : <254>

07-28 17:15:41.493   312   682 I MAL-Daemon:  (          rds_ru_rpl_gen, 5180) [RDS-I][RU][rds_ru_rpl_gen][RDS][OP0] TYPE : <2>, UI Policy : <3>, RDS Policy : <3>

07-28 17:15:41.493   312   682 I MAL-Daemon:  (      rds_cell_only_orng, 3673) [RDS-I][RU][RDS IMS/MMS][rds_cell_only_orng] 

07-28 17:15:41.493   312   682 I MAL-Daemon:  (          rds_ru_rpl_gen, 5191) [RDS-I][RU][rds_ru_rpl_gen][RDS][OP0] TYPE : <2>, RAN1 : <254> ,RAN2 : <254>

07-28 17:15:41.493  1970  2068 I MFI-Conn:  (     mfia_task_bootstrap,  944) mfia_task_bootstrap(): an event 614 incoming

07-28 17:15:41.493  1970  2068 I MFI-Conn:  (     mfia_task_bootstrap,  944) mfia_task_bootstrap(): an event 615 incoming

07-28 17:15:41.493  1970  2110 I MFI-Conn:  (             rds_urc_hdl,  263) [RDS][rds_urc_hdl] RCV Event: 614 

07-28 17:15:41.493  1970  2110 I MFI-Conn:  (             rds_urc_hdl,  378) [RDS][IF][rds_urc_hdl] data_base update: pkterrt(0) 

07-28 17:15:41.493  1970  2110 I MFI-Conn:  (             rds_urc_hdl,  263) [RDS][rds_urc_hdl] RCV Event: 615 

