07-28 17:14:17.505  3745  3756 I SmartDialProvider: check smart dialer service....

07-28 17:14:17.506   965  1362 I AccountManagerService: getTypesVisibleToCaller: isPermitted? true

07-28 17:14:17.507   965   979 D SQLiteDatabase: beginTransaction()

07-28 17:14:17.507  3745  3756 I SmartDialProvider: smart dialer service is running.

07-28 17:14:17.508   307   307 I BufferQueueConsumer: [com.android.mms/com.android.mms.ui.ConversationList](this:0x7f9db09800,id:1233,api:1,p:-1,c:-1) disconnect(C)

07-28 17:14:17.509   307   307 I BufferQueue: [com.android.mms/com.android.mms.ui.ConversationList](this:0x7f9db09800,id:1233,api:1,p:-1,c:-1) ~BufferQueueCore

07-28 17:14:17.509   307   307 D GraphicBuffer: free, handle(0x7fa221ed60) (w:720 h:1280 s:720 f:0x1 u:0x000b00)

07-28 17:14:17.509   307   307 I [MALI][Gralloc]: [-]hnd(0x7fa221ed60), client(30), share_fd(112)

07-28 17:14:17.511   965   979 D SQLiteDatabase: endTransaction()

07-28 17:14:17.517   965  1361 I AccountManagerService: getTypesVisibleToCaller: isPermitted? true

07-28 17:14:17.518   965  1969 D SQLiteDatabase: beginTransaction()

07-28 17:14:17.519  1484  1914 I LocationDialogService: onForegroundActivitiesChanged() pid = 20916, uid = 10011, foregroundActivities = false

07-28 17:14:17.519  1997  1314 D StatusBar.ForegroundActivityObserver: UpSlide|less than 1000ms,no need to reload recent

07-28 17:14:17.519  1464  4018 I SLService2: HAHA2 pid = 20916, uid = 10011, f = false

07-28 17:14:17.520  1464  4018 D DataUsagePrefs: getDataUsageNetworkForbinddenReminder value:true

07-28 17:14:17.520   965  1969 D SQLiteDatabase: endTransaction()

07-28 17:14:17.521  1484  1914 I LocationDialogService: onForegroundActivitiesChanged name Process == com.bbk.cloud

07-28 17:14:17.521  1484  1914 I LocationDialogService: removeGpsDialog

07-28 17:14:17.521  1484  1914 I LocationDialogService: already remove

07-28 17:14:17.523  1464  1918 I FloatWindowManagerService: chan pid = 20916, id = 10011, fore  = false ; n is : com.android.mms

07-28 17:14:17.524  1464  1918 I FloatWindowManagerService: state is : 0

07-28 17:14:17.527   965   979 I AccountManagerService: getTypesVisibleToCaller: isPermitted? true

07-28 17:14:17.527  1464  4018 I CusWid/ManagerWidget: foreground activity change ,process name: com.android.mms,foregroundActivities: false,launcherName: com.bbk.launcher2,lastlauncher: null

07-28 17:14:17.528   965  1933 D SQLiteDatabase: beginTransaction()

07-28 17:14:17.530   965  1933 D SQLiteDatabase: endTransaction()

07-28 17:14:17.535 20986 21024 D BBKAccountManager: message.obj ={"sk":"ef666e46d9c4bb081250d0272bd0cc0a","nickname":"","email":"","name":"","phonenum":"13088884762","msg":"处理成功","stat":"200"}

07-28 17:14:17.535   965  1947 I AccountManagerService: getTypesVisibleToCaller: isPermitted? true

07-28 17:14:17.536 20986 20986 I BBKAccountManager: ------k:Username---------

07-28 17:14:17.537 20986 20986 I BBKCloud.BaseActivity: onAccountInfoResult = {"Username":null}

07-28 17:14:17.567   965  1227 D WifiStateMachine:  ConnectedState (when=-4ms what=131155 arg1=142!CMD_RSSI_POLL  rt=117929509/906389481 142 0 "beta-test" 3c:8c:40:e4:3c:f2 rssi=-67 f=2412 sc=80 link=65 tx=1.4, 0.0, 0.0  rx=0.5 bcn=0 [on:0 tx:0 rx:0 period:3003] from screen [on:0 period:-2005296033] gl hn rssi=-62 ag=0 hr ticks 5,271,819 ls-=0 [56,56,56,56,61] brc=0 lrc=0 offload-stopped

07-28 17:14:17.568   965  1227 D WifiStateMachine:  L2ConnectedState (when=-5ms what=131155 arg1=142!CMD_RSSI_POLL  rt=117929510/906389482 142 0 "beta-test" 3c:8c:40:e4:3c:f2 rssi=-67 f=2412 sc=80 link=65 tx=1.4, 0.0, 0.0  rx=0.5 bcn=0 [on:0 tx:0 rx:0 period:1] from screen [on:0 period:-2005296032] gl hn rssi=-62 ag=0 hr ticks 5,271,819 ls-=0 [56,56,56,56,61] brc=0 lrc=0 offload-stopped

07-28 17:14:17.568   965  1227 D WifiStateMachine:  get link layer stats 0

07-28 17:14:17.570   965  1227 I WifiStateMachine: fetchRssiLinkSpeedAndFrequencyNative, newRssi:-66, newLinkSpeed:65, SSID:"beta-test"

07-28 17:14:17.570   965  1227 D WifiStateMachine: mLastSignalLevel:2, newSignalLevel:2

07-28 17:14:17.570   965  1227 E WifiStateMachine: calculateWifiScore() we set wifi's score to 1000, so will always set wifi as a default network.

07-28 17:14:17.571   965  1227 V ActivityManager: Broadcast sticky: Intent { act=android.net.wifi.RSSI_CHANGED flg=0x4000010 (has extras) } ordered=false userid=-1 callerApp=ProcessRecord{f5c5ef3 965:system/1000}

07-28 17:14:17.572   965  1256 D WifiWatchdogStateMachine: RSSI current: 2 new: -66, 2

07-28 17:14:17.572  1322  1836 I VivoNetworkController: SystemUI|action = android.net.wifi.RSSI_CHANGED

07-28 17:14:17.990   965  1219 I PerfService: PerfServiceNative_boostEnableAsync:3

07-28 17:14:18.000   307   340 I BufferQueueProducer: [com.bbk.cloud/com.bbk.cloud.ui.VCloudUnloginActivity](this:0x7f9db03400,id:1235,api:1,p:20986,c:307) new GraphicBuffer needed

07-28 17:14:18.001   307   340 D GraphicBuffer: free, handle(0x7fa221dc80) (w:720 h:1280 s:720 f:0x1 u:0x000900)

07-28 17:14:18.001   307   340 I [MALI][Gralloc]: [-]hnd(0x7fa221dc80), client(30), share_fd(31)

07-28 17:14:18.003   307   340 I [MALI][Gralloc]: [+]hnd(0x7fa221dc80), client(30), share_fd(31), hnd->flags:4

07-28 17:14:18.004   307   340 D GraphicBuffer: alloc, handle(0x7fa221dc80) (w:720 h:1280 s:720 f:0x1 u:0x000b00) err(0)

07-28 17:14:18.005 20986 21032 I [MALI][Gralloc]: [+]r_hnd(0xf3f3dbc0), client(59), share_fd(61)

07-28 17:14:18.005 20986 21032 D GraphicBuffer: register, handle(0xf3f3dbc0) (w:720 h:1280 s:720 f:0x1 u:0x000b00)

07-28 17:14:18.015   307   307 D MALI    : eglCreateImageKHR:511: [Crop] 0 0 0 0  img[720 1280] 

07-28 17:14:18.017   798   824 E MFI-Conn:  (     mfia_task_bootstrap,  587) mfia_task_bootstrap(): retrying to connect to mal-mfi error 13!! ====

07-28 17:14:18.011   824   824 W viarild : type=1400 audit(0.0:124058): avc: denied { write } for name="mal-mfi" dev="tmpfs" ino=8735 scontext=u:r:viarild:s0 tcontext=u:object_r:mal_mfi_socket:s0 tclass=sock_file permissive=0

07-28 17:14:18.033   307  2293 I BufferQueueProducer: [StatusBar](this:0x7f9ed4a800,id:6,api:1,p:1322,c:307) queueBuffer: fps=0.51 dur=1979.48 max=1979.48 min=1979.48

07-28 17:14:18.049   965  1219 I PerfService: PerfServiceNative_boostEnableTimeoutMsAsync:3, 100

07-28 17:14:18.056   965  1507 V VivoStats: noteActivityPausedLocked uid = 10027

07-28 17:14:18.059 20986 20986 D ActivityThread: ACT-AM_ON_PAUSE_CALLED ActivityRecord{f532282 token=android.os.BinderProxy@d757d93 {com.bbk.cloud/com.bbk.cloud.ui.VCloudUnloginActivity}}

07-28 17:14:18.061   965  1253 I libPerfService: perfSetFavorPid - pid:20916, 51b4

07-28 17:14:18.063   965  1969 V VivoStats: noteActivityResumedLocked uid = 10011, mLastUid = 10027

07-28 17:14:18.064  1484  1500 V PowerEffectManager: noteActivity uid = 10011, name = com.android.mms.ui.ConversationList

07-28 17:14:18.064  1484  1500 V PowerEffectManager: noteAppResumed uid = 10011, lastUid = 10027

07-28 17:14:18.066   965  1939 V WindowManager: Changing focus from Window{8179f8a u0 com.bbk.cloud/com.bbk.cloud.ui.VCloudUnloginActivity} to null Callers=com.android.server.wm.WindowManagerService.relayoutWindow:3753 com.android.server.wm.Session.relayout:201 android.view.IWindowSession$Stub.onTransact:284 com.android.server.wm.Session.onTransact:133 

07-28 17:14:18.069   965  1080 I WindowManager: Losing focus: Window{8179f8a u0 com.bbk.cloud/com.bbk.cloud.ui.VCloudUnloginActivity}

07-28 17:14:18.070   965  1969 D ActivityManager: Delay resumeKeyDispatchingLocked() to avoid deadlock.

07-28 17:14:18.070 20916 20916 V ActivityThread: Performing resume of ActivityRecord{3f57a26 token=android.os.BinderProxy@a20c667 {com.android.mms/com.android.mms.ui.ConversationList}}

07-28 17:14:18.071 20986 20986 D ActivityThread: ACT-PAUSE_ACTIVITY_FINISHING handled : 0 / android.os.BinderProxy@d757d93

07-28 17:14:18.072  1484  1534 I LocationDialogService: onForegroundActivitiesChanged() pid = 20916, uid = 10011, foregroundActivities = true

07-28 17:14:18.072  1464  1493 I SLService2: HAHA2 pid = 20916, uid = 10011, f = true

07-28 17:14:18.072  1997  2011 D StatusBar.ForegroundActivityObserver: UpSlide|ForegroundActivitiesChanged, need to reload recent

07-28 17:14:18.072   965  1266 D UserModifyRecorder: pakage name is com.android.mms:10011with :10011

07-28 17:14:18.072  1464  1493 D DataUsagePrefs: getDataUsageNetworkForbinddenReminder value:true

07-28 17:14:18.073   965  1361 V ActivityManager: Broadcast: Intent { act=com.android.mms.open flg=0x10 } ordered=false userid=0 callerApp=ProcessRecord{f39bb31 20916:com.android.mms/u0a11}

07-28 17:14:18.074  1484  1534 I LocationDialogService: onForegroundActivitiesChanged name Process == com.android.mms

07-28 17:14:18.075 20916 20916 D Mms/ConversationList: ---------------------onStart-------------------------

07-28 17:14:18.075 20916 20916 D Mms/ConversationList: ---------startAsyncQuery---

07-28 17:14:18.076  1464  1493 I SLService3: runningNetworkLimitReminder ConnectivityManager not null， uid = 10011

07-28 17:14:18.076   965  1037 V NetworkStats: setKernelCounterSet uid=10011 set=1

07-28 17:14:18.077   965  1957 D CSLegacyTypeTracker: getNetworkForType type 1

07-28 17:14:18.077  1997  2011 D StatusBar.ForegroundActivityObserver: UpSlide|change from [ com.bbk.cloud] to [com.android.mms]!

07-28 17:14:18.077  1997  2011 I RecentHelper: UpSlide|oldPkg = com.bbk.cloud,newPkg = com.android.mms, mSpeedUpStarted = false

07-28 17:14:18.077  1997  2011 D VivoRecentTasksLoader: UpSlide|loadRecentInBackground, loadType = 2

07-28 17:14:18.078   965  1957 D ConnectivityService: getActiveNetworkInfo networkInfo = [type: WIFI[], state: CONNECTED/CONNECTED, reason: (unspecified), extra: "beta-test", roaming: false, failover: false, isAvailable: true]

07-28 17:14:18.078   965  2010 D CSLegacyTypeTracker: getNetworkForType type 0

07-28 17:14:18.079  1997 23470 D VivoRecentTasksLoader: UpSlide|doInBackground---start

07-28 17:14:18.079  1710  1740 D MmsService: MmsService vivoTelephonyApi() tag = API_TAG_cancelNotification

07-28 17:14:18.081   307   307 D MALI    : eglCreateImageKHR:511: [Crop] 0 0 0 0  img[720 1280] 

07-28 17:14:18.081  1464  1918 I FloatWindowManagerService: chan pid = 20916, id = 10011, fore  = true ; n is : com.android.mms

07-28 17:14:18.083   307   307 I SurfaceFlinger: [Built-in Screen (type:0)] fps:26.979548,dur:1000.76,max:505.18,min:13.47

07-28 17:14:18.083  1997 23470 I VivoRecentTasksLoader: UpSlide|getRecentTasks: pkg = com.android.mms, t.persistentId = 79, t.id = 79, t.userId = 0, isExcluded = false, isFirstValidTask = true

07-28 17:14:18.084  1997 23470 I VivoRecentTasksLoader: UpSlide|getRecentTasks: pkg = com.bbk.cloud, t.persistentId = 83, t.id = -1, t.userId = 0, isExcluded = false, isFirstValidTask = false

07-28 17:14:18.084  1997 23470 I VivoRecentTasksLoader: UpSlide|getRecentTasks: pkg = com.android.camera, t.persistentId = 68, t.id = 68, t.userId = 0, isExcluded = false, isFirstValidTask = false

07-28 17:14:18.084  1997 23470 I VivoRecentTasksLoader: UpSlide|getRecentTasks: pkg = com.vivo.weather, t.persistentId = 71, t.id = -1, t.userId = 0, isExcluded = false, isFirstValidTask = false

07-28 17:14:18.084  1997 23470 I VivoRecentTasksLoader: UpSlide|getRecentTasks: pkg = com.android.bbkmusic, t.persistentId = 66, t.id = 66, t.userId = 0, isExcluded = false, isFirstValidTask = false

07-28 17:14:18.084  1997 23470 I VivoRecentTasksLoader: UpSlide|getRecentTasks: pkg = com.android.tethersettings, t.persistentId = 64, t.id = 64, t.userId = 0, isExcluded = true, isFirstValidTask = false

07-28 17:14:18.084  1464  1493 I CusWid/ManagerWidget: foreground activity change ,process name: com.android.mms,foregroundActivities: true,launcherName: com.bbk.launcher2,lastlauncher: null

07-28 17:14:18.085  1997 23470 I VivoRecentTasksLoader: UpSlide|getRecentTasks: pkg = com.android.settings, t.persistentId = 4, t.id = 4, t.userId = 0, isExcluded = false, isFirstValidTask = false

07-28 17:14:18.085  1997 23470 I VivoRecentTasksLoader: UpSlide|getRecentTasks: pkg = com.tencent.mm, t.persistentId = 49, t.id = 49, t.userId = 0, isExcluded = false, isFirstValidTask = false

07-28 17:14:18.085  1997 23470 I VivoRecentTasksLoader: UpSlide|getRecentTasks: pkg = com.icarbonx.meum, t.persistentId = 48, t.id = -1, t.userId = 0, isExcluded = false, isFirstValidTask = false

07-28 17:14:18.085  1997 23470 I VivoRecentTasksLoader: UpSlide|getRecentTasks: pkg = com.android.wifisettings, t.persistentId = 35, t.id = 35, t.userId = 0, isExcluded = true, isFirstValidTask = false

07-28 17:14:18.086  1710  2297 D MmsService: MmsService vivoTelephonyApi() tag = API_TAG_cancelNotification

07-28 17:14:18.088 20916 20916 D Mms/ConversationList: --------------onResume---------------

07-28 17:14:18.088 20916 20916 I MmsConfig: getIncomingUserHandle caller=10011, myuid=10011

07-28 17:14:18.088 20916 20916 I MmsConfig: 	com.android.mms.MmsConfig.getDefaultSms:424 com.android.mms.MmsConfig.isSmsEnabled:412 com.android.mms.ui.ConversationList.onResume:1002 android.app.Instrumentation.callActivityOnResume:1274 

07-28 17:14:18.089 20916 20916 D ActivityThread: ACT-AM_ON_RESUME_CALLED ActivityRecord{3f57a26 token=android.os.BinderProxy@a20c667 {com.android.mms/com.android.mms.ui.ConversationList}}

07-28 17:14:18.089 20916 20916 V ActivityThread: Resume ActivityRecord{3f57a26 token=android.os.BinderProxy@a20c667 {com.android.mms/com.android.mms.ui.ConversationList}} started activity: false, hideForNow: false, finished: false

07-28 17:14:18.089 20916 20916 V ActivityThread: Resuming ActivityRecord{3f57a26 token=android.os.BinderProxy@a20c667 {com.android.mms/com.android.mms.ui.ConversationList}} with isForward=false

07-28 17:14:18.089 20916 20916 D yuan    : onVisibilityChanged----com.vivo.common.animation.LKListView{1b18447 GFED.VCL. ......I. 0,0-0,0 #102000a android:id/list}

07-28 17:14:18.090 20916 20916 D yuan    : onVisibilityChanged----com.vivo.common.animation.LKListView{eb5916a G.ED.VC.. ......I. 0,0-0,0 #7f0f0020 app:id/search_list_view}

07-28 17:14:18.090  1997 23470 I VivoRecentTasksLoader: UpSlide|NameNotFoundException : null

07-28 17:14:18.093 20916 20916 V PhoneWindow: DecorView setVisiblity: visibility = 0 ,Parent =ViewRoot{dca661b com.android.mms/com.android.mms.ui.ConversationList,ident = 0}, this =com.android.internal.policy.PhoneWindow$DecorView{dd56cbd V.E...... R.....ID 0,0-720,1280}

07-28 17:14:18.093 20916 20916 V ActivityThread: Scheduling idle handler for ActivityRecord{3f57a26 token=android.os.BinderProxy@a20c667 {com.android.mms/com.android.mms.ui.ConversationList}}

07-28 17:14:18.094 20916 20916 D ActivityThread: ACT-RESUME_ACTIVITY handled : 0 / android.os.BinderProxy@a20c667

07-28 17:14:18.094  1997 23470 D VivoTheme: load old package name start

07-28 17:14:18.096   307   307 I BufferQueue: [unnamed-307-1236](this:0x7f9db09800,id:1236,api:0,p:-1,c:-1) BufferQueue core=(307:/system/bin/surfaceflinger)

07-28 17:14:18.096   307   307 I BufferQueueConsumer: [unnamed-307-1236](this:0x7f9db09800,id:1236,api:0,p:-1,c:307) connect(C): consumer=(307:/system/bin/surfaceflinger) controlledByApp=false

07-28 17:14:18.096   307   307 I BufferQueueConsumer: [unnamed-307-1236](this:0x7f9db09800,id:1236,api:0,p:-1,c:307) setConsumerName: unnamed-307-1236

07-28 17:14:18.096   307   307 I BufferQueueConsumer: [com.android.mms/com.android.mms.ui.ConversationList](this:0x7f9db09800,id:1236,api:0,p:-1,c:307) setConsumerName: com.android.mms/com.android.mms.ui.ConversationList

07-28 17:14:18.097   307   307 I BufferQueueConsumer: [com.android.mms/com.android.mms.ui.ConversationList](this:0x7f9db09800,id:1236,api:0,p:-1,c:307) setDefaultBufferSize: width=720 height=1280

07-28 17:14:18.098  1997 23470 D VivoRecentTasksLoader: UpSlide|doInBackground, pkg = com.android.mms

07-28 17:14:18.099  1997 23470 I VivoRecentTasksLoader: UpSlide|NameNotFoundException : null

07-28 17:14:18.099   965  1957 V WindowManager: Changing focus from null to Window{ea3edf0 u0 com.android.mms/com.android.mms.ui.ConversationList} Callers=com.android.server.wm.WindowManagerService.relayoutWindow:3753 com.android.server.wm.Session.relayout:201 android.view.IWindowSession$Stub.onTransact:284 com.android.server.wm.Session.onTransact:133 

07-28 17:14:18.102  1997 23470 D VivoTheme: load old package name start

07-28 17:14:18.104 20916 20916 D Surface : Surface::allocateBuffers(this=0x7f8b07a600)

07-28 17:14:18.104 20916 20955 D OpenGLRenderer: CanvasContext() 0x7f7a82d000 initialize window=0x7f8b07a610, title=com.android.mms/com.android.mms.ui.ConversationList

07-28 17:14:18.104 20916 20955 D Surface : Surface::connect(this=0x7f8b07a600,api=1)

07-28 17:14:18.104   307  4893 D BufferQueueProducer: [](this:0x7f9db09800,id:1236,api:0,p:-1,c:307) allocateBuffers: allocating from 0 buffers up to 3 buffers

07-28 17:14:18.105   965  1080 I WindowManager: Gaining focus: Window{ea3edf0 u0 com.android.mms/com.android.mms.ui.ConversationList}

07-28 17:14:18.105   307  2346 I BufferQueueProducer: [com.android.mms/com.android.mms.ui.ConversationList](this:0x7f9db09800,id:1236,api:1,p:20916,c:307) connect(P): api=1 producer=(20916:com.android.mms) producerControlledByApp=true

07-28 17:14:18.105 20916 20955 W libEGL  : [ANDROID_RECORDABLE] format: 1

07-28 17:14:18.106   307  4893 I [MALI][Gralloc]: [+]hnd(0x7fa1c090a0), client(30), share_fd(99), hnd->flags:4

07-28 17:14:18.106   307  4893 D GraphicBuffer: alloc, handle(0x7fa1c090a0) (w:720 h:1280 s:720 f:0x1 u:0x000900) err(0)

07-28 17:14:18.106 20916 20955 D mali_winsys: new_window_surface returns 0x3000

07-28 17:14:18.107   307  4893 I [MALI][Gralloc]: [+]hnd(0x7fa1c093c0), client(30), share_fd(107), hnd->flags:4

07-28 17:14:18.107   307  4893 D GraphicBuffer: alloc, handle(0x7fa1c093c0) (w:720 h:1280 s:720 f:0x1 u:0x000900) err(0)

07-28 17:14:18.108  2181  4019 D CommonProvider: CommonProvider insert success, result = content://com.bbk.iqoo.logsystemes/atr/2348

07-28 17:14:18.108  1997 23470 D VivoRecentTasksLoader: UpSlide|doInBackground, pkg = com.bbk.cloud

07-28 17:14:18.108   307  4893 I [MALI][Gralloc]: [+]hnd(0x7fa1c09820), client(30), share_fd(118), hnd->flags:4

07-28 17:14:18.108  1997 23470 D VivoRecentTasksLoader: UpSlide|doInBackground---end

07-28 17:14:18.109  1997  1997 D RecentHelper: UpSlide|onTasksLoaded, loadType = 2

07-28 17:14:18.109  1997  1997 I RecentHelper: UpSlide|index = 1,pkgName = com.android.mms

07-28 17:14:18.109   307  4893 D GraphicBuffer: alloc, handle(0x7fa1c09820) (w:720 h:1280 s:720 f:0x1 u:0x000900) err(0)

07-28 17:14:18.109   307  4893 D BufferQueueProducer: [com.android.mms/com.android.mms.ui.ConversationList](this:0x7f9db09800,id:1236,api:1,p:20916,c:307) allocateBuffers: allocating from 3 buffers up to 3 buffers

07-28 17:14:18.110 20916 20916 D yuan    : onVisibilityChanged----com.vivo.common.animation.LKListView{1b18447 VFED.VCL. ......I. 0,0-0,0 #102000a android:id/list}

07-28 17:14:18.113 20916 20916 D Mms/ConversationList: ------onQueryComplete-----=mNeedToMarkAsSeen= true

07-28 17:14:18.114 20916 20916 I Mms/ConversationList: changeMarkedState isMarkupState==>false  markedState==>false

07-28 17:14:18.114 20916 20916 D yuan    : onVisibilityChanged----com.vivo.common.animation.LKListView{1b18447 GFED.VCL. ......I. 0,0-0,0 #102000a android:id/list}

07-28 17:14:18.115   965  1947 D ActivityManager: getContentProviderImpl: from caller=android.app.ApplicationThreadProxy@3f46ad7 (pid=20916, userId=0) to get content provider sms cpr=ContentProviderRecord{7af0cc7 u0 com.android.providers.telephony/.SmsProvider}

07-28 17:14:18.115   965  1947 D ActivityManager: getContentProviderImpl: updateLruProcessLocked cpr.proc=ProcessRecord{91df9ca 1710:com.android.phone/1001}

07-28 17:14:18.116 20916 21383 D ActivityThread: holder:android.app.IActivityManager$ContentProviderHolder@b916cee, holder.provider:android.content.ContentProviderProxy@a30158f

07-28 17:14:18.124   965  1957 D ActivityManager: getContentProviderImpl: from caller=android.app.ApplicationThreadProxy@e92fc4 (pid=20916, userId=0) to get content provider mms cpr=ContentProviderRecord{a247fd7 u0 com.android.providers.telephony/.MmsProvider}

07-28 17:14:18.124   965  1957 D ActivityManager: getContentProviderImpl: updateLruProcessLocked cpr.proc=ProcessRecord{91df9ca 1710:com.android.phone/1001}

07-28 17:14:18.125   307   338 I BufferQueueProducer: [com.android.mms/com.android.mms.ui.ConversationList](this:0x7f9db09800,id:1236,api:1,p:20916,c:307) new GraphicBuffer needed

07-28 17:14:18.125   307   338 D GraphicBuffer: free, handle(0x7fa1c09820) (w:720 h:1280 s:720 f:0x1 u:0x000900)

07-28 17:14:18.125   307   338 I [MALI][Gralloc]: [-]hnd(0x7fa1c09820), client(30), share_fd(118)

07-28 17:14:18.125 20916 21383 D ActivityThread: holder:android.app.IActivityManager$ContentProviderHolder@8a4f01c, holder.provider:android.content.ContentProviderProxy@10af425

07-28 17:14:18.126   307   338 I [MALI][Gralloc]: [+]hnd(0x7fa1c09820), client(30), share_fd(102), hnd->flags:4

07-28 17:14:18.126   307   338 D GraphicBuffer: alloc, handle(0x7fa1c09820) (w:720 h:1280 s:720 f:0x1 u:0x000b00) err(0)

07-28 17:14:18.128 20916 20955 I [MALI][Gralloc]: [+]r_hnd(0x7f864c2b40), client(60), share_fd(33)

07-28 17:14:18.128 20916 20955 D GraphicBuffer: register, handle(0x7f864c2b40) (w:720 h:1280 s:720 f:0x1 u:0x000b00)

07-28 17:14:18.130  1710  2138 D MmsDb/Mms: query getReadableDatabase query end cursor count =0

07-28 17:14:18.133   307   338 I BufferQueueProducer: [com.android.mms/com.android.mms.ui.ConversationList](this:0x7f9db09800,id:1236,api:1,p:20916,c:307) new GraphicBuffer needed

07-28 17:14:18.133   307   338 D GraphicBuffer: free, handle(0x7fa1c093c0) (w:720 h:1280 s:720 f:0x1 u:0x000900)

07-28 17:14:18.133   307   338 I [MALI][Gralloc]: [-]hnd(0x7fa1c093c0), client(30), share_fd(107)

07-28 17:14:18.134  1464  1918 I FloatWindowManagerService: get top = com.android.mms

07-28 17:14:18.134  1464  1918 I FloatWindowManagerService:  ; last is : com.bbk.cloud ; to is : com.android.mms

07-28 17:14:18.135   307   338 I [MALI][Gralloc]: [+]hnd(0x7fa1c093c0), client(30), share_fd(93), hnd->flags:4

07-28 17:14:18.135   307   338 D GraphicBuffer: alloc, handle(0x7fa1c093c0) (w:720 h:1280 s:720 f:0x1 u:0x000b00) err(0)

07-28 17:14:18.137 20916 20955 I [MALI][Gralloc]: [+]r_hnd(0x7f864c2aa0), client(60), share_fd(38)

07-28 17:14:18.137 20916 20955 D GraphicBuffer: register, handle(0x7f864c2aa0) (w:720 h:1280 s:720 f:0x1 u:0x000b00)

07-28 17:14:18.138  1710  2298 D MmsService: MmsService vivoTelephonyApi() tag = API_TAG_blockingUpdateAllNotifications

07-28 17:14:18.140   965  1080 I WindowManager: isKeyguardShowing = false, mKeyguardWindow.mAttrs.privateFlags = 0

07-28 17:14:18.140 20916 20916 V InputMethodManager: onWindowFocus: null softInputMode=51 first=true flags=#81810100

07-28 17:14:18.141 20916 20916 V InputMethodManager: START INPUT: com.android.internal.policy.PhoneWindow$DecorView{dd56cbd V.E...... R......D 0,0-720,1280} ic=null tba=android.view.inputmethod.EditorInfo@1ab69fa controlFlags=#104

07-28 17:14:18.141   965  1361 V InputMethodManagerService: windowGainedFocus: android.os.BinderProxy@fe2f9a2 controlFlags=#104 softInputMode=#33 windowFlags=#81810100

07-28 17:14:18.144  1710 21384 D MmsDb/Mms: query getReadableDatabase query end cursor count =0

07-28 17:14:18.145   965  1080 D WindowManager: notifyActivityDrawnForKeyguard: waiting=false Callers=com.android.server.wm.WindowManagerService.handleAppTransitionReadyLocked:10561 com.android.server.wm.WindowManagerService.performLayoutAndPlaceSurfacesLockedInner:11226 com.android.server.wm.WindowManagerService.performLayoutAndPlaceSurfacesLockedLoop:9894 com.android.server.wm.WindowManagerService.performLayoutAndPlaceSurfacesLocked:9841 com.android.server.wm.WindowManagerService.access$800:215 

07-28 17:14:18.145  1710 21385 V MmsService: MmsServiceNotification -------undeliveredCursor count =0

07-28 17:14:18.146  1710 21386 D MmsDb/Mms: query getReadableDatabase query end cursor count =0

07-28 17:14:18.148   307   307 D MALI    : eglCreateImageKHR:511: [Crop] 0 0 0 0  img[720 1280] 

07-28 17:14:18.148 20986 21032 D Surface : Surface::disconnect(this=0xee01cd00,api=1)

07-28 17:14:18.149   307   340 I BufferQueueProducer: [com.bbk.cloud/com.bbk.cloud.ui.VCloudUnloginActivity](this:0x7f9db03400,id:1235,api:1,p:-1,c:307) disconnect(P): api 1

07-28 17:14:18.149   307   340 I BufferQueueConsumer: [com.bbk.cloud/com.bbk.cloud.ui.VCloudUnloginActivity](this:0x7f9db03400,id:1235,api:1,p:-1,c:307) getReleasedBuffers: returning mask 0xffffffffffffffff

07-28 17:14:18.150   307   340 D GraphicBuffer: free, handle(0x7fa221e680) (w:720 h:1280 s:720 f:0x1 u:0x000b00)

07-28 17:14:18.150   307   340 I [MALI][Gralloc]: [-]hnd(0x7fa221e680), client(30), share_fd(50)

07-28 17:14:18.150   965  1253 D PerfServiceManager: [PerfService] MESSAGE_TIMEOUT:103 

07-28 17:14:18.150   307   340 D GraphicBuffer: free, handle(0x7fa221ea40) (w:720 h:1280 s:720 f:0x1 u:0x000b00)

07-28 17:14:18.151   307   340 I [MALI][Gralloc]: [-]hnd(0x7fa221ea40), client(30), share_fd(86)

07-28 17:14:18.151  1322  1322 I StatusBarColorManager: SystemUI|notifyStatusBarColorInfo: iconColor = -1, bgColor = ffededed, isLauncher = false, isKeyguardShowing= false, isKeyguardFadingAway= false

07-28 17:14:18.151 20986 21032 D GraphicBuffer: unregister, handle(0xf3f3d940) (w:720 h:1280 s:720 f:0x1 u:0x000b00)

07-28 17:14:18.152 20986 21032 I [MALI][Gralloc]: [-]r_hnd(0xf3f3d940), client(59), share_fd(62)

07-28 17:14:18.153 20986 21032 D GraphicBuffer: unregister, handle(0xf3f3dbc0) (w:720 h:1280 s:720 f:0x1 u:0x000b00)

07-28 17:14:18.154 20986 21032 I [MALI][Gralloc]: [-]r_hnd(0xf3f3dbc0), client(59), share_fd(61)

07-28 17:14:18.154 20986 21032 E Surface : getSlotFromBufferLocked: unknown buffer: 0xf3f3eac0

07-28 17:14:18.154 20986 21032 D mali_winsys: [MALI] win=0xee01cd08, native_buffer=0xf3f3e988, fd=-1

07-28 17:14:18.154 20986 21032 D GraphicBuffer: unregister, handle(0xf3f3eac0) (w:720 h:1280 s:720 f:0x1 u:0x000b00)

07-28 17:14:18.155 20986 21032 I [MALI][Gralloc]: [-]r_hnd(0xf3f3eac0), client(59), share_fd(58)

07-28 17:14:18.155 20986 21032 D Surface : Surface::disconnect(this=0xee01cd00,api=1)

07-28 17:14:18.156   307  4893 I BufferQueueProducer: [com.bbk.cloud/com.bbk.cloud.ui.VCloudUnloginActivity](this:0x7f9db03400,id:1235,api:1,p:-1,c:307) disconnect(P): api 1

07-28 17:14:18.157 29569 29569 I AppiumUnicodeIME: onFinishInput

07-28 17:14:18.158 29569 29569 I AppiumUnicodeIME: onStartInput

07-28 17:14:18.160 20916 20916 D Mms/ConversationList: ---------------mDeleteObsoleteThreadsRunnable---------------mCount=0

07-28 17:14:18.163  1710  2108 D MmsDb/MmsSms: delete end,rows= 0

07-28 17:14:18.165  2680  2681 D GasService: FG app changed: from com.bbk.cloud to com.android.mms

07-28 17:14:18.170   307   338 I BufferQueueProducer: [com.android.mms/com.android.mms.ui.ConversationList](this:0x7f9db09800,id:1236,api:1,p:20916,c:307) new GraphicBuffer needed

07-28 17:14:18.170   307   338 D GraphicBuffer: free, handle(0x7fa1c090a0) (w:720 h:1280 s:720 f:0x1 u:0x000900)

07-28 17:14:18.170   307   338 I [MALI][Gralloc]: [-]hnd(0x7fa1c090a0), client(30), share_fd(99)

07-28 17:14:18.171   307   338 I [MALI][Gralloc]: [+]hnd(0x7fa1c090a0), client(30), share_fd(52), hnd->flags:4

07-28 17:14:18.172   307   338 D GraphicBuffer: alloc, handle(0x7fa1c090a0) (w:720 h:1280 s:720 f:0x1 u:0x000b00) err(0)

07-28 17:14:18.173 20916 20955 I [MALI][Gralloc]: [+]r_hnd(0x7f864c2be0), client(60), share_fd(45)

07-28 17:14:18.174 20916 20955 D GraphicBuffer: register, handle(0x7f864c2be0) (w:720 h:1280 s:720 f:0x1 u:0x000b00)

07-28 17:14:18.180   307   307 D MALI    : eglCreateImageKHR:511: [Crop] 0 0 0 0  img[720 1280] 

07-28 17:14:18.361   307   307 I BufferQueueProducer: [FrameBufferSurface_0](this:0x7fa1c59000,id:0,api:1,p:307,c:307) queueBuffer: fps=14.78 dur=1014.97 max=786.20 min=14.63

07-28 17:14:18.459   965  1080 D ActivityManager: ACT-IDLE_NOW_MSG from windowsVisible() for idle: ActivityRecord{443bd5 u0 com.android.mms/.ui.ConversationList t79}

07-28 17:14:18.462 20986 20986 I BBKCloud.ActivityStack: pop com.bbk.cloud.ui.VCloudUnloginActivity@bc25e56

07-28 17:14:18.464  1484 17175 I LocationDialogService: onForegroundActivitiesChanged() pid = 20986, uid = 10027, foregroundActivities = false

07-28 17:14:18.464  1997  2460 D StatusBar.ForegroundActivityObserver: UpSlide|less than 1000ms,no need to reload recent

07-28 17:14:18.464  1464  1488 I SLService2: HAHA2 pid = 20986, uid = 10027, f = false

07-28 17:14:18.464  1464  1488 D DataUsagePrefs: getDataUsageNetworkForbinddenReminder value:true

07-28 17:14:18.464   965  1037 V NetworkStats: setKernelCounterSet uid=10027 set=0

07-28 17:14:18.465  1484 17175 I LocationDialogService: onForegroundActivitiesChanged name Process == com.android.mms

07-28 17:14:18.465  1484 17175 I LocationDialogService: removeGpsDialog

07-28 17:14:18.465  1484 17175 I LocationDialogService: already remove

07-28 17:14:18.469 20986 20986 D WindowClient: Remove from mViews: com.android.internal.policy.PhoneWindow$DecorView{9fb71d0 V.E...... R....... 0,0-720,1280}, this = android.view.WindowManagerGlobal@34880a5

07-28 17:14:18.469 20986 20986 D ActivityThread: ACT-DESTROY_ACTIVITY handled : 1 / android.os.BinderProxy@d757d93

07-28 17:14:18.470  1464  1918 I FloatWindowManagerService: chan pid = 20986, id = 10027, fore  = false ; n is : com.bbk.cloud

07-28 17:14:18.471  1464  1918 I FloatWindowManagerService: state is : 0

07-28 17:14:18.473  1464  1488 I CusWid/ManagerWidget: foreground activity change ,process name: com.bbk.cloud,foregroundActivities: false,launcherName: com.bbk.launcher2,lastlauncher: null

07-28 17:14:18.474   307   307 I BufferQueueConsumer: [com.bbk.cloud/com.bbk.cloud.ui.VCloudUnloginActivity](this:0x7f9db03400,id:1235,api:1,p:-1,c:-1) disconnect(C)

07-28 17:14:18.475   307   307 D GraphicBuffer: free, handle(0x7fa221dc80) (w:720 h:1280 s:720 f:0x1 u:0x000b00)

07-28 17:14:18.475   307   307 I [MALI][Gralloc]: [-]hnd(0x7fa221dc80), client(30), share_fd(31)

07-28 17:14:18.475   307   307 I BufferQueue: [com.bbk.cloud/com.bbk.cloud.ui.VCloudUnloginActivity](this:0x7f9db03400,id:1235,api:1,p:-1,c:-1) ~BufferQueueCore

07-28 17:14:18.624   965  1253 D PerfServiceManager: [PerfService] MESSAGE_TIMEOUT:105 

07-28 17:14:18.624   965  1253 D PerfServiceManager: [PerfService] set utilization:0.8 

07-28 17:14:18.767   427   793 E VT      : [SRV] [VT THREAD] [VT_Bind] des = volte_imsvt1 Fail to connect . retry count: 39283

07-28 17:14:18.767   427   793 D VT      : [SRV] isIMCBrun : False

07-28 17:14:19.018   798   824 E MFI-Conn:  (     mfia_task_bootstrap,  587) mfia_task_bootstrap(): retrying to connect to mal-mfi error 13!! ====

07-28 17:14:19.011   824   824 W viarild : type=1400 audit(0.0:124059): avc: denied { write } for name="mal-mfi" dev="tmpfs" ino=8735 scontext=u:r:viarild:s0 tcontext=u:object_r:mal_mfi_socket:s0 tclass=sock_file permissive=0

07-28 17:14:19.034   307  2346 I BufferQueueProducer: [StatusBar](this:0x7f9ed4a800,id:6,api:1,p:1322,c:307) queueBuffer: fps=1.00 dur=1001.36 max=1001.36 min=1001.36

07-28 17:14:19.077   965  1993 D ActivityManager: getContentProviderImpl: from caller=android.app.ApplicationThreadProxy@b2b8430 (pid=20916, userId=0) to get content provider sms cpr=ContentProviderRecord{7af0cc7 u0 com.android.providers.telephony/.SmsProvider}

07-28 17:14:19.077   965  1993 D ActivityManager: getContentProviderImpl: updateLruProcessLocked cpr.proc=ProcessRecord{91df9ca 1710:com.android.phone/1001}

07-28 17:14:19.078 20916 20916 D ActivityThread: holder:android.app.IActivityManager$ContentProviderHolder@1a27bab, holder.provider:android.content.ContentProviderProxy@51ef208

07-28 17:14:19.154   965  1253 D PerfServiceManager: [PerfService] MESSAGE_TIMEOUT:106 

07-28 17:14:19.169   965  1253 I libPerfService: 6: set: -1, -1, 

07-28 17:14:19.169   965  1253 I libPerfService: 6: set freq: -1, -1, 

07-28 17:14:20.019   798   824 E MFI-Conn:  (     mfia_task_bootstrap,  587) mfia_task_bootstrap(): retrying to connect to mal-mfi error 13!! ====

07-28 17:14:20.011   824   824 W viarild : type=1400 audit(0.0:124060): avc: denied { write } for name="mal-mfi" dev="tmpfs" ino=8735 scontext=u:r:viarild:s0 tcontext=u:object_r:mal_mfi_socket:s0 tclass=sock_file permissive=0

07-28 17:14:20.047   307   340 I BufferQueueProducer: [StatusBar](this:0x7f9ed4a800,id:6,api:1,p:1322,c:307) queueBuffer: fps=0.99 dur=1012.66 max=1012.66 min=1012.66

07-28 17:14:20.059   307   307 I SurfaceFlinger: [Built-in Screen (type:0)] fps:13.154211,dur:1976.55,max:1004.45,min:14.63

07-28 17:14:20.409   439   439 I thermal_src: wake up function 3

07-28 17:14:20.409   439   439 I thermal_src: TA_DAEMON_CMD_GET_TPCB cmd=0x5, len=4 PCB=37000

07-28 17:14:20.409   439   439 I thermal_src: TA_DAEMON_CMD_SET_TTJ cmd=0x4, len=4 Tj=85000

07-28 17:14:20.409   439   439 I thermal_src: waiting NOTIFY from kernel...

07-28 17:14:20.481   312 18192 I MAL-Daemon:  (        ru_syssig_hndler,  436) [RDS-I][ru_syssig_hndler] Send Event: 688 

07-28 17:14:20.481   312 18192 I MAL-Daemon:  (        ru_syssig_hndler,  437) [RDS-I][RDS][RU][ru_syssig_hndler] ru_check_ctx_ptr<0xf5f34d9c, 0xf5f34d9c>

07-28 17:14:20.481   312 18192 W MAL-Daemon:  (    mdfx_task_send_event,  636) mdfx_task_send_event(): [ACT] should NOT enter this leagcy API!!

07-28 17:14:20.481   312 18192 I MAL-Daemon:  (    ru_send_event_entity,  368) [RDS-I][RDS][RU][ru_send_event_entity] send event 688 to 602 with ret(0)

07-28 17:14:20.481   312   682 I MAL-Daemon:  (             rds_ru_task,  454) [RDS-I][RU][rds_ru_task] RCV Event: 688 

07-28 17:14:20.493   312   682 D MAL-Daemon:  (     ru_wsl_poll_wpainfo,  657) [RDS-D][RDS][RU][ru_wsl_poll_wpainfo]socket recv pktlen(48) 

07-28 17:14:20.493   312   682 D MAL-Daemon:  (rds_ru_ws_rssi_timer_exp,  770) [RDS-D][RU][rds_ru_ws_rssi_timer_expire_hdlr][RDS] get rssi = -67, snr = 9999 

07-28 17:14:20.493   312   682 I MAL-Daemon:  (  ru_wsl_wifi_status_ind,  752) [RDS-I][RDS][RU][ru_wsl_wifi_status_ind] ru_check_ctx_ptr<0xf5f34d9c, 0xf5f34d9c>

07-28 17:14:20.493   312   682 W MAL-Daemon:  (    mdfx_task_send_event,  636) mdfx_task_send_event(): [ACT] should NOT enter this leagcy API!!

07-28 17:14:20.493   312   682 I MAL-Daemon:  (    ru_send_event_entity,  368) [RDS-I][RDS][RU][ru_send_event_entity] send event 604 to 602 with ret(0)

07-28 17:14:20.494   312   682 I MAL-Daemon:  (          ru_get_netstat, 5599) [RDS-I][RU][ru_get_netstat] netstat <thrghpt, pkterrt>, wifi <874, 0%>, mobile <0, 0%>

07-28 17:14:20.494   312   682 I MAL-Daemon:  (    ru_send_event_entity,  368) [RDS-I][RDS][RU][ru_send_event_entity] send event 614 to 1236 with ret(0)

07-28 17:14:20.494   312   682 I MAL-Daemon:  (             rds_ru_task,  454) [RDS-I][RU][rds_ru_task] RCV Event: 604 

07-28 17:14:20.494   312   682 I MAL-Daemon:  (  rds_ru_wifi_status_ind, 1379) [RDS-I][RU][EVENT_RU_WS_WIFI_STATUS_IND] fgwifi_en:1(no use) i4wifirssi:0xffffffbd i4wifisnr:0x270f

07-28 17:14:20.494   312   682 I MAL-Daemon:  (    ru_send_event_entity,  368) [RDS-I][RDS][RU][ru_send_event_entity] send event 615 to 1236 with ret(0)

07-28 17:14:20.494   312   682 I MAL-Daemon:  (          rds_ru_rpl_gen, 5180) [RDS-I][RU][rds_ru_rpl_gen][RDS][OP0] TYPE : <0>, UI Policy : <3>, RDS Policy : <3>

07-28 17:14:20.494   312   682 I MAL-Daemon:  (      rds_cell_only_orng, 3673) [RDS-I][RU][RDS IMS/MMS][rds_cell_only_orng] 

07-28 17:14:20.494   312   682 I MAL-Daemon:  (          rds_ru_rpl_gen, 5191) [RDS-I][RU][rds_ru_rpl_gen][RDS][OP0] TYPE : <0>, RAN1 : <254> ,RAN2 : <254>

07-28 17:14:20.494   312   682 I MAL-Daemon:  (          rds_ru_rpl_gen, 5180) [RDS-I][RU][rds_ru_rpl_gen][RDS][OP0] TYPE : <1>, UI Policy : <3>, RDS Policy : <3>

07-28 17:14:20.494   312   682 I MAL-Daemon:  (      rds_cell_only_orng, 3673) [RDS-I][RU][RDS IMS/MMS][rds_cell_only_orng] 

07-28 17:14:20.494   312   682 I MAL-Daemon:  (          rds_ru_rpl_gen, 5191) [RDS-I][RU][rds_ru_rpl_gen][RDS][OP0] TYPE : <1>, RAN1 : <254> ,RAN2 : <254>

07-28 17:14:20.494   312   682 I MAL-Daemon:  (          rds_ru_rpl_gen, 5180) [RDS-I][RU][rds_ru_rpl_gen][RDS][OP0] TYPE : <2>, UI Policy : <3>, RDS Policy : <3>

07-28 17:14:20.494   312   682 I MAL-Daemon:  (      rds_cell_only_orng, 3673) [RDS-I][RU][RDS IMS/MMS][rds_cell_only_orng] 

07-28 17:14:20.494   312   682 I MAL-Daemon:  (          rds_ru_rpl_gen, 5191) [RDS-I][RU][rds_ru_rpl_gen][RDS][OP0] TYPE : <2>, RAN1 : <254> ,RAN2 : <254>

07-28 17:14:20.494   312   682 I MAL-Daemon:  (          rds_ru_rpl_gen, 5180) [RDS-I][RU][rds_ru_rpl_gen][RDS][OP0] TYPE : <3>, UI Policy : <3>, RDS Policy : <3>

07-28 17:14:20.494   312   682 I MAL-Daemon:  (          rds_ru_rpl_gen, 5191) [RDS-I][RU][rds_ru_rpl_gen][RDS][OP0] TYPE : <3>, RAN1 : <255> ,RAN2 : <255>

07-28 17:14:20.494   312   682 I MAL-Daemon:  (          rds_ru_rpl_gen, 5180) [RDS-I][RU][rds_ru_rpl_gen][RDS][OP0] TYPE : <4>, UI Policy : <3>, RDS Policy : <3>

07-28 17:14:20.494   312   682 I MAL-Daemon:  (          rds_ru_rpl_gen, 5191) [RDS-I][RU][rds_ru_rpl_gen][RDS][OP0] TYPE : <4>, RAN1 : <255> ,RAN2 : <255>

07-28 17:14:20.494   312   682 I MAL-Daemon:  (          rds_ru_rpl_gen, 5180) [RDS-I][RU][rds_ru_rpl_gen][RDS][OP0] TYPE : <5>, UI Policy : <3>, RDS Policy : <3>

07-28 17:14:20.494   312   682 I MAL-Daemon:  (          rds_ru_rpl_gen, 5191) [RDS-I][RU][rds_ru_rpl_gen][RDS][OP0] TYPE : <5>, RAN1 : <255> ,RAN2 : <255>

07-28 17:14:20.494   312   682 I MAL-Daemon:  (          rds_ru_rpl_gen, 5191) [RDS-I][RU][rds_ru_rpl_gen][RDS][OP0] TYPE : <6>, RAN1 : <254> ,RAN2 : <254>

07-28 17:14:20.494   312   682 I MAL-Daemon:  (    rds_op_check_feature,  324) [RDS-I][RDS][OP][rds_op_check_feature] operator id(0) check feature<0>, curr_opmsk is <1>, sys_opmsk is <0x0001, 1>

07-28 17:14:20.494   312   682 I MAL-Daemon:  (  rds_ru_ims_vops_update, 4980) [RDS-I][RU][rds_ru_ims_vops_update][RDS IMS]Policy type: 0 IMS VOPS IE is Disabled, update IMS RPL from Ori:(254, 254) New:(254,254)

07-28 17:14:20.494   312   682 I MAL-Daemon:  (  rds_ru_ims_vops_update, 4980) [RDS-I][RU][rds_ru_ims_vops_update][RDS IMS]Policy type: 1 IMS VOPS IE is Disabled, update IMS RPL from Ori:(254, 254) New:(254,254)

07-28 17:14:20.494   312   682 I MAL-Daemon:  (  rds_ru_ims_vops_update, 4980) [RDS-I][RU][rds_ru_ims_vops_update][RDS IMS]Policy type: 2 IMS VOPS IE is Disabled, update IMS RPL from Ori:(254, 254) New:(254,254)

07-28 17:14:20.495   312   682 I MAL-Daemon:  (          rds_ru_rpl_gen, 5215) [RDS-I][RU][rds_ru_rpl_gen][RDS] Current policy: fgimsolte_en<0>, fgwfc_en<0>, erdspolicy<3>, 

07-28 17:14:20.495   312   682 I MAL-Daemon:  (          rds_ru_rpl_gen, 5218) [RDS-I][RU][rds_ru_rpl_gen][RDS] Threshold i4wifirssih<-75>, i4wifirssil<-85>, i4wifirssih_ho<-78>, i4wifirssil_ho<-88>, i4wifisnrh<10>, i4wifisnrl<6>

07-28 17:14:20.495   312   682 I MAL-Daemon:  (          rds_ru_rpl_gen, 5221) [RDS-I][RU][rds_ru_rpl_gen][RDS] Threshold i4ltersrph<-106>, i4ltersrpm<-111>, i4ltersrpl<-116>, i4ltersrqh<5>, i4ltersrqm<3>, i4ltersrql<1>

07-28 17:14:20.495   312   682 I MAL-Daemon:  (          rds_ru_rpl_gen, 5224) [RDS-I][RU][rds_ru_rpl_gen][RDS] current rds ru status: i4wifirssi<-67>, i4wifisnr<9999>, i4ltersrp<-141>, i4ltersrq<0>, u4active_ran<1> 

07-28 17:14:20.495   312   682 I MAL-Daemon:  (          rds_ru_rpl_gen, 5227) [RDS-I][RU][rds_ru_rpl_gen][RDS] current wifi backhaul : rtp_plr<0>, rtp_jitter<0>, ping_ind<0>

07-28 17:14:20.495   312   682 I MAL-Daemon:  (          rds_ru_rpl_gen, 5230) [RDS-I][RU][rds_ru_rpl_gen][RDS] Call stat : IR92<0>, IR94<0> 

07-28 17:14:20.495   312   682 I MAL-Daemon:  (          rds_ru_rpl_gen, 5236) [RDS-I][RU][RDS IMS/MMS][rds_ru_rpl_gen] Ori:(254,254)/(255,255) New:(254,254)/(255,255)

07-28 17:14:20.495   312   682 I MAL-Daemon:  (          rds_ru_rpl_gen, 5241) [RDS-I][RU][RDS IMS/MMS WIFI][rds_ru_rpl_gen] Ori:(254,254)/(255,255) New:(254,254)/(255,255)

07-28 17:14:20.495   312   682 I MAL-Daemon:  (          rds_ru_rpl_gen, 5246) [RDS-I][RU][RDS IMS/MMS CELL][rds_ru_rpl_gen] Ori:(254,254)/(255,255) New:(254,254)/(255,255)

07-28 17:14:20.495   312   682 I MAL-Daemon:  (          rds_ru_rpl_gen, 5250) [RDS-I][RU][RDS EMG][rds_ru_rpl_gen] Ori:(254,254) New:(254,254)

07-28 17:14:20.496  1970  2068 I MFI-Conn:  (     mfia_task_bootstrap,  944) mfia_task_bootstrap(): an event 614 incoming

07-28 17:14:20.496  1970  2068 I MFI-Conn:  (     mfia_task_bootstrap,  944) mfia_task_bootstrap(): an event 615 incoming

07-28 17:14:20.499  1970  2110 I MFI-Conn:  (             rds_urc_hdl,  263) [RDS][rds_urc_hdl] RCV Event: 614 

07-28 17:14:20.499  1970  2110 I MFI-Conn:  (             rds_urc_hdl,  378) [RDS][IF][rds_urc_hdl] data_base update: pkterrt(0) 

07-28 17:14:20.499  1970  2110 I MFI-Conn:  (             rds_urc_hdl,  263) [RDS][rds_urc_hdl] RCV Event: 615 

07-28 17:14:20.499  1970  2110 I MFI-Conn:  (             rds_urc_hdl,  388) [RDS][IF][rds_urc_hdl] data_base update: i4wifirssi(-67) 

07-28 17:14:20.575   965  1227 D WifiStateMachine:  ConnectedState (when=-3ms what=131155 arg1=142!CMD_RSSI_POLL  rt=117932516/906392488 142 0 "beta-test" 3c:8c:40:e4:3c:f2 rssi=-66 f=2412 sc=80 link=65 tx=11.7, 0.0, 0.0  rx=7.7 bcn=0 [on:0 tx:0 rx:0 period:3003] from screen [on:0 period:-2005293025] gl hn rssi=-61 ag=0 hr ticks 5,271,819 ls-=0 [56,56,60,60,65] brc=0 lrc=0 offload-stopped

07-28 17:14:20.576   965  1227 D WifiStateMachine:  L2ConnectedState (when=-5ms what=131155 arg1=142!CMD_RSSI_POLL  rt=117932518/906392490 142 0 "beta-test" 3c:8c:40:e4:3c:f2 rssi=-66 f=2412 sc=80 link=65 tx=11.7, 0.0, 0.0  rx=7.7 bcn=0 [on:0 tx:0 rx:0 period:1] from screen [on:0 period:-2005293024] gl hn rssi=-61 ag=0 hr ticks 5,271,819 ls-=0 [56,56,60,60,65] brc=0 lrc=0 offload-stopped

07-28 17:14:20.576   965  1227 D WifiStateMachine:  get link layer stats 0

07-28 17:14:20.579   965  1227 I WifiStateMachine: fetchRssiLinkSpeedAndFrequencyNative, newRssi:-67, newLinkSpeed:65, SSID:"beta-test"

07-28 17:14:20.579   965  1227 D WifiStateMachine: mLastSignalLevel:2, newSignalLevel:2

07-28 17:14:20.579   965  1227 E WifiStateMachine: calculateWifiScore() we set wifi's score to 1000, so will always set wifi as a default network.

07-28 17:14:20.579   965  1227 V ActivityManager: Broadcast sticky: Intent { act=android.net.wifi.RSSI_CHANGED flg=0x4000010 (has extras) } ordered=false userid=-1 callerApp=ProcessRecord{f5c5ef3 965:system/1000}

07-28 17:14:20.580   965  1256 D WifiWatchdogStateMachine: RSSI current: 2 new: -67, 2

07-28 17:14:20.583  1322  1836 I VivoNetworkController: SystemUI|action = android.net.wifi.RSSI_CHANGED

07-28 17:14:21.020   798   824 E MFI-Conn:  (     mfia_task_bootstrap,  587) mfia_task_bootstrap(): retrying to connect to mal-mfi error 13!! ====

07-28 17:14:21.011   824   824 W viarild : type=1400 audit(0.0:124061): avc: denied { write } for name="mal-mfi" dev="tmpfs" ino=8735 scontext=u:r:viarild:s0 tcontext=u:object_r:mal_mfi_socket:s0 tclass=sock_file permissive=0

07-28 17:14:21.152   965  1253 D PerfServiceManager: [PerfService] MESSAGE_TIMER_RENDER_AWARE_DURATION timeout 

07-28 17:14:21.525 20916 20924 I System  : FinalizerDaemon: finalize objects = 295

07-28 17:14:21.767   427   793 E VT      : [SRV] [VT THREAD] [VT_Bind] des = volte_imsvt1 Fail to connect . retry count: 39284

07-28 17:14:21.768   427   793 D VT      : [SRV] isIMCBrun : False

07-28 17:14:21.776   441   441 I thermal_repeater: oh, queryMdThermalInfo (0)No such file or directory

07-28 17:14:21.780   441   441 I thermal_repeater: [recvMdThermalInfo] ret=5, strLen=127, ERROR

07-28 17:14:22.020   798   824 E MFI-Conn:  (     mfia_task_bootstrap,  587) mfia_task_bootstrap(): retrying to connect to mal-mfi error 13!! ====

07-28 17:14:22.011   824   824 W viarild : type=1400 audit(0.0:124062): avc: denied { write } for name="mal-mfi" dev="tmpfs" ino=8735 scontext=u:r:viarild:s0 tcontext=u:object_r:mal_mfi_socket:s0 tclass=sock_file permissive=0

07-28 17:14:23.021   798   824 E MFI-Conn:  (     mfia_task_bootstrap,  587) mfia_task_bootstrap(): retrying to connect to mal-mfi error 13!! ====

07-28 17:14:23.011   824   824 W viarild : type=1400 audit(0.0:124063): avc: denied { write } for name="mal-mfi" dev="tmpfs" ino=8735 scontext=u:r:viarild:s0 tcontext=u:object_r:mal_mfi_socket:s0 tclass=sock_file permissive=0

07-28 17:14:23.312 20887 20893 I System  : FinalizerDaemon: finalize objects = 42

07-28 17:14:23.482   312 18192 I MAL-Daemon:  (        ru_syssig_hndler,  436) [RDS-I][ru_syssig_hndler] Send Event: 688 

07-28 17:14:23.482   312 18192 I MAL-Daemon:  (        ru_syssig_hndler,  437) [RDS-I][RDS][RU][ru_syssig_hndler] ru_check_ctx_ptr<0xf5f34d9c, 0xf5f34d9c>

07-28 17:14:23.482   312 18192 W MAL-Daemon:  (    mdfx_task_send_event,  636) mdfx_task_send_event(): [ACT] should NOT enter this leagcy API!!

07-28 17:14:23.482   312 18192 I MAL-Daemon:  (    ru_send_event_entity,  368) [RDS-I][RDS][RU][ru_send_event_entity] send event 688 to 602 with ret(0)

07-28 17:14:23.483   312   682 I MAL-Daemon:  (             rds_ru_task,  454) [RDS-I][RU][rds_ru_task] RCV Event: 688 

07-28 17:14:23.488   312   682 D MAL-Daemon:  (     ru_wsl_poll_wpainfo,  657) [RDS-D][RDS][RU][ru_wsl_poll_wpainfo]socket recv pktlen(48) 

07-28 17:14:23.488   312   682 D MAL-Daemon:  (rds_ru_ws_rssi_timer_exp,  770) [RDS-D][RU][rds_ru_ws_rssi_timer_expire_hdlr][RDS] get rssi = -68, snr = 9999 

07-28 17:14:23.488   312   682 I MAL-Daemon:  (  ru_wsl_wifi_status_ind,  752) [RDS-I][RDS][RU][ru_wsl_wifi_status_ind] ru_check_ctx_ptr<0xf5f34d9c, 0xf5f34d9c>

07-28 17:14:23.488   312   682 W MAL-Daemon:  (    mdfx_task_send_event,  636) mdfx_task_send_event(): [ACT] should NOT enter this leagcy API!!

07-28 17:14:23.488   312   682 I MAL-Daemon:  (    ru_send_event_entity,  368) [RDS-I][RDS][RU][ru_send_event_entity] send event 604 to 602 with ret(0)

07-28 17:14:23.489   312   682 I MAL-Daemon:  (          ru_get_netstat, 5599) [RDS-I][RU][ru_get_netstat] netstat <thrghpt, pkterrt>, wifi <130, 0%>, mobile <0, 0%>

07-28 17:14:23.489   312   682 I MAL-Daemon:  (    ru_send_event_entity,  368) [RDS-I][RDS][RU][ru_send_event_entity] send event 614 to 1236 with ret(0)

07-28 17:14:23.489   312   682 I MAL-Daemon:  (             rds_ru_task,  454) [RDS-I][RU][rds_ru_task] RCV Event: 604 

07-28 17:14:23.489   312   682 I MAL-Daemon:  (  rds_ru_wifi_status_ind, 1379) [RDS-I][RU][EVENT_RU_WS_WIFI_STATUS_IND] fgwifi_en:1(no use) i4wifirssi:0xffffffbc i4wifisnr:0x270f

07-28 17:14:23.489   312   682 I MAL-Daemon:  (    ru_send_event_entity,  368) [RDS-I][RDS][RU][ru_send_event_entity] send event 615 to 1236 with ret(0)

07-28 17:14:23.489   312   682 I MAL-Daemon:  (          rds_ru_rpl_gen, 5180) [RDS-I][RU][rds_ru_rpl_gen][RDS][OP0] TYPE : <0>, UI Policy : <3>, RDS Policy : <3>

07-28 17:14:23.489   312   682 I MAL-Daemon:  (      rds_cell_only_orng, 3673) [RDS-I][RU][RDS IMS/MMS][rds_cell_only_orng] 

07-28 17:14:23.489   312   682 I MAL-Daemon:  (          rds_ru_rpl_gen, 5191) [RDS-I][RU][rds_ru_rpl_gen][RDS][OP0] TYPE : <0>, RAN1 : <254> ,RAN2 : <254>

07-28 17:14:23.489   312   682 I MAL-Daemon:  (          rds_ru_rpl_gen, 5180) [RDS-I][RU][rds_ru_rpl_gen][RDS][OP0] TYPE : <1>, UI Policy : <3>, RDS Policy : <3>

07-28 17:14:23.489   312   682 I MAL-Daemon:  (      rds_cell_only_orng, 3673) [RDS-I][RU][RDS IMS/MMS][rds_cell_only_orng] 

07-28 17:14:23.489   312   682 I MAL-Daemon:  (          rds_ru_rpl_gen, 5191) [RDS-I][RU][rds_ru_rpl_gen][RDS][OP0] TYPE : <1>, RAN1 : <254> ,RAN2 : <254>

07-28 17:14:23.489   312   682 I MAL-Daemon:  (          rds_ru_rpl_gen, 5180) [RDS-I][RU][rds_ru_rpl_gen][RDS][OP0] TYPE : <2>, UI Policy : <3>, RDS Policy : <3>

07-28 17:14:23.489   312   682 I MAL-Daemon:  (      rds_cell_only_orng, 3673) [RDS-I][RU][RDS IMS/MMS][rds_cell_only_orng] 

07-28 17:14:23.489   312   682 I MAL-Daemon:  (          rds_ru_rpl_gen, 5191) [RDS-I][RU][rds_ru_rpl_gen][RDS][OP0] TYPE : <2>, RAN1 : <254> ,RAN2 : <254>

07-28 17:14:23.490   312   682 I MAL-Daemon:  (          rds_ru_rpl_gen, 5180) [RDS-I][RU][rds_ru_rpl_gen][RDS][OP0] TYPE : <3>, UI Policy : <3>, RDS Policy : <3>

07-28 17:14:23.490   312   682 I MAL-Daemon:  (          rds_ru_rpl_gen, 5191) [RDS-I][RU][rds_ru_rpl_gen][RDS][OP0] TYPE : <3>, RAN1 : <255> ,RAN2 : <255>

07-28 17:14:23.490   312   682 I MAL-Daemon:  (          rds_ru_rpl_gen, 5180) [RDS-I][RU][rds_ru_rpl_gen][RDS][OP0] TYPE : <4>, UI Policy : <3>, RDS Policy : <3>

07-28 17:14:23.490   312   682 I MAL-Daemon:  (          rds_ru_rpl_gen, 5191) [RDS-I][RU][rds_ru_rpl_gen][RDS][OP0] TYPE : <4>, RAN1 : <255> ,RAN2 : <255>

07-28 17:14:23.490   312   682 I MAL-Daemon:  (          rds_ru_rpl_gen, 5180) [RDS-I][RU][rds_ru_rpl_gen][RDS][OP0] TYPE : <5>, UI Policy : <3>, RDS Policy : <3>

07-28 17:14:23.490   312   682 I MAL-Daemon:  (          rds_ru_rpl_gen, 5191) [RDS-I][RU][rds_ru_rpl_gen][RDS][OP0] TYPE : <5>, RAN1 : <255> ,RAN2 : <255>

07-28 17:14:23.490   312   682 I MAL-Daemon:  (          rds_ru_rpl_gen, 5191) [RDS-I][RU][rds_ru_rpl_gen][RDS][OP0] TYPE : <6>, RAN1 : <254> ,RAN2 : <254>

07-28 17:14:23.490   312   682 I MAL-Daemon:  (    rds_op_check_feature,  324) [RDS-I][RDS][OP][rds_op_check_feature] operator id(0) check feature<0>, curr_opmsk is <1>, sys_opmsk is <0x0001, 1>

07-28 17:14:23.490   312   682 I MAL-Daemon:  (  rds_ru_ims_vops_update, 4980) [RDS-I][RU][rds_ru_ims_vops_update][RDS IMS]Policy type: 0 IMS VOPS IE is Disabled, update IMS RPL from Ori:(254, 254) New:(254,254)

