07-28 16:38:21.483   411 11032 D SocketClient: SocketClient sendData done: 

07-28 16:38:21.483   411 11032 D SocketClient: SocketClient sendData done: 

07-28 16:38:21.483   411 11032 D SocketClient: SocketClient sendData done: 

07-28 16:38:21.483   411 11032 D SocketClient: SocketClient sendData done: 

07-28 16:38:21.483   411 11032 D SocketClient: SocketClient sendData done: 

07-28 16:38:21.483   411 11032 D SocketClient: SocketClient sendData done: 

07-28 16:38:21.483   411 11032 D SocketClient: SocketClient sendData done: 

07-28 16:38:21.483   411 11032 D SocketClient: SocketClient sendData done: 

07-28 16:38:21.483   411 11032 D SocketClient: SocketClient sendData done: 

07-28 16:38:21.483   411 11032 D SocketClient: SocketClient sendData done: 

07-28 16:38:21.483   411 11032 D SocketClient: SocketClient sendData done: 

07-28 16:38:21.483   411 11032 D SocketClient: SocketClient sendData done: 

07-28 16:38:21.483   411 11032 D SocketClient: SocketClient sendData done: 

07-28 16:38:21.483   411 11032 D SocketClient: SocketClient sendData done: 

07-28 16:38:21.483   411 11032 D SocketClient: SocketClient sendData done: 

07-28 16:38:21.483   411 11032 D SocketClient: SocketClient sendData done: 

07-28 16:38:21.484   411 11032 D SocketClient: SocketClient sendData done: 

07-28 16:38:21.484 10854 11000 D libc-netbsd: getaddrinfo: appupgrade.vivo.com.cn get result from proxy gai_error = 0

07-28 16:38:21.484 10854 11000 I System.out: openConnection:2

07-28 16:38:21.485 10854 11000 I System.out: [CDS][DNS] getAllByNameImpl netId = 0

07-28 16:38:21.485 10854 11000 D libc-netbsd: [getaddrinfo]: mtk hostname=122.13.197.172; servname=(null); netid=0; mark=0

07-28 16:38:21.485 10854 11000 D libc-netbsd: getaddrinfo( app_uid:10035

07-28 16:38:21.485 10854 11000 D libc-netbsd: getaddrinfo() uid prop:

07-28 16:38:21.485 10854 11000 D libc-netbsd: getaddrinfo() getuid():10035

07-28 16:38:21.485 10854 11000 D libc-netbsd: [getaddrinfo]: mtk ai_addrlen=0; ai_canonname=(null); ai_flags=4; ai_family=0

07-28 16:38:21.485 10854 11000 I System.out: [socket][0] connection /122.13.197.172:80;LocalPort=46355(10000)

07-28 16:38:21.486 10854 11000 I System.out: [CDS]connect[/122.13.197.172:80] tm:10

07-28 16:38:21.487 10854 11000 D Posix   : [Posix_connect Debug]Process com.bbk.theme.networkChange :80 

07-28 16:38:21.488   411  1172 D SocketClient: SocketClient sendData done: 

07-28 16:38:21.503   965  1253 I libPerfService: 6: set: -1, -1, 

07-28 16:38:21.503   965  1253 I libPerfService: 6: set freq: -1, -1, 

07-28 16:38:21.515 10854 11000 I System.out: [socket][/10.0.66.126:46355] connected

07-28 16:38:21.515 10854 11000 I System.out: [CDS]rx timeout:10000

07-28 16:38:21.515 10854 11000 I System.out: buffer size:8192

07-28 16:38:21.515 10854 11000 I System.out: [CDS]SO_SNDBUF:8192

07-28 16:38:21.515 10854 11000 I System.out: rxBufferSize size:

07-28 16:38:21.519 10854 11000 I System.out: >doSendRequest

07-28 16:38:21.520 10854 11000 I System.out: <doSendRequest

07-28 16:38:21.538   439   439 I thermal_src: wake up function 3

07-28 16:38:21.538   439   439 I thermal_src: TA_DAEMON_CMD_GET_TPCB cmd=0x5, len=4 PCB=37000

07-28 16:38:21.538   439   439 I thermal_src: TA_DAEMON_CMD_SET_TTJ cmd=0x4, len=4 Tj=85000

07-28 16:38:21.538   439   439 I thermal_src: waiting NOTIFY from kernel...

07-28 16:38:21.548   965  1957 D ConnectivityService: getActiveNetworkInfo networkInfo = [type: WIFI[], state: CONNECTED/CONNECTED, reason: (unspecified), extra: "beta-test", roaming: false, failover: false, isAvailable: true]

07-28 16:38:21.549   965  1362 D ConnectivityService: getActiveNetworkInfo networkInfo = [type: WIFI[], state: CONNECTED/CONNECTED, reason: (unspecified), extra: "beta-test", roaming: false, failover: false, isAvailable: true]

07-28 16:38:21.552   965  2010 D ConnectivityService: getActiveNetworkInfo networkInfo = [type: WIFI[], state: CONNECTED/CONNECTED, reason: (unspecified), extra: "beta-test", roaming: false, failover: false, isAvailable: true]

07-28 16:38:21.609 10854 11000 I System.out: <doReceiveResponse

07-28 16:38:21.611 10854 11000 I System.out: close [socket][/10.0.66.126:46355]

07-28 16:38:21.612 10854 11000 I System.out: close [socket][/:::46355]

07-28 16:38:21.616   965  1947 D ConnectivityService: getActiveNetworkInfo networkInfo = [type: WIFI[], state: CONNECTED/CONNECTED, reason: (unspecified), extra: "beta-test", roaming: false, failover: false, isAvailable: true]

07-28 16:38:21.618 10854 10854 D BBKTheme-BBKTheme.VersionUpgradeManager: autoUpgradeCheck  result=[stat:210, msg:operate success, filename:com.bbk.theme, vercode:4021, vername:4.0.2.1, durl:http://appupgrade.vivo.com.cn/appDownload?releaseId=494&pkgName=com.bbk.theme&apkId=418, patch:null, patchProperties:null, size:12685827, md5:457ab992648d169b3fd9ec19e67be2bb, patchSize:0, patchMd5:null, level:1, description:最新版本v4.0.2.1<br><br>1.优化UI界面，提升视觉效果；<br>2.修复部分bug，增强产品品质。, ], needUpdate=true, originalLevel=1

07-28 16:38:21.621 10854 10854 V UpgradeTheme-: UpgradeUtils--last show notify time is 7days before, return true

07-28 16:38:21.622 10854 10854 D UpgradeTheme-: ThemeVersionUpgrade--show notificaion verName=4.0.2.1,verCode=4021,count=3

07-28 16:38:21.622 10854 10854 D UpgradeTheme-: ThemeVersionUpgrade--can't show notificaion of this version, return.

07-28 16:38:21.898  2073 22135 D UStats  : Range start:7-28-2016 16:38:21

07-28 16:38:21.898  2073 22135 D UStats  : Range end:7-28-2017 16:38:21

07-28 16:38:21.899   965   981 D AppOps  : checkOperation(code = 43 uid = 10048 pkgName = com.vivo.devicereg) - op == null, return default mode = 3

07-28 16:38:22.112   965  2010 D ConnectivityService: getActiveNetworkInfo networkInfo = [type: WIFI[], state: CONNECTED/CONNECTED, reason: (unspecified), extra: "beta-test", roaming: false, failover: false, isAvailable: true]

07-28 16:38:22.114 10854 11037 V UpgradeTheme-: UpgradeUtils--from last check duration = 0(minute)

07-28 16:38:22.114 10854 11037 V UpgradeTheme-: UpgradeUtils--last show notify time is 7days before, return true

07-28 16:38:22.116   965  1361 V AlarmAlign: remove pkg = com.bbk.theme, action = android.intent.action.theme.checkupgrade

07-28 16:38:22.117   965  1361 D AlarmManager:  whichBatch = -1

07-28 16:38:22.117   965  1361 D AlarmManager:  whichBatch = -1

07-28 16:38:22.117   965  1361 D AlarmManager:  whichBatch = -1

07-28 16:38:22.117   965  1361 D AlarmManager:  whichBatch = -1

07-28 16:38:22.117   965  1361 D AlarmManager:  whichBatch = -1

07-28 16:38:22.117   965  1361 D AlarmManager:  whichBatch = -1

07-28 16:38:22.117   965  1361 D AlarmManager:  whichBatch = -1

07-28 16:38:22.117   965  1361 D AlarmManager:  whichBatch = -1

07-28 16:38:22.117   965  1361 D AlarmManager:  whichBatch = -1

07-28 16:38:22.117   965  1361 D AlarmManager:  whichBatch = -1

07-28 16:38:22.117   965  1361 D AlarmManager:  whichBatch = -1

07-28 16:38:22.117   965  1361 D AlarmManager:  whichBatch = -1

07-28 16:38:22.117   965  1361 D AlarmManager:  whichBatch = -1

07-28 16:38:22.117   965  1361 D AlarmManager:  whichBatch = -1

07-28 16:38:22.117   965  1361 D AlarmManager:  whichBatch = -1

07-28 16:38:22.117   965  1361 D AlarmManager:  whichBatch = -1

07-28 16:38:22.117   965  1361 D AlarmManager:  whichBatch = -1

07-28 16:38:22.117   965  1361 D AlarmManager:  whichBatch = -1

07-28 16:38:22.117   965  1361 D AlarmManager:  whichBatch = -1

07-28 16:38:22.117   965  1361 D AlarmManager:  whichBatch = -1

07-28 16:38:22.117   965  1361 D AlarmManager:  whichBatch = -1

07-28 16:38:22.117   965  1361 D AlarmManager:  whichBatch = -1

07-28 16:38:22.117   965  1361 D AlarmManager:  whichBatch = -1

07-28 16:38:22.117   965  1361 D AlarmManager:  whichBatch = -1

07-28 16:38:22.117   965  1361 D AlarmManager:  whichBatch = -1

07-28 16:38:22.118   965  1361 D AlarmManager:  whichBatch = -1

07-28 16:38:22.118   965  1361 D AlarmManager:  whichBatch = -1

07-28 16:38:22.118   965  1361 D AlarmManager:  whichBatch = -1

07-28 16:38:22.118   965  1361 D AlarmManager:  whichBatch = -1

07-28 16:38:22.118   965  1361 D AlarmManager:  whichBatch = -1

07-28 16:38:22.118   965  1361 D AlarmManager:  whichBatch = -1

07-28 16:38:22.118   965  1361 D AlarmManager:  whichBatch = -1

07-28 16:38:22.118   965  1361 D AlarmManager:  whichBatch = -1

07-28 16:38:22.118   965  1361 D AlarmManager:  whichBatch = -1

07-28 16:38:22.118   965  1361 D AlarmManager:  whichBatch = -1

07-28 16:38:22.118   965  1361 D AlarmManager:  whichBatch = -1

07-28 16:38:22.118   965  1361 D AlarmManager:  whichBatch = -1

07-28 16:38:22.118   965  1361 D AlarmManager:  whichBatch = -1

07-28 16:38:22.118   965  1361 D AlarmManager:  whichBatch = -1

07-28 16:38:22.118   965  1361 D AlarmManager:  whichBatch = -1

07-28 16:38:22.118   965  1361 D AlarmManager:  whichBatch = -1

07-28 16:38:22.118   965  1361 D AlarmManager:  whichBatch = -1

07-28 16:38:22.118   965  1361 D AlarmManager:  whichBatch = -1

07-28 16:38:22.118   965  1361 D AlarmManager:  whichBatch = -1

07-28 16:38:22.118   965  1361 D AlarmManager:  whichBatch = -1

07-28 16:38:22.118   965  1361 D AlarmManager:  whichBatch = -1

07-28 16:38:22.123   965  1993 I ExtraAlarmManager: type: 1 Type: 1

07-28 16:38:22.124   965  1993 V AlarmAlign: addAlarm pkg = com.bbk.theme, action = android.intent.action.theme.checkupgrade, whenElapsed = 990632846

07-28 16:38:22.124   965  1993 D AlarmManager:  whichBatch = -1

07-28 16:38:22.126 10854 11037 V UpgradeTheme-: UpgradeUtils--setNextCheckNotify, Check update time: 2017-07-29 16:38:20 周六

07-28 16:38:22.127 10854 10854 I Process : Sending signal. PID: 10854 SIG: 9

07-28 16:38:22.180   965  1361 D DisplayManagerService: Display listener for pid 10854 died.

07-28 16:38:22.184 10766 11039 I VivoUnion.UnionManager: [SA]HookThread: system exit!

07-28 16:38:22.186   965  1939 I ActivityManager: Process com.bbk.theme.networkChange (pid 10854) has died

07-28 16:38:22.186   965  1939 V ActivityManager: Broadcast: Intent { act=android.intent.action.KILL_BACKGROUND_SERVICE.com.bbk.theme.networkChange flg=0x10 (has extras) } ordered=false userid=0 callerApp=ProcessRecord{f5c5ef3 965:system/1000}

07-28 16:38:22.186   965  1939 D ActivityManager: SVC-handleAppDiedLocked: app = ProcessRecord{a408485 10854:com.bbk.theme.networkChange/u0a35}, app.pid = 10854

07-28 16:38:22.186   965  1939 D ActivityManager: cleanUpApplicationRecord -- 10854

07-28 16:38:22.186   965  1939 W ActivityManager: Scheduling restart of crashed service com.bbk.theme/.upgrade.CheckUpdateService in 1000ms

07-28 16:38:22.186   965  1939 D ActivityManager: SVC-mBroadcastQueues: com.android.server.am.BroadcastQueue@c823d06

07-28 16:38:22.186   965  1939 D ActivityManager: SVC-mBroadcastQueues: com.android.server.am.BroadcastQueue@aafffc7

07-28 16:38:22.188   965  1266 D ScreenBrightnessModeRestore: pakage name is com.bbk.themewith :10035

07-28 16:38:22.188   965  1266 D ScreenBrightnessModeRestore:  onProcessDiedInner, pid = 10854 , mCurrentForceGroundPid = 2015 mAppName: com.bbk.theme mWaitToRestore=false

07-28 16:38:22.189   965  1266 D ScreenBrightnessModeRestore: mRunnable try to restore, mLastScreenBrightness: 112 mWaitToRestoreBrightness: false mWaitToRestoreMode: false mLastScreenMode: 1

07-28 16:38:22.189  1464  2408 I FloatWindowManagerService: get died  is : 10854 ; id is : 10035

07-28 16:38:22.189  2073 22135 I VivoThemeResources: use new package (com.android.systemui) replace package (com.vivo.upslide)

07-28 16:38:22.191 10766 10766 I art     : System.exit called, status: 0

07-28 16:38:22.191 10766 10766 I AndroidRuntime: VM exiting with result code 0, cleanup skipped.

07-28 16:38:22.193 20343 20343 I VivoUnion.BaseCommand: [AA]exec Command: HideAssitViewCommand, clientPkgName = com.vivo.game

07-28 16:38:22.194 20343 20343 E VivoUnion.AssitManager: [AA]hideAssitView, but return, mAssitPresenter = null, clientPkg = com.vivo.game

07-28 16:38:22.196  1464  1918 I FloatWindowManagerService: get top = com.android.mms

07-28 16:38:22.196  1464  1918 I FloatWindowManagerService: die is : com.bbk.theme ; fore is : com.android.mms

07-28 16:38:22.278   965  2010 D DisplayManagerService: Display listener for pid 10766 died.

07-28 16:38:22.278 20343 20357 D VivoUnion.LoginAccInfoService: [AA]clientDeath, packageName = com.vivo.game

07-28 16:38:22.278 20343 20357 E VivoUnion.AssitManager: [AA]hideAssitView, but return, mAssitPresenter = null, clientPkg = com.vivo.game

07-28 16:38:22.284   965   993 I ActivityManager: Process com.vivo.game (pid 10766) has died

07-28 16:38:22.284   965   993 V ActivityManager: Broadcast: Intent { act=android.intent.action.KILL_BACKGROUND_SERVICE.com.vivo.game flg=0x10 (has extras) } ordered=false userid=0 callerApp=ProcessRecord{f5c5ef3 965:system/1000}

07-28 16:38:22.284   965   993 D ActivityManager: SVC-handleAppDiedLocked: app = ProcessRecord{878a903 10766:com.vivo.game/u0a111}, app.pid = 10766

07-28 16:38:22.284   965   993 D ActivityManager: cleanUpApplicationRecord -- 10766

07-28 16:38:22.285   965   993 W ActivityManager: Scheduling restart of crashed service com.vivo.game/.update.GameReceiverService in 1000ms

07-28 16:38:22.285   965   993 D ActivityManager: removeDyingProviderLocked: cpr=ContentProviderRecord{9b722da u0 com.vivo.game/com.vivo.upgradelibrary.utils.FileProvider} always=false inLaunching=false

07-28 16:38:22.285   965   993 D ActivityManager: removeDyingProviderLocked: cpr=ContentProviderRecord{e34730b u0 com.vivo.game/.model.GameProvider} always=false inLaunching=false

07-28 16:38:22.285   965   993 D ActivityManager: removeDyingProviderLocked: cpr=ContentProviderRecord{ce485e8 u0 com.vivo.game/com.vivo.download.DownloadProvider} always=false inLaunching=false

07-28 16:38:22.285   965   993 D ActivityManager: removeDyingProviderLocked: cpr=ContentProviderRecord{789e401 u0 com.vivo.game/.push.db.MsgProvider} always=false inLaunching=false

07-28 16:38:22.286   965   993 D ActivityManager: removeDyingProviderLocked: cpr=ContentProviderRecord{2f492a6 u0 com.vivo.game/android.support.v4.content.FileProvider} always=false inLaunching=false

07-28 16:38:22.286   965   993 D ActivityManager: SVC-mBroadcastQueues: com.android.server.am.BroadcastQueue@c823d06

07-28 16:38:22.286   965   993 D ActivityManager: SVC-mBroadcastQueues: com.android.server.am.BroadcastQueue@aafffc7

07-28 16:38:22.286  1464  4018 I FloatWindowManagerService: get died  is : 10766 ; id is : 10111

07-28 16:38:22.288   965  1266 D ScreenBrightnessModeRestore: pakage name is com.vivo.gamewith :10111

07-28 16:38:22.288   965  1266 D ScreenBrightnessModeRestore:  onProcessDiedInner, pid = 10766 , mCurrentForceGroundPid = 2015 mAppName: com.vivo.game mWaitToRestore=false

07-28 16:38:22.288   965  1266 D ScreenBrightnessModeRestore: mRunnable try to restore, mLastScreenBrightness: 112 mWaitToRestoreBrightness: false mWaitToRestoreMode: false mLastScreenMode: 1

07-28 16:38:22.291 20343 20343 D ActivityThread: SVC-UNBIND_SERVICE handled : 0 / BindServiceData{token=android.os.BinderProxy@fb35ada intent=Intent { act=com.vivo.plugin.aidl.service pkg=com.vivo.sdkplugin cmp=com.vivo.sdkplugin/com.vivo.plugin.aidl.LoginAccInfoService }}

07-28 16:38:22.291 20343 20343 D ActivityThread: SVC-Destroying service: com.vivo.plugin.aidl.LoginAccInfoService@3a84b0b

07-28 16:38:22.294  1464  1918 I FloatWindowManagerService: get top = com.android.mms

07-28 16:38:22.294  1464  1918 I FloatWindowManagerService: die is : com.vivo.game ; fore is : com.android.mms

07-28 16:38:22.294 20343 20343 D ActivityThread: SVC-STOP_SERVICE handled : 0 / android.os.BinderProxy@fb35ada

07-28 16:38:22.411   824   824 W viarild : type=1400 audit(0.0:121809): avc: denied { write } for name="mal-mfi" dev="tmpfs" ino=8735 scontext=u:r:viarild:s0 tcontext=u:object_r:mal_mfi_socket:s0 tclass=sock_file permissive=0

07-28 16:38:22.422   798   824 E MFI-Conn:  (     mfia_task_bootstrap,  587) mfia_task_bootstrap(): retrying to connect to mal-mfi error 13!! ====

07-28 16:38:22.462   965  2365 D DhcpUtils: read:ra_info_flag=0

07-28 16:38:23.098   965  1993 D ConnectivityService: getActiveNetworkInfo networkInfo = [type: WIFI[], state: CONNECTED/CONNECTED, reason: (unspecified), extra: "beta-test", roaming: false, failover: false, isAvailable: true]

07-28 16:38:23.099   965   974 I art     : Background partial concurrent mark sweep GC freed 38811(2MB) AllocSpace objects, 20(492KB) LOS objects, 11% free, 29MB/33MB, paused 2.608ms total 158.066ms

07-28 16:38:23.100  1363  3010 D VivoPush.PushClientThread: 151228-PushClientThread-handleMessage, task = as{DefaultCommand}

07-28 16:38:23.104  1363  3010 W ContextImpl: Calling a method in the system process without a qualified user: android.app.ContextImpl.startService:1228 android.content.ContextWrapper.startService:581 com.vivo.push.sdk.service.LinkProxyActivity.a:104 com.vivo.push.a.a.a:50 com.vivo.push.client.a.as.a:59 

07-28 16:38:23.107  3025  3025 D ActivityThread: SVC-Calling onStartCommand: com.vivo.push.sdk.service.PushService@f3a510e, flags=0, startId=1027

07-28 16:38:23.107  3025  3025 D VivoPush.PushService: 151228-PushService -- onStartCommand

07-28 16:38:23.107  3025  3025 D ActivityThread: SVC-SERVICE_ARGS handled : 0 / ServiceArgsData{token=android.os.BinderProxy@dff7b09 startId=1027 args=Intent { act=com.vivo.pushservice.action.METHOD pkg=com.vivo.abe cmp=com.vivo.abe/com.vivo.push.sdk.service.PushService (has extras) }}

07-28 16:38:23.107  3025 11119 D VivoPush.PushServiceThread: 151228-PushServiceThread-handleMessage, start task = oDefaultCommand}

07-28 16:38:23.110  3025 11119 W ContextImpl: Calling a method in the system process without a qualified user: android.app.ContextImpl.startService:1228 android.content.ContextWrapper.startService:581 com.vivo.push.sdk.service.LinkProxyActivity.a:104 com.vivo.push.a.a.a:50 com.vivo.push.a.a.a:24 

07-28 16:38:23.111   965 16183 D OpenGLRenderer: ~CanvasContext() 0x7f727d6800

07-28 16:38:23.117   965 16183 D OpenGLRenderer: ~CanvasContext() 0x7f70747800

07-28 16:38:23.118  3025  3025 D ActivityThread: SVC-Calling onStartCommand: com.vivo.push.sdk.service.PushService@f3a510e, flags=0, startId=1028

07-28 16:38:23.118  3025  3025 D VivoPush.PushService: 151228-PushService -- onStartCommand

07-28 16:38:23.118  3025  3025 D ActivityThread: SVC-SERVICE_ARGS handled : 0 / ServiceArgsData{token=android.os.BinderProxy@dff7b09 startId=1028 args=Intent { act=com.vivo.pushservice.action.METHOD pkg=com.vivo.abe cmp=com.vivo.abe/com.vivo.push.sdk.service.PushService (has extras) }}

07-28 16:38:23.119   965 16183 D OpenGLRenderer: ~CanvasContext() 0x7f70882000

07-28 16:38:23.121  3025 11119 W ContextImpl: Calling a method in the system process without a qualified user: android.app.ContextImpl.startService:1228 android.content.ContextWrapper.startService:581 com.vivo.push.sdk.service.LinkProxyActivity.a:104 com.vivo.push.a.a.a:50 com.vivo.push.a.a.a:24 

07-28 16:38:23.124  3025 11119 D VivoPush.PushServiceThread: 151228-PushServiceThread-handleMessage, end task = oDefaultCommand}

07-28 16:38:23.125  3025 11119 D VivoPush.PushServiceThread: 151228-PushServiceThread-handleMessage, start task = wConnectCommand}

07-28 16:38:23.125  3025  3025 D ActivityThread: SVC-Calling onStartCommand: com.vivo.push.sdk.service.PushService@f3a510e, flags=0, startId=1029

07-28 16:38:23.125  3025  3025 D VivoPush.PushService: 151228-PushService -- onStartCommand

07-28 16:38:23.126  3025  3025 D ActivityThread: SVC-SERVICE_ARGS handled : 0 / ServiceArgsData{token=android.os.BinderProxy@dff7b09 startId=1029 args=Intent { act=com.vivo.pushservice.action.METHOD pkg=com.vivo.abe cmp=com.vivo.abe/com.vivo.push.sdk.service.PushService (has extras) }}

07-28 16:38:23.129   965  1362 V AlarmAlign: remove pkg = com.vivo.abe, action = com.vivo.push.AlarmAciton.Connect

07-28 16:38:23.130   965  1362 D AlarmManager:  whichBatch = -1

07-28 16:38:23.130   965  1362 D AlarmManager:  whichBatch = -1

07-28 16:38:23.130   965  1362 D AlarmManager:  whichBatch = -1

07-28 16:38:23.130   965  1362 D AlarmManager:  whichBatch = -1

07-28 16:38:23.130   965  1362 D AlarmManager:  whichBatch = -1

07-28 16:38:23.130   965  1362 D AlarmManager:  whichBatch = -1

07-28 16:38:23.130   965  1362 D AlarmManager:  whichBatch = -1

07-28 16:38:23.130   965  1362 D AlarmManager:  whichBatch = -1

07-28 16:38:23.130   965  1362 D AlarmManager:  whichBatch = -1

07-28 16:38:23.130   965  1362 D AlarmManager:  whichBatch = -1

07-28 16:38:23.130   965  1362 D AlarmManager:  whichBatch = -1

07-28 16:38:23.130   965  1362 D AlarmManager:  whichBatch = -1

07-28 16:38:23.130   965  1362 D AlarmManager:  whichBatch = -1

07-28 16:38:23.130   965  1362 D AlarmManager:  whichBatch = -1

07-28 16:38:23.130   965  1362 D AlarmManager:  whichBatch = -1

07-28 16:38:23.130   965  1362 D AlarmManager:  whichBatch = -1

07-28 16:38:23.130   965  1362 D AlarmManager:  whichBatch = -1

07-28 16:38:23.130   965  1362 D AlarmManager:  whichBatch = -1

07-28 16:38:23.130   965  1362 D AlarmManager:  whichBatch = -1

07-28 16:38:23.130   965  1362 D AlarmManager:  whichBatch = -1

07-28 16:38:23.130   965  1362 D AlarmManager:  whichBatch = -1

07-28 16:38:23.130   965  1362 D AlarmManager:  whichBatch = -1

07-28 16:38:23.130   965  1362 D AlarmManager:  whichBatch = -1

07-28 16:38:23.130   965  1362 D AlarmManager:  whichBatch = -1

07-28 16:38:23.130   965  1362 D AlarmManager:  whichBatch = -1

07-28 16:38:23.130   965  1362 D AlarmManager:  whichBatch = -1

07-28 16:38:23.130   965  1362 D AlarmManager:  whichBatch = -1

07-28 16:38:23.130   965  1362 D AlarmManager:  whichBatch = -1

07-28 16:38:23.130   965  1362 D AlarmManager:  whichBatch = -1

07-28 16:38:23.130   965  1362 D AlarmManager:  whichBatch = -1

07-28 16:38:23.131   965  1362 D AlarmManager:  whichBatch = -1

07-28 16:38:23.131   965  1362 D AlarmManager:  whichBatch = -1

07-28 16:38:23.131   965  1362 D AlarmManager:  whichBatch = -1

07-28 16:38:23.131   965  1362 D AlarmManager:  whichBatch = -1

07-28 16:38:23.131   965  1362 D AlarmManager:  whichBatch = -1

07-28 16:38:23.131   965  1362 D AlarmManager:  whichBatch = -1

07-28 16:38:23.131   965  1362 D AlarmManager:  whichBatch = -1

07-28 16:38:23.131   965  1362 D AlarmManager:  whichBatch = -1

07-28 16:38:23.131   965  1362 D AlarmManager:  whichBatch = -1

07-28 16:38:23.131   965  1362 D AlarmManager:  whichBatch = -1

07-28 16:38:23.131   965  1362 D AlarmManager:  whichBatch = -1

07-28 16:38:23.131   965  1362 D AlarmManager:  whichBatch = -1

07-28 16:38:23.131   965  1362 D AlarmManager:  whichBatch = -1

07-28 16:38:23.131   965  1362 D AlarmManager:  whichBatch = -1

07-28 16:38:23.131   965  1362 D AlarmManager:  whichBatch = -1

07-28 16:38:23.131   965  1362 D AlarmManager:  whichBatch = -1

07-28 16:38:23.134   965  1954 I ExtraAlarmManager: type: 1 Type: 1

07-28 16:38:23.134   965  1954 V AlarmAlign: addAlarm pkg = com.vivo.abe, action = com.vivo.push.AlarmAciton.Connect, whenElapsed = 904573888

07-28 16:38:23.134   965  1954 D AlarmManager:  whichBatch = -1

07-28 16:38:23.136  3025 11119 D VivoPush.PushServiceThread: 151228-PushServiceThread-handleMessage, end task = wConnectCommand}

07-28 16:38:23.136  3025 11119 D VivoPush.PushServiceThread: 151228-PushServiceThread-handleMessage, start task = mConnectConfigUpdateCommand}

07-28 16:38:23.137   965   979 D ConnectivityService: getActiveNetworkInfo networkInfo = [type: WIFI[], state: CONNECTED/CONNECTED, reason: (unspecified), extra: "beta-test", roaming: false, failover: false, isAvailable: true]

07-28 16:38:23.141  3025 11119 D VivoPush.PushServiceThread: 151228-PushServiceThread-handleMessage, end task = mConnectConfigUpdateCommand}

07-28 16:38:23.156   965   993 V ActivityManager: Broadcast: Intent { flg=0x10 cmp=com.tencent.mm/.booter.NotifyReceiver (has extras) } ordered=false userid=0 callerApp=ProcessRecord{61ed21b 3404:com.tencent.mm:push/u0a139}

07-28 16:38:23.163  3070  3070 D ActivityThread: BDC-Calling onReceive: intent=Intent { flg=0x10 cmp=com.tencent.mm/.booter.NotifyReceiver (has extras) }, receiver=com.tencent.mm.booter.NotifyReceiver@e98fb99

07-28 16:38:23.165  3070  3070 D ActivityThread: BDC-RECEIVER handled : 0 / ReceiverData{intent=Intent { flg=0x10 cmp=com.tencent.mm/.booter.NotifyReceiver (has extras) } packageName=com.tencent.mm resultCode=-1 resultData=null resultExtras=null}

07-28 16:38:23.165  3070  3070 D ActivityThread: SVC-Calling onStartCommand: com.tencent.mm.booter.NotifyReceiver$NotifyService@4de35cf, flags=0, startId=269

07-28 16:38:23.166  3070  3070 D ActivityThread: SVC-SERVICE_ARGS handled : 0 / ServiceArgsData{token=android.os.BinderProxy@932b0a9 startId=269 args=Intent { cmp=com.tencent.mm/.booter.NotifyReceiver$NotifyService (has extras) }}

07-28 16:38:23.190   307  2346 I BufferQueueProducer: [StatusBar](this:0x7f9ed4a800,id:6,api:1,p:1322,c:307) queueBuffer: fps=0.45 dur=2204.94 max=2204.94 min=2204.94

07-28 16:38:23.204   307   307 I SurfaceFlinger: [Built-in Screen (type:0)] fps:0.453532,dur:2204.92,max:2204.92,min:2204.92

07-28 16:38:23.332   965  2012 D ConnectivityService: getActiveNetworkInfo networkInfo = [type: WIFI[], state: CONNECTED/CONNECTED, reason: (unspecified), extra: "beta-test", roaming: false, failover: false, isAvailable: true]

07-28 16:38:23.335  7145  7235 D VivoPush.PushServiceThread: 151228-PushClientThread-handleMessage, task = aj{DefaultCommand}

07-28 16:38:23.370  3025  3025 D ActivityThread: SVC-Calling onStartCommand: com.vivo.push.sdk.service.PushService@f3a510e, flags=0, startId=1030

07-28 16:38:23.370  3025  3025 D VivoPush.PushService: 151228-PushService -- onStartCommand

07-28 16:38:23.371  3025  3025 D ActivityThread: SVC-SERVICE_ARGS handled : 0 / ServiceArgsData{token=android.os.BinderProxy@dff7b09 startId=1030 args=Intent { act=com.vivo.pushservice.action.METHOD cmp=com.vivo.abe/com.vivo.push.sdk.service.PushService (has extras) }}

07-28 16:38:23.371  3025 11119 D VivoPush.PushServiceThread: 151228-PushServiceThread-handleMessage, start task = oDefaultCommand}

07-28 16:38:23.372  3025 11119 W ContextImpl: Calling a method in the system process without a qualified user: android.app.ContextImpl.startService:1228 android.content.ContextWrapper.startService:581 com.vivo.push.sdk.service.LinkProxyActivity.a:104 com.vivo.push.a.a.a:50 com.vivo.push.a.a.a:24 

07-28 16:38:23.374  3025  3025 D ActivityThread: SVC-Calling onStartCommand: com.vivo.push.sdk.service.PushService@f3a510e, flags=0, startId=1031

07-28 16:38:23.374  3025  3025 D VivoPush.PushService: 151228-PushService -- onStartCommand

07-28 16:38:23.374  3025 11119 W ContextImpl: Calling a method in the system process without a qualified user: android.app.ContextImpl.startService:1228 android.content.ContextWrapper.startService:581 com.vivo.push.sdk.service.LinkProxyActivity.a:104 com.vivo.push.a.a.a:50 com.vivo.push.a.a.a:24 

07-28 16:38:23.375  3025  3025 D ActivityThread: SVC-SERVICE_ARGS handled : 0 / ServiceArgsData{token=android.os.BinderProxy@dff7b09 startId=1031 args=Intent { act=com.vivo.pushservice.action.METHOD pkg=com.vivo.abe cmp=com.vivo.abe/com.vivo.push.sdk.service.PushService (has extras) }}

07-28 16:38:23.376  3025 11119 D VivoPush.PushServiceThread: 151228-PushServiceThread-handleMessage, end task = oDefaultCommand}

07-28 16:38:23.376  3025  3025 D ActivityThread: SVC-Calling onStartCommand: com.vivo.push.sdk.service.PushService@f3a510e, flags=0, startId=1032

07-28 16:38:23.376  3025  3025 D VivoPush.PushService: 151228-PushService -- onStartCommand

07-28 16:38:23.376  3025 11119 D VivoPush.PushServiceThread: 151228-PushServiceThread-handleMessage, start task = wConnectCommand}

07-28 16:38:23.377  3025  3025 D ActivityThread: SVC-SERVICE_ARGS handled : 0 / ServiceArgsData{token=android.os.BinderProxy@dff7b09 startId=1032 args=Intent { act=com.vivo.pushservice.action.METHOD pkg=com.vivo.abe cmp=com.vivo.abe/com.vivo.push.sdk.service.PushService (has extras) }}

07-28 16:38:23.380   965  1507 V AlarmAlign: remove pkg = com.vivo.abe, action = com.vivo.push.AlarmAciton.Connect

07-28 16:38:23.380   965  1507 D AlarmManager:  whichBatch = -1

07-28 16:38:23.380   965  1507 D AlarmManager:  whichBatch = -1

07-28 16:38:23.380   965  1507 D AlarmManager:  whichBatch = -1

07-28 16:38:23.380   965  1507 D AlarmManager:  whichBatch = -1

07-28 16:38:23.380   965  1507 D AlarmManager:  whichBatch = -1

07-28 16:38:23.380   965  1507 D AlarmManager:  whichBatch = -1

07-28 16:38:23.380   965  1507 D AlarmManager:  whichBatch = -1

07-28 16:38:23.380   965  1507 D AlarmManager:  whichBatch = -1

07-28 16:38:23.380   965  1507 D AlarmManager:  whichBatch = -1

07-28 16:38:23.380   965  1507 D AlarmManager:  whichBatch = -1

07-28 16:38:23.380   965  1507 D AlarmManager:  whichBatch = -1

07-28 16:38:23.380   965  1507 D AlarmManager:  whichBatch = -1

07-28 16:38:23.380   965  1507 D AlarmManager:  whichBatch = -1

07-28 16:38:23.380   965  1507 D AlarmManager:  whichBatch = -1

07-28 16:38:23.380   965  1507 D AlarmManager:  whichBatch = -1

07-28 16:38:23.380   965  1507 D AlarmManager:  whichBatch = -1

07-28 16:38:23.380   965  1507 D AlarmManager:  whichBatch = -1

07-28 16:38:23.380   965  1507 D AlarmManager:  whichBatch = -1

07-28 16:38:23.381   965  1507 D AlarmManager:  whichBatch = -1

07-28 16:38:23.381   965  1507 D AlarmManager:  whichBatch = -1

07-28 16:38:23.381   965  1507 D AlarmManager:  whichBatch = -1

07-28 16:38:23.381   965  1507 D AlarmManager:  whichBatch = -1

07-28 16:38:23.381   965  1507 D AlarmManager:  whichBatch = -1

07-28 16:38:23.381   965  1507 D AlarmManager:  whichBatch = -1

07-28 16:38:23.381   965  1507 D AlarmManager:  whichBatch = -1

07-28 16:38:23.381   965  1507 D AlarmManager:  whichBatch = -1

07-28 16:38:23.381   965  1507 D AlarmManager:  whichBatch = -1

07-28 16:38:23.381   965  1507 D AlarmManager:  whichBatch = -1

07-28 16:38:23.381   965  1507 D AlarmManager:  whichBatch = -1

07-28 16:38:23.381   965  1507 D AlarmManager:  whichBatch = -1

07-28 16:38:23.381   965  1507 D AlarmManager:  whichBatch = -1

07-28 16:38:23.381   965  1507 D AlarmManager:  whichBatch = -1

07-28 16:38:23.381   965  1507 D AlarmManager:  whichBatch = -1

07-28 16:38:23.381   965  1507 D AlarmManager:  whichBatch = -1

07-28 16:38:23.381   965  1507 D AlarmManager:  whichBatch = -1

07-28 16:38:23.381   965  1507 D AlarmManager:  whichBatch = -1

07-28 16:38:23.381   965  1507 D AlarmManager:  whichBatch = -1

07-28 16:38:23.381   965  1507 D AlarmManager:  whichBatch = -1

07-28 16:38:23.381   965  1507 D AlarmManager:  whichBatch = -1

07-28 16:38:23.381   965  1507 D AlarmManager:  whichBatch = -1

07-28 16:38:23.381   965  1507 D AlarmManager:  whichBatch = -1

07-28 16:38:23.381   965  1507 D AlarmManager:  whichBatch = -1

07-28 16:38:23.381   965  1507 D AlarmManager:  whichBatch = -1

07-28 16:38:23.381   965  1507 D AlarmManager:  whichBatch = -1

07-28 16:38:23.381   965  1507 D AlarmManager:  whichBatch = -1

07-28 16:38:23.381   965  1507 D AlarmManager:  whichBatch = -1

07-28 16:38:23.383   965  2004 I ExtraAlarmManager: type: 1 Type: 1

07-28 16:38:23.383   965  2004 V AlarmAlign: addAlarm pkg = com.vivo.abe, action = com.vivo.push.AlarmAciton.Connect, whenElapsed = 904573888

07-28 16:38:23.383   965  2004 D AlarmManager:  whichBatch = -1

07-28 16:38:23.384  3025 11119 D VivoPush.PushServiceThread: 151228-PushServiceThread-handleMessage, end task = wConnectCommand}

07-28 16:38:23.384  3025 11119 D VivoPush.PushServiceThread: 151228-PushServiceThread-handleMessage, start task = mConnectConfigUpdateCommand}

07-28 16:38:23.385   965   981 D ConnectivityService: getActiveNetworkInfo networkInfo = [type: WIFI[], state: CONNECTED/CONNECTED, reason: (unspecified), extra: "beta-test", roaming: false, failover: false, isAvailable: true]

07-28 16:38:23.387  3025 11119 D VivoPush.PushServiceThread: 151228-PushServiceThread-handleMessage, end task = mConnectConfigUpdateCommand}

07-28 16:38:23.422   798   824 E MFI-Conn:  (     mfia_task_bootstrap,  587) mfia_task_bootstrap(): retrying to connect to mal-mfi error 13!! ====

07-28 16:38:23.411   824   824 W viarild : type=1400 audit(0.0:121810): avc: denied { write } for name="mal-mfi" dev="tmpfs" ino=8735 scontext=u:r:viarild:s0 tcontext=u:object_r:mal_mfi_socket:s0 tclass=sock_file permissive=0

07-28 16:38:23.462   965  2365 D DhcpUtils: read:ra_info_flag=0

07-28 16:38:23.974   965  1227 D WifiStateMachine:  ConnectedState (when=-3ms what=131155 arg1=135!CMD_RSSI_POLL  rt=115775915/904235887 135 0 "beta-test" 3c:8c:40:e4:3c:52 rssi=-68 f=2462 sc=80 link=65 tx=16.5, 0.0, 0.0  rx=13.0 bcn=0 [on:0 tx:0 rx:0 period:3002] from screen [on:0 period:-2007449627] gl hn rssi=-63 ag=0 hr ticks 5,266,790 ls-=0 [56,56,60,60,65] brc=0 lrc=0 offload-stopped

07-28 16:38:23.974   965  1227 D WifiStateMachine:  L2ConnectedState (when=-4ms what=131155 arg1=135!CMD_RSSI_POLL  rt=115775916/904235888 135 0 "beta-test" 3c:8c:40:e4:3c:52 rssi=-68 f=2462 sc=80 link=65 tx=16.5, 0.0, 0.0  rx=13.0 bcn=0 [on:0 tx:0 rx:0 period:1] from screen [on:0 period:-2007449626] gl hn rssi=-63 ag=0 hr ticks 5,266,790 ls-=0 [56,56,60,60,65] brc=0 lrc=0 offload-stopped

07-28 16:38:23.974   965  1227 D WifiStateMachine:  get link layer stats 0

07-28 16:38:23.975   312 31395 I MAL-Daemon:  (        ru_syssig_hndler,  436) [RDS-I][ru_syssig_hndler] Send Event: 688 

07-28 16:38:23.975   312 31395 I MAL-Daemon:  (        ru_syssig_hndler,  437) [RDS-I][RDS][RU][ru_syssig_hndler] ru_check_ctx_ptr<0xf5f34d9c, 0xf5f34d9c>

07-28 16:38:23.975   312 31395 W MAL-Daemon:  (    mdfx_task_send_event,  636) mdfx_task_send_event(): [ACT] should NOT enter this leagcy API!!

07-28 16:38:23.975   312 31395 I MAL-Daemon:  (    ru_send_event_entity,  368) [RDS-I][RDS][RU][ru_send_event_entity] send event 688 to 602 with ret(0)

07-28 16:38:23.977   312   682 I MAL-Daemon:  (             rds_ru_task,  454) [RDS-I][RU][rds_ru_task] RCV Event: 688 

07-28 16:38:23.985   965  1227 I WifiStateMachine: fetchRssiLinkSpeedAndFrequencyNative, newRssi:-70, newLinkSpeed:65, SSID:"beta-test"

07-28 16:38:23.985   965  1227 D WifiStateMachine: mLastSignalLevel:2, newSignalLevel:2

07-28 16:38:23.985   965  1227 E WifiStateMachine: calculateWifiScore() we set wifi's score to 1000, so will always set wifi as a default network.

07-28 16:38:23.985   965  1227 V ActivityManager: Broadcast sticky: Intent { act=android.net.wifi.RSSI_CHANGED flg=0x4000010 (has extras) } ordered=false userid=-1 callerApp=ProcessRecord{f5c5ef3 965:system/1000}

07-28 16:38:23.988   965  1256 D WifiWatchdogStateMachine: RSSI current: 2 new: -70, 2

07-28 16:38:23.988  1322  1836 I VivoNetworkController: SystemUI|action = android.net.wifi.RSSI_CHANGED

07-28 16:38:23.993   312   682 D MAL-Daemon:  (     ru_wsl_poll_wpainfo,  657) [RDS-D][RDS][RU][ru_wsl_poll_wpainfo]socket recv pktlen(48) 

07-28 16:38:23.993   312   682 D MAL-Daemon:  (rds_ru_ws_rssi_timer_exp,  770) [RDS-D][RU][rds_ru_ws_rssi_timer_expire_hdlr][RDS] get rssi = -70, snr = 9999 

07-28 16:38:23.993   312   682 I MAL-Daemon:  (  ru_wsl_wifi_status_ind,  752) [RDS-I][RDS][RU][ru_wsl_wifi_status_ind] ru_check_ctx_ptr<0xf5f34d9c, 0xf5f34d9c>

07-28 16:38:23.993   312   682 W MAL-Daemon:  (    mdfx_task_send_event,  636) mdfx_task_send_event(): [ACT] should NOT enter this leagcy API!!

07-28 16:38:23.993   312   682 I MAL-Daemon:  (    ru_send_event_entity,  368) [RDS-I][RDS][RU][ru_send_event_entity] send event 604 to 602 with ret(0)

07-28 16:38:23.994   312   682 I MAL-Daemon:  (          ru_get_netstat, 5599) [RDS-I][RU][ru_get_netstat] netstat <thrghpt, pkterrt>, wifi <2562, 0%>, mobile <0, 0%>

07-28 16:38:23.994   312   682 I MAL-Daemon:  (    ru_send_event_entity,  368) [RDS-I][RDS][RU][ru_send_event_entity] send event 614 to 1236 with ret(0)

07-28 16:38:23.994   312   682 I MAL-Daemon:  (             rds_ru_task,  454) [RDS-I][RU][rds_ru_task] RCV Event: 604 

07-28 16:38:23.994   312   682 I MAL-Daemon:  (  rds_ru_wifi_status_ind, 1379) [RDS-I][RU][EVENT_RU_WS_WIFI_STATUS_IND] fgwifi_en:1(no use) i4wifirssi:0xffffffba i4wifisnr:0x270f

07-28 16:38:23.994   312   682 I MAL-Daemon:  (    ru_send_event_entity,  368) [RDS-I][RDS][RU][ru_send_event_entity] send event 615 to 1236 with ret(0)

07-28 16:38:23.994   312   682 I MAL-Daemon:  (          rds_ru_rpl_gen, 5180) [RDS-I][RU][rds_ru_rpl_gen][RDS][OP0] TYPE : <0>, UI Policy : <3>, RDS Policy : <3>

07-28 16:38:23.994   312   682 I MAL-Daemon:  (      rds_cell_only_orng, 3673) [RDS-I][RU][RDS IMS/MMS][rds_cell_only_orng] 

07-28 16:38:23.994   312   682 I MAL-Daemon:  (          rds_ru_rpl_gen, 5191) [RDS-I][RU][rds_ru_rpl_gen][RDS][OP0] TYPE : <0>, RAN1 : <254> ,RAN2 : <254>

07-28 16:38:23.994   312   682 I MAL-Daemon:  (          rds_ru_rpl_gen, 5180) [RDS-I][RU][rds_ru_rpl_gen][RDS][OP0] TYPE : <1>, UI Policy : <3>, RDS Policy : <3>

07-28 16:38:23.994   312   682 I MAL-Daemon:  (      rds_cell_only_orng, 3673) [RDS-I][RU][RDS IMS/MMS][rds_cell_only_orng] 

07-28 16:38:23.994   312   682 I MAL-Daemon:  (          rds_ru_rpl_gen, 5191) [RDS-I][RU][rds_ru_rpl_gen][RDS][OP0] TYPE : <1>, RAN1 : <254> ,RAN2 : <254>

07-28 16:38:23.994   312   682 I MAL-Daemon:  (          rds_ru_rpl_gen, 5180) [RDS-I][RU][rds_ru_rpl_gen][RDS][OP0] TYPE : <2>, UI Policy : <3>, RDS Policy : <3>

07-28 16:38:23.994   312   682 I MAL-Daemon:  (      rds_cell_only_orng, 3673) [RDS-I][RU][RDS IMS/MMS][rds_cell_only_orng] 

07-28 16:38:23.994   312   682 I MAL-Daemon:  (          rds_ru_rpl_gen, 5191) [RDS-I][RU][rds_ru_rpl_gen][RDS][OP0] TYPE : <2>, RAN1 : <254> ,RAN2 : <254>

07-28 16:38:23.994   312   682 I MAL-Daemon:  (          rds_ru_rpl_gen, 5180) [RDS-I][RU][rds_ru_rpl_gen][RDS][OP0] TYPE : <3>, UI Policy : <3>, RDS Policy : <3>

07-28 16:38:23.994   312   682 I MAL-Daemon:  (          rds_ru_rpl_gen, 5191) [RDS-I][RU][rds_ru_rpl_gen][RDS][OP0] TYPE : <3>, RAN1 : <255> ,RAN2 : <255>

07-28 16:38:23.994   312   682 I MAL-Daemon:  (          rds_ru_rpl_gen, 5180) [RDS-I][RU][rds_ru_rpl_gen][RDS][OP0] TYPE : <4>, UI Policy : <3>, RDS Policy : <3>

07-28 16:38:23.994   312   682 I MAL-Daemon:  (          rds_ru_rpl_gen, 5191) [RDS-I][RU][rds_ru_rpl_gen][RDS][OP0] TYPE : <4>, RAN1 : <255> ,RAN2 : <255>

07-28 16:38:23.994   312   682 I MAL-Daemon:  (          rds_ru_rpl_gen, 5180) [RDS-I][RU][rds_ru_rpl_gen][RDS][OP0] TYPE : <5>, UI Policy : <3>, RDS Policy : <3>

07-28 16:38:23.994   312   682 I MAL-Daemon:  (          rds_ru_rpl_gen, 5191) [RDS-I][RU][rds_ru_rpl_gen][RDS][OP0] TYPE : <5>, RAN1 : <255> ,RAN2 : <255>

07-28 16:38:23.994   312   682 I MAL-Daemon:  (          rds_ru_rpl_gen, 5191) [RDS-I][RU][rds_ru_rpl_gen][RDS][OP0] TYPE : <6>, RAN1 : <254> ,RAN2 : <254>

07-28 16:38:23.994   312   682 I MAL-Daemon:  (    rds_op_check_feature,  324) [RDS-I][RDS][OP][rds_op_check_feature] operator id(0) check feature<0>, curr_opmsk is <1>, sys_opmsk is <0x0001, 1>

07-28 16:38:23.994   312   682 I MAL-Daemon:  (  rds_ru_ims_vops_update, 4980) [RDS-I][RU][rds_ru_ims_vops_update][RDS IMS]Policy type: 0 IMS VOPS IE is Disabled, update IMS RPL from Ori:(254, 254) New:(254,254)

07-28 16:38:23.995   312   682 I MAL-Daemon:  (  rds_ru_ims_vops_update, 4980) [RDS-I][RU][rds_ru_ims_vops_update][RDS IMS]Policy type: 1 IMS VOPS IE is Disabled, update IMS RPL from Ori:(254, 254) New:(254,254)

07-28 16:38:23.995   312   682 I MAL-Daemon:  (  rds_ru_ims_vops_update, 4980) [RDS-I][RU][rds_ru_ims_vops_update][RDS IMS]Policy type: 2 IMS VOPS IE is Disabled, update IMS RPL from Ori:(254, 254) New:(254,254)

07-28 16:38:23.995   312   682 I MAL-Daemon:  (          rds_ru_rpl_gen, 5215) [RDS-I][RU][rds_ru_rpl_gen][RDS] Current policy: fgimsolte_en<0>, fgwfc_en<0>, erdspolicy<3>, 

07-28 16:38:23.995   312   682 I MAL-Daemon:  (          rds_ru_rpl_gen, 5218) [RDS-I][RU][rds_ru_rpl_gen][RDS] Threshold i4wifirssih<-75>, i4wifirssil<-85>, i4wifirssih_ho<-78>, i4wifirssil_ho<-88>, i4wifisnrh<10>, i4wifisnrl<6>

07-28 16:38:23.995   312   682 I MAL-Daemon:  (          rds_ru_rpl_gen, 5221) [RDS-I][RU][rds_ru_rpl_gen][RDS] Threshold i4ltersrph<-106>, i4ltersrpm<-111>, i4ltersrpl<-116>, i4ltersrqh<5>, i4ltersrqm<3>, i4ltersrql<1>

07-28 16:38:23.995   312   682 I MAL-Daemon:  (          rds_ru_rpl_gen, 5224) [RDS-I][RU][rds_ru_rpl_gen][RDS] current rds ru status: i4wifirssi<-70>, i4wifisnr<9999>, i4ltersrp<-141>, i4ltersrq<0>, u4active_ran<1> 

07-28 16:38:23.995   312   682 I MAL-Daemon:  (          rds_ru_rpl_gen, 5227) [RDS-I][RU][rds_ru_rpl_gen][RDS] current wifi backhaul : rtp_plr<0>, rtp_jitter<0>, ping_ind<0>

07-28 16:38:23.995   312   682 I MAL-Daemon:  (          rds_ru_rpl_gen, 5230) [RDS-I][RU][rds_ru_rpl_gen][RDS] Call stat : IR92<0>, IR94<0> 

07-28 16:38:23.995   312   682 I MAL-Daemon:  (          rds_ru_rpl_gen, 5236) [RDS-I][RU][RDS IMS/MMS][rds_ru_rpl_gen] Ori:(254,254)/(255,255) New:(254,254)/(255,255)

07-28 16:38:23.995   312   682 I MAL-Daemon:  (          rds_ru_rpl_gen, 5241) [RDS-I][RU][RDS IMS/MMS WIFI][rds_ru_rpl_gen] Ori:(254,254)/(255,255) New:(254,254)/(255,255)

07-28 16:38:23.995   312   682 I MAL-Daemon:  (          rds_ru_rpl_gen, 5246) [RDS-I][RU][RDS IMS/MMS CELL][rds_ru_rpl_gen] Ori:(254,254)/(255,255) New:(254,254)/(255,255)

07-28 16:38:23.995   312   682 I MAL-Daemon:  (          rds_ru_rpl_gen, 5250) [RDS-I][RU][RDS EMG][rds_ru_rpl_gen] Ori:(254,254) New:(254,254)

07-28 16:38:23.995  1970  2068 I MFI-Conn:  (     mfia_task_bootstrap,  944) mfia_task_bootstrap(): an event 614 incoming

07-28 16:38:23.995  1970  2068 I MFI-Conn:  (     mfia_task_bootstrap,  944) mfia_task_bootstrap(): an event 615 incoming

07-28 16:38:23.995  1970  2110 I MFI-Conn:  (             rds_urc_hdl,  263) [RDS][rds_urc_hdl] RCV Event: 614 

07-28 16:38:23.995  1970  2110 I MFI-Conn:  (             rds_urc_hdl,  378) [RDS][IF][rds_urc_hdl] data_base update: pkterrt(0) 

07-28 16:38:23.995  1970  2110 I MFI-Conn:  (             rds_urc_hdl,  263) [RDS][rds_urc_hdl] RCV Event: 615 

07-28 16:38:23.995  1970  2110 I MFI-Conn:  (             rds_urc_hdl,  388) [RDS][IF][rds_urc_hdl] data_base update: i4wifirssi(-70) 

07-28 16:38:24.107  1710 10853 V ApnUpdateService: MSG_UPDATE_APN

07-28 16:38:24.109   965  2012 D ConnectivityService: getActiveNetworkInfo networkInfo = [type: WIFI[], state: CONNECTED/CONNECTED, reason: (unspecified), extra: "beta-test", roaming: false, failover: false, isAvailable: true]

07-28 16:38:24.154   427   793 E VT      : [SRV] [VT THREAD] [VT_Bind] des = volte_imsvt1 Fail to connect . retry count: 38565

07-28 16:38:24.155   427   793 D VT      : [SRV] isIMCBrun : False

07-28 16:38:24.159  1710 10853 V ApnUpdateService: localApnVersion:-1

07-28 16:38:24.162  1710  1710 D ActivityThread: SVC-Destroying service: com.android.providers.telephony.ApnUpdateService@5c68804

07-28 16:38:24.162  1710  1710 V ApnUpdateService: destroy

07-28 16:38:24.162  1710  1710 D ActivityThread: SVC-STOP_SERVICE handled : 0 / android.os.BinderProxy@58afc17

07-28 16:38:24.203   307  2346 I BufferQueueProducer: [StatusBar](this:0x7f9ed4a800,id:6,api:1,p:1322,c:307) queueBuffer: fps=0.99 dur=1012.89 max=1012.89 min=1012.89

07-28 16:38:24.218   307   307 I SurfaceFlinger: [Built-in Screen (type:0)] fps:0.986984,dur:1013.19,max:1013.19,min:1013.19

07-28 16:38:24.423   798   824 E MFI-Conn:  (     mfia_task_bootstrap,  587) mfia_task_bootstrap(): retrying to connect to mal-mfi error 13!! ====

07-28 16:38:24.411   824   824 W viarild : type=1400 audit(0.0:121811): avc: denied { write } for name="mal-mfi" dev="tmpfs" ino=8735 scontext=u:r:viarild:s0 tcontext=u:object_r:mal_mfi_socket:s0 tclass=sock_file permissive=0

07-28 16:38:24.462   965  2365 D DhcpUtils: read:ra_info_flag=0

07-28 16:38:24.552   441   441 I thermal_repeater: select timeout

07-28 16:38:24.754  7145  7145 I AppStore.DownloadService: isRunning true isControlRun true

07-28 16:38:24.784 10833 10833 V MMSLog  : ----------onReceiveWithPrivilege----------

07-28 16:38:24.788   965   979 D AppOps  : startOperation: allowing code 40 uid 10011 package com.android.mms

07-28 16:38:24.800 10833 10833 D ActivityThread: SVC-Creating service: CreateServiceData{token=android.os.BinderProxy@62e5b8d className=com.android.mms.transaction.SmsReceiverService packageName=com.android.mms intent=null}

07-28 16:38:24.807  1464  1464 D ActivityThread: SVC-Creating service: CreateServiceData{token=android.os.BinderProxy@95a8944 className=com.iqoo.secure.ui.antiharassment.InterceptService packageName=com.iqoo.secure intent=null}

07-28 16:38:24.807  1464  1464 D ActivityThread: SVC-CREATE_SERVICE handled : 0 / CreateServiceData{token=android.os.BinderProxy@95a8944 className=com.iqoo.secure.ui.antiharassment.InterceptService packageName=com.iqoo.secure intent=null}

07-28 16:38:24.809  1464  1464 V ActivityThread: handleBindService s=com.iqoo.secure.ui.antiharassment.InterceptService@ff75a2d rebind=false

07-28 16:38:24.811   965  1037 V NetworkStats: setKernelCounterSet uid=10058 set=0

07-28 16:38:24.816  1606  2893 I DaemonService: DataUsageService pid = 1464

07-28 16:38:24.817  1464  1464 D ActivityThread: SVC-BIND_SERVICE handled : 0 / BindServiceData{token=android.os.BinderProxy@95a8944 intent=Intent { pkg=com.iqoo.secure cmp=com.iqoo.secure/.ui.antiharassment.InterceptService }}

07-28 16:38:24.821 10833 10833 D ActivityThread: SVC-CREATE_SERVICE handled : 0 / CreateServiceData{token=android.os.BinderProxy@62e5b8d className=com.android.mms.transaction.SmsReceiverService packageName=com.android.mms intent=null}

07-28 16:38:24.821 10833 10833 D ActivityThread: SVC-Calling onStartCommand: com.android.mms.transaction.SmsReceiverService@db02142, flags=0, startId=1

07-28 16:38:24.821 10833 10833 D Mms/MMSLog: Message Sent Result Code = 0

07-28 16:38:24.822 10833 10833 D ActivityThread: SVC-SERVICE_ARGS handled : 0 / ServiceArgsData{token=android.os.BinderProxy@62e5b8d startId=1 args=Intent { act=com.vivo.telephony.VIVO_SMS_RECEIVED cmp=com.android.mms/.transaction.SmsReceiverService (has extras) }}

07-28 16:38:24.831 10833 11046 D Mms/MMSLog: Sms handleMessage :{ when=-8ms what=0 arg1=1 obj=Intent { act=com.vivo.telephony.VIVO_SMS_RECEIVED cmp=com.android.mms/.transaction.SmsReceiverService (has extras) } target=com.android.mms.transaction.SmsReceiverService$ServiceHandler obj=Intent { act=com.vivo.telephony.VIVO_SMS_RECEIVED cmp=com.android.mms/.transaction.SmsReceiverService (has extras) } }

07-28 16:38:24.831 10833 11046 D SmsReceiverService:  com.vivo.telephony.VIVO_SMS_RECEIVED -----------------

07-28 16:38:24.834   965  1939 D ActivityManager: getContentProviderImpl: from caller=android.app.ApplicationThreadProxy@7963883 (pid=10833, userId=0) to get content provider sms cpr=ContentProviderRecord{7af0cc7 u0 com.android.providers.telephony/.SmsProvider}

07-28 16:38:24.835   965  1939 D ActivityManager: getContentProviderImpl: updateLruProcessLocked cpr.proc=ProcessRecord{91df9ca 1710:com.android.phone/1001}

07-28 16:38:24.835 10833 11046 D ActivityThread: holder:android.app.IActivityManager$ContentProviderHolder@4df6e90, holder.provider:android.content.ContentProviderProxy@a322389

07-28 16:38:24.840 10833 11046 D SmsReceiverService: cur==========android.content.ContentResolver$CursorWrapperInner@a7f13af

07-28 16:38:24.841 10833 11046 D SmsReceiverService: cur.getCount ========0

07-28 16:38:24.845 10833 10833 D ActivityThread: SVC-Destroying service: com.android.mms.transaction.SmsReceiverService@db02142

07-28 16:38:24.848 10833 10833 D ActivityThread: SVC-STOP_SERVICE handled : 0 / android.os.BinderProxy@62e5b8d

07-28 16:38:24.848  1464  1464 D ActivityThread: SVC-UNBIND_SERVICE handled : 0 / BindServiceData{token=android.os.BinderProxy@95a8944 intent=Intent { pkg=com.iqoo.secure cmp=com.iqoo.secure/.ui.antiharassment.InterceptService }}

07-28 16:38:24.848  1464  1464 D ActivityThread: SVC-Destroying service: com.iqoo.secure.ui.antiharassment.InterceptService@ff75a2d

07-28 16:38:24.849  1464  1464 D ActivityThread: SVC-STOP_SERVICE handled : 0 / android.os.BinderProxy@95a8944

07-28 16:38:24.850  1606  1619 I DaemonService: DataUsageService pid = 1464

07-28 16:38:24.853   965  1037 V NetworkStats: setKernelCounterSet uid=10058 set=1

07-28 16:38:24.854  1606  1617 I DaemonService: DataUsageService pid = 1464

07-28 16:38:24.857  7934  7988 I System.out: close [socket][/10.0.66.126:46087]

07-28 16:38:25.360  2151  2160 I System  : FinalizerDaemon: finalize objects = 1

07-28 16:38:25.424   798   824 E MFI-Conn:  (     mfia_task_bootstrap,  587) mfia_task_bootstrap(): retrying to connect to mal-mfi error 13!! ====

07-28 16:38:25.411   824   824 W viarild : type=1400 audit(0.0:121812): avc: denied { write } for name="mal-mfi" dev="tmpfs" ino=8735 scontext=u:r:viarild:s0 tcontext=u:object_r:mal_mfi_socket:s0 tclass=sock_file permissive=0

07-28 16:38:25.463   965  2365 D DhcpUtils: read:ra_info_flag=0

07-28 16:38:25.869  3745  3752 I System  : FinalizerDaemon: finalize objects = 11

07-28 16:38:26.020   439   439 I thermal_src: wake up function 3

07-28 16:38:26.020   439   439 I thermal_src: TA_DAEMON_CMD_GET_TPCB cmd=0x5, len=4 PCB=37000

07-28 16:38:26.020   439   439 I thermal_src: TA_DAEMON_CMD_SET_TTJ cmd=0x4, len=4 Tj=85000

07-28 16:38:26.020   439   439 I thermal_src: waiting NOTIFY from kernel...

07-28 16:38:26.022  2678  2683 D FRR     : buff=0x7fb368b240, len=192

07-28 16:38:26.022  2678  2683 D FRR     : uevent[0]=0x7fb368b240, len=48, "change@/devices/platform/battery/power_supply/ac"

07-28 16:38:26.022  2678  2683 D FRR     : voteFps(60, 0)

07-28 16:38:26.022  2678  2683 D FRR     : ThermalListener loop:

