--------- beginning of main

07-28 17:14:14.564  1322  1836 I VivoNetworkController: SystemUI|action = android.net.wifi.RSSI_CHANGED

07-28 17:14:15.013   798   824 E MFI-Conn:  (     mfia_task_bootstrap,  587) mfia_task_bootstrap(): retrying to connect to mal-mfi error 13!! ====

07-28 17:14:15.001   824   824 W viarild : type=1400 audit(0.0:124054): avc: denied { write } for name="mal-mfi" dev="tmpfs" ino=8735 scontext=u:r:viarild:s0 tcontext=u:object_r:mal_mfi_socket:s0 tclass=sock_file permissive=0

07-28 17:14:15.027   307  2293 I BufferQueueProducer: [StatusBar](this:0x7f9ed4a800,id:6,api:1,p:1322,c:307) queueBuffer: fps=0.67 dur=2989.33 max=1993.08 min=996.25

07-28 17:14:15.039   307   307 I SurfaceFlinger: [Built-in Screen (type:0)] fps:0.668998,dur:2989.54,max:1993.06,min:996.48

07-28 17:14:15.398   439   439 I thermal_src: wake up function 3

07-28 17:14:15.398   439   439 I thermal_src: TA_DAEMON_CMD_GET_TPCB cmd=0x5, len=4 PCB=36000

07-28 17:14:15.398   439   439 I thermal_src: TA_DAEMON_CMD_SET_TTJ cmd=0x4, len=4 Tj=85000

07-28 17:14:15.398   439   439 I thermal_src: waiting NOTIFY from kernel...

07-28 17:14:15.746   965   972 I System  : FinalizerDaemon: finalize objects = 293

07-28 17:14:15.766   427   793 E VT      : [SRV] [VT THREAD] [VT_Bind] des = volte_imsvt1 Fail to connect . retry count: 39282

07-28 17:14:15.766   427   793 D VT      : [SRV] isIMCBrun : False

07-28 17:14:16.016   798   824 E MFI-Conn:  (     mfia_task_bootstrap,  587) mfia_task_bootstrap(): retrying to connect to mal-mfi error 13!! ====

07-28 17:14:16.001   824   824 W viarild : type=1400 audit(0.0:124055): avc: denied { write } for name="mal-mfi" dev="tmpfs" ino=8735 scontext=u:r:viarild:s0 tcontext=u:object_r:mal_mfi_socket:s0 tclass=sock_file permissive=0

07-28 17:14:16.053   307  2346 I BufferQueueProducer: [StatusBar](this:0x7f9ed4a800,id:6,api:1,p:1322,c:307) queueBuffer: fps=0.97 dur=1026.62 max=1026.62 min=1026.62

07-28 17:14:16.068   307   307 I SurfaceFlinger: [Built-in Screen (type:0)] fps:0.971514,dur:1029.32,max:1029.32,min:1029.32

07-28 17:14:16.085   439   439 I thermal_src: wake up function 3

07-28 17:14:16.085   439   439 I thermal_src: TA_DAEMON_CMD_GET_TPCB cmd=0x5, len=4 PCB=36000

07-28 17:14:16.085   439   439 I thermal_src: TA_DAEMON_CMD_SET_TTJ cmd=0x4, len=4 Tj=85000

07-28 17:14:16.085   439   439 I thermal_src: waiting NOTIFY from kernel...

07-28 17:14:16.087  2678  2683 D FRR     : buff=0x7fb368b240, len=192

07-28 17:14:16.087  2678  2683 D FRR     : uevent[0]=0x7fb368b240, len=48, "change@/devices/platform/battery/power_supply/ac"

07-28 17:14:16.087  2678  2683 D FRR     : voteFps(60, 0)

07-28 17:14:16.087  2678  2683 D FRR     : ThermalListener loop:

--------- beginning of system

07-28 17:14:16.089   965  1939 V BatteryService: VNOILBS mScreenOn=true level=100 mCriticalBatteryLevel=3 mNotificationLowBatteryStates=false OS_VERSION=true mNotificationChargeStates=true status=5

07-28 17:14:16.089   965  1939 V BatteryService: VNOILBS, turn off battery light.

07-28 17:14:16.091  2678  2683 D FRR     : buff=0x7fb368b240, len=195

07-28 17:14:16.091  2678  2683 D FRR     : uevent[0]=0x7fb368b240, len=49, "change@/devices/platform/battery/power_supply/usb"

07-28 17:14:16.091  2678  2683 D FRR     : voteFps(60, 0)

07-28 17:14:16.091  2678  2683 D FRR     : ThermalListener loop:

07-28 17:14:16.092  2678  2683 D FRR     : buff=0x7fb368b240, len=210

07-28 17:14:16.092  2678  2683 D FRR     : uevent[0]=0x7fb368b240, len=54, "change@/devices/platform/battery/power_supply/wireless"

07-28 17:14:16.092  2678  2683 D FRR     : voteFps(60, 0)

07-28 17:14:16.092  2678  2683 D FRR     : ThermalListener loop:

07-28 17:14:16.093   965  1362 V BatteryService: VNOILBS mScreenOn=true level=100 mCriticalBatteryLevel=3 mNotificationLowBatteryStates=false OS_VERSION=true mNotificationChargeStates=true status=5

07-28 17:14:16.093   965  1362 V BatteryService: VNOILBS, turn off battery light.

07-28 17:14:16.095   965  1947 V BatteryService: VNOILBS mScreenOn=true level=100 mCriticalBatteryLevel=3 mNotificationLowBatteryStates=false OS_VERSION=true mNotificationChargeStates=true status=5

07-28 17:14:16.095   965  1947 V BatteryService: VNOILBS, turn off battery light.

07-28 17:14:16.100  2678  2683 D FRR     : buff=0x7fb368b240, len=961

07-28 17:14:16.100  2678  2683 D FRR     : uevent[0]=0x7fb368b240, len=53, "change@/devices/platform/battery/power_supply/battery"

07-28 17:14:16.100  2678  2683 D FRR     : voteFps(60, 0)

07-28 17:14:16.100  2678  2683 D FRR     : ThermalListener loop:

07-28 17:14:16.101   965  1507 D BatteryService: mBatteryVoltage=4363, batteryLevel=50

07-28 17:14:16.101   965  1507 V BatteryService: VNOILBS mScreenOn=true level=100 mCriticalBatteryLevel=3 mNotificationLowBatteryStates=false OS_VERSION=true mNotificationChargeStates=true status=5

07-28 17:14:16.101   965  1507 V BatteryService: VNOILBS, turn off battery light.

07-28 17:14:16.102   965   965 V ActivityManager: Broadcast sticky: Intent { act=android.intent.action.BATTERY_CHANGED flg=0x60000010 (has extras) } ordered=false userid=-1 callerApp=null

07-28 17:14:16.103   965   965 D FeatureService: onReceive action android.intent.action.BATTERY_CHANGED

07-28 17:14:16.103   965   965 D WifiService: onReceive, action:android.intent.action.BATTERY_CHANGED

07-28 17:14:16.103   965  1229 D WifiController: DeviceActiveState{ when=0 what=155652 arg1=2 target=com.android.internal.util.StateMachine$SmHandler }

07-28 17:14:16.103   965  1229 D WifiController: StaEnabledState{ when=0 what=155652 arg1=2 target=com.android.internal.util.StateMachine$SmHandler }

07-28 17:14:16.103   965  1229 D WifiController: DefaultState{ when=0 what=155652 arg1=2 target=com.android.internal.util.StateMachine$SmHandler }

07-28 17:14:16.103   965  1229 D WifiController: battery changed pluggedType: 2

07-28 17:14:16.105  7934  7934 D MusicService: ========action = android.intent.action.BATTERY_CHANGED

07-28 17:14:16.105  1322  1322 D KeyguardUpdateMonitor: received broadcast android.intent.action.BATTERY_CHANGED

07-28 17:14:16.105  1322  1322 I BatteryController: SystemUI|status = 5, mLastStatus = 5, mPluggedIn = true, mLastPluggedIn = true

07-28 17:14:16.105  1484  1484 I WarningMessage: receiver: action isandroid.intent.action.BATTERY_CHANGED mBatteryPowerConnetDialog=true mShowChargerOverVoltageDialog=true

07-28 17:14:16.105  1484  1484 D DeviceListener: ++onReceive++:android.intent.action.BATTERY_CHANGED

07-28 17:14:16.106  1484  1484 D DeviceListener: onReceiveandroid.intent.action.BATTERY_CHANGED

07-28 17:14:16.106  1484  1484 I UsbDeviceManagerService: mUsbReceiver action:android.intent.action.BATTERY_CHANGED mConnected:false mLastConnected:false

07-28 17:14:16.106  1322  1322 I BatteryController: SystemUI|mLevel = 100, mLastLevel = 100

07-28 17:14:16.106  1322  1322 D PowerUI : buckets   .....15 .. 10 .. 3

07-28 17:14:16.106  1322  1322 D PowerUI : level          100 --> 100

07-28 17:14:16.106  1322  1322 D PowerUI : status         5 --> 5

07-28 17:14:16.106  1322  1322 D PowerUI : plugType       2 --> 2

07-28 17:14:16.106  1322  1322 D PowerUI : invalidCharger 0 --> 0

07-28 17:14:16.107  1322  1322 D PowerUI : bucket         1 --> 1

07-28 17:14:16.107  1322  1322 D PowerUI : plugged        true --> true

07-28 17:14:16.107   965  1954 V ActivityManager: Broadcast: Intent { act=com.vivo.dismiss.lowpower flg=0x10 } ordered=false userid=0 callerApp=ProcessRecord{a9d1b8a 1322:com.android.systemui/u0a17}

07-28 17:14:16.108  1997  1997 D SwitcherUpdateMonitor: receive broadcast, action = android.intent.action.BATTERY_CHANGED

07-28 17:14:16.109  1322  1322 D KeyguardUpdateMonitor: handleBatteryUpdate

07-28 17:14:16.109  1322  1322 I KeyguardSmartUpdateMonitor: handleChargingModeChanged, mQuickChargeHealth = 2, batteryHealth = 2

07-28 17:14:16.109  1322  1322 I KeyguardSmartUpdateMonitor: handleChargingModeChanged, mCurrentEngineState = 0, engineState = -2

07-28 17:14:16.146   965  1219 I PerfService: PerfServiceNative_boostEnableAsync:3

07-28 17:14:16.147   965  1253 I libPerfService: 3: set freq: 910000, -1, 

07-28 17:14:16.147   965  1253 I libPerfService: 3: set: 3, -1, 

07-28 17:14:16.168   307  2293 I BufferQueueProducer: [com.bbk.cloud/com.bbk.cloud.ui.VCloudUnloginActivity](this:0x7f9db0c000,id:1232,api:1,p:20986,c:307) queueBuffer: fps=0.03 dur=31500.02 max=31500.02 min=31500.02

07-28 17:14:16.169   307   338 I BufferQueueProducer: [com.bbk.cloud/com.bbk.cloud.ui.VCloudUnloginActivity](this:0x7f9db0c000,id:1232,api:1,p:20986,c:307) new GraphicBuffer needed

07-28 17:14:16.169   307   338 D GraphicBuffer: free, handle(0x7fa1c09140) (w:720 h:1280 s:720 f:0x1 u:0x000900)

07-28 17:14:16.169   307   338 I [MALI][Gralloc]: [-]hnd(0x7fa1c09140), client(30), share_fd(31)

07-28 17:14:16.170   307   338 I [MALI][Gralloc]: [+]hnd(0x7fa1c09140), client(30), share_fd(31), hnd->flags:4

07-28 17:14:16.171   307   338 D GraphicBuffer: alloc, handle(0x7fa1c09140) (w:720 h:1280 s:720 f:0x1 u:0x000b00) err(0)

07-28 17:14:16.173 20986 21032 I [MALI][Gralloc]: [+]r_hnd(0xf3f3d940), client(59), share_fd(60)

07-28 17:14:16.173 20986 21032 D GraphicBuffer: register, handle(0xf3f3d940) (w:720 h:1280 s:720 f:0x1 u:0x000b00)

07-28 17:14:16.182   307   307 D MALI    : eglCreateImageKHR:511: [Crop] 0 0 0 0  img[720 1280] 

07-28 17:14:16.185   965  1219 I PerfService: PerfServiceNative_boostEnableTimeoutMsAsync:3, 100

07-28 17:14:16.194   965  2004 V VivoStats: noteActivityPausedLocked uid = 10027

07-28 17:14:16.197 20986 20986 D ActivityThread: ACT-AM_ON_PAUSE_CALLED ActivityRecord{eb6b227 token=android.os.BinderProxy@f3becd4 {com.bbk.cloud/com.bbk.cloud.ui.VCloudUnloginActivity}}

07-28 17:14:16.200   965  1253 I libPerfService: 1: set freq: 1001000, 1508000, 

07-28 17:14:16.204   965  2012 V VivoStats: noteActivityResumedLocked uid = 10011, mLastUid = 10027

07-28 17:14:16.205  1484  2843 V PowerEffectManager: noteActivity uid = 10011, name = com.android.mms.ui.ConversationList

07-28 17:14:16.206  1484  2843 V PowerEffectManager: noteAppResumed uid = 10011, lastUid = 10027

07-28 17:14:16.208   965  2012 D ActivityManager: Delay resumeKeyDispatchingLocked() to avoid deadlock.

07-28 17:14:16.209   965  1253 I libPerfService: 1: set: 4, 4, 

07-28 17:14:16.209   965  1253 I libPerfService: perfSetFavorPid - pid:20916, 51b4

07-28 17:14:16.209 20986 20986 D ActivityThread: ACT-PAUSE_ACTIVITY_FINISHING handled : 0 / android.os.BinderProxy@f3becd4

07-28 17:14:16.210  1484 17205 I LocationDialogService: onForegroundActivitiesChanged() pid = 20916, uid = 10011, foregroundActivities = true

07-28 17:14:16.210  1464  1493 I SLService2: HAHA2 pid = 20916, uid = 10011, f = true

07-28 17:14:16.210  1464  1493 D DataUsagePrefs: getDataUsageNetworkForbinddenReminder value:true

07-28 17:14:16.210  1997  2011 D StatusBar.ForegroundActivityObserver: UpSlide|ForegroundActivitiesChanged, need to reload recent

07-28 17:14:16.211   965  1266 D UserModifyRecorder: pakage name is com.android.mms:10011with :10011

07-28 17:14:16.211   965  1037 V NetworkStats: setKernelCounterSet uid=10011 set=1

07-28 17:14:16.212   965  1933 D ConnectivityService: getActiveNetworkInfo networkInfo = [type: WIFI[], state: CONNECTED/CONNECTED, reason: (unspecified), extra: "beta-test", roaming: false, failover: false, isAvailable: true]

07-28 17:14:16.217  1484 17205 I LocationDialogService: onForegroundActivitiesChanged name Process == com.android.mms

07-28 17:14:16.217  1464  1918 I FloatWindowManagerService: chan pid = 20916, id = 10011, fore  = true ; n is : com.android.mms

07-28 17:14:16.217   965  1957 V WindowManager: Changing focus from Window{fdb520a u0 com.bbk.cloud/com.bbk.cloud.ui.VCloudUnloginActivity} to null Callers=com.android.server.wm.WindowManagerService.relayoutWindow:3753 com.android.server.wm.Session.relayout:201 android.view.IWindowSession$Stub.onTransact:284 com.android.server.wm.Session.onTransact:133 

07-28 17:14:16.218  1464  1493 I SLService3: runningNetworkLimitReminder ConnectivityManager not null， uid = 10011

07-28 17:14:16.218  1997  2011 D StatusBar.ForegroundActivityObserver: UpSlide|change from [ com.bbk.cloud] to [com.android.mms]!

07-28 17:14:16.218  1997  2011 I RecentHelper: UpSlide|oldPkg = com.bbk.cloud,newPkg = com.android.mms, mSpeedUpStarted = false

07-28 17:14:16.218  1997  2011 D VivoRecentTasksLoader: UpSlide|loadRecentInBackground, loadType = 2

07-28 17:14:16.219   965   993 D CSLegacyTypeTracker: getNetworkForType type 1

07-28 17:14:16.219  1997  4889 D VivoRecentTasksLoader: UpSlide|doInBackground---start

07-28 17:14:16.220   965  1993 D CSLegacyTypeTracker: getNetworkForType type 0

07-28 17:14:16.221   965  1080 I WindowManager: Losing focus: Window{fdb520a u0 com.bbk.cloud/com.bbk.cloud.ui.VCloudUnloginActivity}

07-28 17:14:16.222 20916 20916 V ActivityThread: Performing resume of ActivityRecord{3f57a26 token=android.os.BinderProxy@a20c667 {com.android.mms/com.android.mms.ui.ConversationList}}

07-28 17:14:16.223   965  1933 V ActivityManager: Broadcast: Intent { act=com.android.mms.open flg=0x10 } ordered=false userid=0 callerApp=ProcessRecord{f39bb31 20916:com.android.mms/u0a11}

07-28 17:14:16.224  1997  4889 I VivoRecentTasksLoader: UpSlide|getRecentTasks: pkg = com.android.mms, t.persistentId = 79, t.id = 79, t.userId = 0, isExcluded = false, isFirstValidTask = true

07-28 17:14:16.224  1997  4889 I VivoRecentTasksLoader: UpSlide|getRecentTasks: pkg = com.bbk.cloud, t.persistentId = 81, t.id = -1, t.userId = 0, isExcluded = false, isFirstValidTask = false

07-28 17:14:16.224  1997  4889 I VivoRecentTasksLoader: UpSlide|getRecentTasks: pkg = com.android.camera, t.persistentId = 68, t.id = 68, t.userId = 0, isExcluded = false, isFirstValidTask = false

07-28 17:14:16.224  1997  4889 I VivoRecentTasksLoader: UpSlide|getRecentTasks: pkg = com.vivo.weather, t.persistentId = 71, t.id = -1, t.userId = 0, isExcluded = false, isFirstValidTask = false

07-28 17:14:16.225  1997  4889 I VivoRecentTasksLoader: UpSlide|getRecentTasks: pkg = com.android.bbkmusic, t.persistentId = 66, t.id = 66, t.userId = 0, isExcluded = false, isFirstValidTask = false

07-28 17:14:16.225  1997  4889 I VivoRecentTasksLoader: UpSlide|getRecentTasks: pkg = com.android.tethersettings, t.persistentId = 64, t.id = 64, t.userId = 0, isExcluded = true, isFirstValidTask = false

07-28 17:14:16.226  1997  4889 I VivoRecentTasksLoader: UpSlide|getRecentTasks: pkg = com.android.settings, t.persistentId = 4, t.id = 4, t.userId = 0, isExcluded = false, isFirstValidTask = false

07-28 17:14:16.226  1997  4889 I VivoRecentTasksLoader: UpSlide|getRecentTasks: pkg = com.tencent.mm, t.persistentId = 49, t.id = 49, t.userId = 0, isExcluded = false, isFirstValidTask = false

07-28 17:14:16.226  1997  4889 I VivoRecentTasksLoader: UpSlide|getRecentTasks: pkg = com.icarbonx.meum, t.persistentId = 48, t.id = -1, t.userId = 0, isExcluded = false, isFirstValidTask = false

07-28 17:14:16.226  1997  4889 I VivoRecentTasksLoader: UpSlide|getRecentTasks: pkg = com.android.wifisettings, t.persistentId = 35, t.id = 35, t.userId = 0, isExcluded = true, isFirstValidTask = false

07-28 17:14:16.226 20916 20916 D Mms/ConversationList: ---------------------onStart-------------------------

07-28 17:14:16.226 20916 20916 D Mms/ConversationList: ---------startAsyncQuery---

07-28 17:14:16.226  1464  1493 I CusWid/ManagerWidget: foreground activity change ,process name: com.android.mms,foregroundActivities: true,launcherName: com.bbk.launcher2,lastlauncher: null

07-28 17:14:16.230  1710  1740 D MmsService: MmsService vivoTelephonyApi() tag = API_TAG_cancelNotification

07-28 17:14:16.230  1997  4889 I VivoRecentTasksLoader: UpSlide|NameNotFoundException : null

07-28 17:14:16.231   307   307 D MALI    : eglCreateImageKHR:511: [Crop] 0 0 0 0  img[720 1280] 

07-28 17:14:16.234  1710  2138 D MmsService: MmsService vivoTelephonyApi() tag = API_TAG_cancelNotification

07-28 17:14:16.235  1997  4889 D VivoTheme: load old package name start

07-28 17:14:16.237 20916 20916 D Mms/ConversationList: --------------onResume---------------

07-28 17:14:16.238 20916 20916 I MmsConfig: getIncomingUserHandle caller=10011, myuid=10011

07-28 17:14:16.238 20916 20916 I MmsConfig: 	com.android.mms.MmsConfig.getDefaultSms:424 com.android.mms.MmsConfig.isSmsEnabled:412 com.android.mms.ui.ConversationList.onResume:1002 android.app.Instrumentation.callActivityOnResume:1274 

07-28 17:14:16.238 20916 20916 D ActivityThread: ACT-AM_ON_RESUME_CALLED ActivityRecord{3f57a26 token=android.os.BinderProxy@a20c667 {com.android.mms/com.android.mms.ui.ConversationList}}

07-28 17:14:16.238 20916 20916 V ActivityThread: Resume ActivityRecord{3f57a26 token=android.os.BinderProxy@a20c667 {com.android.mms/com.android.mms.ui.ConversationList}} started activity: false, hideForNow: false, finished: false

07-28 17:14:16.238 20916 20916 V ActivityThread: Resuming ActivityRecord{3f57a26 token=android.os.BinderProxy@a20c667 {com.android.mms/com.android.mms.ui.ConversationList}} with isForward=false

07-28 17:14:16.239 20916 20916 D yuan    : onVisibilityChanged----com.vivo.common.animation.LKListView{1b18447 GFED.VCL. ......I. 0,0-0,0 #102000a android:id/list}

07-28 17:14:16.239 20916 20916 D yuan    : onVisibilityChanged----com.vivo.common.animation.LKListView{eb5916a G.ED.VC.. ......I. 0,0-0,0 #7f0f0020 app:id/search_list_view}

07-28 17:14:16.242 20916 20916 V PhoneWindow: DecorView setVisiblity: visibility = 0 ,Parent =ViewRoot{dca661b com.android.mms/com.android.mms.ui.ConversationList,ident = 0}, this =com.android.internal.policy.PhoneWindow$DecorView{dd56cbd V.E...... R.....ID 0,0-720,1280}

07-28 17:14:16.242 20916 20916 V ActivityThread: Scheduling idle handler for ActivityRecord{3f57a26 token=android.os.BinderProxy@a20c667 {com.android.mms/com.android.mms.ui.ConversationList}}

07-28 17:14:16.243 20916 20916 D ActivityThread: ACT-RESUME_ACTIVITY handled : 0 / android.os.BinderProxy@a20c667

07-28 17:14:16.243  1997  4889 D VivoRecentTasksLoader: UpSlide|doInBackground, pkg = com.android.mms

07-28 17:14:16.244  1997  4889 I VivoRecentTasksLoader: UpSlide|NameNotFoundException : null

07-28 17:14:16.245   307   307 I BufferQueue: [unnamed-307-1233](this:0x7f9db09800,id:1233,api:0,p:-1,c:-1) BufferQueue core=(307:/system/bin/surfaceflinger)

07-28 17:14:16.245   307   307 I BufferQueueConsumer: [unnamed-307-1233](this:0x7f9db09800,id:1233,api:0,p:-1,c:307) connect(C): consumer=(307:/system/bin/surfaceflinger) controlledByApp=false

07-28 17:14:16.245   307   307 I BufferQueueConsumer: [unnamed-307-1233](this:0x7f9db09800,id:1233,api:0,p:-1,c:307) setConsumerName: unnamed-307-1233

07-28 17:14:16.245   307   307 I BufferQueueConsumer: [com.android.mms/com.android.mms.ui.ConversationList](this:0x7f9db09800,id:1233,api:0,p:-1,c:307) setConsumerName: com.android.mms/com.android.mms.ui.ConversationList

07-28 17:14:16.246   307   307 I BufferQueueConsumer: [com.android.mms/com.android.mms.ui.ConversationList](this:0x7f9db09800,id:1233,api:0,p:-1,c:307) setDefaultBufferSize: width=720 height=1280

07-28 17:14:16.247   965  1954 V WindowManager: Changing focus from null to Window{ea3edf0 u0 com.android.mms/com.android.mms.ui.ConversationList} Callers=com.android.server.wm.WindowManagerService.relayoutWindow:3753 com.android.server.wm.Session.relayout:201 android.view.IWindowSession$Stub.onTransact:284 com.android.server.wm.Session.onTransact:133 

07-28 17:14:16.251  1997  4889 D VivoTheme: load old package name start

07-28 17:14:16.252   965  1080 I WindowManager: Gaining focus: Window{ea3edf0 u0 com.android.mms/com.android.mms.ui.ConversationList}

07-28 17:14:16.253 20916 20955 D OpenGLRenderer: CanvasContext() 0x7f7a82d000 initialize window=0x7f8b07a610, title=com.android.mms/com.android.mms.ui.ConversationList

07-28 17:14:16.253 20916 20916 D Surface : Surface::allocateBuffers(this=0x7f8b07a600)

07-28 17:14:16.253 20916 20955 D Surface : Surface::connect(this=0x7f8b07a600,api=1)

07-28 17:14:16.253   307  4893 D BufferQueueProducer: [](this:0x7f9db09800,id:1233,api:0,p:-1,c:307) allocateBuffers: allocating from 0 buffers up to 3 buffers

07-28 17:14:16.254   307   340 I BufferQueueProducer: [com.android.mms/com.android.mms.ui.ConversationList](this:0x7f9db09800,id:1233,api:1,p:20916,c:307) connect(P): api=1 producer=(20916:com.android.mms) producerControlledByApp=true

07-28 17:14:16.254   307  4893 I [MALI][Gralloc]: [+]hnd(0x7fa221dbe0), client(30), share_fd(50), hnd->flags:4

07-28 17:14:16.255 20916 20955 W libEGL  : [ANDROID_RECORDABLE] format: 1

07-28 17:14:16.255   307  4893 D GraphicBuffer: alloc, handle(0x7fa221dbe0) (w:720 h:1280 s:720 f:0x1 u:0x000900) err(0)

07-28 17:14:16.256   307  4893 I [MALI][Gralloc]: [+]hnd(0x7fa1c090a0), client(30), share_fd(86), hnd->flags:4

07-28 17:14:16.256   307  4893 D GraphicBuffer: alloc, handle(0x7fa1c090a0) (w:720 h:1280 s:720 f:0x1 u:0x000900) err(0)

07-28 17:14:16.256 20916 20955 D mali_winsys: new_window_surface returns 0x3000

07-28 17:14:16.256  2181  4039 D CommonProvider: CommonProvider insert success, result = content://com.bbk.iqoo.logsystemes/atr/2346

07-28 17:14:16.257   307  4893 I [MALI][Gralloc]: [+]hnd(0x7fa221ed60), client(30), share_fd(112), hnd->flags:4

07-28 17:14:16.258   307  4893 D GraphicBuffer: alloc, handle(0x7fa221ed60) (w:720 h:1280 s:720 f:0x1 u:0x000900) err(0)

07-28 17:14:16.258   307  4893 D BufferQueueProducer: [com.android.mms/com.android.mms.ui.ConversationList](this:0x7f9db09800,id:1233,api:1,p:20916,c:307) allocateBuffers: allocating from 3 buffers up to 3 buffers

07-28 17:14:16.258  1997  4889 D VivoRecentTasksLoader: UpSlide|doInBackground, pkg = com.bbk.cloud

07-28 17:14:16.258  1997  4889 D VivoRecentTasksLoader: UpSlide|doInBackground---end

07-28 17:14:16.259  1997  1997 D RecentHelper: UpSlide|onTasksLoaded, loadType = 2

07-28 17:14:16.259  1997  1997 I RecentHelper: UpSlide|index = 1,pkgName = com.android.mms

07-28 17:14:16.259 20916 20916 D yuan    : onVisibilityChanged----com.vivo.common.animation.LKListView{1b18447 VFED.VCL. ......I. 0,0-0,0 #102000a android:id/list}

07-28 17:14:16.262 20916 20916 D Mms/ConversationList: ------onQueryComplete-----=mNeedToMarkAsSeen= true

07-28 17:14:16.263 20916 20916 I Mms/ConversationList: changeMarkedState isMarkupState==>false  markedState==>false

07-28 17:14:16.263 20916 20916 D yuan    : onVisibilityChanged----com.vivo.common.animation.LKListView{1b18447 GFED.VCL. ......I. 0,0-0,0 #102000a android:id/list}

07-28 17:14:16.264   965  2010 D ActivityManager: getContentProviderImpl: from caller=android.app.ApplicationThreadProxy@b43ae82 (pid=20916, userId=0) to get content provider sms cpr=ContentProviderRecord{7af0cc7 u0 com.android.providers.telephony/.SmsProvider}

07-28 17:14:16.264   965  2010 D ActivityManager: getContentProviderImpl: updateLruProcessLocked cpr.proc=ProcessRecord{91df9ca 1710:com.android.phone/1001}

07-28 17:14:16.265 20916 21357 D ActivityThread: holder:android.app.IActivityManager$ContentProviderHolder@d38783e, holder.provider:android.content.ContentProviderProxy@3a2469f

07-28 17:14:16.270  1464  1918 I FloatWindowManagerService: get top = com.android.mms

07-28 17:14:16.270  1464  1918 I FloatWindowManagerService:  ; last is : com.bbk.cloud ; to is : com.android.mms

07-28 17:14:16.276   965  2010 D ActivityManager: getContentProviderImpl: from caller=android.app.ApplicationThreadProxy@5891993 (pid=20916, userId=0) to get content provider mms cpr=ContentProviderRecord{a247fd7 u0 com.android.providers.telephony/.MmsProvider}

07-28 17:14:16.277   965  2010 D ActivityManager: getContentProviderImpl: updateLruProcessLocked cpr.proc=ProcessRecord{91df9ca 1710:com.android.phone/1001}

07-28 17:14:16.277   307  2293 I BufferQueueProducer: [com.android.mms/com.android.mms.ui.ConversationList](this:0x7f9db09800,id:1233,api:1,p:20916,c:307) new GraphicBuffer needed

07-28 17:14:16.277   307  2293 D GraphicBuffer: free, handle(0x7fa221ed60) (w:720 h:1280 s:720 f:0x1 u:0x000900)

07-28 17:14:16.277   307  2293 I [MALI][Gralloc]: [-]hnd(0x7fa221ed60), client(30), share_fd(112)

07-28 17:14:16.278 20916 21357 D ActivityThread: holder:android.app.IActivityManager$ContentProviderHolder@e84b3b5, holder.provider:android.content.ContentProviderProxy@3fda4a

07-28 17:14:16.278   307  2293 I [MALI][Gralloc]: [+]hnd(0x7fa221ed60), client(30), share_fd(112), hnd->flags:4

07-28 17:14:16.279   307  2293 D GraphicBuffer: alloc, handle(0x7fa221ed60) (w:720 h:1280 s:720 f:0x1 u:0x000b00) err(0)

07-28 17:14:16.281 20916 20955 I [MALI][Gralloc]: [+]r_hnd(0x7f864c2b40), client(60), share_fd(33)

07-28 17:14:16.281  1710  1728 I System  : FinalizerDaemon: finalize objects = 440

07-28 17:14:16.282 20916 20955 D GraphicBuffer: register, handle(0x7f864c2b40) (w:720 h:1280 s:720 f:0x1 u:0x000b00)

07-28 17:14:16.284  1710  2297 D MmsDb/Mms: query getReadableDatabase query end cursor count =0

07-28 17:14:16.286   307  2293 I BufferQueueProducer: [com.android.mms/com.android.mms.ui.ConversationList](this:0x7f9db09800,id:1233,api:1,p:20916,c:307) new GraphicBuffer needed

07-28 17:14:16.286   307  2293 D GraphicBuffer: free, handle(0x7fa1c090a0) (w:720 h:1280 s:720 f:0x1 u:0x000900)

07-28 17:14:16.286   965  1253 D PerfServiceManager: [PerfService] MESSAGE_TIMEOUT:103 

07-28 17:14:16.287   307  2293 I [MALI][Gralloc]: [-]hnd(0x7fa1c090a0), client(30), share_fd(86)

07-28 17:14:16.288   307  2293 I [MALI][Gralloc]: [+]hnd(0x7fa1c090a0), client(30), share_fd(86), hnd->flags:4

07-28 17:14:16.289   307  2293 D GraphicBuffer: alloc, handle(0x7fa1c090a0) (w:720 h:1280 s:720 f:0x1 u:0x000b00) err(0)

07-28 17:14:16.291 20916 20955 I [MALI][Gralloc]: [+]r_hnd(0x7f864c2aa0), client(60), share_fd(39)

07-28 17:14:16.291 20916 20955 D GraphicBuffer: register, handle(0x7f864c2aa0) (w:720 h:1280 s:720 f:0x1 u:0x000b00)

07-28 17:14:16.293   965  1080 I WindowManager: isKeyguardShowing = false, mKeyguardWindow.mAttrs.privateFlags = 0

07-28 17:14:16.293 20916 20916 V InputMethodManager: onWindowFocus: null softInputMode=51 first=true flags=#81810100

07-28 17:14:16.294 20916 20916 V InputMethodManager: START INPUT: com.android.internal.policy.PhoneWindow$DecorView{dd56cbd V.E...... R......D 0,0-720,1280} ic=null tba=android.view.inputmethod.EditorInfo@e3122d8 controlFlags=#104

07-28 17:14:16.294  1710  2298 D MmsService: MmsService vivoTelephonyApi() tag = API_TAG_blockingUpdateAllNotifications

07-28 17:14:16.294   965  2010 V InputMethodManagerService: windowGainedFocus: android.os.BinderProxy@fe2f9a2 controlFlags=#104 softInputMode=#33 windowFlags=#81810100

07-28 17:14:16.298   307   307 D MALI    : eglCreateImageKHR:511: [Crop] 0 0 0 0  img[720 1280] 

07-28 17:14:16.299   965  1080 D WindowManager: notifyActivityDrawnForKeyguard: waiting=false Callers=com.android.server.wm.WindowManagerService.handleAppTransitionReadyLocked:10561 com.android.server.wm.WindowManagerService.performLayoutAndPlaceSurfacesLockedInner:11226 com.android.server.wm.WindowManagerService.performLayoutAndPlaceSurfacesLockedLoop:9894 com.android.server.wm.WindowManagerService.performLayoutAndPlaceSurfacesLocked:9841 com.android.server.wm.WindowManagerService.access$800:215 

07-28 17:14:16.302  1710 21358 D MmsDb/Mms: query getReadableDatabase query end cursor count =0

07-28 17:14:16.302  1322  1322 I StatusBarColorManager: SystemUI|notifyStatusBarColorInfo: iconColor = -1, bgColor = ffededed, isLauncher = false, isKeyguardShowing= false, isKeyguardFadingAway= false

07-28 17:14:16.303  1710 21360 D MmsDb/Mms: query getReadableDatabase query end cursor count =0

07-28 17:14:16.303  1710 21359 V MmsService: MmsServiceNotification -------undeliveredCursor count =0

07-28 17:14:16.306 29569 29569 I AppiumUnicodeIME: onFinishInput

07-28 17:14:16.308 29569 29569 I AppiumUnicodeIME: onStartInput

07-28 17:14:16.310 20916 20916 D Mms/ConversationList: ---------------mDeleteObsoleteThreadsRunnable---------------mCount=0

07-28 17:14:16.314 20986 21032 D Surface : Surface::disconnect(this=0xee01cd00,api=1)

07-28 17:14:16.314   307  2346 I BufferQueueProducer: [com.bbk.cloud/com.bbk.cloud.ui.VCloudUnloginActivity](this:0x7f9db0c000,id:1232,api:1,p:-1,c:307) disconnect(P): api 1

07-28 17:14:16.315   307  2346 I BufferQueueConsumer: [com.bbk.cloud/com.bbk.cloud.ui.VCloudUnloginActivity](this:0x7f9db0c000,id:1232,api:1,p:-1,c:307) getReleasedBuffers: returning mask 0xffffffffffffffff

07-28 17:14:16.316   307  2346 D GraphicBuffer: free, handle(0x7fa1c091e0) (w:720 h:1280 s:720 f:0x1 u:0x000b00)

07-28 17:14:16.316   307  2346 I [MALI][Gralloc]: [-]hnd(0x7fa1c091e0), client(30), share_fd(52)

07-28 17:14:16.316   307  2346 D GraphicBuffer: free, handle(0x7fa221eea0) (w:720 h:1280 s:720 f:0x1 u:0x000b00)

07-28 17:14:16.316   307  2346 I [MALI][Gralloc]: [-]hnd(0x7fa221eea0), client(30), share_fd(106)

07-28 17:14:16.316  1710  2108 D MmsDb/MmsSms: delete end,rows= 0

07-28 17:14:16.318 20986 21032 D GraphicBuffer: unregister, handle(0xf3f3ea20) (w:720 h:1280 s:720 f:0x1 u:0x000b00)

07-28 17:14:16.319   307   340 I BufferQueueProducer: [com.android.mms/com.android.mms.ui.ConversationList](this:0x7f9db09800,id:1233,api:1,p:20916,c:307) new GraphicBuffer needed

07-28 17:14:16.319   307   340 D GraphicBuffer: free, handle(0x7fa221dbe0) (w:720 h:1280 s:720 f:0x1 u:0x000900)

07-28 17:14:16.319   307   340 I [MALI][Gralloc]: [-]hnd(0x7fa221dbe0), client(30), share_fd(50)

07-28 17:14:16.319 20986 21032 I [MALI][Gralloc]: [-]r_hnd(0xf3f3ea20), client(59), share_fd(61)

07-28 17:14:16.320 20986 21032 D GraphicBuffer: unregister, handle(0xf3f3d940) (w:720 h:1280 s:720 f:0x1 u:0x000b00)

07-28 17:14:16.321 20986 21032 I [MALI][Gralloc]: [-]r_hnd(0xf3f3d940), client(59), share_fd(60)

07-28 17:14:16.321   307   340 I [MALI][Gralloc]: [+]hnd(0x7fa221dbe0), client(30), share_fd(50), hnd->flags:4

07-28 17:14:16.321 20986 21032 E Surface : getSlotFromBufferLocked: unknown buffer: 0xf3f3e980

07-28 17:14:16.321 20986 21032 D mali_winsys: [MALI] win=0xee01cd08, native_buffer=0xf3f3e8e8, fd=-1

07-28 17:14:16.321 20986 21032 D GraphicBuffer: unregister, handle(0xf3f3e980) (w:720 h:1280 s:720 f:0x1 u:0x000b00)

07-28 17:14:16.321   307   340 D GraphicBuffer: alloc, handle(0x7fa221dbe0) (w:720 h:1280 s:720 f:0x1 u:0x000b00) err(0)

07-28 17:14:16.322 20986 21032 I [MALI][Gralloc]: [-]r_hnd(0xf3f3e980), client(59), share_fd(57)

07-28 17:14:16.322 20986 21032 D Surface : Surface::disconnect(this=0xee01cd00,api=1)

07-28 17:14:16.323   307   338 I BufferQueueProducer: [com.bbk.cloud/com.bbk.cloud.ui.VCloudUnloginActivity](this:0x7f9db0c000,id:1232,api:1,p:-1,c:307) disconnect(P): api 1

07-28 17:14:16.324 20916 20955 I [MALI][Gralloc]: [+]r_hnd(0x7f864c2be0), client(60), share_fd(45)

07-28 17:14:16.324 20916 20955 D GraphicBuffer: register, handle(0x7f864c2be0) (w:720 h:1280 s:720 f:0x1 u:0x000b00)

07-28 17:14:16.330   307   307 D MALI    : eglCreateImageKHR:511: [Crop] 0 0 0 0  img[720 1280] 

07-28 17:14:16.333   307   307 I BufferQueueProducer: [FrameBufferSurface_0](this:0x7fa1c59000,id:0,api:1,p:307,c:307) queueBuffer: fps=0.41 dur=31892.11 max=31696.26 min=15.35

07-28 17:14:16.457  1484  3817 I System.out: [socket][2645:59405] exception

07-28 17:14:16.459   411  1172 D SocketClient: SocketClient sendData done: 

07-28 17:14:16.459  1484  3817 I System.out: [CDS]rx timeout:8000

07-28 17:14:16.459  1484  3817 I System.out: [socket][2645] connection clients3.google.com/64.233.189.101:80;LocalPort=42283(8000)

07-28 17:14:16.459  1484  3817 I System.out: [CDS]connect[clients3.google.com/64.233.189.101:80] tm:8

07-28 17:14:16.459  1484  3817 D Posix   : [Posix_connect Debug]Process com.vivo.daemonService :80 

07-28 17:14:16.460   411  1172 D SocketClient: SocketClient sendData done: 

07-28 17:14:16.608   965  1080 D ActivityManager: ACT-IDLE_NOW_MSG from windowsVisible() for idle: ActivityRecord{443bd5 u0 com.android.mms/.ui.ConversationList t79}

07-28 17:14:16.614 20986 20986 I BBKCloud.ActivityStack: pop com.bbk.cloud.ui.VCloudUnloginActivity@c8fb82a

07-28 17:14:16.615  1484  1914 I LocationDialogService: onForegroundActivitiesChanged() pid = 20986, uid = 10027, foregroundActivities = false

07-28 17:14:16.616  1484  1914 I LocationDialogService: onForegroundActivitiesChanged name Process == com.android.mms

07-28 17:14:16.616  1484  1914 I LocationDialogService: removeGpsDialog

07-28 17:14:16.616  1484  1914 I LocationDialogService: already remove

07-28 17:14:16.616  1464  1719 I SLService2: HAHA2 pid = 20986, uid = 10027, f = false

07-28 17:14:16.616  1997  2460 D StatusBar.ForegroundActivityObserver: UpSlide|less than 1000ms,no need to reload recent

07-28 17:14:16.616  1464  1719 D DataUsagePrefs: getDataUsageNetworkForbinddenReminder value:true

07-28 17:14:16.619   965  1037 V NetworkStats: setKernelCounterSet uid=10027 set=0

07-28 17:14:16.623  1464  1918 I FloatWindowManagerService: chan pid = 20986, id = 10027, fore  = false ; n is : com.bbk.cloud

07-28 17:14:16.625   307   307 I BufferQueueConsumer: [com.bbk.cloud/com.bbk.cloud.ui.VCloudUnloginActivity](this:0x7f9db0c000,id:1232,api:1,p:-1,c:-1) disconnect(C)

07-28 17:14:16.627   307   307 D GraphicBuffer: free, handle(0x7fa1c09140) (w:720 h:1280 s:720 f:0x1 u:0x000b00)

07-28 17:14:16.627   307   307 I [MALI][Gralloc]: [-]hnd(0x7fa1c09140), client(30), share_fd(31)

07-28 17:14:16.627   307   307 I BufferQueue: [com.bbk.cloud/com.bbk.cloud.ui.VCloudUnloginActivity](this:0x7f9db0c000,id:1232,api:1,p:-1,c:-1) ~BufferQueueCore

07-28 17:14:16.629   965  1253 I libPerfService: 1: set: 3, -1, 

07-28 17:14:16.629 20986 20986 D WindowClient: Remove from mViews: com.android.internal.policy.PhoneWindow$DecorView{8d50240 V.E...... R....... 0,0-720,1280}, this = android.view.WindowManagerGlobal@34880a5

07-28 17:14:16.630 20986 20986 D ActivityThread: ACT-DESTROY_ACTIVITY handled : 1 / android.os.BinderProxy@f3becd4

07-28 17:14:16.632   965  1253 I libPerfService: 1: set freq: 910000, -1, 

07-28 17:14:16.634  1464  1719 I CusWid/ManagerWidget: foreground activity change ,process name: com.bbk.cloud,foregroundActivities: false,launcherName: com.bbk.launcher2,lastlauncher: null

07-28 17:14:16.635  1464  1918 I FloatWindowManagerService: state is : 0

07-28 17:14:16.775   441   441 I thermal_repeater: select timeout

07-28 17:14:16.775   965  1253 D PerfServiceManager: [PerfService] MESSAGE_TIMEOUT:105 

07-28 17:14:16.776   965  1253 I libPerfService: 5: set: -1, -1, 

07-28 17:14:16.777   965  1253 I libPerfService: 5: set freq: -1, -1, 

07-28 17:14:16.777   965  1253 D PerfServiceManager: [PerfService] set utilization:0.8 

07-28 17:14:16.831 20101 20101 W Chrome_IOThread: type=1400 audit(0.0:124056): avc: denied { search } for name="20117" dev="proc" ino=266693 scontext=u:r:platform_app:s0:c512,c768 tcontext=u:r:isolated_app:s0:c512,c768 tclass=dir permissive=0

07-28 17:14:16.909 20887 20887 I QueryController: Matched selector: UiSelector[INSTANCE=0, RESOURCE_ID=com.android.mms:id/importcloud] <<==>> [android.view.accessibility.AccessibilityNodeInfo@80008110; boundsInParent: Rect(0, 0 - 720, 96); boundsInScreen: Rect(0, 196 - 720, 292); packageName: com.android.mms; className: android.widget.TextView; text: 从云端恢复; error: null; maxTextLength: -1; contentDescription: null; viewIdResName: com.android.mms:id/importcloud; checkable: false; checked: false; focusable: true; focused: false; selected: false; clickable: true; longClickable: false; contextClickable: false; enabled: true; password: false; scrollable: false; actions: [AccessibilityAction: ACTION_FOCUS - null, AccessibilityAction: ACTION_SELECT - null, AccessibilityAction: ACTION_CLEAR_SELECTION - null, AccessibilityAction: ACTION_CLICK - null, AccessibilityAction: ACTION_ACCESSIBILITY_FOCUS - null, AccessibilityAction: ACTION_NEXT_AT_MOVEMENT_GRANULARITY - null, AccessibilityAction: ACTION_PREVIOUS_AT_MOVEMENT_GRANULARITY - null, AccessibilityAction: ACTION_SET_SELECTION - null, AccessibilityAction: ACTION_UNKNOWN - null]]

07-28 17:14:16.943 20887 20887 I QueryController: Matched selector: UiSelector[INSTANCE=0, RESOURCE_ID=com.android.mms:id/importcloud] <<==>> [android.view.accessibility.AccessibilityNodeInfo@80008110; boundsInParent: Rect(0, 0 - 720, 96); boundsInScreen: Rect(0, 196 - 720, 292); packageName: com.android.mms; className: android.widget.TextView; text: 从云端恢复; error: null; maxTextLength: -1; contentDescription: null; viewIdResName: com.android.mms:id/importcloud; checkable: false; checked: false; focusable: true; focused: false; selected: false; clickable: true; longClickable: false; contextClickable: false; enabled: true; password: false; scrollable: false; actions: [AccessibilityAction: ACTION_FOCUS - null, AccessibilityAction: ACTION_SELECT - null, AccessibilityAction: ACTION_CLEAR_SELECTION - null, AccessibilityAction: ACTION_CLICK - null, AccessibilityAction: ACTION_ACCESSIBILITY_FOCUS - null, AccessibilityAction: ACTION_NEXT_AT_MOVEMENT_GRANULARITY - null, AccessibilityAction: ACTION_PREVIOUS_AT_MOVEMENT_GRANULARITY - null, AccessibilityAction: ACTION_SET_SELECTION - null, AccessibilityAction: ACTION_UNKNOWN - null]]

07-28 17:14:16.946 20887 20887 D InteractionController: clickAndSync(360, 244)

07-28 17:14:16.947 20887 20887 I UiAutomationConnection: Calling UID : = 2000Ownering UID := 2000

07-28 17:14:16.954  1710  2138 D MmsService: MmsService vivoTelephonyApi() tag = API_TAG_cancelNotification

07-28 17:14:16.959   965   981 D ActivityManager: getContentProviderImpl: from caller=android.app.ApplicationThreadProxy@ba1bbef (pid=20916, userId=0) to get content provider sms cpr=ContentProviderRecord{7af0cc7 u0 com.android.providers.telephony/.SmsProvider}

07-28 17:14:16.959   965   981 D ActivityManager: getContentProviderImpl: updateLruProcessLocked cpr.proc=ProcessRecord{91df9ca 1710:com.android.phone/1001}

07-28 17:14:16.961 20916 21364 D ActivityThread: holder:android.app.IActivityManager$ContentProviderHolder@e99d631, holder.provider:android.content.ContentProviderProxy@1a95116

07-28 17:14:16.977   965  1361 D ActivityManager: getContentProviderImpl: from caller=android.app.ApplicationThreadProxy@4fa06fc (pid=20916, userId=0) to get content provider mms cpr=ContentProviderRecord{a247fd7 u0 com.android.providers.telephony/.MmsProvider}

07-28 17:14:16.977   965  1361 D ActivityManager: getContentProviderImpl: updateLruProcessLocked cpr.proc=ProcessRecord{91df9ca 1710:com.android.phone/1001}

07-28 17:14:16.978 20916 21364 D ActivityThread: holder:android.app.IActivityManager$ContentProviderHolder@8d06a97, holder.provider:android.content.ContentProviderProxy@9019484

07-28 17:14:16.984   307   307 D MALI    : eglCreateImageKHR:511: [Crop] 0 0 0 0  img[720 1280] 

07-28 17:14:16.990  1710  2298 D MmsDb/Mms: query getReadableDatabase query end cursor count =0

07-28 17:14:17.016   798   824 E MFI-Conn:  (     mfia_task_bootstrap,  587) mfia_task_bootstrap(): retrying to connect to mal-mfi error 13!! ====

07-28 17:14:17.001   824   824 W viarild : type=1400 audit(0.0:124057): avc: denied { write } for name="mal-mfi" dev="tmpfs" ino=8735 scontext=u:r:viarild:s0 tcontext=u:object_r:mal_mfi_socket:s0 tclass=sock_file permissive=0

07-28 17:14:17.060 20887 20887 I UiAutomationConnection: Calling UID : = 2000Ownering UID := 2000

07-28 17:14:17.067   965  2012 I ActivityManager: START u0 {act=com.bbk.cloud.ACTION_ACCOUNT_SETTINGS flg=0x10000000 cmp=com.bbk.cloud/.ui.DelegateActivity (has extras)} from uid 10011 from pid 20916 on display 0

07-28 17:14:17.070   965  2012 I vivo_debug_ActivityManagerService: initSplitService intent = Intent { act=com.bbk.cloud.ACTION_ACCOUNT_SETTINGS flg=0x10000000 cmp=com.bbk.cloud/.ui.DelegateActivity (has extras) }, r = ActivityRecord{f7df185 u0 com.bbk.cloud/.ui.DelegateActivity t82}

07-28 17:14:17.073   965  2012 V VivoStats: noteActivityPausedLocked uid = 10011

07-28 17:14:17.074   965  1253 I libPerfService: 1: set freq: 1001000, 1508000, 

07-28 17:14:17.078   965  1253 I libPerfService: 1: set: 4, 4, 

07-28 17:14:17.082   965  2012 V WindowManager: Changing focus from Window{ea3edf0 u0 com.android.mms/com.android.mms.ui.ConversationList} to null Callers=com.android.server.wm.WindowManagerService.setFocusedApp:4696 com.android.server.am.ActivityManagerService.setFocusedActivityLocked:3195 com.android.server.am.ActivityStackSupervisor.startActivityUncheckedLocked:3462 com.android.server.am.ActivityStackSupervisor.startActivityLocked:2349 

07-28 17:14:17.082   307   307 I SurfaceFlinger: [Built-in Screen (type:0)] fps:28.601543,dur:1013.93,max:358.77,min:14.85

07-28 17:14:17.083   965  1080 I WindowManager: Losing focus: Window{ea3edf0 u0 com.android.mms/com.android.mms.ui.ConversationList}

07-28 17:14:17.088 20916 20916 D Mms/ConversationList: ---------onPause---------

07-28 17:14:17.089  1710  1740 D MmsService: MmsService vivoTelephonyApi() tag = API_TAG_nonBlockUpdateUnreadMsgCount

07-28 17:14:17.090 20916 20916 D ActivityThread: ACT-AM_ON_PAUSE_CALLED ActivityRecord{3f57a26 token=android.os.BinderProxy@a20c667 {com.android.mms/com.android.mms.ui.ConversationList}}

07-28 17:14:17.091   965  1361 D PerfServiceManager: [PerfService] appBoostEnable com.bbk.cloud 

07-28 17:14:17.093   965  1253 I libPerfService: perfSetFavorPid - pid:20986, 51fa

07-28 17:14:17.096   965  1361 V VivoStats: noteActivityResumedLocked uid = 10027, mLastUid = 10011

07-28 17:14:17.096  1484  1893 V PowerEffectManager: noteActivity uid = 10027, name = com.bbk.cloud.ui.DelegateActivity

07-28 17:14:17.096 20986 20986 V ActivityThread: Handling launch of ActivityRecord{81f48f7 token=android.os.BinderProxy@3978364 {com.bbk.cloud/com.bbk.cloud.ui.DelegateActivity}} startsNotResumed=false

07-28 17:14:17.097  1484  1893 V PowerEffectManager: noteAppResumed uid = 10027, lastUid = 10011

07-28 17:14:17.097 20986 20986 V ActivityThread: ActivityRecord{81f48f7 token=android.os.BinderProxy@3978364 {com.bbk.cloud/com.bbk.cloud.ui.DelegateActivity}}: app=com.bbk.cloud.App@992cf4e, appName=com.bbk.cloud, pkg=com.bbk.cloud, comp={com.bbk.cloud/com.bbk.cloud.ui.DelegateActivity}, dir=/system/app/BBKCloud/BBKCloud.apk

07-28 17:14:17.100   965  1361 D ActivityManager: Delay resumeKeyDispatchingLocked() to avoid deadlock.

07-28 17:14:17.101 20916 20916 D ActivityThread: ACT-PAUSE_ACTIVITY handled : 1 / android.os.BinderProxy@a20c667

07-28 17:14:17.101  1484  2487 I LocationDialogService: onForegroundActivitiesChanged() pid = 20986, uid = 10027, foregroundActivities = true

07-28 17:14:17.102  1997  1314 D StatusBar.ForegroundActivityObserver: UpSlide|ForegroundActivitiesChanged, need to reload recent

07-28 17:14:17.102  1464  2408 I SLService2: HAHA2 pid = 20986, uid = 10027, f = true

07-28 17:14:17.102  1464  2408 D DataUsagePrefs: getDataUsageNetworkForbinddenReminder value:true

07-28 17:14:17.102   965  1266 D UserModifyRecorder: pakage name is com.bbk.cloudwith :10027

07-28 17:14:17.105   965  1037 V NetworkStats: setKernelCounterSet uid=10027 set=1

07-28 17:14:17.105  1710 21365 V MmsService: MmsServiceNotification ======count=0

07-28 17:14:17.105   965  1933 D ConnectivityService: getActiveNetworkInfo networkInfo = [type: WIFI[], state: CONNECTED/CONNECTED, reason: (unspecified), extra: "beta-test", roaming: false, failover: false, isAvailable: true]

07-28 17:14:17.108  1484  2487 I LocationDialogService: onForegroundActivitiesChanged name Process == com.bbk.cloud

07-28 17:14:17.108  1997  1314 D StatusBar.ForegroundActivityObserver: UpSlide|change from [ com.android.mms] to [com.bbk.cloud]!

07-28 17:14:17.108  1997  1314 I RecentHelper: UpSlide|oldPkg = com.android.mms,newPkg = com.bbk.cloud, mSpeedUpStarted = false

07-28 17:14:17.108  1997  1314 D VivoRecentTasksLoader: UpSlide|loadRecentInBackground, loadType = 2

07-28 17:14:17.109  1997 21592 D VivoRecentTasksLoader: UpSlide|doInBackground---start

07-28 17:14:17.109  1464  1918 I FloatWindowManagerService: chan pid = 20986, id = 10027, fore  = true ; n is : com.bbk.cloud

07-28 17:14:17.110  1464  2408 I SLService3: runningNetworkLimitReminder ConnectivityManager not null， uid = 10027

07-28 17:14:17.110   965  2004 D ConnectivityService: getActiveNetworkInfo networkInfo = [type: WIFI[], state: CONNECTED/CONNECTED, reason: (unspecified), extra: "beta-test", roaming: false, failover: false, isAvailable: true]

07-28 17:14:17.110   965  1947 D CSLegacyTypeTracker: getNetworkForType type 1

07-28 17:14:17.110   965  1507 V ActivityManager: Broadcast: Intent { act=launcher.action.CHANGE_APPLICATION_NOTIFICATION_NUM flg=0x10 (has extras) } ordered=false userid=0 callerApp=ProcessRecord{91df9ca 1710:com.android.phone/1001}

07-28 17:14:17.112   965  1957 D CSLegacyTypeTracker: getNetworkForType type 0

07-28 17:14:17.112  1710 21365 V NotifyLockscreen: sendBroadcast---action=android.no.read.BBKLockScreen.MSG

07-28 17:14:17.112  1710 21365 V NotifyLockscreen: count=0

07-28 17:14:17.114   965  1939 I AccountManagerService: getTypesVisibleToCaller: isPermitted? true

07-28 17:14:17.114   965   981 D ConnectivityService: getActiveNetworkInfo networkInfo = [type: WIFI[], state: CONNECTED/CONNECTED, reason: (unspecified), extra: "beta-test", roaming: false, failover: false, isAvailable: true]

07-28 17:14:17.114 20986 20986 I BBKCloud.DelegateActivity: source_id=2, action=com.bbk.cloud.ACTION_ACCOUNT_SETTINGS

07-28 17:14:17.115   965   993 V ActivityManager: Broadcast: Intent { act=android.no.read.BBKLockScreen.MSG flg=0x10 (has extras) } ordered=false userid=0 callerApp=ProcessRecord{91df9ca 1710:com.android.phone/1001}

07-28 17:14:17.116  2015  2015 D ActivityThread: BDC-Calling onReceive: intent=Intent { act=launcher.action.CHANGE_APPLICATION_NOTIFICATION_NUM flg=0x10 cmp=com.bbk.launcher2/.NotificationNumChangeReceiver (has extras) }, receiver=com.bbk.launcher2.NotificationNumChangeReceiver@ae551e4

07-28 17:14:17.116  2015  2145 D Launcher.NotificationNumChangeReceiver: action = launcher.action.CHANGE_APPLICATION_NOTIFICATION_NUM,current thread is: Thread[HeavyWorkerThread0,10,main]

07-28 17:14:17.117 20986 21367 I System.out: [CDS][DNS] getAllByNameImpl netId = 0

07-28 17:14:17.117   965   979 I ActivityManager: START u0 {cmp=com.bbk.cloud/.ui.VCloudUnloginActivity (has extras)} from uid 10027 from pid 20986 on display 0

07-28 17:14:17.117 20986 21367 D libc-netbsd: [getaddrinfo]: mtk hostname=ort.stsdk.vivo.com.cn; servname=(null); netid=0; mark=0

07-28 17:14:17.118 20986 21367 D libc-netbsd: getaddrinfo( app_uid:10027

07-28 17:14:17.118  2015  2015 D ActivityThread: BDC-RECEIVER handled : 0 / ReceiverData{intent=Intent { act=launcher.action.CHANGE_APPLICATION_NOTIFICATION_NUM flg=0x10 cmp=com.bbk.launcher2/.NotificationNumChangeReceiver (has extras) } packageName=com.bbk.launcher2 resultCode=-1 resultData=null resultExtras=null}

07-28 17:14:17.118 20986 21367 D libc-netbsd: getaddrinfo() uid prop:

07-28 17:14:17.118  1997 21592 I VivoRecentTasksLoader: UpSlide|getRecentTasks: pkg = com.bbk.cloud, t.persistentId = 82, t.id = 82, t.userId = 0, isExcluded = false, isFirstValidTask = true

07-28 17:14:17.118 20986 21367 D libc-netbsd: getaddrinfo() getuid():10027

07-28 17:14:17.118  1997 21592 I VivoRecentTasksLoader: UpSlide|getRecentTasks: pkg = com.android.mms, t.persistentId = 79, t.id = 79, t.userId = 0, isExcluded = false, isFirstValidTask = false

07-28 17:14:17.118  1997 21592 I VivoRecentTasksLoader: UpSlide|getRecentTasks: pkg = com.bbk.cloud, t.persistentId = 81, t.id = -1, t.userId = 0, isExcluded = false, isFirstValidTask = false

07-28 17:14:17.118 20986 21367 D libc-netbsd: [getaddrinfo]: mtk ai_addrlen=0; ai_canonname=(null); ai_flags=4; ai_family=0

07-28 17:14:17.118  1997 21592 I VivoRecentTasksLoader: UpSlide|getRecentTasks: pkg = com.android.camera, t.persistentId = 68, t.id = 68, t.userId = 0, isExcluded = false, isFirstValidTask = false

07-28 17:14:17.118  1997 21592 I VivoRecentTasksLoader: UpSlide|getRecentTasks: pkg = com.vivo.weather, t.persistentId = 71, t.id = -1, t.userId = 0, isExcluded = false, isFirstValidTask = false

07-28 17:14:17.118  1997 21592 I VivoRecentTasksLoader: UpSlide|getRecentTasks: pkg = com.android.bbkmusic, t.persistentId = 66, t.id = 66, t.userId = 0, isExcluded = false, isFirstValidTask = false

07-28 17:14:17.118  1997 21592 I VivoRecentTasksLoader: UpSlide|getRecentTasks: pkg = com.android.tethersettings, t.persistentId = 64, t.id = 64, t.userId = 0, isExcluded = true, isFirstValidTask = false

07-28 17:14:17.118  1997 21592 I VivoRecentTasksLoader: UpSlide|getRecentTasks: pkg = com.android.settings, t.persistentId = 4, t.id = 4, t.userId = 0, isExcluded = false, isFirstValidTask = false

07-28 17:14:17.118  1997 21592 I VivoRecentTasksLoader: UpSlide|getRecentTasks: pkg = com.tencent.mm, t.persistentId = 49, t.id = 49, t.userId = 0, isExcluded = false, isFirstValidTask = false

07-28 17:14:17.118  1997 21592 I VivoRecentTasksLoader: UpSlide|getRecentTasks: pkg = com.icarbonx.meum, t.persistentId = 48, t.id = -1, t.userId = 0, isExcluded = false, isFirstValidTask = false

07-28 17:14:17.118 20986 21367 D libc-netbsd: [getaddrinfo]: mtk hostname=ort.stsdk.vivo.com.cn; servname=(null); netid=0; mark=0

07-28 17:14:17.118 20986 21367 D libc-netbsd: getaddrinfo( app_uid:10027

07-28 17:14:17.118 20986 21367 D libc-netbsd: getaddrinfo() uid prop:

07-28 17:14:17.118 20986 21367 D libc-netbsd: getaddrinfo() getuid():10027

07-28 17:14:17.119 20986 21367 D libc-netbsd: [getaddrinfo]: mtk ai_addrlen=0; ai_canonname=(null); ai_flags=1024; ai_family=0

07-28 17:14:17.119   411  1169 D FrameworkListener: dispatchCommand data = (getaddrinfo ort.stsdk.vivo.com.cn ^ 1024 0 1 0 0)

07-28 17:14:17.120   411 21368 D libc-netbsd: [getaddrinfo]: mtk hostname=ort.stsdk.vivo.com.cn; servname=(null); netid=1021; mark=1021

