--------- beginning of main

07-28 16:58:27.334   798   824 E MFI-Conn:  (     mfia_task_bootstrap,  587) mfia_task_bootstrap(): retrying to connect to mal-mfi error 13!! ====

07-28 16:58:27.321   824   824 W viarild : type=1400 audit(0.0:123058): avc: denied { write } for name="mal-mfi" dev="tmpfs" ino=8735 scontext=u:r:viarild:s0 tcontext=u:object_r:mal_mfi_socket:s0 tclass=sock_file permissive=0

--------- beginning of system

07-28 16:58:27.346 16024 16024 W FtTelephonyAdapterImpl: getActiveSubInfoList.subInfo is empty

07-28 16:58:27.346 16024 16024 D Mms/CacheDelay: ---->>>start cache------------

07-28 16:58:27.350 16024 16024 I Mms/PrivacyMessageProcess: PrivacyMessageProcess init

07-28 16:58:27.350 16024 16094 I ContactArray: ContactsCache init begin:1501232307350

07-28 16:58:27.352   965  1361 D ActivityManager: getContentProviderImpl: from caller=android.app.ApplicationThreadProxy@cd9908 (pid=16024, userId=0) to get content provider com.android.contacts cpr=ContentProviderRecord{f1bd022 u0 com.android.providers.contacts/.ContactsProvider2}

07-28 16:58:27.352   965  1361 D ActivityManager: getContentProviderImpl: updateLruProcessLocked cpr.proc=ProcessRecord{9bb3022 3745:android.process.acore/u0a4}

07-28 16:58:27.355 16024 16094 D ActivityThread: holder:android.app.IActivityManager$ContentProviderHolder@ce125db, holder.provider:android.content.ContentProviderProxy@7c80878

07-28 16:58:27.356 16024 16024 D Mms/CacheDelay: ---->>>cache finish------------

07-28 16:58:27.357 16024 16095 I PrivacyContactsArray: PrivacyContactsCache init begin:1501232307357

07-28 16:58:27.359  3745  3755 I ContactsProvider: query: uri=content://com.android.contacts/data/phones?encrypt=%20%3C%202 , projection=[_id, display_name, data1] , selection=[null] , args=null , order=[_id LIMIT 2000 OFFSET 0] CPID=16024 , User=0 , callingPackage=[com.android.mms]

07-28 16:58:27.360  3745  3784 I ContactsProvider: query: uri=content://com.android.contacts/data?encrypt=%3E0 , projection=[contact_id, raw_contact_id, display_name, data1] , selection=[mimetype_id = 5] , args=null , order=[null] CPID=16024 , User=0 , callingPackage=[com.android.mms]

07-28 16:58:27.365 16024 16095 D PrivacyContactsArray: -----count = 0

07-28 16:58:27.366   965   981 V ActivityManager: Broadcast: Intent { act=com.android.mms.ACTION_NAME_LOAD_FINISHED flg=0x10 } ordered=false userid=0 callerApp=ProcessRecord{4a6573e 16024:com.android.mms/u0a11}

07-28 16:58:27.367 16024 16094 I ContactArray: ContactsCache init complete:1501232307366

07-28 16:58:27.367 16024 16095 I PrivacyContactsArray: PrivacyContactsCache init complete:1501232307367

07-28 16:58:27.367 16024 16095 I Mms/PrivacyMessageProcess: PrivacyContactsCache run done....

07-28 16:58:27.368   965  1947 V ActivityManager: Broadcast: Intent { act=com.android.mms.privacymsg.cacheover flg=0x10 } ordered=false userid=0 callerApp=ProcessRecord{4a6573e 16024:com.android.mms/u0a11}

07-28 16:58:27.368 16024 16094 E PatternBuilder:  Incorrectly nested parentheses in regexp pattern

07-28 16:58:27.368 16024 16094 W System.err: java.util.regex.PatternSyntaxException: Incorrectly nested parentheses in regexp pattern near index 1:

07-28 16:58:27.368 16024 16094 W System.err: )

07-28 16:58:27.368 16024 16094 W System.err:  ^

07-28 16:58:27.369 16024 16094 W System.err: 	at java.util.regex.Pattern.compileImpl(Native Method)

07-28 16:58:27.369 16024 16094 W System.err: 	at java.util.regex.Pattern.compile(Pattern.java:411)

07-28 16:58:27.369 16024 16094 W System.err: 	at java.util.regex.Pattern.<init>(Pattern.java:394)

07-28 16:58:27.369 16024 16094 W System.err: 	at java.util.regex.Pattern.compile(Pattern.java:381)

07-28 16:58:27.369 16024 16094 W System.err: 	at com.android.mms.data.contactcache.PatternBuilder.buildNameMTPattern(PatternBuilder.java:69)

07-28 16:58:27.369 16024 16094 W System.err: 	at com.android.mms.data.contactcache.PatternBuilder.build(PatternBuilder.java:24)

07-28 16:58:27.369 16024 16094 W System.err: 	at com.android.mms.data.contactcache.ContactsArray.init(ContactsArray.java:67)

07-28 16:58:27.369 16024 16094 W System.err: 	at com.android.mms.data.contactcache.ContactsCacheProcess$InitThread.run(ContactsCacheProcess.java:71)

07-28 16:58:27.369 16024 16094 I ContactsCacheProcess: ContactsCache run done....

07-28 16:58:27.513   427   793 E VT      : [SRV] [VT THREAD] [VT_Bind] des = volte_imsvt1 Fail to connect . retry count: 38966

07-28 16:58:27.513   427   793 D VT      : [SRV] isIMCBrun : False

07-28 16:58:27.557   965  1939 D ActivityManager: getContentProviderImpl: from caller=android.app.ApplicationThreadProxy@7ba4ddd (pid=16024, userId=0) to get content provider sms cpr=ContentProviderRecord{7af0cc7 u0 com.android.providers.telephony/.SmsProvider}

07-28 16:58:27.557   965  1939 D ActivityManager: getContentProviderImpl: updateLruProcessLocked cpr.proc=ProcessRecord{91df9ca 1710:com.android.phone/1001}

07-28 16:58:27.558 16024 16024 D ActivityThread: holder:android.app.IActivityManager$ContentProviderHolder@5efbfb6, holder.provider:android.content.ContentProviderProxy@4244b7

07-28 16:58:28.116   965  1227 D WifiStateMachine:  ConnectedState (when=-4ms what=131155 arg1=137!CMD_RSSI_POLL  rt=116980058/905440029 137 0 "beta-test" 3c:8c:40:e4:3c:52 rssi=-71 f=2462 sc=80 link=65 tx=8.6, 0.0, 0.0  rx=6.3 bcn=0 [on:0 tx:0 rx:0 period:2984] from screen [on:0 period:-2006245484] gl hn rssi=-66 ag=0 ticks 5,266,801 ls-=0 [56,56,60,60,60] brc=0 lrc=0 offload-stopped

07-28 16:58:28.117   965  1227 D WifiStateMachine:  L2ConnectedState (when=-5ms what=131155 arg1=137!CMD_RSSI_POLL  rt=116980059/905440030 137 0 "beta-test" 3c:8c:40:e4:3c:52 rssi=-71 f=2462 sc=80 link=65 tx=8.6, 0.0, 0.0  rx=6.3 bcn=0 [on:0 tx:0 rx:0 period:1] from screen [on:0 period:-2006245483] gl hn rssi=-66 ag=0 ticks 5,266,801 ls-=0 [56,56,60,60,60] brc=0 lrc=0 offload-stopped

07-28 16:58:28.117   965  1227 D WifiStateMachine:  get link layer stats 0

07-28 16:58:28.119   965  1227 I WifiStateMachine: fetchRssiLinkSpeedAndFrequencyNative, newRssi:-72, newLinkSpeed:65, SSID:"beta-test"

07-28 16:58:28.119   965  1227 D WifiStateMachine: mLastSignalLevel:2, newSignalLevel:2

07-28 16:58:28.120   965  1227 E WifiStateMachine: calculateWifiScore() we set wifi's score to 1000, so will always set wifi as a default network.

07-28 16:58:28.120   965  1227 V ActivityManager: Broadcast sticky: Intent { act=android.net.wifi.RSSI_CHANGED flg=0x4000010 (has extras) } ordered=false userid=-1 callerApp=ProcessRecord{f5c5ef3 965:system/1000}

07-28 16:58:28.121   965  1256 D WifiWatchdogStateMachine: RSSI current: 2 new: -72, 2

07-28 16:58:28.121  1322  1836 I VivoNetworkController: SystemUI|action = android.net.wifi.RSSI_CHANGED

07-28 16:58:28.129   307  2346 I BufferQueueProducer: [StatusBar](this:0x7f9ed4a800,id:6,api:1,p:1322,c:307) queueBuffer: fps=1.07 dur=1869.14 max=1863.50 min=5.64

07-28 16:58:28.144   307   307 I SurfaceFlinger: [Built-in Screen (type:0)] fps:18.091827,dur:1989.85,max:1305.67,min:12.25

07-28 16:58:28.182   965  1253 D PerfServiceManager: [PerfService] MESSAGE_TIMEOUT:106 

07-28 16:58:28.196   965  1253 I libPerfService: 6: set: -1, -1, 

07-28 16:58:28.197   965  1253 I libPerfService: 6: set freq: -1, -1, 

07-28 16:58:28.327   965  2365 D DhcpStateMachine: PollingState{ when=-4ms what=196616 target=com.android.internal.util.StateMachine$SmHandler }

07-28 16:58:28.327   965  2365 D DhcpStateMachine: GET_DHCP_RESULTS on wlan0

07-28 16:58:28.328   965  2365 D DhcpUtils: [dhcpv6_get_results] result_prop_name = dhcp.ipv6.wlan0.result; isrenew = 0

07-28 16:58:28.328   965  2365 D DhcpUtils: [dhcpv6_get_results] prop_value = 

07-28 16:58:28.328   965  2365 D NetUtils: dhcpv6_get_results failed : wlan0 ()

07-28 16:58:28.328   965  2365 D DhcpStateMachine: getDhcpv6Results failed, isRenew = false

07-28 16:58:28.321   824   824 W viarild : type=1400 audit(0.0:123059): avc: denied { write } for name="mal-mfi" dev="tmpfs" ino=8735 scontext=u:r:viarild:s0 tcontext=u:object_r:mal_mfi_socket:s0 tclass=sock_file permissive=0

07-28 16:58:28.334   798   824 E MFI-Conn:  (     mfia_task_bootstrap,  587) mfia_task_bootstrap(): retrying to connect to mal-mfi error 13!! ====

07-28 16:58:28.608   439   439 I thermal_src: wake up function 3

07-28 16:58:28.608   439   439 I thermal_src: TA_DAEMON_CMD_GET_TPCB cmd=0x5, len=4 PCB=37000

07-28 16:58:28.608   439   439 I thermal_src: TA_DAEMON_CMD_SET_TTJ cmd=0x4, len=4 Tj=85000

07-28 16:58:28.608   439   439 I thermal_src: waiting NOTIFY from kernel...

07-28 16:58:28.808  1484  3817 I System.out: [socket][2590:54454] exception

07-28 16:58:28.810   411  1172 D SocketClient: SocketClient sendData done: 

07-28 16:58:28.812  1484  3817 I System.out: [CDS]rx timeout:8000

07-28 16:58:28.812  1484  3817 I System.out: [socket][2590] connection clients3.google.com/74.125.204.102:80;LocalPort=55674(8000)

07-28 16:58:28.812  1484  3817 I System.out: [CDS]connect[clients3.google.com/74.125.204.102:80] tm:8

07-28 16:58:28.815  1484  3817 D Posix   : [Posix_connect Debug]Process com.vivo.daemonService :80 

07-28 16:58:28.819   411  1172 D SocketClient: SocketClient sendData done: 

07-28 16:58:29.321   824   824 W viarild : type=1400 audit(0.0:123060): avc: denied { write } for name="mal-mfi" dev="tmpfs" ino=8735 scontext=u:r:viarild:s0 tcontext=u:object_r:mal_mfi_socket:s0 tclass=sock_file permissive=0

07-28 16:58:29.335   798   824 E MFI-Conn:  (     mfia_task_bootstrap,  587) mfia_task_bootstrap(): retrying to connect to mal-mfi error 13!! ====

07-28 16:58:29.974   312 31395 I MAL-Daemon:  (        ru_syssig_hndler,  436) [RDS-I][ru_syssig_hndler] Send Event: 688 

07-28 16:58:29.974   312 31395 I MAL-Daemon:  (        ru_syssig_hndler,  437) [RDS-I][RDS][RU][ru_syssig_hndler] ru_check_ctx_ptr<0xf5f34d9c, 0xf5f34d9c>

07-28 16:58:29.974   312 31395 W MAL-Daemon:  (    mdfx_task_send_event,  636) mdfx_task_send_event(): [ACT] should NOT enter this leagcy API!!

07-28 16:58:29.974   312 31395 I MAL-Daemon:  (    ru_send_event_entity,  368) [RDS-I][RDS][RU][ru_send_event_entity] send event 688 to 602 with ret(0)

07-28 16:58:29.974   312   682 I MAL-Daemon:  (             rds_ru_task,  454) [RDS-I][RU][rds_ru_task] RCV Event: 688 

07-28 16:58:29.977   312   682 D MAL-Daemon:  (     ru_wsl_poll_wpainfo,  657) [RDS-D][RDS][RU][ru_wsl_poll_wpainfo]socket recv pktlen(48) 

07-28 16:58:29.977   312   682 D MAL-Daemon:  (rds_ru_ws_rssi_timer_exp,  770) [RDS-D][RU][rds_ru_ws_rssi_timer_expire_hdlr][RDS] get rssi = -73, snr = 9999 

07-28 16:58:29.977   312   682 I MAL-Daemon:  (  ru_wsl_wifi_status_ind,  752) [RDS-I][RDS][RU][ru_wsl_wifi_status_ind] ru_check_ctx_ptr<0xf5f34d9c, 0xf5f34d9c>

07-28 16:58:29.977   312   682 W MAL-Daemon:  (    mdfx_task_send_event,  636) mdfx_task_send_event(): [ACT] should NOT enter this leagcy API!!

07-28 16:58:29.977   312   682 I MAL-Daemon:  (    ru_send_event_entity,  368) [RDS-I][RDS][RU][ru_send_event_entity] send event 604 to 602 with ret(0)

07-28 16:58:29.978   312   682 I MAL-Daemon:  (          ru_get_netstat, 5599) [RDS-I][RU][ru_get_netstat] netstat <thrghpt, pkterrt>, wifi <862, 0%>, mobile <0, 0%>

07-28 16:58:29.978   312   682 I MAL-Daemon:  (    ru_send_event_entity,  368) [RDS-I][RDS][RU][ru_send_event_entity] send event 614 to 1236 with ret(0)

07-28 16:58:29.978   312   682 I MAL-Daemon:  (             rds_ru_task,  454) [RDS-I][RU][rds_ru_task] RCV Event: 604 

07-28 16:58:29.978   312   682 I MAL-Daemon:  (  rds_ru_wifi_status_ind, 1379) [RDS-I][RU][EVENT_RU_WS_WIFI_STATUS_IND] fgwifi_en:1(no use) i4wifirssi:0xffffffb7 i4wifisnr:0x270f

07-28 16:58:29.978   312   682 I MAL-Daemon:  (    ru_send_event_entity,  368) [RDS-I][RDS][RU][ru_send_event_entity] send event 615 to 1236 with ret(0)

07-28 16:58:29.978   312   682 I MAL-Daemon:  (          rds_ru_rpl_gen, 5180) [RDS-I][RU][rds_ru_rpl_gen][RDS][OP0] TYPE : <0>, UI Policy : <3>, RDS Policy : <3>

07-28 16:58:29.978   312   682 I MAL-Daemon:  (      rds_cell_only_orng, 3673) [RDS-I][RU][RDS IMS/MMS][rds_cell_only_orng] 

07-28 16:58:29.978   312   682 I MAL-Daemon:  (          rds_ru_rpl_gen, 5191) [RDS-I][RU][rds_ru_rpl_gen][RDS][OP0] TYPE : <0>, RAN1 : <254> ,RAN2 : <254>

07-28 16:58:29.978   312   682 I MAL-Daemon:  (          rds_ru_rpl_gen, 5180) [RDS-I][RU][rds_ru_rpl_gen][RDS][OP0] TYPE : <1>, UI Policy : <3>, RDS Policy : <3>

07-28 16:58:29.978   312   682 I MAL-Daemon:  (      rds_cell_only_orng, 3673) [RDS-I][RU][RDS IMS/MMS][rds_cell_only_orng] 

07-28 16:58:29.978   312   682 I MAL-Daemon:  (          rds_ru_rpl_gen, 5191) [RDS-I][RU][rds_ru_rpl_gen][RDS][OP0] TYPE : <1>, RAN1 : <254> ,RAN2 : <254>

07-28 16:58:29.979   312   682 I MAL-Daemon:  (          rds_ru_rpl_gen, 5180) [RDS-I][RU][rds_ru_rpl_gen][RDS][OP0] TYPE : <2>, UI Policy : <3>, RDS Policy : <3>

07-28 16:58:29.979   312   682 I MAL-Daemon:  (      rds_cell_only_orng, 3673) [RDS-I][RU][RDS IMS/MMS][rds_cell_only_orng] 

07-28 16:58:29.979   312   682 I MAL-Daemon:  (          rds_ru_rpl_gen, 5191) [RDS-I][RU][rds_ru_rpl_gen][RDS][OP0] TYPE : <2>, RAN1 : <254> ,RAN2 : <254>

07-28 16:58:29.979   312   682 I MAL-Daemon:  (          rds_ru_rpl_gen, 5180) [RDS-I][RU][rds_ru_rpl_gen][RDS][OP0] TYPE : <3>, UI Policy : <3>, RDS Policy : <3>

07-28 16:58:29.979   312   682 I MAL-Daemon:  (          rds_ru_rpl_gen, 5191) [RDS-I][RU][rds_ru_rpl_gen][RDS][OP0] TYPE : <3>, RAN1 : <255> ,RAN2 : <255>

07-28 16:58:29.979   312   682 I MAL-Daemon:  (          rds_ru_rpl_gen, 5180) [RDS-I][RU][rds_ru_rpl_gen][RDS][OP0] TYPE : <4>, UI Policy : <3>, RDS Policy : <3>

07-28 16:58:29.979   312   682 I MAL-Daemon:  (          rds_ru_rpl_gen, 5191) [RDS-I][RU][rds_ru_rpl_gen][RDS][OP0] TYPE : <4>, RAN1 : <255> ,RAN2 : <255>

07-28 16:58:29.979   312   682 I MAL-Daemon:  (          rds_ru_rpl_gen, 5180) [RDS-I][RU][rds_ru_rpl_gen][RDS][OP0] TYPE : <5>, UI Policy : <3>, RDS Policy : <3>

07-28 16:58:29.979   312   682 I MAL-Daemon:  (          rds_ru_rpl_gen, 5191) [RDS-I][RU][rds_ru_rpl_gen][RDS][OP0] TYPE : <5>, RAN1 : <255> ,RAN2 : <255>

07-28 16:58:29.979   312   682 I MAL-Daemon:  (          rds_ru_rpl_gen, 5191) [RDS-I][RU][rds_ru_rpl_gen][RDS][OP0] TYPE : <6>, RAN1 : <254> ,RAN2 : <254>

07-28 16:58:29.979   312   682 I MAL-Daemon:  (    rds_op_check_feature,  324) [RDS-I][RDS][OP][rds_op_check_feature] operator id(0) check feature<0>, curr_opmsk is <1>, sys_opmsk is <0x0001, 1>

07-28 16:58:29.979   312   682 I MAL-Daemon:  (  rds_ru_ims_vops_update, 4980) [RDS-I][RU][rds_ru_ims_vops_update][RDS IMS]Policy type: 0 IMS VOPS IE is Disabled, update IMS RPL from Ori:(254, 254) New:(254,254)

07-28 16:58:29.979   312   682 I MAL-Daemon:  (  rds_ru_ims_vops_update, 4980) [RDS-I][RU][rds_ru_ims_vops_update][RDS IMS]Policy type: 1 IMS VOPS IE is Disabled, update IMS RPL from Ori:(254, 254) New:(254,254)

07-28 16:58:29.979   312   682 I MAL-Daemon:  (  rds_ru_ims_vops_update, 4980) [RDS-I][RU][rds_ru_ims_vops_update][RDS IMS]Policy type: 2 IMS VOPS IE is Disabled, update IMS RPL from Ori:(254, 254) New:(254,254)

07-28 16:58:29.979   312   682 I MAL-Daemon:  (          rds_ru_rpl_gen, 5215) [RDS-I][RU][rds_ru_rpl_gen][RDS] Current policy: fgimsolte_en<0>, fgwfc_en<0>, erdspolicy<3>, 

07-28 16:58:29.979   312   682 I MAL-Daemon:  (          rds_ru_rpl_gen, 5218) [RDS-I][RU][rds_ru_rpl_gen][RDS] Threshold i4wifirssih<-75>, i4wifirssil<-85>, i4wifirssih_ho<-78>, i4wifirssil_ho<-88>, i4wifisnrh<10>, i4wifisnrl<6>

07-28 16:58:29.979   312   682 I MAL-Daemon:  (          rds_ru_rpl_gen, 5221) [RDS-I][RU][rds_ru_rpl_gen][RDS] Threshold i4ltersrph<-106>, i4ltersrpm<-111>, i4ltersrpl<-116>, i4ltersrqh<5>, i4ltersrqm<3>, i4ltersrql<1>

07-28 16:58:29.979   312   682 I MAL-Daemon:  (          rds_ru_rpl_gen, 5224) [RDS-I][RU][rds_ru_rpl_gen][RDS] current rds ru status: i4wifirssi<-73>, i4wifisnr<9999>, i4ltersrp<-141>, i4ltersrq<0>, u4active_ran<1> 

07-28 16:58:29.979   312   682 I MAL-Daemon:  (          rds_ru_rpl_gen, 5227) [RDS-I][RU][rds_ru_rpl_gen][RDS] current wifi backhaul : rtp_plr<0>, rtp_jitter<0>, ping_ind<0>

07-28 16:58:29.979   312   682 I MAL-Daemon:  (          rds_ru_rpl_gen, 5230) [RDS-I][RU][rds_ru_rpl_gen][RDS] Call stat : IR92<0>, IR94<0> 

07-28 16:58:29.979   312   682 I MAL-Daemon:  (          rds_ru_rpl_gen, 5236) [RDS-I][RU][RDS IMS/MMS][rds_ru_rpl_gen] Ori:(254,254)/(255,255) New:(254,254)/(255,255)

07-28 16:58:29.979   312   682 I MAL-Daemon:  (          rds_ru_rpl_gen, 5241) [RDS-I][RU][RDS IMS/MMS WIFI][rds_ru_rpl_gen] Ori:(254,254)/(255,255) New:(254,254)/(255,255)

07-28 16:58:29.979   312   682 I MAL-Daemon:  (          rds_ru_rpl_gen, 5246) [RDS-I][RU][RDS IMS/MMS CELL][rds_ru_rpl_gen] Ori:(254,254)/(255,255) New:(254,254)/(255,255)

07-28 16:58:29.979   312   682 I MAL-Daemon:  (          rds_ru_rpl_gen, 5250) [RDS-I][RU][RDS EMG][rds_ru_rpl_gen] Ori:(254,254) New:(254,254)

07-28 16:58:29.980  1970  2068 I MFI-Conn:  (     mfia_task_bootstrap,  944) mfia_task_bootstrap(): an event 614 incoming

07-28 16:58:29.980  1970  2068 I MFI-Conn:  (     mfia_task_bootstrap,  944) mfia_task_bootstrap(): an event 615 incoming

07-28 16:58:29.980  1970  2110 I MFI-Conn:  (             rds_urc_hdl,  263) [RDS][rds_urc_hdl] RCV Event: 614 

07-28 16:58:29.980  1970  2110 I MFI-Conn:  (             rds_urc_hdl,  378) [RDS][IF][rds_urc_hdl] data_base update: pkterrt(0) 

07-28 16:58:29.980  1970  2110 I MFI-Conn:  (             rds_urc_hdl,  263) [RDS][rds_urc_hdl] RCV Event: 615 

07-28 16:58:29.980  1970  2110 I MFI-Conn:  (             rds_urc_hdl,  388) [RDS][IF][rds_urc_hdl] data_base update: i4wifirssi(-73) 

07-28 16:58:30.335   798   824 E MFI-Conn:  (     mfia_task_bootstrap,  587) mfia_task_bootstrap(): retrying to connect to mal-mfi error 13!! ====

07-28 16:58:30.321   824   824 W viarild : type=1400 audit(0.0:123061): avc: denied { write } for name="mal-mfi" dev="tmpfs" ino=8735 scontext=u:r:viarild:s0 tcontext=u:object_r:mal_mfi_socket:s0 tclass=sock_file permissive=0

07-28 16:58:30.513   427   793 E VT      : [SRV] [VT THREAD] [VT_Bind] des = volte_imsvt1 Fail to connect . retry count: 38967

07-28 16:58:30.514   427   793 D VT      : [SRV] isIMCBrun : False

07-28 16:58:30.746   441   441 I thermal_repeater: oh, queryMdThermalInfo (0)No such file or directory

07-28 16:58:30.750   441   441 I thermal_repeater: [recvMdThermalInfo] ret=5, strLen=127, ERROR

07-28 16:58:31.123   965  1227 D WifiStateMachine:  ConnectedState (when=-3ms what=131155 arg1=137!CMD_RSSI_POLL  rt=116983065/905443037 137 0 "beta-test" 3c:8c:40:e4:3c:52 rssi=-72 f=2462 sc=80 link=65 tx=6.3, 0.0, 0.0  rx=5.2 bcn=0 [on:0 tx:0 rx:0 period:3002] from screen [on:0 period:-2006242477] gl hn rssi=-67 ag=0 ticks 5,266,802 ls-=0 [56,56,60,60,60] brc=0 lrc=0 offload-stopped

07-28 16:58:31.124   965  1227 D WifiStateMachine:  L2ConnectedState (when=-4ms what=131155 arg1=137!CMD_RSSI_POLL  rt=116983066/905443038 137 0 "beta-test" 3c:8c:40:e4:3c:52 rssi=-72 f=2462 sc=80 link=65 tx=6.3, 0.0, 0.0  rx=5.2 bcn=0 [on:0 tx:0 rx:0 period:1] from screen [on:0 period:-2006242476] gl hn rssi=-67 ag=0 ticks 5,266,802 ls-=0 [56,56,60,60,60] brc=0 lrc=0 offload-stopped

07-28 16:58:31.124   965  1227 D WifiStateMachine:  get link layer stats 0

07-28 16:58:31.128   965  1227 I WifiStateMachine: fetchRssiLinkSpeedAndFrequencyNative, newRssi:-72, newLinkSpeed:65, SSID:"beta-test"

07-28 16:58:31.128   965  1227 D WifiStateMachine: mLastSignalLevel:2, newSignalLevel:2

07-28 16:58:31.130   965  1227 E WifiStateMachine: calculateWifiScore() we set wifi's score to 1000, so will always set wifi as a default network.

07-28 16:58:31.132   965  1227 V ActivityManager: Broadcast sticky: Intent { act=android.net.wifi.RSSI_CHANGED flg=0x4000010 (has extras) } ordered=false userid=-1 callerApp=ProcessRecord{f5c5ef3 965:system/1000}

07-28 16:58:31.135   965  1256 D WifiWatchdogStateMachine: RSSI current: 2 new: -72, 2

07-28 16:58:31.136  1322  1836 I VivoNetworkController: SystemUI|action = android.net.wifi.RSSI_CHANGED

07-28 16:58:31.336   798   824 E MFI-Conn:  (     mfia_task_bootstrap,  587) mfia_task_bootstrap(): retrying to connect to mal-mfi error 13!! ====

07-28 16:58:31.321   824   824 W viarild : type=1400 audit(0.0:123062): avc: denied { write } for name="mal-mfi" dev="tmpfs" ino=8735 scontext=u:r:viarild:s0 tcontext=u:object_r:mal_mfi_socket:s0 tclass=sock_file permissive=0

07-28 16:58:31.345 16024 16024 V MMSLog  : ----------onReceiveWithPrivilege----------

07-28 16:58:31.349   965  1361 D AppOps  : startOperation: allowing code 40 uid 10011 package com.android.mms

07-28 16:58:31.355 16024 16024 D ActivityThread: SVC-Creating service: CreateServiceData{token=android.os.BinderProxy@9b13424 className=com.android.mms.transaction.SmsReceiverService packageName=com.android.mms intent=null}

07-28 16:58:31.365  1464  1464 D ActivityThread: SVC-Creating service: CreateServiceData{token=android.os.BinderProxy@55774cd className=com.iqoo.secure.ui.antiharassment.InterceptService packageName=com.iqoo.secure intent=null}

07-28 16:58:31.365  1464  1464 D ActivityThread: SVC-CREATE_SERVICE handled : 0 / CreateServiceData{token=android.os.BinderProxy@55774cd className=com.iqoo.secure.ui.antiharassment.InterceptService packageName=com.iqoo.secure intent=null}

07-28 16:58:31.368  1464  1464 V ActivityThread: handleBindService s=com.iqoo.secure.ui.antiharassment.InterceptService@f616182 rebind=false

07-28 16:58:31.371   965  1037 V NetworkStats: setKernelCounterSet uid=10058 set=0

07-28 16:58:31.374  1606 19448 I DaemonService: DataUsageService pid = 1464

07-28 16:58:31.377  1464  1464 D ActivityThread: SVC-BIND_SERVICE handled : 0 / BindServiceData{token=android.os.BinderProxy@55774cd intent=Intent { pkg=com.iqoo.secure cmp=com.iqoo.secure/.ui.antiharassment.InterceptService }}

07-28 16:58:31.388 16024 16024 D ActivityThread: SVC-CREATE_SERVICE handled : 0 / CreateServiceData{token=android.os.BinderProxy@9b13424 className=com.android.mms.transaction.SmsReceiverService packageName=com.android.mms intent=null}

07-28 16:58:31.388 16024 16024 D ActivityThread: SVC-Calling onStartCommand: com.android.mms.transaction.SmsReceiverService@62e5b8d, flags=0, startId=1

07-28 16:58:31.388 16024 16024 D Mms/MMSLog: Message Sent Result Code = 0

07-28 16:58:31.389 16024 16024 D ActivityThread: SVC-SERVICE_ARGS handled : 0 / ServiceArgsData{token=android.os.BinderProxy@9b13424 startId=1 args=Intent { act=com.vivo.telephony.VIVO_SMS_RECEIVED cmp=com.android.mms/.transaction.SmsReceiverService (has extras) }}

07-28 16:58:31.412 16024 16109 D Mms/MMSLog: Sms handleMessage :{ when=-8ms what=0 arg1=1 obj=Intent { act=com.vivo.telephony.VIVO_SMS_RECEIVED cmp=com.android.mms/.transaction.SmsReceiverService (has extras) } target=com.android.mms.transaction.SmsReceiverService$ServiceHandler obj=Intent { act=com.vivo.telephony.VIVO_SMS_RECEIVED cmp=com.android.mms/.transaction.SmsReceiverService (has extras) } }

07-28 16:58:31.413 16024 16109 D SmsReceiverService:  com.vivo.telephony.VIVO_SMS_RECEIVED -----------------

07-28 16:58:31.418   965  1361 D ActivityManager: getContentProviderImpl: from caller=android.app.ApplicationThreadProxy@1f24c9e (pid=16024, userId=0) to get content provider sms cpr=ContentProviderRecord{7af0cc7 u0 com.android.providers.telephony/.SmsProvider}

07-28 16:58:31.418   965  1361 D ActivityManager: getContentProviderImpl: updateLruProcessLocked cpr.proc=ProcessRecord{91df9ca 1710:com.android.phone/1001}

07-28 16:58:31.418 16024 16109 D ActivityThread: holder:android.app.IActivityManager$ContentProviderHolder@92c7553, holder.provider:android.content.ContentProviderProxy@4df6e90

07-28 16:58:31.429 16024 16109 D SmsReceiverService: cur==========android.content.ContentResolver$CursorWrapperInner@3230f8e

07-28 16:58:31.429 16024 16109 D SmsReceiverService: cur.getCount ========0

07-28 16:58:31.436 16024 16024 D ActivityThread: SVC-Destroying service: com.android.mms.transaction.SmsReceiverService@62e5b8d

07-28 16:58:31.439 16024 16024 D ActivityThread: SVC-STOP_SERVICE handled : 0 / android.os.BinderProxy@9b13424

07-28 16:58:31.440  1606  1617 I DaemonService: DataUsageService pid = 1464

07-28 16:58:31.441  1464  1464 D ActivityThread: SVC-UNBIND_SERVICE handled : 0 / BindServiceData{token=android.os.BinderProxy@55774cd intent=Intent { pkg=com.iqoo.secure cmp=com.iqoo.secure/.ui.antiharassment.InterceptService }}

07-28 16:58:31.442  1464  1464 D ActivityThread: SVC-Destroying service: com.iqoo.secure.ui.antiharassment.InterceptService@f616182

07-28 16:58:31.442  1464  1464 D ActivityThread: SVC-STOP_SERVICE handled : 0 / android.os.BinderProxy@55774cd

07-28 16:58:31.445   965  1037 V NetworkStats: setKernelCounterSet uid=10058 set=1

07-28 16:58:31.447  1606  1619 I DaemonService: DataUsageService pid = 1464

07-28 16:58:31.778  2151  2160 I System  : FinalizerDaemon: finalize objects = 1

07-28 16:58:32.336   798   824 E MFI-Conn:  (     mfia_task_bootstrap,  587) mfia_task_bootstrap(): retrying to connect to mal-mfi error 13!! ====

07-28 16:58:32.336   798   824 W MFI-Conn:  (     mfia_task_bootstrap,  593) mfia_task_bootstrap(13): [ASSERT] more than 60 retries to connect to mal-mfi!!

07-28 16:58:32.321   824   824 W viarild : type=1400 audit(0.0:123063): avc: denied { write } for name="mal-mfi" dev="tmpfs" ino=8735 scontext=u:r:viarild:s0 tcontext=u:object_r:mal_mfi_socket:s0 tclass=sock_file permissive=0

07-28 16:58:32.429  3745  3752 I System  : FinalizerDaemon: finalize objects = 13

07-28 16:58:32.974   312 31395 I MAL-Daemon:  (        ru_syssig_hndler,  436) [RDS-I][ru_syssig_hndler] Send Event: 688 

07-28 16:58:32.974   312 31395 I MAL-Daemon:  (        ru_syssig_hndler,  437) [RDS-I][RDS][RU][ru_syssig_hndler] ru_check_ctx_ptr<0xf5f34d9c, 0xf5f34d9c>

07-28 16:58:32.974   312 31395 W MAL-Daemon:  (    mdfx_task_send_event,  636) mdfx_task_send_event(): [ACT] should NOT enter this leagcy API!!

07-28 16:58:32.974   312 31395 I MAL-Daemon:  (    ru_send_event_entity,  368) [RDS-I][RDS][RU][ru_send_event_entity] send event 688 to 602 with ret(0)

07-28 16:58:32.974   312   682 I MAL-Daemon:  (             rds_ru_task,  454) [RDS-I][RU][rds_ru_task] RCV Event: 688 

07-28 16:58:32.978   312   682 D MAL-Daemon:  (     ru_wsl_poll_wpainfo,  657) [RDS-D][RDS][RU][ru_wsl_poll_wpainfo]socket recv pktlen(48) 

07-28 16:58:32.978   312   682 D MAL-Daemon:  (rds_ru_ws_rssi_timer_exp,  770) [RDS-D][RU][rds_ru_ws_rssi_timer_expire_hdlr][RDS] get rssi = -71, snr = 9999 

07-28 16:58:32.978   312   682 I MAL-Daemon:  (  ru_wsl_wifi_status_ind,  752) [RDS-I][RDS][RU][ru_wsl_wifi_status_ind] ru_check_ctx_ptr<0xf5f34d9c, 0xf5f34d9c>

07-28 16:58:32.978   312   682 W MAL-Daemon:  (    mdfx_task_send_event,  636) mdfx_task_send_event(): [ACT] should NOT enter this leagcy API!!

07-28 16:58:32.978   312   682 I MAL-Daemon:  (    ru_send_event_entity,  368) [RDS-I][RDS][RU][ru_send_event_entity] send event 604 to 602 with ret(0)

07-28 16:58:32.979   312   682 I MAL-Daemon:  (          ru_get_netstat, 5599) [RDS-I][RU][ru_get_netstat] netstat <thrghpt, pkterrt>, wifi <554, 0%>, mobile <0, 0%>

07-28 16:58:32.979   312   682 I MAL-Daemon:  (    ru_send_event_entity,  368) [RDS-I][RDS][RU][ru_send_event_entity] send event 614 to 1236 with ret(0)

07-28 16:58:32.979   312   682 I MAL-Daemon:  (             rds_ru_task,  454) [RDS-I][RU][rds_ru_task] RCV Event: 604 

07-28 16:58:32.979   312   682 I MAL-Daemon:  (  rds_ru_wifi_status_ind, 1379) [RDS-I][RU][EVENT_RU_WS_WIFI_STATUS_IND] fgwifi_en:1(no use) i4wifirssi:0xffffffb9 i4wifisnr:0x270f

07-28 16:58:32.979   312   682 I MAL-Daemon:  (    ru_send_event_entity,  368) [RDS-I][RDS][RU][ru_send_event_entity] send event 615 to 1236 with ret(0)

07-28 16:58:32.979   312   682 I MAL-Daemon:  (          rds_ru_rpl_gen, 5180) [RDS-I][RU][rds_ru_rpl_gen][RDS][OP0] TYPE : <0>, UI Policy : <3>, RDS Policy : <3>

07-28 16:58:32.979   312   682 I MAL-Daemon:  (      rds_cell_only_orng, 3673) [RDS-I][RU][RDS IMS/MMS][rds_cell_only_orng] 

07-28 16:58:32.979   312   682 I MAL-Daemon:  (          rds_ru_rpl_gen, 5191) [RDS-I][RU][rds_ru_rpl_gen][RDS][OP0] TYPE : <0>, RAN1 : <254> ,RAN2 : <254>

07-28 16:58:32.979   312   682 I MAL-Daemon:  (          rds_ru_rpl_gen, 5180) [RDS-I][RU][rds_ru_rpl_gen][RDS][OP0] TYPE : <1>, UI Policy : <3>, RDS Policy : <3>

07-28 16:58:32.979   312   682 I MAL-Daemon:  (      rds_cell_only_orng, 3673) [RDS-I][RU][RDS IMS/MMS][rds_cell_only_orng] 

07-28 16:58:32.979   312   682 I MAL-Daemon:  (          rds_ru_rpl_gen, 5191) [RDS-I][RU][rds_ru_rpl_gen][RDS][OP0] TYPE : <1>, RAN1 : <254> ,RAN2 : <254>

07-28 16:58:32.979   312   682 I MAL-Daemon:  (          rds_ru_rpl_gen, 5180) [RDS-I][RU][rds_ru_rpl_gen][RDS][OP0] TYPE : <2>, UI Policy : <3>, RDS Policy : <3>

07-28 16:58:32.979   312   682 I MAL-Daemon:  (      rds_cell_only_orng, 3673) [RDS-I][RU][RDS IMS/MMS][rds_cell_only_orng] 

07-28 16:58:32.979   312   682 I MAL-Daemon:  (          rds_ru_rpl_gen, 5191) [RDS-I][RU][rds_ru_rpl_gen][RDS][OP0] TYPE : <2>, RAN1 : <254> ,RAN2 : <254>

07-28 16:58:32.979   312   682 I MAL-Daemon:  (          rds_ru_rpl_gen, 5180) [RDS-I][RU][rds_ru_rpl_gen][RDS][OP0] TYPE : <3>, UI Policy : <3>, RDS Policy : <3>

07-28 16:58:32.979   312   682 I MAL-Daemon:  (          rds_ru_rpl_gen, 5191) [RDS-I][RU][rds_ru_rpl_gen][RDS][OP0] TYPE : <3>, RAN1 : <255> ,RAN2 : <255>

07-28 16:58:32.979   312   682 I MAL-Daemon:  (          rds_ru_rpl_gen, 5180) [RDS-I][RU][rds_ru_rpl_gen][RDS][OP0] TYPE : <4>, UI Policy : <3>, RDS Policy : <3>

07-28 16:58:32.979   312   682 I MAL-Daemon:  (          rds_ru_rpl_gen, 5191) [RDS-I][RU][rds_ru_rpl_gen][RDS][OP0] TYPE : <4>, RAN1 : <255> ,RAN2 : <255>

07-28 16:58:32.979   312   682 I MAL-Daemon:  (          rds_ru_rpl_gen, 5180) [RDS-I][RU][rds_ru_rpl_gen][RDS][OP0] TYPE : <5>, UI Policy : <3>, RDS Policy : <3>

07-28 16:58:32.979   312   682 I MAL-Daemon:  (          rds_ru_rpl_gen, 5191) [RDS-I][RU][rds_ru_rpl_gen][RDS][OP0] TYPE : <5>, RAN1 : <255> ,RAN2 : <255>

07-28 16:58:32.979   312   682 I MAL-Daemon:  (          rds_ru_rpl_gen, 5191) [RDS-I][RU][rds_ru_rpl_gen][RDS][OP0] TYPE : <6>, RAN1 : <254> ,RAN2 : <254>

07-28 16:58:32.979   312   682 I MAL-Daemon:  (    rds_op_check_feature,  324) [RDS-I][RDS][OP][rds_op_check_feature] operator id(0) check feature<0>, curr_opmsk is <1>, sys_opmsk is <0x0001, 1>

07-28 16:58:32.979   312   682 I MAL-Daemon:  (  rds_ru_ims_vops_update, 4980) [RDS-I][RU][rds_ru_ims_vops_update][RDS IMS]Policy type: 0 IMS VOPS IE is Disabled, update IMS RPL from Ori:(254, 254) New:(254,254)

07-28 16:58:32.979   312   682 I MAL-Daemon:  (  rds_ru_ims_vops_update, 4980) [RDS-I][RU][rds_ru_ims_vops_update][RDS IMS]Policy type: 1 IMS VOPS IE is Disabled, update IMS RPL from Ori:(254, 254) New:(254,254)

07-28 16:58:32.980   312   682 I MAL-Daemon:  (  rds_ru_ims_vops_update, 4980) [RDS-I][RU][rds_ru_ims_vops_update][RDS IMS]Policy type: 2 IMS VOPS IE is Disabled, update IMS RPL from Ori:(254, 254) New:(254,254)

07-28 16:58:32.980   312   682 I MAL-Daemon:  (          rds_ru_rpl_gen, 5215) [RDS-I][RU][rds_ru_rpl_gen][RDS] Current policy: fgimsolte_en<0>, fgwfc_en<0>, erdspolicy<3>, 

07-28 16:58:32.980   312   682 I MAL-Daemon:  (          rds_ru_rpl_gen, 5218) [RDS-I][RU][rds_ru_rpl_gen][RDS] Threshold i4wifirssih<-75>, i4wifirssil<-85>, i4wifirssih_ho<-78>, i4wifirssil_ho<-88>, i4wifisnrh<10>, i4wifisnrl<6>

07-28 16:58:32.980   312   682 I MAL-Daemon:  (          rds_ru_rpl_gen, 5221) [RDS-I][RU][rds_ru_rpl_gen][RDS] Threshold i4ltersrph<-106>, i4ltersrpm<-111>, i4ltersrpl<-116>, i4ltersrqh<5>, i4ltersrqm<3>, i4ltersrql<1>

07-28 16:58:32.980   312   682 I MAL-Daemon:  (          rds_ru_rpl_gen, 5224) [RDS-I][RU][rds_ru_rpl_gen][RDS] current rds ru status: i4wifirssi<-71>, i4wifisnr<9999>, i4ltersrp<-141>, i4ltersrq<0>, u4active_ran<1> 

07-28 16:58:32.980   312   682 I MAL-Daemon:  (          rds_ru_rpl_gen, 5227) [RDS-I][RU][rds_ru_rpl_gen][RDS] current wifi backhaul : rtp_plr<0>, rtp_jitter<0>, ping_ind<0>

07-28 16:58:32.980   312   682 I MAL-Daemon:  (          rds_ru_rpl_gen, 5230) [RDS-I][RU][rds_ru_rpl_gen][RDS] Call stat : IR92<0>, IR94<0> 

07-28 16:58:32.980   312   682 I MAL-Daemon:  (          rds_ru_rpl_gen, 5236) [RDS-I][RU][RDS IMS/MMS][rds_ru_rpl_gen] Ori:(254,254)/(255,255) New:(254,254)/(255,255)

07-28 16:58:32.980   312   682 I MAL-Daemon:  (          rds_ru_rpl_gen, 5241) [RDS-I][RU][RDS IMS/MMS WIFI][rds_ru_rpl_gen] Ori:(254,254)/(255,255) New:(254,254)/(255,255)

07-28 16:58:32.980   312   682 I MAL-Daemon:  (          rds_ru_rpl_gen, 5246) [RDS-I][RU][RDS IMS/MMS CELL][rds_ru_rpl_gen] Ori:(254,254)/(255,255) New:(254,254)/(255,255)

07-28 16:58:32.980   312   682 I MAL-Daemon:  (          rds_ru_rpl_gen, 5250) [RDS-I][RU][RDS EMG][rds_ru_rpl_gen] Ori:(254,254) New:(254,254)

07-28 16:58:32.980  1970  2068 I MFI-Conn:  (     mfia_task_bootstrap,  944) mfia_task_bootstrap(): an event 614 incoming

07-28 16:58:32.980  1970  2068 I MFI-Conn:  (     mfia_task_bootstrap,  944) mfia_task_bootstrap(): an event 615 incoming

07-28 16:58:32.980  1970  2110 I MFI-Conn:  (             rds_urc_hdl,  263) [RDS][rds_urc_hdl] RCV Event: 614 

07-28 16:58:32.980  1970  2110 I MFI-Conn:  (             rds_urc_hdl,  378) [RDS][IF][rds_urc_hdl] data_base update: pkterrt(0) 

07-28 16:58:32.981  1970  2110 I MFI-Conn:  (             rds_urc_hdl,  263) [RDS][rds_urc_hdl] RCV Event: 615 

07-28 16:58:32.981  1970  2110 I MFI-Conn:  (             rds_urc_hdl,  388) [RDS][IF][rds_urc_hdl] data_base update: i4wifirssi(-71) 

07-28 16:58:33.337   798   824 E MFI-Conn:  (     mfia_task_bootstrap,  587) mfia_task_bootstrap(): retrying to connect to mal-mfi error 13!! ====

07-28 16:58:33.331   824   824 W viarild : type=1400 audit(0.0:123064): avc: denied { write } for name="mal-mfi" dev="tmpfs" ino=8735 scontext=u:r:viarild:s0 tcontext=u:object_r:mal_mfi_socket:s0 tclass=sock_file permissive=0

07-28 16:58:33.514   427   793 E VT      : [SRV] [VT THREAD] [VT_Bind] des = volte_imsvt1 Fail to connect . retry count: 38968

07-28 16:58:33.514   427   793 D VT      : [SRV] isIMCBrun : False

07-28 16:58:33.618   439   439 I thermal_src: wake up function 3

07-28 16:58:33.618   439   439 I thermal_src: TA_DAEMON_CMD_GET_TPCB cmd=0x5, len=4 PCB=37000

07-28 16:58:33.618   439   439 I thermal_src: TA_DAEMON_CMD_SET_TTJ cmd=0x4, len=4 Tj=85000

07-28 16:58:33.618   439   439 I thermal_src: waiting NOTIFY from kernel...

07-28 16:58:34.135   965  1227 D WifiStateMachine:  ConnectedState (when=-3ms what=131155 arg1=137!CMD_RSSI_POLL  rt=116986076/905446048 137 0 "beta-test" 3c:8c:40:e4:3c:52 rssi=-72 f=2462 sc=80 link=65 tx=5.7, 0.0, 0.0  rx=4.1 bcn=0 [on:0 tx:0 rx:0 period:2995] from screen [on:0 period:-2006239466] gl hn rssi=-67 ag=0 ticks 5,266,803 ls-=0 [56,56,60,60,60] brc=0 lrc=0 offload-stopped

07-28 16:58:34.135   965  1227 D WifiStateMachine:  L2ConnectedState (when=-4ms what=131155 arg1=137!CMD_RSSI_POLL  rt=116986077/905446049 137 0 "beta-test" 3c:8c:40:e4:3c:52 rssi=-72 f=2462 sc=80 link=65 tx=5.7, 0.0, 0.0  rx=4.1 bcn=0 [on:0 tx:0 rx:0 period:1] from screen [on:0 period:-2006239465] gl hn rssi=-67 ag=0 ticks 5,266,803 ls-=0 [56,56,60,60,60] brc=0 lrc=0 offload-stopped

07-28 16:58:34.135   965  1227 D WifiStateMachine:  get link layer stats 0

07-28 16:58:34.146   965  1227 I WifiStateMachine: fetchRssiLinkSpeedAndFrequencyNative, newRssi:-72, newLinkSpeed:65, SSID:"beta-test"

07-28 16:58:34.146   965  1227 D WifiStateMachine: mLastSignalLevel:2, newSignalLevel:2

07-28 16:58:34.146   965  1227 E WifiStateMachine: calculateWifiScore() we set wifi's score to 1000, so will always set wifi as a default network.

07-28 16:58:34.147   965  1227 V ActivityManager: Broadcast sticky: Intent { act=android.net.wifi.RSSI_CHANGED flg=0x4000010 (has extras) } ordered=false userid=-1 callerApp=ProcessRecord{f5c5ef3 965:system/1000}

07-28 16:58:34.148   965  1256 D WifiWatchdogStateMachine: RSSI current: 2 new: -72, 2

07-28 16:58:34.149  1322  1836 I VivoNetworkController: SystemUI|action = android.net.wifi.RSSI_CHANGED

07-28 16:58:34.331   824   824 W viarild : type=1400 audit(0.0:123065): avc: denied { write } for name="mal-mfi" dev="tmpfs" ino=8735 scontext=u:r:viarild:s0 tcontext=u:object_r:mal_mfi_socket:s0 tclass=sock_file permissive=0

07-28 16:58:34.337   798   824 E MFI-Conn:  (     mfia_task_bootstrap,  587) mfia_task_bootstrap(): retrying to connect to mal-mfi error 13!! ====

07-28 16:58:35.338   798   824 E MFI-Conn:  (     mfia_task_bootstrap,  587) mfia_task_bootstrap(): retrying to connect to mal-mfi error 13!! ====

07-28 16:58:35.331   824   824 W viarild : type=1400 audit(0.0:123066): avc: denied { write } for name="mal-mfi" dev="tmpfs" ino=8735 scontext=u:r:viarild:s0 tcontext=u:object_r:mal_mfi_socket:s0 tclass=sock_file permissive=0

07-28 16:58:35.755   441   441 I thermal_repeater: select timeout

07-28 16:58:35.974   312 31395 I MAL-Daemon:  (        ru_syssig_hndler,  436) [RDS-I][ru_syssig_hndler] Send Event: 688 

07-28 16:58:35.974   312 31395 I MAL-Daemon:  (        ru_syssig_hndler,  437) [RDS-I][RDS][RU][ru_syssig_hndler] ru_check_ctx_ptr<0xf5f34d9c, 0xf5f34d9c>

07-28 16:58:35.974   312 31395 W MAL-Daemon:  (    mdfx_task_send_event,  636) mdfx_task_send_event(): [ACT] should NOT enter this leagcy API!!

07-28 16:58:35.974   312 31395 I MAL-Daemon:  (    ru_send_event_entity,  368) [RDS-I][RDS][RU][ru_send_event_entity] send event 688 to 602 with ret(0)

07-28 16:58:35.974   312   682 I MAL-Daemon:  (             rds_ru_task,  454) [RDS-I][RU][rds_ru_task] RCV Event: 688 

07-28 16:58:35.991   312   682 D MAL-Daemon:  (     ru_wsl_poll_wpainfo,  657) [RDS-D][RDS][RU][ru_wsl_poll_wpainfo]socket recv pktlen(48) 

07-28 16:58:35.991   312   682 D MAL-Daemon:  (rds_ru_ws_rssi_timer_exp,  770) [RDS-D][RU][rds_ru_ws_rssi_timer_expire_hdlr][RDS] get rssi = -71, snr = 9999 

07-28 16:58:35.992   312   682 I MAL-Daemon:  (          ru_get_netstat, 5599) [RDS-I][RU][ru_get_netstat] netstat <thrghpt, pkterrt>, wifi <554, 0%>, mobile <0, 0%>

07-28 16:58:35.992   312   682 I MAL-Daemon:  (    ru_send_event_entity,  368) [RDS-I][RDS][RU][ru_send_event_entity] send event 614 to 1236 with ret(0)

07-28 16:58:35.992  1970  2068 I MFI-Conn:  (     mfia_task_bootstrap,  944) mfia_task_bootstrap(): an event 614 incoming

07-28 16:58:35.993  1970  2110 I MFI-Conn:  (             rds_urc_hdl,  263) [RDS][rds_urc_hdl] RCV Event: 614 

07-28 16:58:35.993  1970  2110 I MFI-Conn:  (             rds_urc_hdl,  378) [RDS][IF][rds_urc_hdl] data_base update: pkterrt(0) 

07-28 16:58:36.053   439   439 I thermal_src: wake up function 3

07-28 16:58:36.053   439   439 I thermal_src: TA_DAEMON_CMD_GET_TPCB cmd=0x5, len=4 PCB=37000

07-28 16:58:36.053   439   439 I thermal_src: TA_DAEMON_CMD_SET_TTJ cmd=0x4, len=4 Tj=85000

07-28 16:58:36.054   439   439 I thermal_src: waiting NOTIFY from kernel...

07-28 16:58:36.054  2678  2683 D FRR     : buff=0x7fb368b240, len=192

07-28 16:58:36.054  2678  2683 D FRR     : uevent[0]=0x7fb368b240, len=48, "change@/devices/platform/battery/power_supply/ac"

07-28 16:58:36.054  2678  2683 D FRR     : voteFps(60, 0)

07-28 16:58:36.054  2678  2683 D FRR     : ThermalListener loop:

07-28 16:58:36.054  2678  2683 D FRR     : buff=0x7fb368b240, len=195

07-28 16:58:36.054  2678  2683 D FRR     : uevent[0]=0x7fb368b240, len=49, "change@/devices/platform/battery/power_supply/usb"

07-28 16:58:36.054  2678  2683 D FRR     : voteFps(60, 0)

07-28 16:58:36.054  2678  2683 D FRR     : ThermalListener loop:

07-28 16:58:36.054  2678  2683 D FRR     : buff=0x7fb368b240, len=210

07-28 16:58:36.054  2678  2683 D FRR     : uevent[0]=0x7fb368b240, len=54, "change@/devices/platform/battery/power_supply/wireless"

07-28 16:58:36.055  2678  2683 D FRR     : voteFps(60, 0)

07-28 16:58:36.055  2678  2683 D FRR     : ThermalListener loop:

07-28 16:58:36.056   965   981 V BatteryService: VNOILBS mScreenOn=true level=100 mCriticalBatteryLevel=3 mNotificationLowBatteryStates=false OS_VERSION=true mNotificationChargeStates=true status=5

07-28 16:58:36.056   965   981 V BatteryService: VNOILBS, turn off battery light.

07-28 16:58:36.056   965  2012 V BatteryService: VNOILBS mScreenOn=true level=100 mCriticalBatteryLevel=3 mNotificationLowBatteryStates=false OS_VERSION=true mNotificationChargeStates=true status=5

07-28 16:58:36.056   965  2012 V BatteryService: VNOILBS, turn off battery light.

07-28 16:58:36.057   965  1939 V BatteryService: VNOILBS mScreenOn=true level=100 mCriticalBatteryLevel=3 mNotificationLowBatteryStates=false OS_VERSION=true mNotificationChargeStates=true status=5

07-28 16:58:36.057   965  1939 V BatteryService: VNOILBS, turn off battery light.

07-28 16:58:36.060  2678  2683 D FRR     : buff=0x7fb368b240, len=963

07-28 16:58:36.060  2678  2683 D FRR     : uevent[0]=0x7fb368b240, len=53, "change@/devices/platform/battery/power_supply/battery"

07-28 16:58:36.060  2678  2683 D FRR     : voteFps(60, 0)

07-28 16:58:36.061  2678  2683 D FRR     : ThermalListener loop:

07-28 16:58:36.063   965  2004 V BatteryService: VNOILBS mScreenOn=true level=100 mCriticalBatteryLevel=3 mNotificationLowBatteryStates=false OS_VERSION=true mNotificationChargeStates=true status=5

07-28 16:58:36.063   965  2004 V BatteryService: VNOILBS, turn off battery light.

07-28 16:58:36.313 15992 15998 I System  : FinalizerDaemon: finalize objects = 50

07-28 16:58:36.332   965  2365 D DhcpStateMachine: PollingState{ when=-4ms what=196616 target=com.android.internal.util.StateMachine$SmHandler }

07-28 16:58:36.332   965  2365 D DhcpStateMachine: GET_DHCP_RESULTS on wlan0

07-28 16:58:36.332   965  2365 D DhcpUtils: [dhcpv6_get_results] result_prop_name = dhcp.ipv6.wlan0.result; isrenew = 0

07-28 16:58:36.332   965  2365 D DhcpUtils: [dhcpv6_get_results] prop_value = 

07-28 16:58:36.332   965  2365 D NetUtils: dhcpv6_get_results failed : wlan0 ()

07-28 16:58:36.332   965  2365 D DhcpStateMachine: getDhcpv6Results failed, isRenew = false

07-28 16:58:36.331   824   824 W viarild : type=1400 audit(0.0:123067): avc: denied { write } for name="mal-mfi" dev="tmpfs" ino=8735 scontext=u:r:viarild:s0 tcontext=u:object_r:mal_mfi_socket:s0 tclass=sock_file permissive=0

07-28 16:58:36.338   798   824 E MFI-Conn:  (     mfia_task_bootstrap,  587) mfia_task_bootstrap(): retrying to connect to mal-mfi error 13!! ====

07-28 16:58:36.515   427   793 E VT      : [SRV] [VT THREAD] [VT_Bind] des = volte_imsvt1 Fail to connect . retry count: 38969

07-28 16:58:36.515   427   793 D VT      : [SRV] isIMCBrun : False

07-28 16:58:36.818  1484  3817 I System.out: [socket][2591:55674] exception

07-28 16:58:36.820   411  1172 D SocketClient: SocketClient sendData done: 

07-28 16:58:36.823  1484  3817 I System.out: [CDS]rx timeout:8000

07-28 16:58:36.823  1484  3817 I System.out: [socket][2591] connection clients3.google.com/74.125.204.139:80;LocalPort=41535(8000)

07-28 16:58:36.823  1484  3817 I System.out: [CDS]connect[clients3.google.com/74.125.204.139:80] tm:8

07-28 16:58:36.823  1484  3817 D Posix   : [Posix_connect Debug]Process com.vivo.daemonService :80 

07-28 16:58:36.825   411  1172 D SocketClient: SocketClient sendData done: 

07-28 16:58:37.151   965  1227 D WifiStateMachine:  ConnectedState (when=-4ms what=131155 arg1=137!CMD_RSSI_POLL  rt=116989093/905449065 137 0 "beta-test" 3c:8c:40:e4:3c:52 rssi=-72 f=2462 sc=80 link=65 tx=4.8, 0.0, 0.0  rx=3.5 bcn=0 [on:0 tx:0 rx:0 period:3003] from screen [on:0 period:-2006236449] gl hn rssi=-67 ag=0 ticks 5,266,803 ls-=0 [56,56,56,56,56] brc=0 lrc=0 offload-stopped

07-28 16:58:37.152   965  1227 D WifiStateMachine:  L2ConnectedState (when=-5ms what=131155 arg1=137!CMD_RSSI_POLL  rt=116989094/905449066 137 0 "beta-test" 3c:8c:40:e4:3c:52 rssi=-72 f=2462 sc=80 link=65 tx=4.8, 0.0, 0.0  rx=3.5 bcn=0 [on:0 tx:0 rx:0 period:1] from screen [on:0 period:-2006236448] gl hn rssi=-67 ag=0 ticks 5,266,803 ls-=0 [56,56,56,56,56] brc=0 lrc=0 offload-stopped

07-28 16:58:37.152   965  1227 D WifiStateMachine:  get link layer stats 0

07-28 16:58:37.158   965  1227 I WifiStateMachine: fetchRssiLinkSpeedAndFrequencyNative, newRssi:-73, newLinkSpeed:65, SSID:"beta-test"

07-28 16:58:37.158   965  1227 D WifiStateMachine: mLastSignalLevel:2, newSignalLevel:2

07-28 16:58:37.160   965  1227 E WifiStateMachine: calculateWifiScore() we set wifi's score to 1000, so will always set wifi as a default network.

07-28 16:58:37.161   965  1227 V ActivityManager: Broadcast sticky: Intent { act=android.net.wifi.RSSI_CHANGED flg=0x4000010 (has extras) } ordered=false userid=-1 callerApp=ProcessRecord{f5c5ef3 965:system/1000}

07-28 16:58:37.164  1322  1836 I VivoNetworkController: SystemUI|action = android.net.wifi.RSSI_CHANGED

07-28 16:58:37.164   965  1256 D WifiWatchdogStateMachine: RSSI current: 2 new: -73, 2

07-28 16:58:37.170   965   974 I art     : Background partial concurrent mark sweep GC freed 36514(2MB) AllocSpace objects, 14(476KB) LOS objects, 11% free, 29MB/33MB, paused 2.307ms total 172.514ms

07-28 16:58:37.171   965   972 I System  : FinalizerDaemon: finalize objects = 155

07-28 16:58:37.183   965 16183 D OpenGLRenderer: ~CanvasContext() 0x7f70882000

07-28 16:58:37.187   965 16183 D OpenGLRenderer: ~CanvasContext() 0x7f70747800

07-28 16:58:37.339   798   824 E MFI-Conn:  (     mfia_task_bootstrap,  587) mfia_task_bootstrap(): retrying to connect to mal-mfi error 13!! ====

07-28 16:58:37.331   824   824 W viarild : type=1400 audit(0.0:123068): avc: denied { write } for name="mal-mfi" dev="tmpfs" ino=8735 scontext=u:r:viarild:s0 tcontext=u:object_r:mal_mfi_socket:s0 tclass=sock_file permissive=0

07-28 16:58:38.339   798   824 E MFI-Conn:  (     mfia_task_bootstrap,  587) mfia_task_bootstrap(): retrying to connect to mal-mfi error 13!! ====

07-28 16:58:38.331   824   824 W viarild : type=1400 audit(0.0:123069): avc: denied { write } for name="mal-mfi" dev="tmpfs" ino=8735 scontext=u:r:viarild:s0 tcontext=u:object_r:mal_mfi_socket:s0 tclass=sock_file permissive=0

07-28 16:58:38.356   965  1085 W ProcessCpuTracker: Skipping unknown process pid 16126

07-28 16:58:38.627   439   439 I thermal_src: wake up function 3

07-28 16:58:38.628   439   439 I thermal_src: TA_DAEMON_CMD_GET_TPCB cmd=0x5, len=4 PCB=36000

07-28 16:58:38.628   439   439 I thermal_src: TA_DAEMON_CMD_SET_TTJ cmd=0x4, len=4 Tj=85000

07-28 16:58:38.628   439   439 I thermal_src: waiting NOTIFY from kernel...

07-28 16:58:38.974   312 31395 I MAL-Daemon:  (        ru_syssig_hndler,  436) [RDS-I][ru_syssig_hndler] Send Event: 688 

07-28 16:58:38.974   312 31395 I MAL-Daemon:  (        ru_syssig_hndler,  437) [RDS-I][RDS][RU][ru_syssig_hndler] ru_check_ctx_ptr<0xf5f34d9c, 0xf5f34d9c>

07-28 16:58:38.974   312 31395 W MAL-Daemon:  (    mdfx_task_send_event,  636) mdfx_task_send_event(): [ACT] should NOT enter this leagcy API!!

07-28 16:58:38.974   312 31395 I MAL-Daemon:  (    ru_send_event_entity,  368) [RDS-I][RDS][RU][ru_send_event_entity] send event 688 to 602 with ret(0)

07-28 16:58:38.974   312   682 I MAL-Daemon:  (             rds_ru_task,  454) [RDS-I][RU][rds_ru_task] RCV Event: 688 

07-28 16:58:38.981   312   682 D MAL-Daemon:  (     ru_wsl_poll_wpainfo,  657) [RDS-D][RDS][RU][ru_wsl_poll_wpainfo]socket recv pktlen(48) 

07-28 16:58:38.981   312   682 D MAL-Daemon:  (rds_ru_ws_rssi_timer_exp,  770) [RDS-D][RU][rds_ru_ws_rssi_timer_expire_hdlr][RDS] get rssi = -73, snr = 9999 

07-28 16:58:38.981   312   682 I MAL-Daemon:  (  ru_wsl_wifi_status_ind,  752) [RDS-I][RDS][RU][ru_wsl_wifi_status_ind] ru_check_ctx_ptr<0xf5f34d9c, 0xf5f34d9c>

07-28 16:58:38.981   312   682 W MAL-Daemon:  (    mdfx_task_send_event,  636) mdfx_task_send_event(): [ACT] should NOT enter this leagcy API!!

07-28 16:58:38.982   312   682 I MAL-Daemon:  (    ru_send_event_entity,  368) [RDS-I][RDS][RU][ru_send_event_entity] send event 604 to 602 with ret(0)

07-28 16:58:38.982   312   682 I MAL-Daemon:  (          ru_get_netstat, 5599) [RDS-I][RU][ru_get_netstat] netstat <thrghpt, pkterrt>, wifi <628, 0%>, mobile <0, 0%>

07-28 16:58:38.982   312   682 I MAL-Daemon:  (    ru_send_event_entity,  368) [RDS-I][RDS][RU][ru_send_event_entity] send event 614 to 1236 with ret(0)

07-28 16:58:38.982   312   682 I MAL-Daemon:  (             rds_ru_task,  454) [RDS-I][RU][rds_ru_task] RCV Event: 604 

07-28 16:58:38.982   312   682 I MAL-Daemon:  (  rds_ru_wifi_status_ind, 1379) [RDS-I][RU][EVENT_RU_WS_WIFI_STATUS_IND] fgwifi_en:1(no use) i4wifirssi:0xffffffb7 i4wifisnr:0x270f

07-28 16:58:38.982   312   682 I MAL-Daemon:  (    ru_send_event_entity,  368) [RDS-I][RDS][RU][ru_send_event_entity] send event 615 to 1236 with ret(0)

07-28 16:58:38.982   312   682 I MAL-Daemon:  (          rds_ru_rpl_gen, 5180) [RDS-I][RU][rds_ru_rpl_gen][RDS][OP0] TYPE : <0>, UI Policy : <3>, RDS Policy : <3>

07-28 16:58:38.982   312   682 I MAL-Daemon:  (      rds_cell_only_orng, 3673) [RDS-I][RU][RDS IMS/MMS][rds_cell_only_orng] 

07-28 16:58:38.982   312   682 I MAL-Daemon:  (          rds_ru_rpl_gen, 5191) [RDS-I][RU][rds_ru_rpl_gen][RDS][OP0] TYPE : <0>, RAN1 : <254> ,RAN2 : <254>

07-28 16:58:38.982   312   682 I MAL-Daemon:  (          rds_ru_rpl_gen, 5180) [RDS-I][RU][rds_ru_rpl_gen][RDS][OP0] TYPE : <1>, UI Policy : <3>, RDS Policy : <3>

07-28 16:58:38.982   312   682 I MAL-Daemon:  (      rds_cell_only_orng, 3673) [RDS-I][RU][RDS IMS/MMS][rds_cell_only_orng] 

07-28 16:58:38.983   312   682 I MAL-Daemon:  (          rds_ru_rpl_gen, 5191) [RDS-I][RU][rds_ru_rpl_gen][RDS][OP0] TYPE : <1>, RAN1 : <254> ,RAN2 : <254>

07-28 16:58:38.983   312   682 I MAL-Daemon:  (          rds_ru_rpl_gen, 5180) [RDS-I][RU][rds_ru_rpl_gen][RDS][OP0] TYPE : <2>, UI Policy : <3>, RDS Policy : <3>

