--------- beginning of system

07-28 17:11:55.520 20004 20004 W FtTelephonyAdapterImpl: getActiveSubInfoList.subInfo is empty

--------- beginning of main

07-28 17:11:55.520 20004 20004 D Mms/CacheDelay: ---->>>start cache------------

07-28 17:11:55.524 20004 20004 I Mms/PrivacyMessageProcess: PrivacyMessageProcess init

07-28 17:11:55.524 20004 20135 I ContactArray: ContactsCache init begin:1501233115524

07-28 17:11:55.526   965  1947 D ActivityManager: getContentProviderImpl: from caller=android.app.ApplicationThreadProxy@a20d82e (pid=20004, userId=0) to get content provider com.android.contacts cpr=ContentProviderRecord{f1bd022 u0 com.android.providers.contacts/.ContactsProvider2}

07-28 17:11:55.526   965  1947 D ActivityManager: getContentProviderImpl: updateLruProcessLocked cpr.proc=ProcessRecord{9bb3022 3745:android.process.acore/u0a4}

07-28 17:11:55.529 20004 20135 D ActivityThread: holder:android.app.IActivityManager$ContentProviderHolder@ce125db, holder.provider:android.content.ContentProviderProxy@7c80878

07-28 17:11:55.531 20004 20004 D Mms/CacheDelay: ---->>>cache finish------------

07-28 17:11:55.531 20004 20136 I PrivacyContactsArray: PrivacyContactsCache init begin:1501233115531

07-28 17:11:55.534  3745  3755 I ContactsProvider: query: uri=content://com.android.contacts/data/phones?encrypt=%20%3C%202 , projection=[_id, display_name, data1] , selection=[null] , args=null , order=[_id LIMIT 2000 OFFSET 0] CPID=20004 , User=0 , callingPackage=[com.android.mms]

07-28 17:11:55.536  3745  3784 I ContactsProvider: query: uri=content://com.android.contacts/data?encrypt=%3E0 , projection=[contact_id, raw_contact_id, display_name, data1] , selection=[mimetype_id = 5] , args=null , order=[null] CPID=20004 , User=0 , callingPackage=[com.android.mms]

07-28 17:11:55.536 19972 19979 I System  : FinalizerDaemon: finalize objects = 1

07-28 17:11:55.541 20004 20136 D PrivacyContactsArray: -----count = 0

07-28 17:11:55.542   965   993 V ActivityManager: Broadcast: Intent { act=com.android.mms.ACTION_NAME_LOAD_FINISHED flg=0x10 } ordered=false userid=0 callerApp=ProcessRecord{8f23394 20004:com.android.mms/u0a11}

07-28 17:11:55.543 20004 20135 I ContactArray: ContactsCache init complete:1501233115543

07-28 17:11:55.543 20004 20136 I PrivacyContactsArray: PrivacyContactsCache init complete:1501233115543

07-28 17:11:55.543 20004 20136 I Mms/PrivacyMessageProcess: PrivacyContactsCache run done....

07-28 17:11:55.544   965  1507 V ActivityManager: Broadcast: Intent { act=com.android.mms.privacymsg.cacheover flg=0x10 } ordered=false userid=0 callerApp=ProcessRecord{8f23394 20004:com.android.mms/u0a11}

07-28 17:11:55.544 20004 20135 E PatternBuilder:  Incorrectly nested parentheses in regexp pattern

07-28 17:11:55.545 20004 20135 W System.err: java.util.regex.PatternSyntaxException: Incorrectly nested parentheses in regexp pattern near index 1:

07-28 17:11:55.545 20004 20135 W System.err: )

07-28 17:11:55.545 20004 20135 W System.err:  ^

07-28 17:11:55.545 20004 20135 W System.err: 	at java.util.regex.Pattern.compileImpl(Native Method)

07-28 17:11:55.545 20004 20135 W System.err: 	at java.util.regex.Pattern.compile(Pattern.java:411)

07-28 17:11:55.545 20004 20135 W System.err: 	at java.util.regex.Pattern.<init>(Pattern.java:394)

07-28 17:11:55.545 20004 20135 W System.err: 	at java.util.regex.Pattern.compile(Pattern.java:381)

07-28 17:11:55.545 20004 20135 W System.err: 	at com.android.mms.data.contactcache.PatternBuilder.buildNameMTPattern(PatternBuilder.java:69)

07-28 17:11:55.545 20004 20135 W System.err: 	at com.android.mms.data.contactcache.PatternBuilder.build(PatternBuilder.java:24)

07-28 17:11:55.545 20004 20135 W System.err: 	at com.android.mms.data.contactcache.ContactsArray.init(ContactsArray.java:67)

07-28 17:11:55.545 20004 20135 W System.err: 	at com.android.mms.data.contactcache.ContactsCacheProcess$InitThread.run(ContactsCacheProcess.java:71)

07-28 17:11:55.546 20004 20135 I ContactsCacheProcess: ContactsCache run done....

07-28 17:11:55.638   965  1227 D WifiStateMachine:  ConnectedState (when=-3ms what=131155 arg1=142!CMD_RSSI_POLL  rt=117787580/906247552 142 0 "beta-test" 3c:8c:40:e4:3c:f2 rssi=-68 f=2412 sc=80 link=65 tx=1.1, 0.0, 0.0  rx=0.9 bcn=0 [on:0 tx:0 rx:0 period:2999] from screen [on:0 period:-2005437962] gl hn rssi=-63 ag=0 hr ticks 5,266,819 ls-=0 [56,56,56,56,61] brc=0 lrc=0 offload-stopped

07-28 17:11:55.639   965  1227 D WifiStateMachine:  L2ConnectedState (when=-4ms what=131155 arg1=142!CMD_RSSI_POLL  rt=117787581/906247553 142 0 "beta-test" 3c:8c:40:e4:3c:f2 rssi=-68 f=2412 sc=80 link=65 tx=1.1, 0.0, 0.0  rx=0.9 bcn=0 [on:0 tx:0 rx:0 period:1] from screen [on:0 period:-2005437961] gl hn rssi=-63 ag=0 hr ticks 5,266,819 ls-=0 [56,56,56,56,61] brc=0 lrc=0 offload-stopped

07-28 17:11:55.640   965  1227 D WifiStateMachine:  get link layer stats 0

07-28 17:11:55.650   965  1227 I WifiStateMachine: fetchRssiLinkSpeedAndFrequencyNative, newRssi:-70, newLinkSpeed:65, SSID:"beta-test"

07-28 17:11:55.651   965  1227 D WifiStateMachine: mLastSignalLevel:2, newSignalLevel:2

07-28 17:11:55.651   965  1227 E WifiStateMachine: calculateWifiScore() we set wifi's score to 1000, so will always set wifi as a default network.

07-28 17:11:55.651   965  1227 V ActivityManager: Broadcast sticky: Intent { act=android.net.wifi.RSSI_CHANGED flg=0x4000010 (has extras) } ordered=false userid=-1 callerApp=ProcessRecord{f5c5ef3 965:system/1000}

07-28 17:11:55.652   965  1256 D WifiWatchdogStateMachine: RSSI current: 2 new: -70, 2

07-28 17:11:55.653  1322  1836 I VivoNetworkController: SystemUI|action = android.net.wifi.RSSI_CHANGED

07-28 17:11:55.747   965  1933 D ActivityManager: getContentProviderImpl: from caller=android.app.ApplicationThreadProxy@2e6493a (pid=20004, userId=0) to get content provider sms cpr=ContentProviderRecord{7af0cc7 u0 com.android.providers.telephony/.SmsProvider}

07-28 17:11:55.747   965  1933 D ActivityManager: getContentProviderImpl: updateLruProcessLocked cpr.proc=ProcessRecord{91df9ca 1710:com.android.phone/1001}

07-28 17:11:55.748 20004 20004 D ActivityThread: holder:android.app.IActivityManager$ContentProviderHolder@5efbfb6, holder.provider:android.content.ContentProviderProxy@4244b7

07-28 17:11:55.919   798   824 E MFI-Conn:  (     mfia_task_bootstrap,  587) mfia_task_bootstrap(): retrying to connect to mal-mfi error 13!! ====

07-28 17:11:55.911   824   824 W viarild : type=1400 audit(0.0:123909): avc: denied { write } for name="mal-mfi" dev="tmpfs" ino=8735 scontext=u:r:viarild:s0 tcontext=u:object_r:mal_mfi_socket:s0 tclass=sock_file permissive=0

07-28 17:11:56.036   439   439 I thermal_src: wake up function 3

07-28 17:11:56.036   439   439 I thermal_src: TA_DAEMON_CMD_GET_TPCB cmd=0x5, len=4 PCB=36000

07-28 17:11:56.036   439   439 I thermal_src: TA_DAEMON_CMD_SET_TTJ cmd=0x4, len=4 Tj=85000

07-28 17:11:56.036   439   439 I thermal_src: waiting NOTIFY from kernel...

07-28 17:11:56.037  2678  2683 D FRR     : buff=0x7fb368b240, len=192

07-28 17:11:56.037  2678  2683 D FRR     : uevent[0]=0x7fb368b240, len=48, "change@/devices/platform/battery/power_supply/ac"

07-28 17:11:56.037  2678  2683 D FRR     : voteFps(60, 0)

07-28 17:11:56.037  2678  2683 D FRR     : ThermalListener loop:

07-28 17:11:56.037  2678  2683 D FRR     : buff=0x7fb368b240, len=195

07-28 17:11:56.037  2678  2683 D FRR     : uevent[0]=0x7fb368b240, len=49, "change@/devices/platform/battery/power_supply/usb"

07-28 17:11:56.037  2678  2683 D FRR     : voteFps(60, 0)

07-28 17:11:56.037  2678  2683 D FRR     : ThermalListener loop:

07-28 17:11:56.037  2678  2683 D FRR     : buff=0x7fb368b240, len=210

07-28 17:11:56.037  2678  2683 D FRR     : uevent[0]=0x7fb368b240, len=54, "change@/devices/platform/battery/power_supply/wireless"

07-28 17:11:56.037  2678  2683 D FRR     : voteFps(60, 0)

07-28 17:11:56.037  2678  2683 D FRR     : ThermalListener loop:

07-28 17:11:56.038   965  2012 V BatteryService: VNOILBS mScreenOn=true level=100 mCriticalBatteryLevel=3 mNotificationLowBatteryStates=false OS_VERSION=true mNotificationChargeStates=true status=5

07-28 17:11:56.038   965  2012 V BatteryService: VNOILBS, turn off battery light.

07-28 17:11:56.039   965  1507 D BatteryService: mBatteryVoltage=4376, batteryLevel=50

07-28 17:11:56.039   965  1507 V BatteryService: VNOILBS mScreenOn=true level=100 mCriticalBatteryLevel=3 mNotificationLowBatteryStates=false OS_VERSION=true mNotificationChargeStates=true status=5

07-28 17:11:56.039   965  1507 V BatteryService: VNOILBS, turn off battery light.

07-28 17:11:56.040   965   965 V ActivityManager: Broadcast sticky: Intent { act=android.intent.action.BATTERY_CHANGED flg=0x60000010 (has extras) } ordered=false userid=-1 callerApp=null

07-28 17:11:56.040   965  1507 V BatteryService: VNOILBS mScreenOn=true level=100 mCriticalBatteryLevel=3 mNotificationLowBatteryStates=false OS_VERSION=true mNotificationChargeStates=true status=5

07-28 17:11:56.040   965  1507 V BatteryService: VNOILBS, turn off battery light.

07-28 17:11:56.041   965   965 D FeatureService: onReceive action android.intent.action.BATTERY_CHANGED

07-28 17:11:56.041   965   965 D WifiService: onReceive, action:android.intent.action.BATTERY_CHANGED

07-28 17:11:56.041  2678  2683 D FRR     : buff=0x7fb368b240, len=963

07-28 17:11:56.041  2678  2683 D FRR     : uevent[0]=0x7fb368b240, len=53, "change@/devices/platform/battery/power_supply/battery"

07-28 17:11:56.041  2678  2683 D FRR     : voteFps(60, 0)

07-28 17:11:56.041   965  1229 D WifiController: DeviceActiveState{ when=-1ms what=155652 arg1=2 target=com.android.internal.util.StateMachine$SmHandler }

07-28 17:11:56.041  2678  2683 D FRR     : ThermalListener loop:

07-28 17:11:56.041   965  1229 D WifiController: StaEnabledState{ when=-1ms what=155652 arg1=2 target=com.android.internal.util.StateMachine$SmHandler }

07-28 17:11:56.041  1322  1322 D KeyguardUpdateMonitor: received broadcast android.intent.action.BATTERY_CHANGED

07-28 17:11:56.041   965  1229 D WifiController: DefaultState{ when=-1ms what=155652 arg1=2 target=com.android.internal.util.StateMachine$SmHandler }

07-28 17:11:56.041   965  1229 D WifiController: battery changed pluggedType: 2

07-28 17:11:56.042  1322  1322 D KeyguardUpdateMonitor: handleBatteryUpdate

07-28 17:11:56.042  1484  1484 I WarningMessage: receiver: action isandroid.intent.action.BATTERY_CHANGED mBatteryPowerConnetDialog=true mShowChargerOverVoltageDialog=true

07-28 17:11:56.042  1484  1484 D DeviceListener: ++onReceive++:android.intent.action.BATTERY_CHANGED

07-28 17:11:56.042  1484  1484 D DeviceListener: onReceiveandroid.intent.action.BATTERY_CHANGED

07-28 17:11:56.042  1484  1484 I UsbDeviceManagerService: mUsbReceiver action:android.intent.action.BATTERY_CHANGED mConnected:false mLastConnected:false

07-28 17:11:56.043  1322  1322 I BatteryController: SystemUI|status = 5, mLastStatus = 5, mPluggedIn = true, mLastPluggedIn = true

07-28 17:11:56.043   965  1957 V BatteryService: VNOILBS mScreenOn=true level=100 mCriticalBatteryLevel=3 mNotificationLowBatteryStates=false OS_VERSION=true mNotificationChargeStates=true status=5

07-28 17:11:56.043   965  1957 V BatteryService: VNOILBS, turn off battery light.

07-28 17:11:56.043  1997  1997 D SwitcherUpdateMonitor: receive broadcast, action = android.intent.action.BATTERY_CHANGED

07-28 17:11:56.044  1322  1322 I BatteryController: SystemUI|mLevel = 100, mLastLevel = 100

07-28 17:11:56.044  1322  1322 D PowerUI : buckets   .....15 .. 10 .. 3

07-28 17:11:56.044  1322  1322 D PowerUI : level          100 --> 100

07-28 17:11:56.044  1322  1322 D PowerUI : status         5 --> 5

07-28 17:11:56.045  1322  1322 D PowerUI : plugType       2 --> 2

07-28 17:11:56.044  7934  7934 D MusicService: ========action = android.intent.action.BATTERY_CHANGED

07-28 17:11:56.045  1322  1322 D PowerUI : invalidCharger 0 --> 0

07-28 17:11:56.045  1322  1322 D PowerUI : bucket         1 --> 1

07-28 17:11:56.045  1322  1322 D PowerUI : plugged        true --> true

07-28 17:11:56.045   965  2010 V ActivityManager: Broadcast: Intent { act=com.vivo.dismiss.lowpower flg=0x10 } ordered=false userid=0 callerApp=ProcessRecord{a9d1b8a 1322:com.android.systemui/u0a17}

07-28 17:11:56.046  1322  1322 I KeyguardSmartUpdateMonitor: handleChargingModeChanged, mQuickChargeHealth = 2, batteryHealth = 2

07-28 17:11:56.046  1322  1322 I KeyguardSmartUpdateMonitor: handleChargingModeChanged, mCurrentEngineState = 0, engineState = -2

07-28 17:11:56.344   965  1253 D PerfServiceManager: [PerfService] MESSAGE_TIMEOUT:106 

07-28 17:11:56.358   965  1253 I libPerfService: 6: set: -1, -1, 

07-28 17:11:56.361   965  1253 I libPerfService: 6: set freq: -1, -1, 

07-28 17:11:56.481   312 18192 I MAL-Daemon:  (        ru_syssig_hndler,  436) [RDS-I][ru_syssig_hndler] Send Event: 688 

07-28 17:11:56.481   312 18192 I MAL-Daemon:  (        ru_syssig_hndler,  437) [RDS-I][RDS][RU][ru_syssig_hndler] ru_check_ctx_ptr<0xf5f34d9c, 0xf5f34d9c>

07-28 17:11:56.481   312 18192 W MAL-Daemon:  (    mdfx_task_send_event,  636) mdfx_task_send_event(): [ACT] should NOT enter this leagcy API!!

07-28 17:11:56.481   312 18192 I MAL-Daemon:  (    ru_send_event_entity,  368) [RDS-I][RDS][RU][ru_send_event_entity] send event 688 to 602 with ret(0)

07-28 17:11:56.482   312   682 I MAL-Daemon:  (             rds_ru_task,  454) [RDS-I][RU][rds_ru_task] RCV Event: 688 

07-28 17:11:56.494   312   682 D MAL-Daemon:  (     ru_wsl_poll_wpainfo,  657) [RDS-D][RDS][RU][ru_wsl_poll_wpainfo]socket recv pktlen(48) 

07-28 17:11:56.494   312   682 D MAL-Daemon:  (rds_ru_ws_rssi_timer_exp,  770) [RDS-D][RU][rds_ru_ws_rssi_timer_expire_hdlr][RDS] get rssi = -70, snr = 9999 

07-28 17:11:56.494   312   682 I MAL-Daemon:  (  ru_wsl_wifi_status_ind,  752) [RDS-I][RDS][RU][ru_wsl_wifi_status_ind] ru_check_ctx_ptr<0xf5f34d9c, 0xf5f34d9c>

07-28 17:11:56.494   312   682 W MAL-Daemon:  (    mdfx_task_send_event,  636) mdfx_task_send_event(): [ACT] should NOT enter this leagcy API!!

07-28 17:11:56.494   312   682 I MAL-Daemon:  (    ru_send_event_entity,  368) [RDS-I][RDS][RU][ru_send_event_entity] send event 604 to 602 with ret(0)

07-28 17:11:56.494   312   682 I MAL-Daemon:  (          ru_get_netstat, 5599) [RDS-I][RU][ru_get_netstat] netstat <thrghpt, pkterrt>, wifi <0, 0%>, mobile <0, 0%>

07-28 17:11:56.495   312   682 I MAL-Daemon:  (    ru_send_event_entity,  368) [RDS-I][RDS][RU][ru_send_event_entity] send event 614 to 1236 with ret(0)

07-28 17:11:56.495   312   682 I MAL-Daemon:  (             rds_ru_task,  454) [RDS-I][RU][rds_ru_task] RCV Event: 604 

07-28 17:11:56.495   312   682 I MAL-Daemon:  (  rds_ru_wifi_status_ind, 1379) [RDS-I][RU][EVENT_RU_WS_WIFI_STATUS_IND] fgwifi_en:1(no use) i4wifirssi:0xffffffba i4wifisnr:0x270f

07-28 17:11:56.495   312   682 I MAL-Daemon:  (    ru_send_event_entity,  368) [RDS-I][RDS][RU][ru_send_event_entity] send event 615 to 1236 with ret(0)

07-28 17:11:56.495   312   682 I MAL-Daemon:  (          rds_ru_rpl_gen, 5180) [RDS-I][RU][rds_ru_rpl_gen][RDS][OP0] TYPE : <0>, UI Policy : <3>, RDS Policy : <3>

07-28 17:11:56.495   312   682 I MAL-Daemon:  (      rds_cell_only_orng, 3673) [RDS-I][RU][RDS IMS/MMS][rds_cell_only_orng] 

07-28 17:11:56.495   312   682 I MAL-Daemon:  (          rds_ru_rpl_gen, 5191) [RDS-I][RU][rds_ru_rpl_gen][RDS][OP0] TYPE : <0>, RAN1 : <254> ,RAN2 : <254>

07-28 17:11:56.495   312   682 I MAL-Daemon:  (          rds_ru_rpl_gen, 5180) [RDS-I][RU][rds_ru_rpl_gen][RDS][OP0] TYPE : <1>, UI Policy : <3>, RDS Policy : <3>

07-28 17:11:56.495   312   682 I MAL-Daemon:  (      rds_cell_only_orng, 3673) [RDS-I][RU][RDS IMS/MMS][rds_cell_only_orng] 

07-28 17:11:56.495   312   682 I MAL-Daemon:  (          rds_ru_rpl_gen, 5191) [RDS-I][RU][rds_ru_rpl_gen][RDS][OP0] TYPE : <1>, RAN1 : <254> ,RAN2 : <254>

07-28 17:11:56.495   312   682 I MAL-Daemon:  (          rds_ru_rpl_gen, 5180) [RDS-I][RU][rds_ru_rpl_gen][RDS][OP0] TYPE : <2>, UI Policy : <3>, RDS Policy : <3>

07-28 17:11:56.495   312   682 I MAL-Daemon:  (      rds_cell_only_orng, 3673) [RDS-I][RU][RDS IMS/MMS][rds_cell_only_orng] 

07-28 17:11:56.495   312   682 I MAL-Daemon:  (          rds_ru_rpl_gen, 5191) [RDS-I][RU][rds_ru_rpl_gen][RDS][OP0] TYPE : <2>, RAN1 : <254> ,RAN2 : <254>

07-28 17:11:56.495   312   682 I MAL-Daemon:  (          rds_ru_rpl_gen, 5180) [RDS-I][RU][rds_ru_rpl_gen][RDS][OP0] TYPE : <3>, UI Policy : <3>, RDS Policy : <3>

07-28 17:11:56.495   312   682 I MAL-Daemon:  (          rds_ru_rpl_gen, 5191) [RDS-I][RU][rds_ru_rpl_gen][RDS][OP0] TYPE : <3>, RAN1 : <255> ,RAN2 : <255>

07-28 17:11:56.495   312   682 I MAL-Daemon:  (          rds_ru_rpl_gen, 5180) [RDS-I][RU][rds_ru_rpl_gen][RDS][OP0] TYPE : <4>, UI Policy : <3>, RDS Policy : <3>

07-28 17:11:56.495   312   682 I MAL-Daemon:  (          rds_ru_rpl_gen, 5191) [RDS-I][RU][rds_ru_rpl_gen][RDS][OP0] TYPE : <4>, RAN1 : <255> ,RAN2 : <255>

07-28 17:11:56.495   312   682 I MAL-Daemon:  (          rds_ru_rpl_gen, 5180) [RDS-I][RU][rds_ru_rpl_gen][RDS][OP0] TYPE : <5>, UI Policy : <3>, RDS Policy : <3>

07-28 17:11:56.495   312   682 I MAL-Daemon:  (          rds_ru_rpl_gen, 5191) [RDS-I][RU][rds_ru_rpl_gen][RDS][OP0] TYPE : <5>, RAN1 : <255> ,RAN2 : <255>

07-28 17:11:56.495   312   682 I MAL-Daemon:  (          rds_ru_rpl_gen, 5191) [RDS-I][RU][rds_ru_rpl_gen][RDS][OP0] TYPE : <6>, RAN1 : <254> ,RAN2 : <254>

07-28 17:11:56.495   312   682 I MAL-Daemon:  (    rds_op_check_feature,  324) [RDS-I][RDS][OP][rds_op_check_feature] operator id(0) check feature<0>, curr_opmsk is <1>, sys_opmsk is <0x0001, 1>

07-28 17:11:56.495   312   682 I MAL-Daemon:  (  rds_ru_ims_vops_update, 4980) [RDS-I][RU][rds_ru_ims_vops_update][RDS IMS]Policy type: 0 IMS VOPS IE is Disabled, update IMS RPL from Ori:(254, 254) New:(254,254)

07-28 17:11:56.495   312   682 I MAL-Daemon:  (  rds_ru_ims_vops_update, 4980) [RDS-I][RU][rds_ru_ims_vops_update][RDS IMS]Policy type: 1 IMS VOPS IE is Disabled, update IMS RPL from Ori:(254, 254) New:(254,254)

07-28 17:11:56.495   312   682 I MAL-Daemon:  (  rds_ru_ims_vops_update, 4980) [RDS-I][RU][rds_ru_ims_vops_update][RDS IMS]Policy type: 2 IMS VOPS IE is Disabled, update IMS RPL from Ori:(254, 254) New:(254,254)

07-28 17:11:56.495   312   682 I MAL-Daemon:  (          rds_ru_rpl_gen, 5215) [RDS-I][RU][rds_ru_rpl_gen][RDS] Current policy: fgimsolte_en<0>, fgwfc_en<0>, erdspolicy<3>, 

07-28 17:11:56.495   312   682 I MAL-Daemon:  (          rds_ru_rpl_gen, 5218) [RDS-I][RU][rds_ru_rpl_gen][RDS] Threshold i4wifirssih<-75>, i4wifirssil<-85>, i4wifirssih_ho<-78>, i4wifirssil_ho<-88>, i4wifisnrh<10>, i4wifisnrl<6>

07-28 17:11:56.495   312   682 I MAL-Daemon:  (          rds_ru_rpl_gen, 5221) [RDS-I][RU][rds_ru_rpl_gen][RDS] Threshold i4ltersrph<-106>, i4ltersrpm<-111>, i4ltersrpl<-116>, i4ltersrqh<5>, i4ltersrqm<3>, i4ltersrql<1>

07-28 17:11:56.495   312   682 I MAL-Daemon:  (          rds_ru_rpl_gen, 5224) [RDS-I][RU][rds_ru_rpl_gen][RDS] current rds ru status: i4wifirssi<-70>, i4wifisnr<9999>, i4ltersrp<-141>, i4ltersrq<0>, u4active_ran<1> 

07-28 17:11:56.495   312   682 I MAL-Daemon:  (          rds_ru_rpl_gen, 5227) [RDS-I][RU][rds_ru_rpl_gen][RDS] current wifi backhaul : rtp_plr<0>, rtp_jitter<0>, ping_ind<0>

07-28 17:11:56.496   312   682 I MAL-Daemon:  (          rds_ru_rpl_gen, 5230) [RDS-I][RU][rds_ru_rpl_gen][RDS] Call stat : IR92<0>, IR94<0> 

07-28 17:11:56.496   312   682 I MAL-Daemon:  (          rds_ru_rpl_gen, 5236) [RDS-I][RU][RDS IMS/MMS][rds_ru_rpl_gen] Ori:(254,254)/(255,255) New:(254,254)/(255,255)

07-28 17:11:56.496   312   682 I MAL-Daemon:  (          rds_ru_rpl_gen, 5241) [RDS-I][RU][RDS IMS/MMS WIFI][rds_ru_rpl_gen] Ori:(254,254)/(255,255) New:(254,254)/(255,255)

07-28 17:11:56.496   312   682 I MAL-Daemon:  (          rds_ru_rpl_gen, 5246) [RDS-I][RU][RDS IMS/MMS CELL][rds_ru_rpl_gen] Ori:(254,254)/(255,255) New:(254,254)/(255,255)

07-28 17:11:56.496   312   682 I MAL-Daemon:  (          rds_ru_rpl_gen, 5250) [RDS-I][RU][RDS EMG][rds_ru_rpl_gen] Ori:(254,254) New:(254,254)

07-28 17:11:56.496  1970  2068 I MFI-Conn:  (     mfia_task_bootstrap,  944) mfia_task_bootstrap(): an event 614 incoming

07-28 17:11:56.496  1970  2068 I MFI-Conn:  (     mfia_task_bootstrap,  944) mfia_task_bootstrap(): an event 615 incoming

07-28 17:11:56.496  1970  2110 I MFI-Conn:  (             rds_urc_hdl,  263) [RDS][rds_urc_hdl] RCV Event: 614 

07-28 17:11:56.496  1970  2110 I MFI-Conn:  (             rds_urc_hdl,  378) [RDS][IF][rds_urc_hdl] data_base update: pkterrt(0) 

07-28 17:11:56.496  1970  2110 I MFI-Conn:  (             rds_urc_hdl,  263) [RDS][rds_urc_hdl] RCV Event: 615 

07-28 17:11:56.496  1970  2110 I MFI-Conn:  (             rds_urc_hdl,  388) [RDS][IF][rds_urc_hdl] data_base update: i4wifirssi(-70) 

07-28 17:11:56.642   441   441 I thermal_repeater: select timeout

07-28 17:11:56.919   798   824 E MFI-Conn:  (     mfia_task_bootstrap,  587) mfia_task_bootstrap(): retrying to connect to mal-mfi error 13!! ====

07-28 17:11:56.911   824   824 W viarild : type=1400 audit(0.0:123910): avc: denied { write } for name="mal-mfi" dev="tmpfs" ino=8735 scontext=u:r:viarild:s0 tcontext=u:object_r:mal_mfi_socket:s0 tclass=sock_file permissive=0

07-28 17:11:57.057   965  1036 V ActivityManager: Broadcast: Intent { act=android.intent.action.FORCE_STOP_PACKAGE.com.android.mms flg=0x10 (has extras) } ordered=false userid=0 callerApp=ProcessRecord{f5c5ef3 965:system/1000}

07-28 17:11:57.730   427   793 E VT      : [SRV] [VT THREAD] [VT_Bind] des = volte_imsvt1 Fail to connect . retry count: 39236

07-28 17:11:57.730   427   793 D VT      : [SRV] isIMCBrun : False

07-28 17:11:57.920   798   824 E MFI-Conn:  (     mfia_task_bootstrap,  587) mfia_task_bootstrap(): retrying to connect to mal-mfi error 13!! ====

07-28 17:11:57.911   824   824 W viarild : type=1400 audit(0.0:123911): avc: denied { write } for name="mal-mfi" dev="tmpfs" ino=8735 scontext=u:r:viarild:s0 tcontext=u:object_r:mal_mfi_socket:s0 tclass=sock_file permissive=0

07-28 17:11:58.653   965  1227 D WifiStateMachine:  ConnectedState (when=-2ms what=131155 arg1=142!CMD_RSSI_POLL  rt=117790595/906250566 142 0 "beta-test" 3c:8c:40:e4:3c:f2 rssi=-70 f=2412 sc=80 link=65 tx=0.6, 0.0, 0.0  rx=0.5 bcn=0 [on:0 tx:0 rx:0 period:3001] from screen [on:0 period:-2005434947] gl hn rssi=-65 ag=0 hr ticks 5,266,819 ls-=0 [56,56,56,56,61] brc=0 lrc=0 offload-stopped

07-28 17:11:58.653   965  1227 D WifiStateMachine:  L2ConnectedState (when=-2ms what=131155 arg1=142!CMD_RSSI_POLL  rt=117790595/906250567 142 0 "beta-test" 3c:8c:40:e4:3c:f2 rssi=-70 f=2412 sc=80 link=65 tx=0.6, 0.0, 0.0  rx=0.5 bcn=0 [on:0 tx:0 rx:0 period:0] from screen [on:0 period:-2005434947] gl hn rssi=-65 ag=0 hr ticks 5,266,819 ls-=0 [56,56,56,56,61] brc=0 lrc=0 offload-stopped

07-28 17:11:58.653   965  1227 D WifiStateMachine:  get link layer stats 0

07-28 17:11:58.675   965  1227 I WifiStateMachine: fetchRssiLinkSpeedAndFrequencyNative, newRssi:-68, newLinkSpeed:65, SSID:"beta-test"

07-28 17:11:58.675   965  1227 D WifiStateMachine: mLastSignalLevel:2, newSignalLevel:2

07-28 17:11:58.675   965  1227 E WifiStateMachine: calculateWifiScore() we set wifi's score to 1000, so will always set wifi as a default network.

07-28 17:11:58.676   965  1227 V ActivityManager: Broadcast sticky: Intent { act=android.net.wifi.RSSI_CHANGED flg=0x4000010 (has extras) } ordered=false userid=-1 callerApp=ProcessRecord{f5c5ef3 965:system/1000}

07-28 17:11:58.679   965  1256 D WifiWatchdogStateMachine: RSSI current: 2 new: -68, 2

07-28 17:11:58.679  1322  1836 I VivoNetworkController: SystemUI|action = android.net.wifi.RSSI_CHANGED

07-28 17:11:58.920   798   824 E MFI-Conn:  (     mfia_task_bootstrap,  587) mfia_task_bootstrap(): retrying to connect to mal-mfi error 13!! ====

07-28 17:11:58.911   824   824 W viarild : type=1400 audit(0.0:123912): avc: denied { write } for name="mal-mfi" dev="tmpfs" ino=8735 scontext=u:r:viarild:s0 tcontext=u:object_r:mal_mfi_socket:s0 tclass=sock_file permissive=0

07-28 17:11:59.481   312 18192 I MAL-Daemon:  (        ru_syssig_hndler,  436) [RDS-I][ru_syssig_hndler] Send Event: 688 

07-28 17:11:59.481   312 18192 I MAL-Daemon:  (        ru_syssig_hndler,  437) [RDS-I][RDS][RU][ru_syssig_hndler] ru_check_ctx_ptr<0xf5f34d9c, 0xf5f34d9c>

07-28 17:11:59.481   312 18192 W MAL-Daemon:  (    mdfx_task_send_event,  636) mdfx_task_send_event(): [ACT] should NOT enter this leagcy API!!

07-28 17:11:59.481   312 18192 I MAL-Daemon:  (    ru_send_event_entity,  368) [RDS-I][RDS][RU][ru_send_event_entity] send event 688 to 602 with ret(0)

07-28 17:11:59.482   312   682 I MAL-Daemon:  (             rds_ru_task,  454) [RDS-I][RU][rds_ru_task] RCV Event: 688 

07-28 17:11:59.495   312   682 D MAL-Daemon:  (     ru_wsl_poll_wpainfo,  657) [RDS-D][RDS][RU][ru_wsl_poll_wpainfo]socket recv pktlen(48) 

07-28 17:11:59.495   312   682 D MAL-Daemon:  (rds_ru_ws_rssi_timer_exp,  770) [RDS-D][RU][rds_ru_ws_rssi_timer_expire_hdlr][RDS] get rssi = -68, snr = 9999 

07-28 17:11:59.495   312   682 I MAL-Daemon:  (  ru_wsl_wifi_status_ind,  752) [RDS-I][RDS][RU][ru_wsl_wifi_status_ind] ru_check_ctx_ptr<0xf5f34d9c, 0xf5f34d9c>

07-28 17:11:59.495   312   682 W MAL-Daemon:  (    mdfx_task_send_event,  636) mdfx_task_send_event(): [ACT] should NOT enter this leagcy API!!

07-28 17:11:59.495   312   682 I MAL-Daemon:  (    ru_send_event_entity,  368) [RDS-I][RDS][RU][ru_send_event_entity] send event 604 to 602 with ret(0)

07-28 17:11:59.496   312   682 I MAL-Daemon:  (          ru_get_netstat, 5599) [RDS-I][RU][ru_get_netstat] netstat <thrghpt, pkterrt>, wifi <0, 0%>, mobile <0, 0%>

07-28 17:11:59.496   312   682 I MAL-Daemon:  (    ru_send_event_entity,  368) [RDS-I][RDS][RU][ru_send_event_entity] send event 614 to 1236 with ret(0)

07-28 17:11:59.496   312   682 I MAL-Daemon:  (             rds_ru_task,  454) [RDS-I][RU][rds_ru_task] RCV Event: 604 

07-28 17:11:59.496   312   682 I MAL-Daemon:  (  rds_ru_wifi_status_ind, 1379) [RDS-I][RU][EVENT_RU_WS_WIFI_STATUS_IND] fgwifi_en:1(no use) i4wifirssi:0xffffffbc i4wifisnr:0x270f

07-28 17:11:59.496   312   682 I MAL-Daemon:  (    ru_send_event_entity,  368) [RDS-I][RDS][RU][ru_send_event_entity] send event 615 to 1236 with ret(0)

07-28 17:11:59.496   312   682 I MAL-Daemon:  (          rds_ru_rpl_gen, 5180) [RDS-I][RU][rds_ru_rpl_gen][RDS][OP0] TYPE : <0>, UI Policy : <3>, RDS Policy : <3>

07-28 17:11:59.496   312   682 I MAL-Daemon:  (      rds_cell_only_orng, 3673) [RDS-I][RU][RDS IMS/MMS][rds_cell_only_orng] 

07-28 17:11:59.496   312   682 I MAL-Daemon:  (          rds_ru_rpl_gen, 5191) [RDS-I][RU][rds_ru_rpl_gen][RDS][OP0] TYPE : <0>, RAN1 : <254> ,RAN2 : <254>

07-28 17:11:59.496   312   682 I MAL-Daemon:  (          rds_ru_rpl_gen, 5180) [RDS-I][RU][rds_ru_rpl_gen][RDS][OP0] TYPE : <1>, UI Policy : <3>, RDS Policy : <3>

07-28 17:11:59.496   312   682 I MAL-Daemon:  (      rds_cell_only_orng, 3673) [RDS-I][RU][RDS IMS/MMS][rds_cell_only_orng] 

07-28 17:11:59.496   312   682 I MAL-Daemon:  (          rds_ru_rpl_gen, 5191) [RDS-I][RU][rds_ru_rpl_gen][RDS][OP0] TYPE : <1>, RAN1 : <254> ,RAN2 : <254>

07-28 17:11:59.496   312   682 I MAL-Daemon:  (          rds_ru_rpl_gen, 5180) [RDS-I][RU][rds_ru_rpl_gen][RDS][OP0] TYPE : <2>, UI Policy : <3>, RDS Policy : <3>

07-28 17:11:59.496   312   682 I MAL-Daemon:  (      rds_cell_only_orng, 3673) [RDS-I][RU][RDS IMS/MMS][rds_cell_only_orng] 

07-28 17:11:59.496   312   682 I MAL-Daemon:  (          rds_ru_rpl_gen, 5191) [RDS-I][RU][rds_ru_rpl_gen][RDS][OP0] TYPE : <2>, RAN1 : <254> ,RAN2 : <254>

07-28 17:11:59.496   312   682 I MAL-Daemon:  (          rds_ru_rpl_gen, 5180) [RDS-I][RU][rds_ru_rpl_gen][RDS][OP0] TYPE : <3>, UI Policy : <3>, RDS Policy : <3>

07-28 17:11:59.496   312   682 I MAL-Daemon:  (          rds_ru_rpl_gen, 5191) [RDS-I][RU][rds_ru_rpl_gen][RDS][OP0] TYPE : <3>, RAN1 : <255> ,RAN2 : <255>

07-28 17:11:59.496   312   682 I MAL-Daemon:  (          rds_ru_rpl_gen, 5180) [RDS-I][RU][rds_ru_rpl_gen][RDS][OP0] TYPE : <4>, UI Policy : <3>, RDS Policy : <3>

07-28 17:11:59.496   312   682 I MAL-Daemon:  (          rds_ru_rpl_gen, 5191) [RDS-I][RU][rds_ru_rpl_gen][RDS][OP0] TYPE : <4>, RAN1 : <255> ,RAN2 : <255>

07-28 17:11:59.496   312   682 I MAL-Daemon:  (          rds_ru_rpl_gen, 5180) [RDS-I][RU][rds_ru_rpl_gen][RDS][OP0] TYPE : <5>, UI Policy : <3>, RDS Policy : <3>

07-28 17:11:59.497   312   682 I MAL-Daemon:  (          rds_ru_rpl_gen, 5191) [RDS-I][RU][rds_ru_rpl_gen][RDS][OP0] TYPE : <5>, RAN1 : <255> ,RAN2 : <255>

07-28 17:11:59.497   312   682 I MAL-Daemon:  (          rds_ru_rpl_gen, 5191) [RDS-I][RU][rds_ru_rpl_gen][RDS][OP0] TYPE : <6>, RAN1 : <254> ,RAN2 : <254>

07-28 17:11:59.497   312   682 I MAL-Daemon:  (    rds_op_check_feature,  324) [RDS-I][RDS][OP][rds_op_check_feature] operator id(0) check feature<0>, curr_opmsk is <1>, sys_opmsk is <0x0001, 1>

07-28 17:11:59.497   312   682 I MAL-Daemon:  (  rds_ru_ims_vops_update, 4980) [RDS-I][RU][rds_ru_ims_vops_update][RDS IMS]Policy type: 0 IMS VOPS IE is Disabled, update IMS RPL from Ori:(254, 254) New:(254,254)

07-28 17:11:59.497   312   682 I MAL-Daemon:  (  rds_ru_ims_vops_update, 4980) [RDS-I][RU][rds_ru_ims_vops_update][RDS IMS]Policy type: 1 IMS VOPS IE is Disabled, update IMS RPL from Ori:(254, 254) New:(254,254)

07-28 17:11:59.497   312   682 I MAL-Daemon:  (  rds_ru_ims_vops_update, 4980) [RDS-I][RU][rds_ru_ims_vops_update][RDS IMS]Policy type: 2 IMS VOPS IE is Disabled, update IMS RPL from Ori:(254, 254) New:(254,254)

07-28 17:11:59.497   312   682 I MAL-Daemon:  (          rds_ru_rpl_gen, 5215) [RDS-I][RU][rds_ru_rpl_gen][RDS] Current policy: fgimsolte_en<0>, fgwfc_en<0>, erdspolicy<3>, 

07-28 17:11:59.497   312   682 I MAL-Daemon:  (          rds_ru_rpl_gen, 5218) [RDS-I][RU][rds_ru_rpl_gen][RDS] Threshold i4wifirssih<-75>, i4wifirssil<-85>, i4wifirssih_ho<-78>, i4wifirssil_ho<-88>, i4wifisnrh<10>, i4wifisnrl<6>

07-28 17:11:59.497   312   682 I MAL-Daemon:  (          rds_ru_rpl_gen, 5221) [RDS-I][RU][rds_ru_rpl_gen][RDS] Threshold i4ltersrph<-106>, i4ltersrpm<-111>, i4ltersrpl<-116>, i4ltersrqh<5>, i4ltersrqm<3>, i4ltersrql<1>

07-28 17:11:59.497   312   682 I MAL-Daemon:  (          rds_ru_rpl_gen, 5224) [RDS-I][RU][rds_ru_rpl_gen][RDS] current rds ru status: i4wifirssi<-68>, i4wifisnr<9999>, i4ltersrp<-141>, i4ltersrq<0>, u4active_ran<1> 

07-28 17:11:59.497   312   682 I MAL-Daemon:  (          rds_ru_rpl_gen, 5227) [RDS-I][RU][rds_ru_rpl_gen][RDS] current wifi backhaul : rtp_plr<0>, rtp_jitter<0>, ping_ind<0>

07-28 17:11:59.497   312   682 I MAL-Daemon:  (          rds_ru_rpl_gen, 5230) [RDS-I][RU][rds_ru_rpl_gen][RDS] Call stat : IR92<0>, IR94<0> 

07-28 17:11:59.497   312   682 I MAL-Daemon:  (          rds_ru_rpl_gen, 5236) [RDS-I][RU][RDS IMS/MMS][rds_ru_rpl_gen] Ori:(254,254)/(255,255) New:(254,254)/(255,255)

07-28 17:11:59.497   312   682 I MAL-Daemon:  (          rds_ru_rpl_gen, 5241) [RDS-I][RU][RDS IMS/MMS WIFI][rds_ru_rpl_gen] Ori:(254,254)/(255,255) New:(254,254)/(255,255)

07-28 17:11:59.497   312   682 I MAL-Daemon:  (          rds_ru_rpl_gen, 5246) [RDS-I][RU][RDS IMS/MMS CELL][rds_ru_rpl_gen] Ori:(254,254)/(255,255) New:(254,254)/(255,255)

07-28 17:11:59.497   312   682 I MAL-Daemon:  (          rds_ru_rpl_gen, 5250) [RDS-I][RU][RDS EMG][rds_ru_rpl_gen] Ori:(254,254) New:(254,254)

07-28 17:11:59.498  1970  2068 I MFI-Conn:  (     mfia_task_bootstrap,  944) mfia_task_bootstrap(): an event 614 incoming

07-28 17:11:59.498  1970  2068 I MFI-Conn:  (     mfia_task_bootstrap,  944) mfia_task_bootstrap(): an event 615 incoming

07-28 17:11:59.501  1970  2110 I MFI-Conn:  (             rds_urc_hdl,  263) [RDS][rds_urc_hdl] RCV Event: 614 

07-28 17:11:59.501  1970  2110 I MFI-Conn:  (             rds_urc_hdl,  378) [RDS][IF][rds_urc_hdl] data_base update: pkterrt(0) 

07-28 17:11:59.501  1970  2110 I MFI-Conn:  (             rds_urc_hdl,  263) [RDS][rds_urc_hdl] RCV Event: 615 

07-28 17:11:59.501  1970  2110 I MFI-Conn:  (             rds_urc_hdl,  388) [RDS][IF][rds_urc_hdl] data_base update: i4wifirssi(-68) 

07-28 17:11:59.525 19972 19981 I art     : Background concurrent mark sweep GC freed 18338(945KB) AllocSpace objects, 0(0B) LOS objects, 69% free, 458KB/1482KB, paused 35.511ms total 49.386ms

07-28 17:11:59.530 20004 20004 V MMSLog  : ----------onReceiveWithPrivilege----------

07-28 17:11:59.533   965  1993 D AppOps  : startOperation: allowing code 40 uid 10011 package com.android.mms

07-28 17:11:59.539 20004 20004 D ActivityThread: SVC-Creating service: CreateServiceData{token=android.os.BinderProxy@9b13424 className=com.android.mms.transaction.SmsReceiverService packageName=com.android.mms intent=null}

07-28 17:11:59.545  1464  1464 D ActivityThread: SVC-Creating service: CreateServiceData{token=android.os.BinderProxy@5474ebd className=com.iqoo.secure.ui.antiharassment.InterceptService packageName=com.iqoo.secure intent=null}

07-28 17:11:59.545   965  1037 V NetworkStats: setKernelCounterSet uid=10058 set=0

07-28 17:11:59.545  1464  1464 D ActivityThread: SVC-CREATE_SERVICE handled : 0 / CreateServiceData{token=android.os.BinderProxy@5474ebd className=com.iqoo.secure.ui.antiharassment.InterceptService packageName=com.iqoo.secure intent=null}

07-28 17:11:59.545  1464  1464 V ActivityThread: handleBindService s=com.iqoo.secure.ui.antiharassment.InterceptService@c884cb2 rebind=false

07-28 17:11:59.547 20004 20004 D ActivityThread: SVC-CREATE_SERVICE handled : 0 / CreateServiceData{token=android.os.BinderProxy@9b13424 className=com.android.mms.transaction.SmsReceiverService packageName=com.android.mms intent=null}

07-28 17:11:59.547 20004 20004 D ActivityThread: SVC-Calling onStartCommand: com.android.mms.transaction.SmsReceiverService@62e5b8d, flags=0, startId=1

07-28 17:11:59.547 20004 20004 D Mms/MMSLog: Message Sent Result Code = 0

07-28 17:11:59.547  1464  1464 D ActivityThread: SVC-BIND_SERVICE handled : 0 / BindServiceData{token=android.os.BinderProxy@5474ebd intent=Intent { pkg=com.iqoo.secure cmp=com.iqoo.secure/.ui.antiharassment.InterceptService }}

07-28 17:11:59.547 20004 20004 D ActivityThread: SVC-SERVICE_ARGS handled : 0 / ServiceArgsData{token=android.os.BinderProxy@9b13424 startId=1 args=Intent { act=com.vivo.telephony.VIVO_SMS_RECEIVED cmp=com.android.mms/.transaction.SmsReceiverService (has extras) }}

07-28 17:11:59.549 20004 20152 D Mms/MMSLog: Sms handleMessage :{ when=-1ms what=0 arg1=1 obj=Intent { act=com.vivo.telephony.VIVO_SMS_RECEIVED cmp=com.android.mms/.transaction.SmsReceiverService (has extras) } target=com.android.mms.transaction.SmsReceiverService$ServiceHandler obj=Intent { act=com.vivo.telephony.VIVO_SMS_RECEIVED cmp=com.android.mms/.transaction.SmsReceiverService (has extras) } }

07-28 17:11:59.549 20004 20152 D SmsReceiverService:  com.vivo.telephony.VIVO_SMS_RECEIVED -----------------

07-28 17:11:59.549  1606 19448 I DaemonService: DataUsageService pid = 1464

07-28 17:11:59.558   965  1939 D ActivityManager: getContentProviderImpl: from caller=android.app.ApplicationThreadProxy@e9c59c7 (pid=20004, userId=0) to get content provider sms cpr=ContentProviderRecord{7af0cc7 u0 com.android.providers.telephony/.SmsProvider}

07-28 17:11:59.558   965  1939 D ActivityManager: getContentProviderImpl: updateLruProcessLocked cpr.proc=ProcessRecord{91df9ca 1710:com.android.phone/1001}

07-28 17:11:59.560 20004 20152 D ActivityThread: holder:android.app.IActivityManager$ContentProviderHolder@92c7553, holder.provider:android.content.ContentProviderProxy@4df6e90

07-28 17:11:59.568 20004 20152 D SmsReceiverService: cur==========android.content.ContentResolver$CursorWrapperInner@3230f8e

07-28 17:11:59.568 20004 20152 D SmsReceiverService: cur.getCount ========0

07-28 17:11:59.572 20004 20004 D ActivityThread: SVC-Destroying service: com.android.mms.transaction.SmsReceiverService@62e5b8d

07-28 17:11:59.574  1464  1464 D ActivityThread: SVC-UNBIND_SERVICE handled : 0 / BindServiceData{token=android.os.BinderProxy@5474ebd intent=Intent { pkg=com.iqoo.secure cmp=com.iqoo.secure/.ui.antiharassment.InterceptService }}

07-28 17:11:59.574 20004 20004 D ActivityThread: SVC-STOP_SERVICE handled : 0 / android.os.BinderProxy@9b13424

07-28 17:11:59.574  1464  1464 D ActivityThread: SVC-Destroying service: com.iqoo.secure.ui.antiharassment.InterceptService@c884cb2

07-28 17:11:59.574  1464  1464 D ActivityThread: SVC-STOP_SERVICE handled : 0 / android.os.BinderProxy@5474ebd

07-28 17:11:59.578  1606  2893 I DaemonService: DataUsageService pid = 1464

07-28 17:11:59.580   965  1037 V NetworkStats: setKernelCounterSet uid=10058 set=1

07-28 17:11:59.582  1606  1619 I DaemonService: DataUsageService pid = 1464

07-28 17:11:59.921   798   824 E MFI-Conn:  (     mfia_task_bootstrap,  587) mfia_task_bootstrap(): retrying to connect to mal-mfi error 13!! ====

07-28 17:11:59.911   824   824 W viarild : type=1400 audit(0.0:123913): avc: denied { write } for name="mal-mfi" dev="tmpfs" ino=8735 scontext=u:r:viarild:s0 tcontext=u:object_r:mal_mfi_socket:s0 tclass=sock_file permissive=0

07-28 17:12:00.000   965  1212 V AlarmAlign: mAlarmBatches = 46, triggerList = 1

07-28 17:12:00.000   965  1212 V AlarmAlign: triggerList has deliver.1

07-28 17:12:00.000   965  1212 D DataShapingService: Alarm manager openLteDataUpLinkGate: false

07-28 17:12:00.000   965  1212 V AlarmManager: openLteGateSuccess = false

07-28 17:12:00.000   965  1212 V ActivityManager: Broadcast: Intent { act=android.intent.action.TIME_TICK flg=0x50000114 (has extras) } ordered=true userid=-1 callerApp=null

07-28 17:12:00.002   965  1212 V AlarmAlign: triggerAlarm v at 906251914, size=1, hasWakeup=false, mWake_Set=true, mNextWakeup=906285969, mNextNonWakeup=906251914, mBatch.end=907222238, why=8

07-28 17:12:00.002  1997  1997 I UpSlideUpdateMonitor: UpSlide|onReceive, action = android.intent.action.TIME_TICK

07-28 17:12:00.002  1997  1997 D ActivityThread: BDC-Calling finishReceiver: IIntentReceiver=86ddafc

07-28 17:12:00.003   965   965 V AlarmManager: isPowerSavingStart  mIsEnabled = true   mIsUsbConnected = true   mScreenOff = false   mIsWFDConnected = false

07-28 17:12:00.003   965   965 D ActivityThread: BDC-Calling finishReceiver: IIntentReceiver=feae82e

07-28 17:12:00.004   965   965 V AlarmManager: mSupportAlarmGrouping = true  mAmPlus = com.mediatek.amplus.AlarmManagerPlus@2c586b4

07-28 17:12:00.005   965   965 V AlarmAlign: addAlarm pkg = android, action = android.intent.action.TIME_TICK, whenElapsed = 906311915

07-28 17:12:00.005   965   965 D AlarmManager:  whichBatch = -1

07-28 17:12:00.005   965   965 D ActivityThread: BDC-Calling finishReceiver: IIntentReceiver=341593a

07-28 17:12:00.006  1322  1322 D KeyguardUpdateMonitor: received broadcast android.intent.action.TIME_TICK

07-28 17:12:00.006  1322  1322 D ActivityThread: BDC-Calling finishReceiver: IIntentReceiver=d33feb2

07-28 17:12:00.007  1322  1322 D KeyguardUpdateMonitor: handleTimeUpdate

07-28 17:12:00.008  1484  1484 D ActivityThread: BDC-Calling finishReceiver: IIntentReceiver=5ded829

07-28 17:12:00.009  1322  1322 I ImageDigitalClock: updateTime = 17:12

07-28 17:12:00.011  1322  1322 D ActivityThread: BDC-Calling finishReceiver: IIntentReceiver=f7ae228

07-28 17:12:00.013  1322  1322 D ActivityThread: BDC-Calling finishReceiver: IIntentReceiver=69ee8e6

07-28 17:12:00.015  1322  1322 D ActivityThread: BDC-Calling finishReceiver: IIntentReceiver=4836e27

07-28 17:12:00.017  1322  1322 D ActivityThread: BDC-Calling finishReceiver: IIntentReceiver=aff8d4

07-28 17:12:00.019  1322  1322 D ActivityThread: BDC-Calling finishReceiver: IIntentReceiver=b5ba7d

07-28 17:12:00.020   965  1362 D ActivityManager: getContentProviderImpl: from caller=android.app.ApplicationThreadProxy@2d70bf4 (pid=1484, userId=0) to get content provider com.bbk.iqoo.logsystemes cpr=ContentProviderRecord{aca3786 u0 com.bbk.iqoo.logsystem/.databases.CommonProvider}

07-28 17:12:00.020   965  1362 D ActivityManager: getContentProviderImpl: updateLruProcessLocked cpr.proc=ProcessRecord{ca8a847 2181:com.bbk.iqoo.logsystem/u0a61}

07-28 17:12:00.022  1322  1322 D ActivityThread: BDC-Calling finishReceiver: IIntentReceiver=5e0ad72

07-28 17:12:00.022  1484 20162 D ActivityThread: holder:android.app.IActivityManager$ContentProviderHolder@70d226c, holder.provider:android.content.ContentProviderProxy@c9cc035

07-28 17:12:00.023  1322  1322 D ActivityThread: BDC-Calling finishReceiver: IIntentReceiver=daec5c3

07-28 17:12:00.026  2151  2160 I System  : FinalizerDaemon: finalize objects = 1

07-28 17:12:00.029  1322  1322 D ActivityThread: BDC-Calling finishReceiver: IIntentReceiver=b7dce40

07-28 17:12:00.048   307   338 I BufferQueueProducer: [StatusBar](this:0x7f9ed4a800,id:6,api:1,p:1322,c:307) queueBuffer: fps=0.68 dur=5879.47 max=5621.49 min=7.42

07-28 17:12:00.059   307   307 I SurfaceFlinger: [Built-in Screen (type:0)] fps:0.594167,dur:5049.08,max:5014.60,min:16.38

07-28 17:12:00.091  2015  2015 D ActivityThread: BDC-Calling finishReceiver: IIntentReceiver=ed83fec

07-28 17:12:00.094  2015  2015 D ActivityThread: BDC-Calling finishReceiver: IIntentReceiver=2154fb5

07-28 17:12:00.099  1322  1322 D ActivityThread: BDC-Calling finishReceiver: IIntentReceiver=8fa82f1

07-28 17:12:00.102 12841 12841 D ActivityThread: BDC-Calling finishReceiver: IIntentReceiver=9b13424

07-28 17:12:00.103   965   965 D AlarmManager: onSendFinished begin

07-28 17:12:00.137   439   439 I thermal_src: wake up function 3

07-28 17:12:00.137   439   439 I thermal_src: TA_DAEMON_CMD_GET_TPCB cmd=0x5, len=4 PCB=36000

07-28 17:12:00.137   439   439 I thermal_src: TA_DAEMON_CMD_SET_TTJ cmd=0x4, len=4 Tj=85000

07-28 17:12:00.137   439   439 I thermal_src: waiting NOTIFY from kernel...

07-28 17:12:00.615  3745  3752 I System  : FinalizerDaemon: finalize objects = 7

07-28 17:12:00.731   427   793 E VT      : [SRV] [VT THREAD] [VT_Bind] des = volte_imsvt1 Fail to connect . retry count: 39237

07-28 17:12:00.731   427   793 D VT      : [SRV] isIMCBrun : False

07-28 17:12:00.921   798   824 E MFI-Conn:  (     mfia_task_bootstrap,  587) mfia_task_bootstrap(): retrying to connect to mal-mfi error 13!! ====

07-28 17:12:00.911   824   824 W viarild : type=1400 audit(0.0:123914): avc: denied { write } for name="mal-mfi" dev="tmpfs" ino=8735 scontext=u:r:viarild:s0 tcontext=u:object_r:mal_mfi_socket:s0 tclass=sock_file permissive=0

07-28 17:12:01.643   441   441 I thermal_repeater: oh, queryMdThermalInfo (0)No such file or directory

07-28 17:12:01.647   441   441 I thermal_repeater: [recvMdThermalInfo] ret=5, strLen=127, ERROR

07-28 17:12:01.679   965  1227 D WifiStateMachine:  ConnectedState (when=-3ms what=131155 arg1=142!CMD_RSSI_POLL  rt=117793621/906253593 142 0 "beta-test" 3c:8c:40:e4:3c:f2 rssi=-68 f=2412 sc=80 link=65 tx=0.3, 0.0, 0.0  rx=0.2 bcn=0 [on:0 tx:0 rx:0 period:3003] from screen [on:0 period:-2005431921] gl hn rssi=-63 ag=0 hr ticks 5,266,819 ls-=0 [56,56,56,56,61] brc=0 lrc=0 offload-stopped

07-28 17:12:01.680   965  1227 D WifiStateMachine:  L2ConnectedState (when=-4ms what=131155 arg1=142!CMD_RSSI_POLL  rt=117793622/906253594 142 0 "beta-test" 3c:8c:40:e4:3c:f2 rssi=-68 f=2412 sc=80 link=65 tx=0.3, 0.0, 0.0  rx=0.2 bcn=0 [on:0 tx:0 rx:0 period:1] from screen [on:0 period:-2005431920] gl hn rssi=-63 ag=0 hr ticks 5,266,819 ls-=0 [56,56,56,56,61] brc=0 lrc=0 offload-stopped

07-28 17:12:01.680   965  1227 D WifiStateMachine:  get link layer stats 0

07-28 17:12:01.704   965  1227 I WifiStateMachine: fetchRssiLinkSpeedAndFrequencyNative, newRssi:-68, newLinkSpeed:65, SSID:"beta-test"

07-28 17:12:01.704   965  1227 D WifiStateMachine: mLastSignalLevel:2, newSignalLevel:2

07-28 17:12:01.704   965  1227 E WifiStateMachine: calculateWifiScore() we set wifi's score to 1000, so will always set wifi as a default network.

07-28 17:12:01.704   965  1227 V ActivityManager: Broadcast sticky: Intent { act=android.net.wifi.RSSI_CHANGED flg=0x4000010 (has extras) } ordered=false userid=-1 callerApp=ProcessRecord{f5c5ef3 965:system/1000}

07-28 17:12:01.708   965  1256 D WifiWatchdogStateMachine: RSSI current: 2 new: -68, 2

07-28 17:12:01.708  1322  1836 I VivoNetworkController: SystemUI|action = android.net.wifi.RSSI_CHANGED

07-28 17:12:01.922   798   824 E MFI-Conn:  (     mfia_task_bootstrap,  587) mfia_task_bootstrap(): retrying to connect to mal-mfi error 13!! ====

07-28 17:12:01.921   824   824 W viarild : type=1400 audit(0.0:123915): avc: denied { write } for name="mal-mfi" dev="tmpfs" ino=8735 scontext=u:r:viarild:s0 tcontext=u:object_r:mal_mfi_socket:s0 tclass=sock_file permissive=0

07-28 17:12:02.481   312 18192 I MAL-Daemon:  (        ru_syssig_hndler,  436) [RDS-I][ru_syssig_hndler] Send Event: 688 

07-28 17:12:02.481   312 18192 I MAL-Daemon:  (        ru_syssig_hndler,  437) [RDS-I][RDS][RU][ru_syssig_hndler] ru_check_ctx_ptr<0xf5f34d9c, 0xf5f34d9c>

07-28 17:12:02.481   312 18192 W MAL-Daemon:  (    mdfx_task_send_event,  636) mdfx_task_send_event(): [ACT] should NOT enter this leagcy API!!

07-28 17:12:02.481   312 18192 I MAL-Daemon:  (    ru_send_event_entity,  368) [RDS-I][RDS][RU][ru_send_event_entity] send event 688 to 602 with ret(0)

07-28 17:12:02.481   312   682 I MAL-Daemon:  (             rds_ru_task,  454) [RDS-I][RU][rds_ru_task] RCV Event: 688 

07-28 17:12:02.495   312   682 D MAL-Daemon:  (     ru_wsl_poll_wpainfo,  657) [RDS-D][RDS][RU][ru_wsl_poll_wpainfo]socket recv pktlen(48) 

07-28 17:12:02.495   312   682 D MAL-Daemon:  (rds_ru_ws_rssi_timer_exp,  770) [RDS-D][RU][rds_ru_ws_rssi_timer_expire_hdlr][RDS] get rssi = -68, snr = 9999 

07-28 17:12:02.495   312   682 I MAL-Daemon:  (          ru_get_netstat, 5599) [RDS-I][RU][ru_get_netstat] netstat <thrghpt, pkterrt>, wifi <42, 0%>, mobile <0, 0%>

07-28 17:12:02.496   312   682 I MAL-Daemon:  (    ru_send_event_entity,  368) [RDS-I][RDS][RU][ru_send_event_entity] send event 614 to 1236 with ret(0)

07-28 17:12:02.496  1970  2068 I MFI-Conn:  (     mfia_task_bootstrap,  944) mfia_task_bootstrap(): an event 614 incoming

07-28 17:12:02.496  1970  2110 I MFI-Conn:  (             rds_urc_hdl,  263) [RDS][rds_urc_hdl] RCV Event: 614 

07-28 17:12:02.496  1970  2110 I MFI-Conn:  (             rds_urc_hdl,  378) [RDS][IF][rds_urc_hdl] data_base update: pkterrt(0) 

07-28 17:12:02.922   798   824 E MFI-Conn:  (     mfia_task_bootstrap,  587) mfia_task_bootstrap(): retrying to connect to mal-mfi error 13!! ====

07-28 17:12:02.921   824   824 W viarild : type=1400 audit(0.0:123916): avc: denied { write } for name="mal-mfi" dev="tmpfs" ino=8735 scontext=u:r:viarild:s0 tcontext=u:object_r:mal_mfi_socket:s0 tclass=sock_file permissive=0

07-28 17:12:03.507  2678  2683 D FRR     : buff=0x7fb368b240, len=195

07-28 17:12:03.507  2678  2683 D FRR     : uevent[0]=0x7fb368b240, len=43, "change@/devices/virtual/xt_idletimer/timers"

07-28 17:12:03.507  2678  2683 D FRR     : voteFps(60, 0)

07-28 17:12:03.507  2678  2683 D FRR     : ThermalListener loop:

07-28 17:12:03.507   411  1165 D SocketClient: SocketClient sendData done: 613 IfaceClass idle 1 906255421857455

07-28 17:12:03.509   965  1223 D NetdConnector: RCV <- {613 IfaceClass idle 1 906255421857455}

07-28 17:12:03.510   965  1050 D NetworkManagement: onEvent:613 IfaceClass idle 1 906255421857455:5

07-28 17:12:03.511   965  1050 V ActivityManager: Broadcast: Intent { act=android.net.conn.DATA_ACTIVITY_CHANGE flg=0x10 (has extras) } ordered=true userid=-1 callerApp=ProcessRecord{f5c5ef3 965:system/1000}

07-28 17:12:03.512   965  1050 V ActivityManager: Broadcast sticky: Intent { act=android.net.conn.DATA_ACTIVITY_CHANGE_CT flg=0x10 (has extras) } ordered=false userid=-1 callerApp=ProcessRecord{f5c5ef3 965:system/1000}

07-28 17:12:03.731   427   793 E VT      : [SRV] [VT THREAD] [VT_Bind] des = volte_imsvt1 Fail to connect . retry count: 39238

07-28 17:12:03.732   427   793 D VT      : [SRV] isIMCBrun : False

07-28 17:12:03.813   411  1165 D SocketClient: SocketClient sendData done: 613 IfaceClass active 1 906255727387532 0

07-28 17:12:03.814   965  1223 D NetdConnector: RCV <- {613 IfaceClass active 1 906255727387532 0}

07-28 17:12:03.816  2678  2683 D FRR     : buff=0x7fb368b240, len=194

07-28 17:12:03.816  2678  2683 D FRR     : uevent[0]=0x7fb368b240, len=43, "change@/devices/virtual/xt_idletimer/timers"

07-28 17:12:03.816  2678  2683 D FRR     : voteFps(60, 0)

07-28 17:12:03.816  2678  2683 D FRR     : ThermalListener loop:

07-28 17:12:03.818   965  1050 D NetworkManagement: onEvent:613 IfaceClass active 1 906255727387532 0:6

07-28 17:12:03.821   965  1050 V ActivityManager: Broadcast: Intent { act=android.net.conn.DATA_ACTIVITY_CHANGE flg=0x10 (has extras) } ordered=true userid=-1 callerApp=ProcessRecord{f5c5ef3 965:system/1000}

07-28 17:12:03.822   965  1050 V ActivityManager: Broadcast sticky: Intent { act=android.net.conn.DATA_ACTIVITY_CHANGE_CT flg=0x10 (has extras) } ordered=false userid=-1 callerApp=ProcessRecord{f5c5ef3 965:system/1000}

07-28 17:12:03.923   798   824 E MFI-Conn:  (     mfia_task_bootstrap,  587) mfia_task_bootstrap(): retrying to connect to mal-mfi error 13!! ====

07-28 17:12:03.921   824   824 W viarild : type=1400 audit(0.0:123917): avc: denied { write } for name="mal-mfi" dev="tmpfs" ino=8735 scontext=u:r:viarild:s0 tcontext=u:object_r:mal_mfi_socket:s0 tclass=sock_file permissive=0

07-28 17:12:04.262   307  2346 I BufferQueueProducer: [StatusBar](this:0x7f9ed4a800,id:6,api:1,p:1322,c:307) queueBuffer: fps=0.47 dur=4213.26 max=4200.66 min=12.60

07-28 17:12:04.273   307   307 I SurfaceFlinger: [Built-in Screen (type:0)] fps:0.474517,dur:4214.81,max:4198.89,min:15.93

