07-28 17:12:04.708   965  1227 D WifiStateMachine:  ConnectedState (when=-4ms what=131155 arg1=142!CMD_RSSI_POLL  rt=117796650/906256622 142 0 "beta-test" 3c:8c:40:e4:3c:f2 rssi=-68 f=2412 sc=80 link=65 tx=0.1, 0.0, 0.0  rx=0.1 bcn=0 [on:0 tx:0 rx:0 period:3003] from screen [on:0 period:-2005428892] gl hn rssi=-63 ag=0 hr ticks 5,266,819 ls-=0 [56,56,56,56,61] brc=0 lrc=0 offload-stopped

07-28 17:12:04.709   965  1227 D WifiStateMachine:  L2ConnectedState (when=-5ms what=131155 arg1=142!CMD_RSSI_POLL  rt=117796651/906256623 142 0 "beta-test" 3c:8c:40:e4:3c:f2 rssi=-68 f=2412 sc=80 link=65 tx=0.1, 0.0, 0.0  rx=0.1 bcn=0 [on:0 tx:0 rx:0 period:1] from screen [on:0 period:-2005428891] gl hn rssi=-63 ag=0 hr ticks 5,266,819 ls-=0 [56,56,56,56,61] brc=0 lrc=0 offload-stopped

07-28 17:12:04.709   965  1227 D WifiStateMachine:  get link layer stats 0

07-28 17:12:04.722   965  1227 I WifiStateMachine: fetchRssiLinkSpeedAndFrequencyNative, newRssi:-67, newLinkSpeed:65, SSID:"beta-test"

07-28 17:12:04.722   965  1227 D WifiStateMachine: mLastSignalLevel:2, newSignalLevel:2

07-28 17:12:04.722   965  1227 E WifiStateMachine: calculateWifiScore() we set wifi's score to 1000, so will always set wifi as a default network.

07-28 17:12:04.723   965  1227 V ActivityManager: Broadcast sticky: Intent { act=android.net.wifi.RSSI_CHANGED flg=0x4000010 (has extras) } ordered=false userid=-1 callerApp=ProcessRecord{f5c5ef3 965:system/1000}

07-28 17:12:04.726   965  1256 D WifiWatchdogStateMachine: RSSI current: 2 new: -67, 2

07-28 17:12:04.726  1322  1836 I VivoNetworkController: SystemUI|action = android.net.wifi.RSSI_CHANGED

07-28 17:12:04.923   798   824 E MFI-Conn:  (     mfia_task_bootstrap,  587) mfia_task_bootstrap(): retrying to connect to mal-mfi error 13!! ====

07-28 17:12:04.911   824   824 W viarild : type=1400 audit(0.0:123918): avc: denied { write } for name="mal-mfi" dev="tmpfs" ino=8735 scontext=u:r:viarild:s0 tcontext=u:object_r:mal_mfi_socket:s0 tclass=sock_file permissive=0

07-28 17:12:05.147   439   439 I thermal_src: wake up function 3

07-28 17:12:05.147   439   439 I thermal_src: TA_DAEMON_CMD_GET_TPCB cmd=0x5, len=4 PCB=36000

07-28 17:12:05.148   439   439 I thermal_src: TA_DAEMON_CMD_SET_TTJ cmd=0x4, len=4 Tj=85000

07-28 17:12:05.148   439   439 I thermal_src: waiting NOTIFY from kernel...

07-28 17:12:05.481   312 18192 I MAL-Daemon:  (        ru_syssig_hndler,  436) [RDS-I][ru_syssig_hndler] Send Event: 688 

07-28 17:12:05.481   312 18192 I MAL-Daemon:  (        ru_syssig_hndler,  437) [RDS-I][RDS][RU][ru_syssig_hndler] ru_check_ctx_ptr<0xf5f34d9c, 0xf5f34d9c>

07-28 17:12:05.481   312 18192 W MAL-Daemon:  (    mdfx_task_send_event,  636) mdfx_task_send_event(): [ACT] should NOT enter this leagcy API!!

07-28 17:12:05.481   312 18192 I MAL-Daemon:  (    ru_send_event_entity,  368) [RDS-I][RDS][RU][ru_send_event_entity] send event 688 to 602 with ret(0)

07-28 17:12:05.482   312   682 I MAL-Daemon:  (             rds_ru_task,  454) [RDS-I][RU][rds_ru_task] RCV Event: 688 

07-28 17:12:05.504   312   682 D MAL-Daemon:  (     ru_wsl_poll_wpainfo,  657) [RDS-D][RDS][RU][ru_wsl_poll_wpainfo]socket recv pktlen(48) 

07-28 17:12:05.504   312   682 D MAL-Daemon:  (rds_ru_ws_rssi_timer_exp,  770) [RDS-D][RU][rds_ru_ws_rssi_timer_expire_hdlr][RDS] get rssi = -67, snr = 9999 

07-28 17:12:05.504   312   682 I MAL-Daemon:  (  ru_wsl_wifi_status_ind,  752) [RDS-I][RDS][RU][ru_wsl_wifi_status_ind] ru_check_ctx_ptr<0xf5f34d9c, 0xf5f34d9c>

07-28 17:12:05.504   312   682 W MAL-Daemon:  (    mdfx_task_send_event,  636) mdfx_task_send_event(): [ACT] should NOT enter this leagcy API!!

07-28 17:12:05.504   312   682 I MAL-Daemon:  (    ru_send_event_entity,  368) [RDS-I][RDS][RU][ru_send_event_entity] send event 604 to 602 with ret(0)

07-28 17:12:05.504   312   682 I MAL-Daemon:  (          ru_get_netstat, 5599) [RDS-I][RU][ru_get_netstat] netstat <thrghpt, pkterrt>, wifi <368, 0%>, mobile <0, 0%>

07-28 17:12:05.505   312   682 I MAL-Daemon:  (    ru_send_event_entity,  368) [RDS-I][RDS][RU][ru_send_event_entity] send event 614 to 1236 with ret(0)

07-28 17:12:05.505   312   682 I MAL-Daemon:  (             rds_ru_task,  454) [RDS-I][RU][rds_ru_task] RCV Event: 604 

07-28 17:12:05.505   312   682 I MAL-Daemon:  (  rds_ru_wifi_status_ind, 1379) [RDS-I][RU][EVENT_RU_WS_WIFI_STATUS_IND] fgwifi_en:1(no use) i4wifirssi:0xffffffbd i4wifisnr:0x270f

07-28 17:12:05.505   312   682 I MAL-Daemon:  (    ru_send_event_entity,  368) [RDS-I][RDS][RU][ru_send_event_entity] send event 615 to 1236 with ret(0)

07-28 17:12:05.505   312   682 I MAL-Daemon:  (          rds_ru_rpl_gen, 5180) [RDS-I][RU][rds_ru_rpl_gen][RDS][OP0] TYPE : <0>, UI Policy : <3>, RDS Policy : <3>

07-28 17:12:05.505   312   682 I MAL-Daemon:  (      rds_cell_only_orng, 3673) [RDS-I][RU][RDS IMS/MMS][rds_cell_only_orng] 

07-28 17:12:05.505   312   682 I MAL-Daemon:  (          rds_ru_rpl_gen, 5191) [RDS-I][RU][rds_ru_rpl_gen][RDS][OP0] TYPE : <0>, RAN1 : <254> ,RAN2 : <254>

07-28 17:12:05.505   312   682 I MAL-Daemon:  (          rds_ru_rpl_gen, 5180) [RDS-I][RU][rds_ru_rpl_gen][RDS][OP0] TYPE : <1>, UI Policy : <3>, RDS Policy : <3>

07-28 17:12:05.505   312   682 I MAL-Daemon:  (      rds_cell_only_orng, 3673) [RDS-I][RU][RDS IMS/MMS][rds_cell_only_orng] 

07-28 17:12:05.505   312   682 I MAL-Daemon:  (          rds_ru_rpl_gen, 5191) [RDS-I][RU][rds_ru_rpl_gen][RDS][OP0] TYPE : <1>, RAN1 : <254> ,RAN2 : <254>

07-28 17:12:05.505   312   682 I MAL-Daemon:  (          rds_ru_rpl_gen, 5180) [RDS-I][RU][rds_ru_rpl_gen][RDS][OP0] TYPE : <2>, UI Policy : <3>, RDS Policy : <3>

07-28 17:12:05.505   312   682 I MAL-Daemon:  (      rds_cell_only_orng, 3673) [RDS-I][RU][RDS IMS/MMS][rds_cell_only_orng] 

07-28 17:12:05.505   312   682 I MAL-Daemon:  (          rds_ru_rpl_gen, 5191) [RDS-I][RU][rds_ru_rpl_gen][RDS][OP0] TYPE : <2>, RAN1 : <254> ,RAN2 : <254>

07-28 17:12:05.505   312   682 I MAL-Daemon:  (          rds_ru_rpl_gen, 5180) [RDS-I][RU][rds_ru_rpl_gen][RDS][OP0] TYPE : <3>, UI Policy : <3>, RDS Policy : <3>

07-28 17:12:05.505   312   682 I MAL-Daemon:  (          rds_ru_rpl_gen, 5191) [RDS-I][RU][rds_ru_rpl_gen][RDS][OP0] TYPE : <3>, RAN1 : <255> ,RAN2 : <255>

07-28 17:12:05.505   312   682 I MAL-Daemon:  (          rds_ru_rpl_gen, 5180) [RDS-I][RU][rds_ru_rpl_gen][RDS][OP0] TYPE : <4>, UI Policy : <3>, RDS Policy : <3>

07-28 17:12:05.505   312   682 I MAL-Daemon:  (          rds_ru_rpl_gen, 5191) [RDS-I][RU][rds_ru_rpl_gen][RDS][OP0] TYPE : <4>, RAN1 : <255> ,RAN2 : <255>

07-28 17:12:05.505   312   682 I MAL-Daemon:  (          rds_ru_rpl_gen, 5180) [RDS-I][RU][rds_ru_rpl_gen][RDS][OP0] TYPE : <5>, UI Policy : <3>, RDS Policy : <3>

07-28 17:12:05.505   312   682 I MAL-Daemon:  (          rds_ru_rpl_gen, 5191) [RDS-I][RU][rds_ru_rpl_gen][RDS][OP0] TYPE : <5>, RAN1 : <255> ,RAN2 : <255>

07-28 17:12:05.505   312   682 I MAL-Daemon:  (          rds_ru_rpl_gen, 5191) [RDS-I][RU][rds_ru_rpl_gen][RDS][OP0] TYPE : <6>, RAN1 : <254> ,RAN2 : <254>

07-28 17:12:05.505   312   682 I MAL-Daemon:  (    rds_op_check_feature,  324) [RDS-I][RDS][OP][rds_op_check_feature] operator id(0) check feature<0>, curr_opmsk is <1>, sys_opmsk is <0x0001, 1>

07-28 17:12:05.505   312   682 I MAL-Daemon:  (  rds_ru_ims_vops_update, 4980) [RDS-I][RU][rds_ru_ims_vops_update][RDS IMS]Policy type: 0 IMS VOPS IE is Disabled, update IMS RPL from Ori:(254, 254) New:(254,254)

07-28 17:12:05.505   312   682 I MAL-Daemon:  (  rds_ru_ims_vops_update, 4980) [RDS-I][RU][rds_ru_ims_vops_update][RDS IMS]Policy type: 1 IMS VOPS IE is Disabled, update IMS RPL from Ori:(254, 254) New:(254,254)

07-28 17:12:05.505   312   682 I MAL-Daemon:  (  rds_ru_ims_vops_update, 4980) [RDS-I][RU][rds_ru_ims_vops_update][RDS IMS]Policy type: 2 IMS VOPS IE is Disabled, update IMS RPL from Ori:(254, 254) New:(254,254)

07-28 17:12:05.505   312   682 I MAL-Daemon:  (          rds_ru_rpl_gen, 5215) [RDS-I][RU][rds_ru_rpl_gen][RDS] Current policy: fgimsolte_en<0>, fgwfc_en<0>, erdspolicy<3>, 

07-28 17:12:05.505   312   682 I MAL-Daemon:  (          rds_ru_rpl_gen, 5218) [RDS-I][RU][rds_ru_rpl_gen][RDS] Threshold i4wifirssih<-75>, i4wifirssil<-85>, i4wifirssih_ho<-78>, i4wifirssil_ho<-88>, i4wifisnrh<10>, i4wifisnrl<6>

07-28 17:12:05.505   312   682 I MAL-Daemon:  (          rds_ru_rpl_gen, 5221) [RDS-I][RU][rds_ru_rpl_gen][RDS] Threshold i4ltersrph<-106>, i4ltersrpm<-111>, i4ltersrpl<-116>, i4ltersrqh<5>, i4ltersrqm<3>, i4ltersrql<1>

07-28 17:12:05.505   312   682 I MAL-Daemon:  (          rds_ru_rpl_gen, 5224) [RDS-I][RU][rds_ru_rpl_gen][RDS] current rds ru status: i4wifirssi<-67>, i4wifisnr<9999>, i4ltersrp<-141>, i4ltersrq<0>, u4active_ran<1> 

07-28 17:12:05.505   312   682 I MAL-Daemon:  (          rds_ru_rpl_gen, 5227) [RDS-I][RU][rds_ru_rpl_gen][RDS] current wifi backhaul : rtp_plr<0>, rtp_jitter<0>, ping_ind<0>

07-28 17:12:05.506   312   682 I MAL-Daemon:  (          rds_ru_rpl_gen, 5230) [RDS-I][RU][rds_ru_rpl_gen][RDS] Call stat : IR92<0>, IR94<0> 

07-28 17:12:05.506   312   682 I MAL-Daemon:  (          rds_ru_rpl_gen, 5236) [RDS-I][RU][RDS IMS/MMS][rds_ru_rpl_gen] Ori:(254,254)/(255,255) New:(254,254)/(255,255)

07-28 17:12:05.506   312   682 I MAL-Daemon:  (          rds_ru_rpl_gen, 5241) [RDS-I][RU][RDS IMS/MMS WIFI][rds_ru_rpl_gen] Ori:(254,254)/(255,255) New:(254,254)/(255,255)

07-28 17:12:05.506   312   682 I MAL-Daemon:  (          rds_ru_rpl_gen, 5246) [RDS-I][RU][RDS IMS/MMS CELL][rds_ru_rpl_gen] Ori:(254,254)/(255,255) New:(254,254)/(255,255)

07-28 17:12:05.506   312   682 I MAL-Daemon:  (          rds_ru_rpl_gen, 5250) [RDS-I][RU][RDS EMG][rds_ru_rpl_gen] Ori:(254,254) New:(254,254)

07-28 17:12:05.507  1970  2068 I MFI-Conn:  (     mfia_task_bootstrap,  944) mfia_task_bootstrap(): an event 614 incoming

07-28 17:12:05.507  1970  2068 I MFI-Conn:  (     mfia_task_bootstrap,  944) mfia_task_bootstrap(): an event 615 incoming

07-28 17:12:05.510  1970  2110 I MFI-Conn:  (             rds_urc_hdl,  263) [RDS][rds_urc_hdl] RCV Event: 614 

07-28 17:12:05.510  1970  2110 I MFI-Conn:  (             rds_urc_hdl,  378) [RDS][IF][rds_urc_hdl] data_base update: pkterrt(0) 

07-28 17:12:05.510  1970  2110 I MFI-Conn:  (             rds_urc_hdl,  263) [RDS][rds_urc_hdl] RCV Event: 615 

07-28 17:12:05.510  1970  2110 I MFI-Conn:  (             rds_urc_hdl,  388) [RDS][IF][rds_urc_hdl] data_base update: i4wifirssi(-67) 

07-28 17:12:05.654   965   972 I System  : FinalizerDaemon: finalize objects = 126

07-28 17:12:05.786 19972 19979 I System  : FinalizerDaemon: finalize objects = 52

07-28 17:12:05.924   798   824 E MFI-Conn:  (     mfia_task_bootstrap,  587) mfia_task_bootstrap(): retrying to connect to mal-mfi error 13!! ====

07-28 17:12:05.911   824   824 W viarild : type=1400 audit(0.0:123919): avc: denied { write } for name="mal-mfi" dev="tmpfs" ino=8735 scontext=u:r:viarild:s0 tcontext=u:object_r:mal_mfi_socket:s0 tclass=sock_file permissive=0

07-28 17:12:06.055   439   439 I thermal_src: wake up function 3

07-28 17:12:06.055   439   439 I thermal_src: TA_DAEMON_CMD_GET_TPCB cmd=0x5, len=4 PCB=36000

07-28 17:12:06.055   439   439 I thermal_src: TA_DAEMON_CMD_SET_TTJ cmd=0x4, len=4 Tj=85000

07-28 17:12:06.056   439   439 I thermal_src: waiting NOTIFY from kernel...

07-28 17:12:06.058  2678  2683 D FRR     : buff=0x7fb368b240, len=192

07-28 17:12:06.058  2678  2683 D FRR     : uevent[0]=0x7fb368b240, len=48, "change@/devices/platform/battery/power_supply/ac"

07-28 17:12:06.058  2678  2683 D FRR     : voteFps(60, 0)

07-28 17:12:06.058  2678  2683 D FRR     : ThermalListener loop:

07-28 17:12:06.058  2678  2683 D FRR     : buff=0x7fb368b240, len=195

07-28 17:12:06.058  2678  2683 D FRR     : uevent[0]=0x7fb368b240, len=49, "change@/devices/platform/battery/power_supply/usb"

07-28 17:12:06.058  2678  2683 D FRR     : voteFps(60, 0)

07-28 17:12:06.058  2678  2683 D FRR     : ThermalListener loop:

07-28 17:12:06.060   965  1947 V BatteryService: VNOILBS mScreenOn=true level=100 mCriticalBatteryLevel=3 mNotificationLowBatteryStates=false OS_VERSION=true mNotificationChargeStates=true status=5

07-28 17:12:06.060   965  1947 V BatteryService: VNOILBS, turn off battery light.

07-28 17:12:06.060   965  1947 V BatteryService: VNOILBS mScreenOn=true level=100 mCriticalBatteryLevel=3 mNotificationLowBatteryStates=false OS_VERSION=true mNotificationChargeStates=true status=5

07-28 17:12:06.060   965  1947 V BatteryService: VNOILBS, turn off battery light.

07-28 17:12:06.062  2678  2683 D FRR     : buff=0x7fb368b240, len=210

07-28 17:12:06.062  2678  2683 D FRR     : uevent[0]=0x7fb368b240, len=54, "change@/devices/platform/battery/power_supply/wireless"

07-28 17:12:06.062  2678  2683 D FRR     : voteFps(60, 0)

07-28 17:12:06.062  2678  2683 D FRR     : ThermalListener loop:

07-28 17:12:06.064   965  2010 V BatteryService: VNOILBS mScreenOn=true level=100 mCriticalBatteryLevel=3 mNotificationLowBatteryStates=false OS_VERSION=true mNotificationChargeStates=true status=5

07-28 17:12:06.064   965  2010 V BatteryService: VNOILBS, turn off battery light.

07-28 17:12:06.074  2678  2683 D FRR     : buff=0x7fb368b240, len=963

07-28 17:12:06.074  2678  2683 D FRR     : uevent[0]=0x7fb368b240, len=53, "change@/devices/platform/battery/power_supply/battery"

07-28 17:12:06.074  2678  2683 D FRR     : voteFps(60, 0)

07-28 17:12:06.074  2678  2683 D FRR     : ThermalListener loop:

07-28 17:12:06.075   965  1993 D BatteryService: mBatteryVoltage=4377, batteryLevel=50

07-28 17:12:06.075   965  1993 V BatteryService: VNOILBS mScreenOn=true level=100 mCriticalBatteryLevel=3 mNotificationLowBatteryStates=false OS_VERSION=true mNotificationChargeStates=true status=5

07-28 17:12:06.075   965  1993 V BatteryService: VNOILBS, turn off battery light.

07-28 17:12:06.075   965   965 V ActivityManager: Broadcast sticky: Intent { act=android.intent.action.BATTERY_CHANGED flg=0x60000010 (has extras) } ordered=false userid=-1 callerApp=null

07-28 17:12:06.079  7934  7934 D MusicService: ========action = android.intent.action.BATTERY_CHANGED

07-28 17:12:06.079  1322  1322 D KeyguardUpdateMonitor: received broadcast android.intent.action.BATTERY_CHANGED

07-28 17:12:06.079  1322  1322 I BatteryController: SystemUI|status = 5, mLastStatus = 5, mPluggedIn = true, mLastPluggedIn = true

07-28 17:12:06.080  1322  1322 I BatteryController: SystemUI|mLevel = 100, mLastLevel = 100

07-28 17:12:06.080  1322  1322 D KeyguardUpdateMonitor: handleBatteryUpdate

07-28 17:12:06.082  1997  1997 D SwitcherUpdateMonitor: receive broadcast, action = android.intent.action.BATTERY_CHANGED

07-28 17:12:06.083  1484  1484 I WarningMessage: receiver: action isandroid.intent.action.BATTERY_CHANGED mBatteryPowerConnetDialog=true mShowChargerOverVoltageDialog=true

07-28 17:12:06.083  1484  1484 D DeviceListener: ++onReceive++:android.intent.action.BATTERY_CHANGED

07-28 17:12:06.083  1484  1484 D DeviceListener: onReceiveandroid.intent.action.BATTERY_CHANGED

07-28 17:12:06.083  1484  1484 I UsbDeviceManagerService: mUsbReceiver action:android.intent.action.BATTERY_CHANGED mConnected:false mLastConnected:false

07-28 17:12:06.084   965   965 D FeatureService: onReceive action android.intent.action.BATTERY_CHANGED

07-28 17:12:06.085   965   965 D WifiService: onReceive, action:android.intent.action.BATTERY_CHANGED

07-28 17:12:06.085   965  1229 D WifiController: DeviceActiveState{ when=0 what=155652 arg1=2 target=com.android.internal.util.StateMachine$SmHandler }

07-28 17:12:06.085   965  1229 D WifiController: StaEnabledState{ when=0 what=155652 arg1=2 target=com.android.internal.util.StateMachine$SmHandler }

07-28 17:12:06.085   965  1229 D WifiController: DefaultState{ when=0 what=155652 arg1=2 target=com.android.internal.util.StateMachine$SmHandler }

07-28 17:12:06.085   965  1229 D WifiController: battery changed pluggedType: 2

07-28 17:12:06.086  1322  1322 D PowerUI : buckets   .....15 .. 10 .. 3

07-28 17:12:06.086  1322  1322 D PowerUI : level          100 --> 100

07-28 17:12:06.086  1322  1322 D PowerUI : status         5 --> 5

07-28 17:12:06.086  1322  1322 D PowerUI : plugType       2 --> 2

07-28 17:12:06.086  1322  1322 D PowerUI : invalidCharger 0 --> 0

07-28 17:12:06.086  1322  1322 D PowerUI : bucket         1 --> 1

07-28 17:12:06.086  1322  1322 D PowerUI : plugged        true --> true

07-28 17:12:06.087   965  2012 V ActivityManager: Broadcast: Intent { act=com.vivo.dismiss.lowpower flg=0x10 } ordered=false userid=0 callerApp=ProcessRecord{a9d1b8a 1322:com.android.systemui/u0a17}

07-28 17:12:06.089  1322  1322 I KeyguardSmartUpdateMonitor: handleChargingModeChanged, mQuickChargeHealth = 2, batteryHealth = 2

07-28 17:12:06.089  1322  1322 I KeyguardSmartUpdateMonitor: handleChargingModeChanged, mCurrentEngineState = 0, engineState = -2

07-28 17:12:06.653   441   441 I thermal_repeater: select timeout

07-28 17:12:06.732   427   793 E VT      : [SRV] [VT THREAD] [VT_Bind] des = volte_imsvt1 Fail to connect . retry count: 39239

07-28 17:12:06.732   427   793 D VT      : [SRV] isIMCBrun : False

07-28 17:12:06.924   798   824 E MFI-Conn:  (     mfia_task_bootstrap,  587) mfia_task_bootstrap(): retrying to connect to mal-mfi error 13!! ====

07-28 17:12:06.921   824   824 W viarild : type=1400 audit(0.0:123920): avc: denied { write } for name="mal-mfi" dev="tmpfs" ino=8735 scontext=u:r:viarild:s0 tcontext=u:object_r:mal_mfi_socket:s0 tclass=sock_file permissive=0

07-28 17:12:07.727   965  1227 D WifiStateMachine:  ConnectedState (when=-4ms what=131155 arg1=142!CMD_RSSI_POLL  rt=117799669/906259641 142 0 "beta-test" 3c:8c:40:e4:3c:f2 rssi=-67 f=2412 sc=80 link=65 tx=0.1, 0.0, 0.0  rx=1.6 bcn=0 [on:0 tx:0 rx:0 period:2998] from screen [on:0 period:-2005425873] gl hn rssi=-62 ag=0 hr ticks 5,266,819 ls-=0 [56,56,56,56,61] brc=0 lrc=0 offload-stopped

07-28 17:12:07.728   965  1227 D WifiStateMachine:  L2ConnectedState (when=-5ms what=131155 arg1=142!CMD_RSSI_POLL  rt=117799670/906259642 142 0 "beta-test" 3c:8c:40:e4:3c:f2 rssi=-67 f=2412 sc=80 link=65 tx=0.1, 0.0, 0.0  rx=1.6 bcn=0 [on:0 tx:0 rx:0 period:1] from screen [on:0 period:-2005425872] gl hn rssi=-62 ag=0 hr ticks 5,266,819 ls-=0 [56,56,56,56,61] brc=0 lrc=0 offload-stopped

07-28 17:12:07.728   965  1227 D WifiStateMachine:  get link layer stats 0

07-28 17:12:07.741   965  1227 I WifiStateMachine: fetchRssiLinkSpeedAndFrequencyNative, newRssi:-67, newLinkSpeed:65, SSID:"beta-test"

07-28 17:12:07.741   965  1227 D WifiStateMachine: mLastSignalLevel:2, newSignalLevel:2

07-28 17:12:07.741   965  1227 E WifiStateMachine: calculateWifiScore() we set wifi's score to 1000, so will always set wifi as a default network.

07-28 17:12:07.741   965  1227 V ActivityManager: Broadcast sticky: Intent { act=android.net.wifi.RSSI_CHANGED flg=0x4000010 (has extras) } ordered=false userid=-1 callerApp=ProcessRecord{f5c5ef3 965:system/1000}

07-28 17:12:07.745   965  1256 D WifiWatchdogStateMachine: RSSI current: 2 new: -67, 2

07-28 17:12:07.745  1322  1836 I VivoNetworkController: SystemUI|action = android.net.wifi.RSSI_CHANGED

07-28 17:12:07.925   798   824 E MFI-Conn:  (     mfia_task_bootstrap,  587) mfia_task_bootstrap(): retrying to connect to mal-mfi error 13!! ====

07-28 17:12:07.921   824   824 W viarild : type=1400 audit(0.0:123921): avc: denied { write } for name="mal-mfi" dev="tmpfs" ino=8735 scontext=u:r:viarild:s0 tcontext=u:object_r:mal_mfi_socket:s0 tclass=sock_file permissive=0

07-28 17:12:08.481   312 18192 I MAL-Daemon:  (        ru_syssig_hndler,  436) [RDS-I][ru_syssig_hndler] Send Event: 688 

07-28 17:12:08.481   312 18192 I MAL-Daemon:  (        ru_syssig_hndler,  437) [RDS-I][RDS][RU][ru_syssig_hndler] ru_check_ctx_ptr<0xf5f34d9c, 0xf5f34d9c>

07-28 17:12:08.481   312 18192 W MAL-Daemon:  (    mdfx_task_send_event,  636) mdfx_task_send_event(): [ACT] should NOT enter this leagcy API!!

07-28 17:12:08.481   312 18192 I MAL-Daemon:  (    ru_send_event_entity,  368) [RDS-I][RDS][RU][ru_send_event_entity] send event 688 to 602 with ret(0)

07-28 17:12:08.481   312   682 I MAL-Daemon:  (             rds_ru_task,  454) [RDS-I][RU][rds_ru_task] RCV Event: 688 

07-28 17:12:08.494   312   682 D MAL-Daemon:  (     ru_wsl_poll_wpainfo,  657) [RDS-D][RDS][RU][ru_wsl_poll_wpainfo]socket recv pktlen(48) 

07-28 17:12:08.494   312   682 D MAL-Daemon:  (rds_ru_ws_rssi_timer_exp,  770) [RDS-D][RU][rds_ru_ws_rssi_timer_expire_hdlr][RDS] get rssi = -67, snr = 9999 

07-28 17:12:08.495   312   682 I MAL-Daemon:  (          ru_get_netstat, 5599) [RDS-I][RU][ru_get_netstat] netstat <thrghpt, pkterrt>, wifi <276, 0%>, mobile <0, 0%>

07-28 17:12:08.495   312   682 I MAL-Daemon:  (    ru_send_event_entity,  368) [RDS-I][RDS][RU][ru_send_event_entity] send event 614 to 1236 with ret(0)

07-28 17:12:08.495  1970  2068 I MFI-Conn:  (     mfia_task_bootstrap,  944) mfia_task_bootstrap(): an event 614 incoming

07-28 17:12:08.496  1970  2110 I MFI-Conn:  (             rds_urc_hdl,  263) [RDS][rds_urc_hdl] RCV Event: 614 

07-28 17:12:08.496  1970  2110 I MFI-Conn:  (             rds_urc_hdl,  378) [RDS][IF][rds_urc_hdl] data_base update: pkterrt(0) 

07-28 17:12:08.925   798   824 E MFI-Conn:  (     mfia_task_bootstrap,  587) mfia_task_bootstrap(): retrying to connect to mal-mfi error 13!! ====

07-28 17:12:08.921   824   824 W viarild : type=1400 audit(0.0:123922): avc: denied { write } for name="mal-mfi" dev="tmpfs" ino=8735 scontext=u:r:viarild:s0 tcontext=u:object_r:mal_mfi_socket:s0 tclass=sock_file permissive=0

07-28 17:12:09.260   307  4893 I BufferQueueProducer: [StatusBar](this:0x7f9ed4a800,id:6,api:1,p:1322,c:307) queueBuffer: fps=0.20 dur=4999.03 max=4999.03 min=4999.03

07-28 17:12:09.273   307   307 I SurfaceFlinger: [Built-in Screen (type:0)] fps:0.200031,dur:4999.24,max:4999.24,min:4999.24

07-28 17:12:09.715 20004 20012 I System  : FinalizerDaemon: finalize objects = 267

07-28 17:12:09.732   427   793 E VT      : [SRV] [VT THREAD] [VT_Bind] des = volte_imsvt1 Fail to connect . retry count: 39240

07-28 17:12:09.733   427   793 D VT      : [SRV] isIMCBrun : False

07-28 17:12:09.926   798   824 E MFI-Conn:  (     mfia_task_bootstrap,  587) mfia_task_bootstrap(): retrying to connect to mal-mfi error 13!! ====

07-28 17:12:09.911   824   824 W viarild : type=1400 audit(0.0:123923): avc: denied { write } for name="mal-mfi" dev="tmpfs" ino=8735 scontext=u:r:viarild:s0 tcontext=u:object_r:mal_mfi_socket:s0 tclass=sock_file permissive=0

07-28 17:12:10.158   439   439 I thermal_src: wake up function 3

07-28 17:12:10.158   439   439 I thermal_src: TA_DAEMON_CMD_GET_TPCB cmd=0x5, len=4 PCB=36000

07-28 17:12:10.158   439   439 I thermal_src: TA_DAEMON_CMD_SET_TTJ cmd=0x4, len=4 Tj=85000

07-28 17:12:10.158   439   439 I thermal_src: waiting NOTIFY from kernel...

07-28 17:12:10.745   965  1227 D WifiStateMachine:  ConnectedState (when=-3ms what=131155 arg1=142!CMD_RSSI_POLL  rt=117802687/906262659 142 0 "beta-test" 3c:8c:40:e4:3c:f2 rssi=-67 f=2412 sc=80 link=65 tx=0.0, 0.0, 0.0  rx=2.3 bcn=0 [on:0 tx:0 rx:0 period:3003] from screen [on:0 period:-2005422855] gl hn rssi=-62 ag=0 hr ticks 5,266,819 ls-=0 [56,56,56,56,61] brc=0 lrc=0 offload-stopped

07-28 17:12:10.746   965  1227 D WifiStateMachine:  L2ConnectedState (when=-4ms what=131155 arg1=142!CMD_RSSI_POLL  rt=117802688/906262660 142 0 "beta-test" 3c:8c:40:e4:3c:f2 rssi=-67 f=2412 sc=80 link=65 tx=0.0, 0.0, 0.0  rx=2.3 bcn=0 [on:0 tx:0 rx:0 period:1] from screen [on:0 period:-2005422854] gl hn rssi=-62 ag=0 hr ticks 5,266,819 ls-=0 [56,56,56,56,61] brc=0 lrc=0 offload-stopped

07-28 17:12:10.746   965  1227 D WifiStateMachine:  get link layer stats 0

07-28 17:12:10.759   965  1227 I WifiStateMachine: fetchRssiLinkSpeedAndFrequencyNative, newRssi:-67, newLinkSpeed:65, SSID:"beta-test"

07-28 17:12:10.759   965  1227 D WifiStateMachine: mLastSignalLevel:2, newSignalLevel:2

07-28 17:12:10.759   965  1227 E WifiStateMachine: calculateWifiScore() we set wifi's score to 1000, so will always set wifi as a default network.

07-28 17:12:10.759   965  1227 V ActivityManager: Broadcast sticky: Intent { act=android.net.wifi.RSSI_CHANGED flg=0x4000010 (has extras) } ordered=false userid=-1 callerApp=ProcessRecord{f5c5ef3 965:system/1000}

07-28 17:12:10.763   965  1256 D WifiWatchdogStateMachine: RSSI current: 2 new: -67, 2

07-28 17:12:10.763  1322  1836 I VivoNetworkController: SystemUI|action = android.net.wifi.RSSI_CHANGED

07-28 17:12:10.926   798   824 E MFI-Conn:  (     mfia_task_bootstrap,  587) mfia_task_bootstrap(): retrying to connect to mal-mfi error 13!! ====

07-28 17:12:10.921   824   824 W viarild : type=1400 audit(0.0:123924): avc: denied { write } for name="mal-mfi" dev="tmpfs" ino=8735 scontext=u:r:viarild:s0 tcontext=u:object_r:mal_mfi_socket:s0 tclass=sock_file permissive=0

07-28 17:12:11.481   312 18192 I MAL-Daemon:  (        ru_syssig_hndler,  436) [RDS-I][ru_syssig_hndler] Send Event: 688 

07-28 17:12:11.481   312 18192 I MAL-Daemon:  (        ru_syssig_hndler,  437) [RDS-I][RDS][RU][ru_syssig_hndler] ru_check_ctx_ptr<0xf5f34d9c, 0xf5f34d9c>

07-28 17:12:11.481   312 18192 W MAL-Daemon:  (    mdfx_task_send_event,  636) mdfx_task_send_event(): [ACT] should NOT enter this leagcy API!!

07-28 17:12:11.481   312 18192 I MAL-Daemon:  (    ru_send_event_entity,  368) [RDS-I][RDS][RU][ru_send_event_entity] send event 688 to 602 with ret(0)

07-28 17:12:11.482   312   682 I MAL-Daemon:  (             rds_ru_task,  454) [RDS-I][RU][rds_ru_task] RCV Event: 688 

07-28 17:12:11.502   312   682 D MAL-Daemon:  (     ru_wsl_poll_wpainfo,  657) [RDS-D][RDS][RU][ru_wsl_poll_wpainfo]socket recv pktlen(48) 

07-28 17:12:11.502   312   682 D MAL-Daemon:  (rds_ru_ws_rssi_timer_exp,  770) [RDS-D][RU][rds_ru_ws_rssi_timer_expire_hdlr][RDS] get rssi = -67, snr = 9999 

07-28 17:12:11.503   312   682 I MAL-Daemon:  (          ru_get_netstat, 5599) [RDS-I][RU][ru_get_netstat] netstat <thrghpt, pkterrt>, wifi <342, 0%>, mobile <0, 0%>

07-28 17:12:11.503   312   682 I MAL-Daemon:  (    ru_send_event_entity,  368) [RDS-I][RDS][RU][ru_send_event_entity] send event 614 to 1236 with ret(0)

07-28 17:12:11.503  1970  2068 I MFI-Conn:  (     mfia_task_bootstrap,  944) mfia_task_bootstrap(): an event 614 incoming

07-28 17:12:11.504  1970  2110 I MFI-Conn:  (             rds_urc_hdl,  263) [RDS][rds_urc_hdl] RCV Event: 614 

07-28 17:12:11.504  1970  2110 I MFI-Conn:  (             rds_urc_hdl,  378) [RDS][IF][rds_urc_hdl] data_base update: pkterrt(0) 

07-28 17:12:11.653   441   441 I thermal_repeater: oh, queryMdThermalInfo (0)No such file or directory

07-28 17:12:11.658   441   441 I thermal_repeater: [recvMdThermalInfo] ret=5, strLen=127, ERROR

07-28 17:12:11.926   798   824 E MFI-Conn:  (     mfia_task_bootstrap,  587) mfia_task_bootstrap(): retrying to connect to mal-mfi error 13!! ====

07-28 17:12:11.911   824   824 W viarild : type=1400 audit(0.0:123925): avc: denied { write } for name="mal-mfi" dev="tmpfs" ino=8735 scontext=u:r:viarild:s0 tcontext=u:object_r:mal_mfi_socket:s0 tclass=sock_file permissive=0

07-28 17:12:12.268   307  4893 I BufferQueueProducer: [StatusBar](this:0x7f9ed4a800,id:6,api:1,p:1322,c:307) queueBuffer: fps=0.33 dur=3007.49 max=3007.49 min=3007.49

07-28 17:12:12.279   307   307 I SurfaceFlinger: [Built-in Screen (type:0)] fps:0.332655,dur:3006.12,max:3006.12,min:3006.12

07-28 17:12:12.717   965  2365 D DhcpStateMachine: PollingState{ when=-30ms what=196616 target=com.android.internal.util.StateMachine$SmHandler }

07-28 17:12:12.717   965  2365 D DhcpStateMachine: GET_DHCP_RESULTS on wlan0

07-28 17:12:12.718   965  2365 D DhcpUtils: [dhcpv6_get_results] result_prop_name = dhcp.ipv6.wlan0.result; isrenew = 0

07-28 17:12:12.718   965  2365 D DhcpUtils: [dhcpv6_get_results] prop_value = 

07-28 17:12:12.718   965  2365 D NetUtils: dhcpv6_get_results failed : wlan0 ()

07-28 17:12:12.718   965  2365 D DhcpStateMachine: getDhcpv6Results failed, isRenew = false

07-28 17:12:12.733   427   793 E VT      : [SRV] [VT THREAD] [VT_Bind] des = volte_imsvt1 Fail to connect . retry count: 39241

07-28 17:12:12.733   427   793 D VT      : [SRV] isIMCBrun : False

07-28 17:12:12.927   798   824 E MFI-Conn:  (     mfia_task_bootstrap,  587) mfia_task_bootstrap(): retrying to connect to mal-mfi error 13!! ====

07-28 17:12:12.921   824   824 W viarild : type=1400 audit(0.0:123926): avc: denied { write } for name="mal-mfi" dev="tmpfs" ino=8735 scontext=u:r:viarild:s0 tcontext=u:object_r:mal_mfi_socket:s0 tclass=sock_file permissive=0

07-28 17:12:13.763   965  1227 D WifiStateMachine:  ConnectedState (when=-4ms what=131155 arg1=142!CMD_RSSI_POLL  rt=117805705/906265676 142 0 "beta-test" 3c:8c:40:e4:3c:f2 rssi=-67 f=2412 sc=80 link=65 tx=0.0, 0.0, 0.0  rx=1.6 bcn=0 [on:0 tx:0 rx:0 period:3003] from screen [on:0 period:-2005419837] gl hn rssi=-62 ag=0 hr ticks 5,266,819 ls-=0 [56,56,56,56,61] brc=0 lrc=0 offload-stopped

07-28 17:12:13.763   965  1227 D WifiStateMachine:  L2ConnectedState (when=-4ms what=131155 arg1=142!CMD_RSSI_POLL  rt=117805705/906265677 142 0 "beta-test" 3c:8c:40:e4:3c:f2 rssi=-67 f=2412 sc=80 link=65 tx=0.0, 0.0, 0.0  rx=1.6 bcn=0 [on:0 tx:0 rx:0 period:0] from screen [on:0 period:-2005419837] gl hn rssi=-62 ag=0 hr ticks 5,266,819 ls-=0 [56,56,56,56,61] brc=0 lrc=0 offload-stopped

07-28 17:12:13.763   965  1227 D WifiStateMachine:  get link layer stats 0

07-28 17:12:13.774   965  1227 I WifiStateMachine: fetchRssiLinkSpeedAndFrequencyNative, newRssi:-67, newLinkSpeed:65, SSID:"beta-test"

07-28 17:12:13.774   965  1227 D WifiStateMachine: mLastSignalLevel:2, newSignalLevel:2

07-28 17:12:13.775   965  1227 E WifiStateMachine: calculateWifiScore() we set wifi's score to 1000, so will always set wifi as a default network.

07-28 17:12:13.777   965  1227 V ActivityManager: Broadcast sticky: Intent { act=android.net.wifi.RSSI_CHANGED flg=0x4000010 (has extras) } ordered=false userid=-1 callerApp=ProcessRecord{f5c5ef3 965:system/1000}

07-28 17:12:13.780   965  1256 D WifiWatchdogStateMachine: RSSI current: 2 new: -67, 2

07-28 17:12:13.781  1322  1836 I VivoNetworkController: SystemUI|action = android.net.wifi.RSSI_CHANGED

07-28 17:12:13.927   798   824 E MFI-Conn:  (     mfia_task_bootstrap,  587) mfia_task_bootstrap(): retrying to connect to mal-mfi error 13!! ====

07-28 17:12:13.921   824   824 W viarild : type=1400 audit(0.0:123927): avc: denied { write } for name="mal-mfi" dev="tmpfs" ino=8735 scontext=u:r:viarild:s0 tcontext=u:object_r:mal_mfi_socket:s0 tclass=sock_file permissive=0

07-28 17:12:14.481   312 18192 I MAL-Daemon:  (        ru_syssig_hndler,  436) [RDS-I][ru_syssig_hndler] Send Event: 688 

07-28 17:12:14.481   312 18192 I MAL-Daemon:  (        ru_syssig_hndler,  437) [RDS-I][RDS][RU][ru_syssig_hndler] ru_check_ctx_ptr<0xf5f34d9c, 0xf5f34d9c>

07-28 17:12:14.481   312 18192 W MAL-Daemon:  (    mdfx_task_send_event,  636) mdfx_task_send_event(): [ACT] should NOT enter this leagcy API!!

07-28 17:12:14.481   312 18192 I MAL-Daemon:  (    ru_send_event_entity,  368) [RDS-I][RDS][RU][ru_send_event_entity] send event 688 to 602 with ret(0)

07-28 17:12:14.481   312   682 I MAL-Daemon:  (             rds_ru_task,  454) [RDS-I][RU][rds_ru_task] RCV Event: 688 

07-28 17:12:14.495   312   682 D MAL-Daemon:  (     ru_wsl_poll_wpainfo,  657) [RDS-D][RDS][RU][ru_wsl_poll_wpainfo]socket recv pktlen(48) 

07-28 17:12:14.495   312   682 D MAL-Daemon:  (rds_ru_ws_rssi_timer_exp,  770) [RDS-D][RU][rds_ru_ws_rssi_timer_expire_hdlr][RDS] get rssi = -67, snr = 9999 

07-28 17:12:14.496   312   682 I MAL-Daemon:  (          ru_get_netstat, 5599) [RDS-I][RU][ru_get_netstat] netstat <thrghpt, pkterrt>, wifi <0, 0%>, mobile <0, 0%>

07-28 17:12:14.496   312   682 I MAL-Daemon:  (    ru_send_event_entity,  368) [RDS-I][RDS][RU][ru_send_event_entity] send event 614 to 1236 with ret(0)

07-28 17:12:14.496  1970  2068 I MFI-Conn:  (     mfia_task_bootstrap,  944) mfia_task_bootstrap(): an event 614 incoming

07-28 17:12:14.497  1970  2110 I MFI-Conn:  (             rds_urc_hdl,  263) [RDS][rds_urc_hdl] RCV Event: 614 

07-28 17:12:14.497  1970  2110 I MFI-Conn:  (             rds_urc_hdl,  378) [RDS][IF][rds_urc_hdl] data_base update: pkterrt(0) 

07-28 17:12:14.928   798   824 E MFI-Conn:  (     mfia_task_bootstrap,  587) mfia_task_bootstrap(): retrying to connect to mal-mfi error 13!! ====

07-28 17:12:14.921   824   824 W viarild : type=1400 audit(0.0:123928): avc: denied { write } for name="mal-mfi" dev="tmpfs" ino=8735 scontext=u:r:viarild:s0 tcontext=u:object_r:mal_mfi_socket:s0 tclass=sock_file permissive=0

07-28 17:12:15.167   439   439 I thermal_src: wake up function 3

07-28 17:12:15.167   439   439 I thermal_src: TA_DAEMON_CMD_GET_TPCB cmd=0x5, len=4 PCB=36000

07-28 17:12:15.167   439   439 I thermal_src: TA_DAEMON_CMD_SET_TTJ cmd=0x4, len=4 Tj=85000

07-28 17:12:15.167   439   439 I thermal_src: waiting NOTIFY from kernel...

07-28 17:12:15.733   427   793 E VT      : [SRV] [VT THREAD] [VT_Bind] des = volte_imsvt1 Fail to connect . retry count: 39242
