--------- beginning of main

07-31 10:14:09.906  2655  2656 D GasService: FG app changed: from com.bbk.launcher2 to com.android.mms

--------- beginning of system

07-31 10:14:10.130 18939 18939 W FtTelephonyAdapterImpl: getActiveSubInfoList.subInfo is empty

07-31 10:14:10.130 18939 18939 D Mms/CacheDelay: ---->>>start cache------------

07-31 10:14:10.134 18939 18939 I Mms/PrivacyMessageProcess: PrivacyMessageProcess init

07-31 10:14:10.134 18939 19005 I ContactArray: ContactsCache init begin:1501467250134

07-31 10:14:10.135   941   957 D ActivityManager: getContentProviderImpl: from caller=android.app.ApplicationThreadProxy@bf72cf2 (pid=18939, userId=0) to get content provider com.android.contacts cpr=ContentProviderRecord{91e9e7b u0 com.android.providers.contacts/.ContactsProvider2}

07-31 10:14:10.135   941   957 D ActivityManager: getContentProviderImpl: updateLruProcessLocked cpr.proc=ProcessRecord{65e19de 3079:android.process.acore/u0a4}

07-31 10:14:10.138 18939 19005 D ActivityThread: holder:android.app.IActivityManager$ContentProviderHolder@6365b63, holder.provider:android.content.ContentProviderProxy@68f4360

07-31 10:14:10.140 18939 18939 D Mms/CacheDelay: ---->>>cache finish------------

07-31 10:14:10.140 18939 19006 I PrivacyContactsArray: PrivacyContactsCache init begin:1501467250140

07-31 10:14:10.143  3079  3178 I ContactsProvider: query: uri=content://com.android.contacts/data/phones?encrypt=%20%3C%202 , projection=[_id, display_name, data1] , selection=[null] , args=null , order=[_id LIMIT 2000 OFFSET 0] CPID=18939 , User=0 , callingPackage=[com.android.mms]

07-31 10:14:10.144  3079  3089 I ContactsProvider: query: uri=content://com.android.contacts/data?encrypt=%3E0 , projection=[contact_id, raw_contact_id, display_name, data1] , selection=[mimetype_id = 5] , args=null , order=[null] CPID=18939 , User=0 , callingPackage=[com.android.mms]

07-31 10:14:10.148 18939 19006 D PrivacyContactsArray: -----count = 0

07-31 10:14:10.150   941  1380 V ActivityManager: Broadcast: Intent { act=com.android.mms.ACTION_NAME_LOAD_FINISHED flg=0x10 } ordered=false userid=0 callerApp=ProcessRecord{2ba4678 18939:com.android.mms/u0a11}

07-31 10:14:10.151 18939 19005 I ContactArray: ContactsCache init complete:1501467250151

07-31 10:14:10.151 18939 19006 I PrivacyContactsArray: PrivacyContactsCache init complete:1501467250151

07-31 10:14:10.151 18939 19006 I Mms/PrivacyMessageProcess: PrivacyContactsCache run done....

07-31 10:14:10.152   941   956 V ActivityManager: Broadcast: Intent { act=com.android.mms.privacymsg.cacheover flg=0x10 } ordered=false userid=0 callerApp=ProcessRecord{2ba4678 18939:com.android.mms/u0a11}

07-31 10:14:10.153 18939 19005 E PatternBuilder:  Incorrectly nested parentheses in regexp pattern

07-31 10:14:10.153 18939 19005 W System.err: java.util.regex.PatternSyntaxException: Incorrectly nested parentheses in regexp pattern near index 1:

07-31 10:14:10.153 18939 19005 W System.err: )

07-31 10:14:10.153 18939 19005 W System.err:  ^

07-31 10:14:10.154 18939 19005 W System.err: 	at java.util.regex.Pattern.compileImpl(Native Method)

07-31 10:14:10.154 18939 19005 W System.err: 	at java.util.regex.Pattern.compile(Pattern.java:411)

07-31 10:14:10.154 18939 19005 W System.err: 	at java.util.regex.Pattern.<init>(Pattern.java:394)

07-31 10:14:10.154 18939 19005 W System.err: 	at java.util.regex.Pattern.compile(Pattern.java:381)

07-31 10:14:10.154 18939 19005 W System.err: 	at com.android.mms.data.contactcache.PatternBuilder.buildNameMTPattern(PatternBuilder.java:69)

07-31 10:14:10.154 18939 19005 W System.err: 	at com.android.mms.data.contactcache.PatternBuilder.build(PatternBuilder.java:24)

07-31 10:14:10.154 18939 19005 W System.err: 	at com.android.mms.data.contactcache.ContactsArray.init(ContactsArray.java:67)

07-31 10:14:10.154 18939 19005 W System.err: 	at com.android.mms.data.contactcache.ContactsCacheProcess$InitThread.run(ContactsCacheProcess.java:71)

07-31 10:14:10.154 18939 19005 I ContactsCacheProcess: ContactsCache run done....

07-31 10:14:10.352   941  1996 D ActivityManager: getContentProviderImpl: from caller=android.app.ApplicationThreadProxy@ac7263e (pid=18939, userId=0) to get content provider sms cpr=ContentProviderRecord{56a054c u0 com.android.providers.telephony/.SmsProvider}

07-31 10:14:10.352   941  1996 D ActivityManager: getContentProviderImpl: updateLruProcessLocked cpr.proc=ProcessRecord{335c711 1907:com.android.phone/1001}

07-31 10:14:10.353 18939 18939 D ActivityThread: holder:android.app.IActivityManager$ContentProviderHolder@5e678de, holder.provider:android.content.ContentProviderProxy@5a94abf

07-31 10:14:10.377   817   839 E MFI-Conn:  (     mfia_task_bootstrap,  587) mfia_task_bootstrap(): retrying to connect to mal-mfi error 13!! ====

07-31 10:14:10.370   839   839 W viarild : type=1400 audit(0.0:3575): avc: denied { write } for name="mal-mfi" dev="tmpfs" ino=10393 scontext=u:r:viarild:s0 tcontext=u:object_r:mal_mfi_socket:s0 tclass=sock_file permissive=0

07-31 10:14:10.961   941  1259 D PerfServiceManager: [PerfService] MESSAGE_TIMEOUT:106 

07-31 10:14:10.975   941  1259 I libPerfService: 6: set: -1, -1, 

07-31 10:14:10.976   941  1259 I libPerfService: 6: set freq: -1, -1, 

07-31 10:14:11.332   423   797 E VT      : [SRV] [VT THREAD] [VT_Bind] des = volte_imsvt1 Fail to connect . retry count: 1174

07-31 10:14:11.332   423   797 D VT      : [SRV] isIMCBrun : False

07-31 10:14:11.378   817   839 E MFI-Conn:  (     mfia_task_bootstrap,  587) mfia_task_bootstrap(): retrying to connect to mal-mfi error 13!! ====

07-31 10:14:11.370   839   839 W viarild : type=1400 audit(0.0:3576): avc: denied { write } for name="mal-mfi" dev="tmpfs" ino=10393 scontext=u:r:viarild:s0 tcontext=u:object_r:mal_mfi_socket:s0 tclass=sock_file permissive=0

07-31 10:14:11.471   435   435 I thermal_repeater: select timeout

07-31 10:14:12.251   433   433 I thermal_src: wake up function 3

07-31 10:14:12.252   433   433 I thermal_src: TA_DAEMON_CMD_GET_TPCB cmd=0x5, len=4 PCB=36000

07-31 10:14:12.252   433   433 I thermal_src: TA_DAEMON_CMD_SET_TTJ cmd=0x4, len=4 Tj=85000

07-31 10:14:12.252   433   433 I thermal_src: waiting NOTIFY from kernel...

07-31 10:14:12.378   817   839 E MFI-Conn:  (     mfia_task_bootstrap,  587) mfia_task_bootstrap(): retrying to connect to mal-mfi error 13!! ====

07-31 10:14:12.370   839   839 W viarild : type=1400 audit(0.0:3577): avc: denied { write } for name="mal-mfi" dev="tmpfs" ino=10393 scontext=u:r:viarild:s0 tcontext=u:object_r:mal_mfi_socket:s0 tclass=sock_file permissive=0

07-31 10:14:13.164   941  1106 I PackageManager: mcs_unbind

07-31 10:14:13.164   941  1106 I PackageManager: calling disconnectService()

07-31 10:14:13.164   941  1106 I PackageManager: disconnectService: false

07-31 10:14:13.172  4997  4997 D ActivityThread: SVC-UNBIND_SERVICE handled : 0 / BindServiceData{token=android.os.BinderProxy@26fd865 intent=Intent { cmp=com.android.defcontainer/.DefaultContainerService }}

07-31 10:14:13.172  4997  4997 D ActivityThread: SVC-Destroying service: com.android.defcontainer.DefaultContainerService@ac193a

07-31 10:14:13.180  4997  4997 D ActivityThread: SVC-STOP_SERVICE handled : 0 / android.os.BinderProxy@26fd865

07-31 10:14:13.379   817   839 E MFI-Conn:  (     mfia_task_bootstrap,  587) mfia_task_bootstrap(): retrying to connect to mal-mfi error 13!! ====

07-31 10:14:13.370   839   839 W viarild : type=1400 audit(0.0:3578): avc: denied { write } for name="mal-mfi" dev="tmpfs" ino=10393 scontext=u:r:viarild:s0 tcontext=u:object_r:mal_mfi_socket:s0 tclass=sock_file permissive=0

07-31 10:14:14.130 18939 18939 V MMSLog  : ----------onReceiveWithPrivilege----------

07-31 10:14:14.137   941  1404 D AppOps  : startOperation: allowing code 40 uid 10011 package com.android.mms

07-31 10:14:14.157 18939 18939 D ActivityThread: SVC-Creating service: CreateServiceData{token=android.os.BinderProxy@c95358c className=com.android.mms.transaction.SmsReceiverService packageName=com.android.mms intent=null}

07-31 10:14:14.165  1482  1482 D ActivityThread: SVC-Creating service: CreateServiceData{token=android.os.BinderProxy@fc4c796 className=com.iqoo.secure.ui.antiharassment.InterceptService packageName=com.iqoo.secure intent=null}

07-31 10:14:14.166  1482  1482 D ActivityThread: SVC-CREATE_SERVICE handled : 0 / CreateServiceData{token=android.os.BinderProxy@fc4c796 className=com.iqoo.secure.ui.antiharassment.InterceptService packageName=com.iqoo.secure intent=null}

07-31 10:14:14.169  1482  1482 V ActivityThread: handleBindService s=com.iqoo.secure.ui.antiharassment.InterceptService@f9cdf17 rebind=false

07-31 10:14:14.176   941   987 V NetworkStats: setKernelCounterSet uid=10058 set=0

07-31 10:14:14.176  1482  1482 D ActivityThread: SVC-BIND_SERVICE handled : 0 / BindServiceData{token=android.os.BinderProxy@fc4c796 intent=Intent { pkg=com.iqoo.secure cmp=com.iqoo.secure/.ui.antiharassment.InterceptService }}

07-31 10:14:14.178  1624  1639 I DaemonService: DataUsageService pid = 1482

07-31 10:14:14.179 18939 18939 D ActivityThread: SVC-CREATE_SERVICE handled : 0 / CreateServiceData{token=android.os.BinderProxy@c95358c className=com.android.mms.transaction.SmsReceiverService packageName=com.android.mms intent=null}

07-31 10:14:14.179 18939 18939 D ActivityThread: SVC-Calling onStartCommand: com.android.mms.transaction.SmsReceiverService@820a4d5, flags=0, startId=1

07-31 10:14:14.179 18939 18939 D Mms/MMSLog: Message Sent Result Code = 0

07-31 10:14:14.179 18939 18939 D ActivityThread: SVC-SERVICE_ARGS handled : 0 / ServiceArgsData{token=android.os.BinderProxy@c95358c startId=1 args=Intent { act=com.vivo.telephony.VIVO_SMS_RECEIVED cmp=com.android.mms/.transaction.SmsReceiverService (has extras) }}

07-31 10:14:14.183 18939 19020 D Mms/MMSLog: Sms handleMessage :{ when=-2ms what=0 arg1=1 obj=Intent { act=com.vivo.telephony.VIVO_SMS_RECEIVED cmp=com.android.mms/.transaction.SmsReceiverService (has extras) } target=com.android.mms.transaction.SmsReceiverService$ServiceHandler obj=Intent { act=com.vivo.telephony.VIVO_SMS_RECEIVED cmp=com.android.mms/.transaction.SmsReceiverService (has extras) } }

07-31 10:14:14.183 18939 19020 D SmsReceiverService:  com.vivo.telephony.VIVO_SMS_RECEIVED -----------------

07-31 10:14:14.188   941  1996 D ActivityManager: getContentProviderImpl: from caller=android.app.ApplicationThreadProxy@8de23bb (pid=18939, userId=0) to get content provider sms cpr=ContentProviderRecord{56a054c u0 com.android.providers.telephony/.SmsProvider}

07-31 10:14:14.188   941  1996 D ActivityManager: getContentProviderImpl: updateLruProcessLocked cpr.proc=ProcessRecord{335c711 1907:com.android.phone/1001}

07-31 10:14:14.190 18939 19020 D ActivityThread: holder:android.app.IActivityManager$ContentProviderHolder@531d3db, holder.provider:android.content.ContentProviderProxy@b261e78

07-31 10:14:14.196 18939 19020 D SmsReceiverService: cur==========android.content.ContentResolver$CursorWrapperInner@cc2c5b6

07-31 10:14:14.197 18939 19020 D SmsReceiverService: cur.getCount ========0

07-31 10:14:14.200 18939 18939 D ActivityThread: SVC-Destroying service: com.android.mms.transaction.SmsReceiverService@820a4d5

07-31 10:14:14.203 18939 18939 D ActivityThread: SVC-STOP_SERVICE handled : 0 / android.os.BinderProxy@c95358c

07-31 10:14:14.203  1482  1482 D ActivityThread: SVC-UNBIND_SERVICE handled : 0 / BindServiceData{token=android.os.BinderProxy@fc4c796 intent=Intent { pkg=com.iqoo.secure cmp=com.iqoo.secure/.ui.antiharassment.InterceptService }}

07-31 10:14:14.203  1482  1482 D ActivityThread: SVC-Destroying service: com.iqoo.secure.ui.antiharassment.InterceptService@f9cdf17

07-31 10:14:14.204  1482  1482 D ActivityThread: SVC-STOP_SERVICE handled : 0 / android.os.BinderProxy@fc4c796

07-31 10:14:14.206  1624  2680 I DaemonService: DataUsageService pid = 1482

07-31 10:14:14.207   941   987 V NetworkStats: setKernelCounterSet uid=10058 set=1

07-31 10:14:14.209  1624  1639 I DaemonService: DataUsageService pid = 1482

07-31 10:14:14.332   423   797 E VT      : [SRV] [VT THREAD] [VT_Bind] des = volte_imsvt1 Fail to connect . retry count: 1175

07-31 10:14:14.333   423   797 D VT      : [SRV] isIMCBrun : False

07-31 10:14:14.379   817   839 E MFI-Conn:  (     mfia_task_bootstrap,  587) mfia_task_bootstrap(): retrying to connect to mal-mfi error 13!! ====

07-31 10:14:14.370   839   839 W viarild : type=1400 audit(0.0:3579): avc: denied { write } for name="mal-mfi" dev="tmpfs" ino=10393 scontext=u:r:viarild:s0 tcontext=u:object_r:mal_mfi_socket:s0 tclass=sock_file permissive=0

07-31 10:14:14.578  2173  2181 I System  : FinalizerDaemon: finalize objects = 1

07-31 10:14:14.603  1997  2004 I System  : FinalizerDaemon: finalize objects = 537

07-31 10:14:15.176  3079  3086 I System  : FinalizerDaemon: finalize objects = 13

07-31 10:14:15.380   817   839 E MFI-Conn:  (     mfia_task_bootstrap,  587) mfia_task_bootstrap(): retrying to connect to mal-mfi error 13!! ====

07-31 10:14:15.370   839   839 W viarild : type=1400 audit(0.0:3580): avc: denied { write } for name="mal-mfi" dev="tmpfs" ino=10393 scontext=u:r:viarild:s0 tcontext=u:object_r:mal_mfi_socket:s0 tclass=sock_file permissive=0

07-31 10:14:16.380   817   839 E MFI-Conn:  (     mfia_task_bootstrap,  587) mfia_task_bootstrap(): retrying to connect to mal-mfi error 13!! ====

07-31 10:14:16.370   839   839 W viarild : type=1400 audit(0.0:3581): avc: denied { write } for name="mal-mfi" dev="tmpfs" ino=10393 scontext=u:r:viarild:s0 tcontext=u:object_r:mal_mfi_socket:s0 tclass=sock_file permissive=0

07-31 10:14:16.472   435   435 I thermal_repeater: oh, queryMdThermalInfo (0)No such file or directory

07-31 10:14:16.476   435   435 I thermal_repeater: [recvMdThermalInfo] ret=5, strLen=127, ERROR

07-31 10:14:17.202   433   433 I thermal_src: wake up function 3

07-31 10:14:17.202   433   433 I thermal_src: TA_DAEMON_CMD_GET_TPCB cmd=0x5, len=4 PCB=36000

07-31 10:14:17.202   433   433 I thermal_src: TA_DAEMON_CMD_SET_TTJ cmd=0x4, len=4 Tj=85000

07-31 10:14:17.202   433   433 I thermal_src: waiting NOTIFY from kernel...

07-31 10:14:17.206  2654  2658 D FRR     : buff=0x7f86538240, len=191

07-31 10:14:17.206  2654  2658 D FRR     : uevent[0]=0x7f86538240, len=48, "change@/devices/platform/battery/power_supply/ac"

07-31 10:14:17.206  2654  2658 D FRR     : voteFps(60, 0)

07-31 10:14:17.206  2654  2658 D FRR     : ThermalListener loop:

07-31 10:14:17.208   941  1977 V BatteryService: VNOILBS mScreenOn=true level=100 mCriticalBatteryLevel=3 mNotificationLowBatteryStates=false OS_VERSION=true mNotificationChargeStates=true status=5

07-31 10:14:17.208   941  1977 V BatteryService: VNOILBS, turn off battery light.

07-31 10:14:17.225  2654  2658 D FRR     : buff=0x7f86538240, len=194

07-31 10:14:17.225  2654  2658 D FRR     : uevent[0]=0x7f86538240, len=49, "change@/devices/platform/battery/power_supply/usb"

07-31 10:14:17.225  2654  2658 D FRR     : voteFps(60, 0)

07-31 10:14:17.225  2654  2658 D FRR     : ThermalListener loop:

07-31 10:14:17.229  2654  2658 D FRR     : buff=0x7f86538240, len=209

07-31 10:14:17.229  2654  2658 D FRR     : uevent[0]=0x7f86538240, len=54, "change@/devices/platform/battery/power_supply/wireless"

07-31 10:14:17.229  2654  2658 D FRR     : voteFps(60, 0)

07-31 10:14:17.229  2654  2658 D FRR     : ThermalListener loop:

07-31 10:14:17.235   941   956 V BatteryService: VNOILBS mScreenOn=true level=100 mCriticalBatteryLevel=3 mNotificationLowBatteryStates=false OS_VERSION=true mNotificationChargeStates=true status=5

07-31 10:14:17.235   941   956 V BatteryService: VNOILBS, turn off battery light.

07-31 10:14:17.235   941   956 V BatteryService: VNOILBS mScreenOn=true level=100 mCriticalBatteryLevel=3 mNotificationLowBatteryStates=false OS_VERSION=true mNotificationChargeStates=true status=5

07-31 10:14:17.235   941   956 V BatteryService: VNOILBS, turn off battery light.

07-31 10:14:17.246  2654  2658 D FRR     : buff=0x7f86538240, len=962

07-31 10:14:17.247  2654  2658 D FRR     : uevent[0]=0x7f86538240, len=53, "change@/devices/platform/battery/power_supply/battery"

07-31 10:14:17.247  2654  2658 D FRR     : voteFps(60, 0)

07-31 10:14:17.247  2654  2658 D FRR     : ThermalListener loop:

07-31 10:14:17.248   941  1955 D BatteryService: mBatteryVoltage=4353, batteryLevel=50

07-31 10:14:17.248   941  1955 V BatteryService: VNOILBS mScreenOn=true level=100 mCriticalBatteryLevel=3 mNotificationLowBatteryStates=false OS_VERSION=true mNotificationChargeStates=true status=5

07-31 10:14:17.248   941  1955 V BatteryService: VNOILBS, turn off battery light.

07-31 10:14:17.249   941   941 V ActivityManager: Broadcast sticky: Intent { act=android.intent.action.BATTERY_CHANGED flg=0x60000010 (has extras) } ordered=false userid=-1 callerApp=null

07-31 10:14:17.256  1340  1340 D KeyguardUpdateMonitor: received broadcast android.intent.action.BATTERY_CHANGED

07-31 10:14:17.256  1340  1340 I BatteryController: SystemUI|status = 5, mLastStatus = 5, mPluggedIn = true, mLastPluggedIn = true

07-31 10:14:17.257  1504  1504 I WarningMessage: receiver: action isandroid.intent.action.BATTERY_CHANGED mBatteryPowerConnetDialog=true mShowChargerOverVoltageDialog=true

07-31 10:14:17.259  1978  1978 D SwitcherUpdateMonitor: receive broadcast, action = android.intent.action.BATTERY_CHANGED

07-31 10:14:17.261  1504  1504 D DeviceListener: ++onReceive++:android.intent.action.BATTERY_CHANGED

07-31 10:14:17.261  1340  1340 I BatteryController: SystemUI|mLevel = 100, mLastLevel = 100

07-31 10:14:17.261  1504  1504 D DeviceListener: onReceiveandroid.intent.action.BATTERY_CHANGED

07-31 10:14:17.261  1504  1504 I UsbDeviceManagerService: mUsbReceiver action:android.intent.action.BATTERY_CHANGED mConnected:false mLastConnected:false

07-31 10:14:17.262   433   433 I thermal_src: wake up function 3

07-31 10:14:17.262   433   433 I thermal_src: TA_DAEMON_CMD_GET_TPCB cmd=0x5, len=4 PCB=36000

07-31 10:14:17.262   433   433 I thermal_src: TA_DAEMON_CMD_SET_TTJ cmd=0x4, len=4 Tj=85000

07-31 10:14:17.262  1340  1340 D PowerUI : buckets   .....15 .. 10 .. 3

07-31 10:14:17.262  1340  1340 D PowerUI : level          100 --> 100

07-31 10:14:17.262   433   433 I thermal_src: waiting NOTIFY from kernel...

07-31 10:14:17.262  1340  1340 D PowerUI : status         5 --> 5

07-31 10:14:17.262   941   941 D FeatureService: onReceive action android.intent.action.BATTERY_CHANGED

07-31 10:14:17.262  1340  1340 D PowerUI : plugType       2 --> 2

07-31 10:14:17.262  1340  1340 D PowerUI : invalidCharger 0 --> 0

07-31 10:14:17.262  1340  1340 D PowerUI : bucket         1 --> 1

07-31 10:14:17.262  1340  1340 D PowerUI : plugged        true --> true

07-31 10:14:17.262   941   941 D WifiService: onReceive, action:android.intent.action.BATTERY_CHANGED

07-31 10:14:17.262   941  1236 D WifiController: ApStaDisabledState{ when=0 what=155652 arg1=2 target=com.android.internal.util.StateMachine$SmHandler }

07-31 10:14:17.262   941  1236 D WifiController: DefaultState{ when=-1ms what=155652 arg1=2 target=com.android.internal.util.StateMachine$SmHandler }

07-31 10:14:17.262   941  1236 D WifiController: battery changed pluggedType: 2

07-31 10:14:17.262   941  1957 V ActivityManager: Broadcast: Intent { act=com.vivo.dismiss.lowpower flg=0x10 } ordered=false userid=0 callerApp=ProcessRecord{5bf1545 1340:com.android.systemui/u0a17}

07-31 10:14:17.265  1340  1340 D KeyguardUpdateMonitor: handleBatteryUpdate

07-31 10:14:17.265  1340  1340 I KeyguardSmartUpdateMonitor: handleChargingModeChanged, mQuickChargeHealth = 2, batteryHealth = 2

07-31 10:14:17.265  1340  1340 I KeyguardSmartUpdateMonitor: handleChargingModeChanged, mCurrentEngineState = 0, engineState = -2

07-31 10:14:17.333   423   797 E VT      : [SRV] [VT THREAD] [VT_Bind] des = volte_imsvt1 Fail to connect . retry count: 1176

07-31 10:14:17.333   423   797 D VT      : [SRV] isIMCBrun : False

07-31 10:14:17.381   817   839 E MFI-Conn:  (     mfia_task_bootstrap,  587) mfia_task_bootstrap(): retrying to connect to mal-mfi error 13!! ====

07-31 10:14:17.370   839   839 W viarild : type=1400 audit(0.0:3582): avc: denied { write } for name="mal-mfi" dev="tmpfs" ino=10393 scontext=u:r:viarild:s0 tcontext=u:object_r:mal_mfi_socket:s0 tclass=sock_file permissive=0

07-31 10:14:17.394   941   948 I System  : FinalizerDaemon: finalize objects = 436

07-31 10:14:18.187  4997  5004 I System  : FinalizerDaemon: finalize objects = 63

07-31 10:14:18.381   817   839 E MFI-Conn:  (     mfia_task_bootstrap,  587) mfia_task_bootstrap(): retrying to connect to mal-mfi error 13!! ====

07-31 10:14:18.380   839   839 W viarild : type=1400 audit(0.0:3583): avc: denied { write } for name="mal-mfi" dev="tmpfs" ino=10393 scontext=u:r:viarild:s0 tcontext=u:object_r:mal_mfi_socket:s0 tclass=sock_file permissive=0

07-31 10:14:19.226 18912 18916 I System  : FinalizerDaemon: finalize objects = 50

07-31 10:14:19.382   817   839 E MFI-Conn:  (     mfia_task_bootstrap,  587) mfia_task_bootstrap(): retrying to connect to mal-mfi error 13!! ====

07-31 10:14:19.380   839   839 W viarild : type=1400 audit(0.0:3584): avc: denied { write } for name="mal-mfi" dev="tmpfs" ino=10393 scontext=u:r:viarild:s0 tcontext=u:object_r:mal_mfi_socket:s0 tclass=sock_file permissive=0

07-31 10:14:20.334   423   797 E VT      : [SRV] [VT THREAD] [VT_Bind] des = volte_imsvt1 Fail to connect . retry count: 1177

07-31 10:14:20.334   423   797 D VT      : [SRV] isIMCBrun : False

07-31 10:14:20.382   817   839 E MFI-Conn:  (     mfia_task_bootstrap,  587) mfia_task_bootstrap(): retrying to connect to mal-mfi error 13!! ====

07-31 10:14:20.380   839   839 W viarild : type=1400 audit(0.0:3585): avc: denied { write } for name="mal-mfi" dev="tmpfs" ino=10393 scontext=u:r:viarild:s0 tcontext=u:object_r:mal_mfi_socket:s0 tclass=sock_file permissive=0

07-31 10:14:21.383   817   839 E MFI-Conn:  (     mfia_task_bootstrap,  587) mfia_task_bootstrap(): retrying to connect to mal-mfi error 13!! ====

07-31 10:14:21.380   839   839 W viarild : type=1400 audit(0.0:3586): avc: denied { write } for name="mal-mfi" dev="tmpfs" ino=10393 scontext=u:r:viarild:s0 tcontext=u:object_r:mal_mfi_socket:s0 tclass=sock_file permissive=0

07-31 10:14:21.481   435   435 I thermal_repeater: select timeout

07-31 10:14:22.272   433   433 I thermal_src: wake up function 3

07-31 10:14:22.272   433   433 I thermal_src: TA_DAEMON_CMD_GET_TPCB cmd=0x5, len=4 PCB=36000

07-31 10:14:22.272   433   433 I thermal_src: TA_DAEMON_CMD_SET_TTJ cmd=0x4, len=4 Tj=85000

07-31 10:14:22.272   433   433 I thermal_src: waiting NOTIFY from kernel...

07-31 10:14:22.383   817   839 E MFI-Conn:  (     mfia_task_bootstrap,  587) mfia_task_bootstrap(): retrying to connect to mal-mfi error 13!! ====

07-31 10:14:22.380   839   839 W viarild : type=1400 audit(0.0:3587): avc: denied { write } for name="mal-mfi" dev="tmpfs" ino=10393 scontext=u:r:viarild:s0 tcontext=u:object_r:mal_mfi_socket:s0 tclass=sock_file permissive=0

07-31 10:14:23.334   423   797 E VT      : [SRV] [VT THREAD] [VT_Bind] des = volte_imsvt1 Fail to connect . retry count: 1178

07-31 10:14:23.335   423   797 D VT      : [SRV] isIMCBrun : False

07-31 10:14:23.383   817   839 E MFI-Conn:  (     mfia_task_bootstrap,  587) mfia_task_bootstrap(): retrying to connect to mal-mfi error 13!! ====

07-31 10:14:23.380   839   839 W viarild : type=1400 audit(0.0:3588): avc: denied { write } for name="mal-mfi" dev="tmpfs" ino=10393 scontext=u:r:viarild:s0 tcontext=u:object_r:mal_mfi_socket:s0 tclass=sock_file permissive=0

07-31 10:14:24.160 18939 18947 I System  : FinalizerDaemon: finalize objects = 265

07-31 10:14:24.380   839   839 W viarild : type=1400 audit(0.0:3589): avc: denied { write } for name="mal-mfi" dev="tmpfs" ino=10393 scontext=u:r:viarild:s0 tcontext=u:object_r:mal_mfi_socket:s0 tclass=sock_file permissive=0

07-31 10:14:24.384   817   839 E MFI-Conn:  (     mfia_task_bootstrap,  587) mfia_task_bootstrap(): retrying to connect to mal-mfi error 13!! ====

07-31 10:14:25.384   817   839 E MFI-Conn:  (     mfia_task_bootstrap,  587) mfia_task_bootstrap(): retrying to connect to mal-mfi error 13!! ====

07-31 10:14:25.380   839   839 W viarild : type=1400 audit(0.0:3590): avc: denied { write } for name="mal-mfi" dev="tmpfs" ino=10393 scontext=u:r:viarild:s0 tcontext=u:object_r:mal_mfi_socket:s0 tclass=sock_file permissive=0

07-31 10:14:26.335   423   797 E VT      : [SRV] [VT THREAD] [VT_Bind] des = volte_imsvt1 Fail to connect . retry count: 1179

07-31 10:14:26.336   423   797 D VT      : [SRV] isIMCBrun : False

07-31 10:14:26.385   817   839 E MFI-Conn:  (     mfia_task_bootstrap,  587) mfia_task_bootstrap(): retrying to connect to mal-mfi error 13!! ====

07-31 10:14:26.380   839   839 W viarild : type=1400 audit(0.0:3591): avc: denied { write } for name="mal-mfi" dev="tmpfs" ino=10393 scontext=u:r:viarild:s0 tcontext=u:object_r:mal_mfi_socket:s0 tclass=sock_file permissive=0

07-31 10:14:26.482   435   435 I thermal_repeater: oh, queryMdThermalInfo (0)No such file or directory

07-31 10:14:26.486   435   435 I thermal_repeater: [recvMdThermalInfo] ret=5, strLen=127, ERROR

07-31 10:14:27.201   433   433 I thermal_src: wake up function 3

07-31 10:14:27.201   433   433 I thermal_src: TA_DAEMON_CMD_GET_TPCB cmd=0x5, len=4 PCB=36000

07-31 10:14:27.201   433   433 I thermal_src: TA_DAEMON_CMD_SET_TTJ cmd=0x4, len=4 Tj=85000

07-31 10:14:27.201   433   433 I thermal_src: waiting NOTIFY from kernel...

07-31 10:14:27.203  2654  2658 D FRR     : buff=0x7f86538240, len=191

07-31 10:14:27.203  2654  2658 D FRR     : uevent[0]=0x7f86538240, len=48, "change@/devices/platform/battery/power_supply/ac"

07-31 10:14:27.203  2654  2658 D FRR     : voteFps(60, 0)

07-31 10:14:27.203  2654  2658 D FRR     : ThermalListener loop:

07-31 10:14:27.203  2654  2658 D FRR     : buff=0x7f86538240, len=194

07-31 10:14:27.203  2654  2658 D FRR     : uevent[0]=0x7f86538240, len=49, "change@/devices/platform/battery/power_supply/usb"

07-31 10:14:27.203  2654  2658 D FRR     : voteFps(60, 0)

07-31 10:14:27.203  2654  2658 D FRR     : ThermalListener loop:

07-31 10:14:27.204  2654  2658 D FRR     : buff=0x7f86538240, len=209

07-31 10:14:27.204  2654  2658 D FRR     : uevent[0]=0x7f86538240, len=54, "change@/devices/platform/battery/power_supply/wireless"

07-31 10:14:27.204  2654  2658 D FRR     : voteFps(60, 0)

07-31 10:14:27.204  2654  2658 D FRR     : ThermalListener loop:

07-31 10:14:27.205   941  1955 V BatteryService: VNOILBS mScreenOn=true level=100 mCriticalBatteryLevel=3 mNotificationLowBatteryStates=false OS_VERSION=true mNotificationChargeStates=true status=5

07-31 10:14:27.205   941  1955 V BatteryService: VNOILBS, turn off battery light.

07-31 10:14:27.205   941  1955 D BatteryService: mBatteryVoltage=4350, batteryLevel=50

07-31 10:14:27.205   941  1955 V BatteryService: VNOILBS mScreenOn=true level=100 mCriticalBatteryLevel=3 mNotificationLowBatteryStates=false OS_VERSION=true mNotificationChargeStates=true status=5

07-31 10:14:27.205   941  1955 V BatteryService: VNOILBS, turn off battery light.

07-31 10:14:27.206   941   941 V ActivityManager: Broadcast sticky: Intent { act=android.intent.action.BATTERY_CHANGED flg=0x60000010 (has extras) } ordered=false userid=-1 callerApp=null

07-31 10:14:27.207  1504  1504 I WarningMessage: receiver: action isandroid.intent.action.BATTERY_CHANGED mBatteryPowerConnetDialog=true mShowChargerOverVoltageDialog=true

07-31 10:14:27.208  1504  1504 D DeviceListener: ++onReceive++:android.intent.action.BATTERY_CHANGED

07-31 10:14:27.208  1504  1504 D DeviceListener: onReceiveandroid.intent.action.BATTERY_CHANGED

07-31 10:14:27.208  1504  1504 I UsbDeviceManagerService: mUsbReceiver action:android.intent.action.BATTERY_CHANGED mConnected:false mLastConnected:false

07-31 10:14:27.209  1340  1340 D KeyguardUpdateMonitor: received broadcast android.intent.action.BATTERY_CHANGED

07-31 10:14:27.209  1340  1340 I BatteryController: SystemUI|status = 5, mLastStatus = 5, mPluggedIn = true, mLastPluggedIn = true

07-31 10:14:27.210  1340  1340 I BatteryController: SystemUI|mLevel = 100, mLastLevel = 100

07-31 10:14:27.210  1340  1340 D PowerUI : buckets   .....15 .. 10 .. 3

07-31 10:14:27.210  1340  1340 D PowerUI : level          100 --> 100

07-31 10:14:27.210  1340  1340 D PowerUI : status         5 --> 5

07-31 10:14:27.210  1340  1340 D PowerUI : plugType       2 --> 2

07-31 10:14:27.210  1340  1340 D PowerUI : invalidCharger 0 --> 0

07-31 10:14:27.210  1340  1340 D PowerUI : bucket         1 --> 1

07-31 10:14:27.210  1340  1340 D PowerUI : plugged        true --> true

07-31 10:14:27.211   941  1957 V ActivityManager: Broadcast: Intent { act=com.vivo.dismiss.lowpower flg=0x10 } ordered=false userid=0 callerApp=ProcessRecord{5bf1545 1340:com.android.systemui/u0a17}

07-31 10:14:27.211  1978  1978 D SwitcherUpdateMonitor: receive broadcast, action = android.intent.action.BATTERY_CHANGED

07-31 10:14:27.211  1340  1340 D KeyguardUpdateMonitor: handleBatteryUpdate

07-31 10:14:27.211  1340  1340 I KeyguardSmartUpdateMonitor: handleChargingModeChanged, mQuickChargeHealth = 2, batteryHealth = 2

07-31 10:14:27.211  1340  1340 I KeyguardSmartUpdateMonitor: handleChargingModeChanged, mCurrentEngineState = 0, engineState = -2

07-31 10:14:27.212  2654  2658 D FRR     : buff=0x7f86538240, len=962

07-31 10:14:27.212  2654  2658 D FRR     : uevent[0]=0x7f86538240, len=53, "change@/devices/platform/battery/power_supply/battery"

07-31 10:14:27.212  2654  2658 D FRR     : voteFps(60, 0)

07-31 10:14:27.213  2654  2658 D FRR     : ThermalListener loop:

07-31 10:14:27.213   941   941 D FeatureService: onReceive action android.intent.action.BATTERY_CHANGED

07-31 10:14:27.213   941   941 D WifiService: onReceive, action:android.intent.action.BATTERY_CHANGED

07-31 10:14:27.213   941  1236 D WifiController: ApStaDisabledState{ when=0 what=155652 arg1=2 target=com.android.internal.util.StateMachine$SmHandler }

07-31 10:14:27.213   941  1236 D WifiController: DefaultState{ when=0 what=155652 arg1=2 target=com.android.internal.util.StateMachine$SmHandler }

07-31 10:14:27.214   941  1236 D WifiController: battery changed pluggedType: 2

07-31 10:14:27.224   941  1870 V BatteryService: VNOILBS mScreenOn=true level=100 mCriticalBatteryLevel=3 mNotificationLowBatteryStates=false OS_VERSION=true mNotificationChargeStates=true status=5

07-31 10:14:27.224   941  1870 V BatteryService: VNOILBS, turn off battery light.

07-31 10:14:27.227   941  1977 V BatteryService: VNOILBS mScreenOn=true level=100 mCriticalBatteryLevel=3 mNotificationLowBatteryStates=false OS_VERSION=true mNotificationChargeStates=true status=5

07-31 10:14:27.227   941  1977 V BatteryService: VNOILBS, turn off battery light.

07-31 10:14:27.281   433   433 I thermal_src: wake up function 3

07-31 10:14:27.281   433   433 I thermal_src: TA_DAEMON_CMD_GET_TPCB cmd=0x5, len=4 PCB=36000

07-31 10:14:27.281   433   433 I thermal_src: TA_DAEMON_CMD_SET_TTJ cmd=0x4, len=4 Tj=85000

07-31 10:14:27.281   433   433 I thermal_src: waiting NOTIFY from kernel...

07-31 10:14:27.385   817   839 E MFI-Conn:  (     mfia_task_bootstrap,  587) mfia_task_bootstrap(): retrying to connect to mal-mfi error 13!! ====

07-31 10:14:27.380   839   839 W viarild : type=1400 audit(0.0:3592): avc: denied { write } for name="mal-mfi" dev="tmpfs" ino=10393 scontext=u:r:viarild:s0 tcontext=u:object_r:mal_mfi_socket:s0 tclass=sock_file permissive=0

07-31 10:14:28.386   817   839 E MFI-Conn:  (     mfia_task_bootstrap,  587) mfia_task_bootstrap(): retrying to connect to mal-mfi error 13!! ====

07-31 10:14:28.380   839   839 W viarild : type=1400 audit(0.0:3593): avc: denied { write } for name="mal-mfi" dev="tmpfs" ino=10393 scontext=u:r:viarild:s0 tcontext=u:object_r:mal_mfi_socket:s0 tclass=sock_file permissive=0

07-31 10:14:29.244 18912 18916 I System  : FinalizerDaemon: finalize objects = 27

07-31 10:14:29.336   423   797 E VT      : [SRV] [VT THREAD] [VT_Bind] des = volte_imsvt1 Fail to connect . retry count: 1180

07-31 10:14:29.336   423   797 D VT      : [SRV] isIMCBrun : False

07-31 10:14:29.386   817   839 E MFI-Conn:  (     mfia_task_bootstrap,  587) mfia_task_bootstrap(): retrying to connect to mal-mfi error 13!! ====

07-31 10:14:29.380   839   839 W viarild : type=1400 audit(0.0:3594): avc: denied { write } for name="mal-mfi" dev="tmpfs" ino=10393 scontext=u:r:viarild:s0 tcontext=u:object_r:mal_mfi_socket:s0 tclass=sock_file permissive=0

07-31 10:14:30.380   839   839 W viarild : type=1400 audit(0.0:3595): avc: denied { write } for name="mal-mfi" dev="tmpfs" ino=10393 scontext=u:r:viarild:s0 tcontext=u:object_r:mal_mfi_socket:s0 tclass=sock_file permissive=0
