07-28 17:15:41.493  1970  2110 I MFI-Conn:  (             rds_urc_hdl,  388) [RDS][IF][rds_urc_hdl] data_base update: i4wifirssi(-72) 

07-28 17:15:41.504   312   682 I MAL-Daemon:  (          rds_ru_rpl_gen, 5180) [RDS-I][RU][rds_ru_rpl_gen][RDS][OP0] TYPE : <3>, UI Policy : <3>, RDS Policy : <3>

07-28 17:15:41.504   312   682 I MAL-Daemon:  (          rds_ru_rpl_gen, 5191) [RDS-I][RU][rds_ru_rpl_gen][RDS][OP0] TYPE : <3>, RAN1 : <255> ,RAN2 : <255>

07-28 17:15:41.504   312   682 I MAL-Daemon:  (          rds_ru_rpl_gen, 5180) [RDS-I][RU][rds_ru_rpl_gen][RDS][OP0] TYPE : <4>, UI Policy : <3>, RDS Policy : <3>

07-28 17:15:41.504   312   682 I MAL-Daemon:  (          rds_ru_rpl_gen, 5191) [RDS-I][RU][rds_ru_rpl_gen][RDS][OP0] TYPE : <4>, RAN1 : <255> ,RAN2 : <255>

07-28 17:15:41.504   312   682 I MAL-Daemon:  (          rds_ru_rpl_gen, 5180) [RDS-I][RU][rds_ru_rpl_gen][RDS][OP0] TYPE : <5>, UI Policy : <3>, RDS Policy : <3>

07-28 17:15:41.504   312   682 I MAL-Daemon:  (          rds_ru_rpl_gen, 5191) [RDS-I][RU][rds_ru_rpl_gen][RDS][OP0] TYPE : <5>, RAN1 : <255> ,RAN2 : <255>

07-28 17:15:41.504   312   682 I MAL-Daemon:  (          rds_ru_rpl_gen, 5191) [RDS-I][RU][rds_ru_rpl_gen][RDS][OP0] TYPE : <6>, RAN1 : <254> ,RAN2 : <254>

07-28 17:15:41.504   312   682 I MAL-Daemon:  (    rds_op_check_feature,  324) [RDS-I][RDS][OP][rds_op_check_feature] operator id(0) check feature<0>, curr_opmsk is <1>, sys_opmsk is <0x0001, 1>

07-28 17:15:41.504   312   682 I MAL-Daemon:  (  rds_ru_ims_vops_update, 4980) [RDS-I][RU][rds_ru_ims_vops_update][RDS IMS]Policy type: 0 IMS VOPS IE is Disabled, update IMS RPL from Ori:(254, 254) New:(254,254)

07-28 17:15:41.504   312   682 I MAL-Daemon:  (  rds_ru_ims_vops_update, 4980) [RDS-I][RU][rds_ru_ims_vops_update][RDS IMS]Policy type: 1 IMS VOPS IE is Disabled, update IMS RPL from Ori:(254, 254) New:(254,254)

07-28 17:15:41.504   312   682 I MAL-Daemon:  (  rds_ru_ims_vops_update, 4980) [RDS-I][RU][rds_ru_ims_vops_update][RDS IMS]Policy type: 2 IMS VOPS IE is Disabled, update IMS RPL from Ori:(254, 254) New:(254,254)

07-28 17:15:41.504   312   682 I MAL-Daemon:  (          rds_ru_rpl_gen, 5215) [RDS-I][RU][rds_ru_rpl_gen][RDS] Current policy: fgimsolte_en<0>, fgwfc_en<0>, erdspolicy<3>, 

07-28 17:15:41.505   312   682 I MAL-Daemon:  (          rds_ru_rpl_gen, 5218) [RDS-I][RU][rds_ru_rpl_gen][RDS] Threshold i4wifirssih<-75>, i4wifirssil<-85>, i4wifirssih_ho<-78>, i4wifirssil_ho<-88>, i4wifisnrh<10>, i4wifisnrl<6>

07-28 17:15:41.505   312   682 I MAL-Daemon:  (          rds_ru_rpl_gen, 5221) [RDS-I][RU][rds_ru_rpl_gen][RDS] Threshold i4ltersrph<-106>, i4ltersrpm<-111>, i4ltersrpl<-116>, i4ltersrqh<5>, i4ltersrqm<3>, i4ltersrql<1>

07-28 17:15:41.505   312   682 I MAL-Daemon:  (          rds_ru_rpl_gen, 5224) [RDS-I][RU][rds_ru_rpl_gen][RDS] current rds ru status: i4wifirssi<-72>, i4wifisnr<9999>, i4ltersrp<-141>, i4ltersrq<0>, u4active_ran<1> 

07-28 17:15:41.505   312   682 I MAL-Daemon:  (          rds_ru_rpl_gen, 5227) [RDS-I][RU][rds_ru_rpl_gen][RDS] current wifi backhaul : rtp_plr<0>, rtp_jitter<0>, ping_ind<0>

07-28 17:15:41.505   312   682 I MAL-Daemon:  (          rds_ru_rpl_gen, 5230) [RDS-I][RU][rds_ru_rpl_gen][RDS] Call stat : IR92<0>, IR94<0> 

07-28 17:15:41.505   312   682 I MAL-Daemon:  (          rds_ru_rpl_gen, 5236) [RDS-I][RU][RDS IMS/MMS][rds_ru_rpl_gen] Ori:(254,254)/(255,255) New:(254,254)/(255,255)

07-28 17:15:41.505   312   682 I MAL-Daemon:  (          rds_ru_rpl_gen, 5241) [RDS-I][RU][RDS IMS/MMS WIFI][rds_ru_rpl_gen] Ori:(254,254)/(255,255) New:(254,254)/(255,255)

07-28 17:15:41.505   312   682 I MAL-Daemon:  (          rds_ru_rpl_gen, 5246) [RDS-I][RU][RDS IMS/MMS CELL][rds_ru_rpl_gen] Ori:(254,254)/(255,255) New:(254,254)/(255,255)

07-28 17:15:41.505   312   682 I MAL-Daemon:  (          rds_ru_rpl_gen, 5250) [RDS-I][RU][RDS EMG][rds_ru_rpl_gen] Ori:(254,254) New:(254,254)

07-28 17:15:41.563 21844 21850 I System  : FinalizerDaemon: finalize objects = 51

07-28 17:15:41.858   441   441 I thermal_repeater: oh, queryMdThermalInfo (0)No such file or directory

07-28 17:15:41.860   441   441 I thermal_repeater: [recvMdThermalInfo] ret=5, strLen=127, ERROR

07-28 17:15:42.019   965  1227 D WifiStateMachine:  ConnectedState (when=0 what=131155 arg1=142!CMD_RSSI_POLL  rt=118013961/906473933 142 0 "beta-test" 3c:8c:40:e4:3c:f2 rssi=-73 f=2412 sc=80 link=65 tx=1.7, 0.0, 0.0  rx=0.1 bcn=0 [on:0 tx:0 rx:0 period:3000] from screen [on:0 period:-2005211581] gl hn rssi=-68 ag=0 ticks 5,271,820 ls-=0 [56,56,56,56,56] brc=0 lrc=0 offload-stopped

07-28 17:15:42.020   965  1227 D WifiStateMachine:  L2ConnectedState (when=-1ms what=131155 arg1=142!CMD_RSSI_POLL  rt=118013962/906473934 142 0 "beta-test" 3c:8c:40:e4:3c:f2 rssi=-73 f=2412 sc=80 link=65 tx=1.7, 0.0, 0.0  rx=0.1 bcn=0 [on:0 tx:0 rx:0 period:1] from screen [on:0 period:-2005211580] gl hn rssi=-68 ag=0 ticks 5,271,820 ls-=0 [56,56,56,56,56] brc=0 lrc=0 offload-stopped

07-28 17:15:42.020   965  1227 D WifiStateMachine:  get link layer stats 0

07-28 17:15:42.033   965  1227 I WifiStateMachine: fetchRssiLinkSpeedAndFrequencyNative, newRssi:-72, newLinkSpeed:65, SSID:"beta-test"

07-28 17:15:42.033   965  1227 D WifiStateMachine: mLastSignalLevel:2, newSignalLevel:2

07-28 17:15:42.034   965  1227 E WifiStateMachine: calculateWifiScore() we set wifi's score to 1000, so will always set wifi as a default network.

07-28 17:15:42.034   965  1227 V ActivityManager: Broadcast sticky: Intent { act=android.net.wifi.RSSI_CHANGED flg=0x4000010 (has extras) } ordered=false userid=-1 callerApp=ProcessRecord{f5c5ef3 965:system/1000}

07-28 17:15:42.038   965  1256 D WifiWatchdogStateMachine: RSSI current: 2 new: -72, 2

07-28 17:15:42.038  1322  1836 I VivoNetworkController: SystemUI|action = android.net.wifi.RSSI_CHANGED

07-28 17:15:42.070   798   824 E MFI-Conn:  (     mfia_task_bootstrap,  587) mfia_task_bootstrap(): retrying to connect to mal-mfi error 13!! ====

07-28 17:15:42.061   824   824 W viarild : type=1400 audit(0.0:124144): avc: denied { write } for name="mal-mfi" dev="tmpfs" ino=8735 scontext=u:r:viarild:s0 tcontext=u:object_r:mal_mfi_socket:s0 tclass=sock_file permissive=0

07-28 17:15:42.181   307  4893 I BufferQueueProducer: [StatusBar](this:0x7f9ed4a800,id:6,api:1,p:1322,c:307) queueBuffer: fps=1.00 dur=1993.67 max=1013.97 min=979.69

07-28 17:15:42.192   307   307 I SurfaceFlinger: [Built-in Screen (type:0)] fps:1.003440,dur:1993.14,max:1013.15,min:979.99

07-28 17:15:42.786   427   793 E VT      : [SRV] [VT THREAD] [VT_Bind] des = volte_imsvt1 Fail to connect . retry count: 39311

07-28 17:15:42.787   427   793 D VT      : [SRV] isIMCBrun : False

07-28 17:15:43.071   798   824 E MFI-Conn:  (     mfia_task_bootstrap,  587) mfia_task_bootstrap(): retrying to connect to mal-mfi error 13!! ====

07-28 17:15:43.061   824   824 W viarild : type=1400 audit(0.0:124145): avc: denied { write } for name="mal-mfi" dev="tmpfs" ino=8735 scontext=u:r:viarild:s0 tcontext=u:object_r:mal_mfi_socket:s0 tclass=sock_file permissive=0

07-28 17:15:44.071   798   824 E MFI-Conn:  (     mfia_task_bootstrap,  587) mfia_task_bootstrap(): retrying to connect to mal-mfi error 13!! ====

07-28 17:15:44.061   824   824 W viarild : type=1400 audit(0.0:124146): avc: denied { write } for name="mal-mfi" dev="tmpfs" ino=8735 scontext=u:r:viarild:s0 tcontext=u:object_r:mal_mfi_socket:s0 tclass=sock_file permissive=0

07-28 17:15:44.166 21844 21852 I art     : Background concurrent mark sweep GC freed 18156(935KB) AllocSpace objects, 0(0B) LOS objects, 69% free, 442KB/1466KB, paused 7.289ms total 17.302ms

07-28 17:15:44.173   307  2293 I BufferQueueProducer: [StatusBar](this:0x7f9ed4a800,id:6,api:1,p:1322,c:307) queueBuffer: fps=1.00 dur=1992.07 max=996.28 min=995.78

07-28 17:15:44.185   307   307 I SurfaceFlinger: [Built-in Screen (type:0)] fps:1.003563,dur:1992.90,max:996.51,min:996.39

07-28 17:15:44.481   312 18192 I MAL-Daemon:  (        ru_syssig_hndler,  436) [RDS-I][ru_syssig_hndler] Send Event: 688 

07-28 17:15:44.481   312 18192 I MAL-Daemon:  (        ru_syssig_hndler,  437) [RDS-I][RDS][RU][ru_syssig_hndler] ru_check_ctx_ptr<0xf5f34d9c, 0xf5f34d9c>

07-28 17:15:44.481   312 18192 W MAL-Daemon:  (    mdfx_task_send_event,  636) mdfx_task_send_event(): [ACT] should NOT enter this leagcy API!!

07-28 17:15:44.481   312 18192 I MAL-Daemon:  (    ru_send_event_entity,  368) [RDS-I][RDS][RU][ru_send_event_entity] send event 688 to 602 with ret(0)

07-28 17:15:44.481   312   682 I MAL-Daemon:  (             rds_ru_task,  454) [RDS-I][RU][rds_ru_task] RCV Event: 688 

07-28 17:15:44.492   312   682 D MAL-Daemon:  (     ru_wsl_poll_wpainfo,  657) [RDS-D][RDS][RU][ru_wsl_poll_wpainfo]socket recv pktlen(48) 

07-28 17:15:44.492   312   682 D MAL-Daemon:  (rds_ru_ws_rssi_timer_exp,  770) [RDS-D][RU][rds_ru_ws_rssi_timer_expire_hdlr][RDS] get rssi = -72, snr = 9999 

07-28 17:15:44.493   312   682 I MAL-Daemon:  (          ru_get_netstat, 5599) [RDS-I][RU][ru_get_netstat] netstat <thrghpt, pkterrt>, wifi <74, 0%>, mobile <0, 0%>

07-28 17:15:44.493   312   682 I MAL-Daemon:  (    ru_send_event_entity,  368) [RDS-I][RDS][RU][ru_send_event_entity] send event 614 to 1236 with ret(0)

07-28 17:15:44.493  1970  2068 I MFI-Conn:  (     mfia_task_bootstrap,  944) mfia_task_bootstrap(): an event 614 incoming

07-28 17:15:44.493  1970  2110 I MFI-Conn:  (             rds_urc_hdl,  263) [RDS][rds_urc_hdl] RCV Event: 614 

07-28 17:15:44.493  1970  2110 I MFI-Conn:  (             rds_urc_hdl,  378) [RDS][IF][rds_urc_hdl] data_base update: pkterrt(0) 

07-28 17:15:44.637  1484  3817 I System.out: [socket][2656:45921] exception

07-28 17:15:44.639   411  1172 D SocketClient: SocketClient sendData done: 

07-28 17:15:44.643  1484  3817 I System.out: [CDS]rx timeout:8000

07-28 17:15:44.643  1484  3817 I System.out: [socket][2656] connection clients3.google.com/64.233.189.100:80;LocalPort=46226(8000)

07-28 17:15:44.643  1484  3817 I System.out: [CDS]connect[clients3.google.com/64.233.189.100:80] tm:8

07-28 17:15:44.644  1484  3817 D Posix   : [Posix_connect Debug]Process com.vivo.daemonService :80 

07-28 17:15:44.646   411  1172 D SocketClient: SocketClient sendData done: 

07-28 17:15:44.773 21880 21888 I System  : FinalizerDaemon: finalize objects = 267

07-28 17:15:45.038   965  1227 D WifiStateMachine:  ConnectedState (when=-4ms what=131155 arg1=142!CMD_RSSI_POLL  rt=118016980/906476952 142 0 "beta-test" 3c:8c:40:e4:3c:f2 rssi=-72 f=2412 sc=80 link=65 tx=1.4, 0.0, 0.0  rx=0.5 bcn=0 [on:0 tx:0 rx:0 period:2997] from screen [on:0 period:-2005208562] gl hn rssi=-67 ag=0 ticks 5,271,820 ls-=0 [56,56,56,56,56] brc=0 lrc=0 offload-stopped

07-28 17:15:45.039   965  1227 D WifiStateMachine:  L2ConnectedState (when=-5ms what=131155 arg1=142!CMD_RSSI_POLL  rt=118016981/906476953 142 0 "beta-test" 3c:8c:40:e4:3c:f2 rssi=-72 f=2412 sc=80 link=65 tx=1.4, 0.0, 0.0  rx=0.5 bcn=0 [on:0 tx:0 rx:0 period:1] from screen [on:0 period:-2005208561] gl hn rssi=-67 ag=0 ticks 5,271,820 ls-=0 [56,56,56,56,56] brc=0 lrc=0 offload-stopped

07-28 17:15:45.039   965  1227 D WifiStateMachine:  get link layer stats 0

07-28 17:15:45.051   965  1227 I WifiStateMachine: fetchRssiLinkSpeedAndFrequencyNative, newRssi:-72, newLinkSpeed:65, SSID:"beta-test"

07-28 17:15:45.051   965  1227 D WifiStateMachine: mLastSignalLevel:2, newSignalLevel:2

07-28 17:15:45.052   965  1227 E WifiStateMachine: calculateWifiScore() we set wifi's score to 1000, so will always set wifi as a default network.

07-28 17:15:45.052   965  1227 V ActivityManager: Broadcast sticky: Intent { act=android.net.wifi.RSSI_CHANGED flg=0x4000010 (has extras) } ordered=false userid=-1 callerApp=ProcessRecord{f5c5ef3 965:system/1000}

07-28 17:15:45.056   965  1256 D WifiWatchdogStateMachine: RSSI current: 2 new: -72, 2

07-28 17:15:45.056  1322  1836 I VivoNetworkController: SystemUI|action = android.net.wifi.RSSI_CHANGED

07-28 17:15:45.072   798   824 E MFI-Conn:  (     mfia_task_bootstrap,  587) mfia_task_bootstrap(): retrying to connect to mal-mfi error 13!! ====

07-28 17:15:45.061   824   824 W viarild : type=1400 audit(0.0:124147): avc: denied { write } for name="mal-mfi" dev="tmpfs" ino=8735 scontext=u:r:viarild:s0 tcontext=u:object_r:mal_mfi_socket:s0 tclass=sock_file permissive=0

07-28 17:15:45.577   439   439 I thermal_src: wake up function 3

07-28 17:15:45.577   439   439 I thermal_src: TA_DAEMON_CMD_GET_TPCB cmd=0x5, len=4 PCB=36000

07-28 17:15:45.577   439   439 I thermal_src: TA_DAEMON_CMD_SET_TTJ cmd=0x4, len=4 Tj=85000

07-28 17:15:45.577   439   439 I thermal_src: waiting NOTIFY from kernel...

07-28 17:15:45.787   427   793 E VT      : [SRV] [VT THREAD] [VT_Bind] des = volte_imsvt1 Fail to connect . retry count: 39312

07-28 17:15:45.787   427   793 D VT      : [SRV] isIMCBrun : False

07-28 17:15:46.061   824   824 W viarild : type=1400 audit(0.0:124148): avc: denied { write } for name="mal-mfi" dev="tmpfs" ino=8735 scontext=u:r:viarild:s0 tcontext=u:object_r:mal_mfi_socket:s0 tclass=sock_file permissive=0

07-28 17:15:46.072   798   824 E MFI-Conn:  (     mfia_task_bootstrap,  587) mfia_task_bootstrap(): retrying to connect to mal-mfi error 13!! ====

07-28 17:15:46.079   439   439 I thermal_src: wake up function 3

07-28 17:15:46.079   439   439 I thermal_src: TA_DAEMON_CMD_GET_TPCB cmd=0x5, len=4 PCB=36000

07-28 17:15:46.079   439   439 I thermal_src: TA_DAEMON_CMD_SET_TTJ cmd=0x4, len=4 Tj=85000

07-28 17:15:46.079   439   439 I thermal_src: waiting NOTIFY from kernel...

07-28 17:15:46.080  2678  2683 D FRR     : buff=0x7fb368b240, len=192

07-28 17:15:46.080  2678  2683 D FRR     : uevent[0]=0x7fb368b240, len=48, "change@/devices/platform/battery/power_supply/ac"

07-28 17:15:46.080  2678  2683 D FRR     : voteFps(60, 0)

07-28 17:15:46.080  2678  2683 D FRR     : ThermalListener loop:

07-28 17:15:46.080  2678  2683 D FRR     : buff=0x7fb368b240, len=195

07-28 17:15:46.080  2678  2683 D FRR     : uevent[0]=0x7fb368b240, len=49, "change@/devices/platform/battery/power_supply/usb"

07-28 17:15:46.080  2678  2683 D FRR     : voteFps(60, 0)

07-28 17:15:46.080  2678  2683 D FRR     : ThermalListener loop:

07-28 17:15:46.080  2678  2683 D FRR     : buff=0x7fb368b240, len=210

07-28 17:15:46.080  2678  2683 D FRR     : uevent[0]=0x7fb368b240, len=54, "change@/devices/platform/battery/power_supply/wireless"

07-28 17:15:46.080  2678  2683 D FRR     : voteFps(60, 0)

07-28 17:15:46.080  2678  2683 D FRR     : ThermalListener loop:

07-28 17:15:46.082   965  1939 V BatteryService: VNOILBS mScreenOn=true level=100 mCriticalBatteryLevel=3 mNotificationLowBatteryStates=false OS_VERSION=true mNotificationChargeStates=true status=5

07-28 17:15:46.082   965  1939 V BatteryService: VNOILBS, turn off battery light.

07-28 17:15:46.082   965  1939 V BatteryService: VNOILBS mScreenOn=true level=100 mCriticalBatteryLevel=3 mNotificationLowBatteryStates=false OS_VERSION=true mNotificationChargeStates=true status=5

07-28 17:15:46.082   965  1939 V BatteryService: VNOILBS, turn off battery light.

07-28 17:15:46.082   965  1939 D BatteryService: mBatteryVoltage=4362, batteryLevel=50

07-28 17:15:46.082   965  1939 V BatteryService: VNOILBS mScreenOn=true level=100 mCriticalBatteryLevel=3 mNotificationLowBatteryStates=false OS_VERSION=true mNotificationChargeStates=true status=5

07-28 17:15:46.082   965  1939 V BatteryService: VNOILBS, turn off battery light.

07-28 17:15:46.083   965   965 V ActivityManager: Broadcast sticky: Intent { act=android.intent.action.BATTERY_CHANGED flg=0x60000010 (has extras) } ordered=false userid=-1 callerApp=null

07-28 17:15:46.084   965   965 D FeatureService: onReceive action android.intent.action.BATTERY_CHANGED

07-28 17:15:46.084   965   965 D WifiService: onReceive, action:android.intent.action.BATTERY_CHANGED

07-28 17:15:46.084  1484  1484 I WarningMessage: receiver: action isandroid.intent.action.BATTERY_CHANGED mBatteryPowerConnetDialog=true mShowChargerOverVoltageDialog=true

07-28 17:15:46.084  1484  1484 D DeviceListener: ++onReceive++:android.intent.action.BATTERY_CHANGED

07-28 17:15:46.084  1322  1322 D KeyguardUpdateMonitor: received broadcast android.intent.action.BATTERY_CHANGED

07-28 17:15:46.084  1484  1484 D DeviceListener: onReceiveandroid.intent.action.BATTERY_CHANGED

07-28 17:15:46.084  1484  1484 I UsbDeviceManagerService: mUsbReceiver action:android.intent.action.BATTERY_CHANGED mConnected:false mLastConnected:false

07-28 17:15:46.085  1322  1322 I BatteryController: SystemUI|status = 5, mLastStatus = 5, mPluggedIn = true, mLastPluggedIn = true

07-28 17:15:46.086   965  1229 D WifiController: DeviceActiveState{ when=-2ms what=155652 arg1=2 target=com.android.internal.util.StateMachine$SmHandler }

07-28 17:15:46.086   965  1229 D WifiController: StaEnabledState{ when=-2ms what=155652 arg1=2 target=com.android.internal.util.StateMachine$SmHandler }

07-28 17:15:46.086   965  1229 D WifiController: DefaultState{ when=-2ms what=155652 arg1=2 target=com.android.internal.util.StateMachine$SmHandler }

07-28 17:15:46.086   965  1229 D WifiController: battery changed pluggedType: 2

07-28 17:15:46.086  1997  1997 D SwitcherUpdateMonitor: receive broadcast, action = android.intent.action.BATTERY_CHANGED

07-28 17:15:46.086  1322  1322 I BatteryController: SystemUI|mLevel = 100, mLastLevel = 100

07-28 17:15:46.086  1322  1322 D KeyguardUpdateMonitor: handleBatteryUpdate

07-28 17:15:46.086   965   993 V BatteryService: VNOILBS mScreenOn=true level=100 mCriticalBatteryLevel=3 mNotificationLowBatteryStates=false OS_VERSION=true mNotificationChargeStates=true status=5

07-28 17:15:46.086   965   993 V BatteryService: VNOILBS, turn off battery light.

07-28 17:15:46.087  1322  1322 D PowerUI : buckets   .....15 .. 10 .. 3

07-28 17:15:46.087  1322  1322 D PowerUI : level          100 --> 100

07-28 17:15:46.087  1322  1322 D PowerUI : status         5 --> 5

07-28 17:15:46.087  1322  1322 D PowerUI : plugType       2 --> 2

07-28 17:15:46.087  1322  1322 D PowerUI : invalidCharger 0 --> 0

07-28 17:15:46.087  1322  1322 D PowerUI : bucket         1 --> 1

07-28 17:15:46.087  1322  1322 D PowerUI : plugged        true --> true

07-28 17:15:46.087   965  2010 V ActivityManager: Broadcast: Intent { act=com.vivo.dismiss.lowpower flg=0x10 } ordered=false userid=0 callerApp=ProcessRecord{a9d1b8a 1322:com.android.systemui/u0a17}

07-28 17:15:46.087  7934  7934 D MusicService: ========action = android.intent.action.BATTERY_CHANGED

07-28 17:15:46.088  2678  2683 D FRR     : buff=0x7fb368b240, len=961

07-28 17:15:46.088  2678  2683 D FRR     : uevent[0]=0x7fb368b240, len=53, "change@/devices/platform/battery/power_supply/battery"

07-28 17:15:46.088  2678  2683 D FRR     : voteFps(60, 0)

07-28 17:15:46.088  2678  2683 D FRR     : ThermalListener loop:

07-28 17:15:46.088  1322  1322 I KeyguardSmartUpdateMonitor: handleChargingModeChanged, mQuickChargeHealth = 2, batteryHealth = 2

07-28 17:15:46.088  1322  1322 I KeyguardSmartUpdateMonitor: handleChargingModeChanged, mCurrentEngineState = 0, engineState = -2

07-28 17:15:46.841 20101 20101 W Chrome_IOThread: type=1400 audit(0.0:124149): avc: denied { search } for name="20117" dev="proc" ino=266693 scontext=u:r:platform_app:s0:c512,c768 tcontext=u:r:isolated_app:s0:c512,c768 tclass=dir permissive=0

07-28 17:15:46.865   441   441 I thermal_repeater: select timeout

07-28 17:15:47.073   798   824 E MFI-Conn:  (     mfia_task_bootstrap,  587) mfia_task_bootstrap(): retrying to connect to mal-mfi error 13!! ====

07-28 17:15:47.071   824   824 W viarild : type=1400 audit(0.0:124150): avc: denied { write } for name="mal-mfi" dev="tmpfs" ino=8735 scontext=u:r:viarild:s0 tcontext=u:object_r:mal_mfi_socket:s0 tclass=sock_file permissive=0

07-28 17:15:47.180   307  2293 I BufferQueueProducer: [StatusBar](this:0x7f9ed4a800,id:6,api:1,p:1322,c:307) queueBuffer: fps=0.33 dur=3006.70 max=3006.70 min=3006.70

07-28 17:15:47.192   307   307 I SurfaceFlinger: [Built-in Screen (type:0)] fps:0.332635,dur:3006.30,max:3006.30,min:3006.30

07-28 17:15:47.207   965  1837 D AES     : AEEIOCTL_GET/SET_SF_STATE IOCTL,cmd= 1074294797, lParam=0. 

07-28 17:15:47.208   965  1837 W Watchdog: **Get SF Time **1

07-28 17:15:47.208   965  1837 D AES     : AEEIOCTL_RT_MON_Kick IOCTL,cmd= -2147192822, lParam=300. 

07-28 17:15:47.208   965  1837 W Watchdog: SWT Watchdog before synchronized:118019150

07-28 17:15:47.208   965  1837 W Watchdog: SWT Watchdog after synchronized:118019150

07-28 17:15:47.481   312 18192 I MAL-Daemon:  (        ru_syssig_hndler,  436) [RDS-I][ru_syssig_hndler] Send Event: 688 

07-28 17:15:47.481   312 18192 I MAL-Daemon:  (        ru_syssig_hndler,  437) [RDS-I][RDS][RU][ru_syssig_hndler] ru_check_ctx_ptr<0xf5f34d9c, 0xf5f34d9c>

07-28 17:15:47.481   312 18192 W MAL-Daemon:  (    mdfx_task_send_event,  636) mdfx_task_send_event(): [ACT] should NOT enter this leagcy API!!

07-28 17:15:47.481   312 18192 I MAL-Daemon:  (    ru_send_event_entity,  368) [RDS-I][RDS][RU][ru_send_event_entity] send event 688 to 602 with ret(0)

07-28 17:15:47.481   312   682 I MAL-Daemon:  (             rds_ru_task,  454) [RDS-I][RU][rds_ru_task] RCV Event: 688 

07-28 17:15:47.491   312   682 D MAL-Daemon:  (     ru_wsl_poll_wpainfo,  657) [RDS-D][RDS][RU][ru_wsl_poll_wpainfo]socket recv pktlen(48) 

07-28 17:15:47.491   312   682 D MAL-Daemon:  (rds_ru_ws_rssi_timer_exp,  770) [RDS-D][RU][rds_ru_ws_rssi_timer_expire_hdlr][RDS] get rssi = -72, snr = 9999 

07-28 17:15:47.492   312   682 I MAL-Daemon:  (          ru_get_netstat, 5599) [RDS-I][RU][ru_get_netstat] netstat <thrghpt, pkterrt>, wifi <148, 0%>, mobile <0, 0%>

07-28 17:15:47.492   312   682 I MAL-Daemon:  (    ru_send_event_entity,  368) [RDS-I][RDS][RU][ru_send_event_entity] send event 614 to 1236 with ret(0)

07-28 17:15:47.492  1970  2068 I MFI-Conn:  (     mfia_task_bootstrap,  944) mfia_task_bootstrap(): an event 614 incoming

07-28 17:15:47.492  1970  2110 I MFI-Conn:  (             rds_urc_hdl,  263) [RDS][rds_urc_hdl] RCV Event: 614 

07-28 17:15:47.492  1970  2110 I MFI-Conn:  (             rds_urc_hdl,  378) [RDS][IF][rds_urc_hdl] data_base update: pkterrt(0) 

07-28 17:15:48.055   965  1227 D WifiStateMachine:  ConnectedState (when=-3ms what=131155 arg1=142!CMD_RSSI_POLL  rt=118019997/906479969 142 0 "beta-test" 3c:8c:40:e4:3c:f2 rssi=-72 f=2412 sc=80 link=65 tx=1.7, 0.0, 0.0  rx=0.3 bcn=0 [on:0 tx:0 rx:0 period:2996] from screen [on:0 period:-2005205545] gl hn rssi=-67 ag=0 ticks 5,271,820 ls-=0 [56,56,56,56,56] brc=0 lrc=0 offload-stopped

07-28 17:15:48.056   965  1227 D WifiStateMachine:  L2ConnectedState (when=-4ms what=131155 arg1=142!CMD_RSSI_POLL  rt=118019998/906479970 142 0 "beta-test" 3c:8c:40:e4:3c:f2 rssi=-72 f=2412 sc=80 link=65 tx=1.7, 0.0, 0.0  rx=0.3 bcn=0 [on:0 tx:0 rx:0 period:1] from screen [on:0 period:-2005205544] gl hn rssi=-67 ag=0 ticks 5,271,820 ls-=0 [56,56,56,56,56] brc=0 lrc=0 offload-stopped

07-28 17:15:48.056   965  1227 D WifiStateMachine:  get link layer stats 0

07-28 17:15:48.068   965  1227 I WifiStateMachine: fetchRssiLinkSpeedAndFrequencyNative, newRssi:-72, newLinkSpeed:65, SSID:"beta-test"

07-28 17:15:48.068   965  1227 D WifiStateMachine: mLastSignalLevel:2, newSignalLevel:2

07-28 17:15:48.068   965  1227 E WifiStateMachine: calculateWifiScore() we set wifi's score to 1000, so will always set wifi as a default network.

07-28 17:15:48.068   965  1227 V ActivityManager: Broadcast sticky: Intent { act=android.net.wifi.RSSI_CHANGED flg=0x4000010 (has extras) } ordered=false userid=-1 callerApp=ProcessRecord{f5c5ef3 965:system/1000}

07-28 17:15:48.061   824   824 W viarild : type=1400 audit(0.0:124151): avc: denied { write } for name="mal-mfi" dev="tmpfs" ino=8735 scontext=u:r:viarild:s0 tcontext=u:object_r:mal_mfi_socket:s0 tclass=sock_file permissive=0

07-28 17:15:48.073   965  1256 D WifiWatchdogStateMachine: RSSI current: 2 new: -72, 2

07-28 17:15:48.073  1322  1836 I VivoNetworkController: SystemUI|action = android.net.wifi.RSSI_CHANGED

07-28 17:15:48.073   798   824 E MFI-Conn:  (     mfia_task_bootstrap,  587) mfia_task_bootstrap(): retrying to connect to mal-mfi error 13!! ====

07-28 17:15:48.193   307   338 I BufferQueueProducer: [StatusBar](this:0x7f9ed4a800,id:6,api:1,p:1322,c:307) queueBuffer: fps=0.99 dur=1013.53 max=1013.53 min=1013.53

07-28 17:15:48.204   307   307 I SurfaceFlinger: [Built-in Screen (type:0)] fps:0.987481,dur:1012.68,max:1012.68,min:1012.68

07-28 17:15:48.787   427   793 E VT      : [SRV] [VT THREAD] [VT_Bind] des = volte_imsvt1 Fail to connect . retry count: 39313

07-28 17:15:48.788   427   793 D VT      : [SRV] isIMCBrun : False

07-28 17:15:49.074   798   824 E MFI-Conn:  (     mfia_task_bootstrap,  587) mfia_task_bootstrap(): retrying to connect to mal-mfi error 13!! ====

07-28 17:15:49.071   824   824 W viarild : type=1400 audit(0.0:124152): avc: denied { write } for name="mal-mfi" dev="tmpfs" ino=8735 scontext=u:r:viarild:s0 tcontext=u:object_r:mal_mfi_socket:s0 tclass=sock_file permissive=0

07-28 17:15:50.074   798   824 E MFI-Conn:  (     mfia_task_bootstrap,  587) mfia_task_bootstrap(): retrying to connect to mal-mfi error 13!! ====

07-28 17:15:50.071   824   824 W viarild : type=1400 audit(0.0:124153): avc: denied { write } for name="mal-mfi" dev="tmpfs" ino=8735 scontext=u:r:viarild:s0 tcontext=u:object_r:mal_mfi_socket:s0 tclass=sock_file permissive=0

07-28 17:15:50.346   965   972 I System  : FinalizerDaemon: finalize objects = 312

07-28 17:15:50.481   312 18192 I MAL-Daemon:  (        ru_syssig_hndler,  436) [RDS-I][ru_syssig_hndler] Send Event: 688 

07-28 17:15:50.481   312 18192 I MAL-Daemon:  (        ru_syssig_hndler,  437) [RDS-I][RDS][RU][ru_syssig_hndler] ru_check_ctx_ptr<0xf5f34d9c, 0xf5f34d9c>

07-28 17:15:50.481   312 18192 W MAL-Daemon:  (    mdfx_task_send_event,  636) mdfx_task_send_event(): [ACT] should NOT enter this leagcy API!!

07-28 17:15:50.481   312 18192 I MAL-Daemon:  (    ru_send_event_entity,  368) [RDS-I][RDS][RU][ru_send_event_entity] send event 688 to 602 with ret(0)

07-28 17:15:50.481   312   682 I MAL-Daemon:  (             rds_ru_task,  454) [RDS-I][RU][rds_ru_task] RCV Event: 688 

07-28 17:15:50.494   312   682 D MAL-Daemon:  (     ru_wsl_poll_wpainfo,  657) [RDS-D][RDS][RU][ru_wsl_poll_wpainfo]socket recv pktlen(48) 

07-28 17:15:50.494   312   682 D MAL-Daemon:  (rds_ru_ws_rssi_timer_exp,  770) [RDS-D][RU][rds_ru_ws_rssi_timer_expire_hdlr][RDS] get rssi = -72, snr = 9999 

07-28 17:15:50.494   312   682 I MAL-Daemon:  (          ru_get_netstat, 5599) [RDS-I][RU][ru_get_netstat] netstat <thrghpt, pkterrt>, wifi <74, 0%>, mobile <0, 0%>

07-28 17:15:50.495   312   682 I MAL-Daemon:  (    ru_send_event_entity,  368) [RDS-I][RDS][RU][ru_send_event_entity] send event 614 to 1236 with ret(0)

07-28 17:15:50.495  1970  2068 I MFI-Conn:  (     mfia_task_bootstrap,  944) mfia_task_bootstrap(): an event 614 incoming

07-28 17:15:50.495  1970  2110 I MFI-Conn:  (             rds_urc_hdl,  263) [RDS][rds_urc_hdl] RCV Event: 614 

07-28 17:15:50.495  1970  2110 I MFI-Conn:  (             rds_urc_hdl,  378) [RDS][IF][rds_urc_hdl] data_base update: pkterrt(0) 

07-28 17:15:50.587   439   439 I thermal_src: wake up function 3

07-28 17:15:50.587   439   439 I thermal_src: TA_DAEMON_CMD_GET_TPCB cmd=0x5, len=4 PCB=36000

07-28 17:15:50.587   439   439 I thermal_src: TA_DAEMON_CMD_SET_TTJ cmd=0x4, len=4 Tj=85000

07-28 17:15:50.587   439   439 I thermal_src: waiting NOTIFY from kernel...

07-28 17:15:51.072   965  1227 D WifiStateMachine:  ConnectedState (when=-3ms what=131155 arg1=142!CMD_RSSI_POLL  rt=118023014/906482986 142 0 "beta-test" 3c:8c:40:e4:3c:f2 rssi=-72 f=2412 sc=80 link=65 tx=1.8, 0.0, 0.0  rx=0.1 bcn=0 [on:0 tx:0 rx:0 period:2994] from screen [on:0 period:-2005202528] gl hn rssi=-67 ag=0 ticks 5,271,820 ls-=0 [56,56,56,56,56] brc=0 lrc=0 offload-stopped

07-28 17:15:51.073   965  1227 D WifiStateMachine:  L2ConnectedState (when=-4ms what=131155 arg1=142!CMD_RSSI_POLL  rt=118023015/906482987 142 0 "beta-test" 3c:8c:40:e4:3c:f2 rssi=-72 f=2412 sc=80 link=65 tx=1.8, 0.0, 0.0  rx=0.1 bcn=0 [on:0 tx:0 rx:0 period:1] from screen [on:0 period:-2005202527] gl hn rssi=-67 ag=0 ticks 5,271,820 ls-=0 [56,56,56,56,56] brc=0 lrc=0 offload-stopped

07-28 17:15:51.073   965  1227 D WifiStateMachine:  get link layer stats 0

07-28 17:15:51.071   824   824 W viarild : type=1400 audit(0.0:124154): avc: denied { write } for name="mal-mfi" dev="tmpfs" ino=8735 scontext=u:r:viarild:s0 tcontext=u:object_r:mal_mfi_socket:s0 tclass=sock_file permissive=0

07-28 17:15:51.076   798   824 E MFI-Conn:  (     mfia_task_bootstrap,  587) mfia_task_bootstrap(): retrying to connect to mal-mfi error 13!! ====

07-28 17:15:51.090   965  1227 I WifiStateMachine: fetchRssiLinkSpeedAndFrequencyNative, newRssi:-72, newLinkSpeed:65, SSID:"beta-test"

07-28 17:15:51.090   965  1227 D WifiStateMachine: mLastSignalLevel:2, newSignalLevel:2

07-28 17:15:51.090   965  1227 E WifiStateMachine: calculateWifiScore() we set wifi's score to 1000, so will always set wifi as a default network.

07-28 17:15:51.090   965  1227 V ActivityManager: Broadcast sticky: Intent { act=android.net.wifi.RSSI_CHANGED flg=0x4000010 (has extras) } ordered=false userid=-1 callerApp=ProcessRecord{f5c5ef3 965:system/1000}

07-28 17:15:51.094   965  1256 D WifiWatchdogStateMachine: RSSI current: 2 new: -72, 2

07-28 17:15:51.094  1322  1836 I VivoNetworkController: SystemUI|action = android.net.wifi.RSSI_CHANGED

07-28 17:15:51.566 21844 21850 I System  : FinalizerDaemon: finalize objects = 27
