07-28 16:55:33.211   824   824 W viarild : type=1400 audit(0.0:122877): avc: denied { write } for name="mal-mfi" dev="tmpfs" ino=8735 scontext=u:r:viarild:s0 tcontext=u:object_r:mal_mfi_socket:s0 tclass=sock_file permissive=0

07-28 16:55:33.279   439   439 I thermal_src: wake up function 3

07-28 16:55:33.279   439   439 I thermal_src: TA_DAEMON_CMD_GET_TPCB cmd=0x5, len=4 PCB=36000

07-28 16:55:33.279   439   439 I thermal_src: TA_DAEMON_CMD_SET_TTJ cmd=0x4, len=4 Tj=85000

07-28 16:55:33.279   439   439 I thermal_src: waiting NOTIFY from kernel...

07-28 16:55:33.463   427   793 E VT      : [SRV] [VT THREAD] [VT_Bind] des = volte_imsvt1 Fail to connect . retry count: 38908

07-28 16:55:33.463   427   793 D VT      : [SRV] isIMCBrun : False

07-28 16:55:33.722 14980 14988 I System  : FinalizerDaemon: finalize objects = 267

07-28 16:55:34.017  2678  2683 D FRR     : buff=0x7fb368b240, len=195

07-28 16:55:34.017  2678  2683 D FRR     : uevent[0]=0x7fb368b240, len=43, "change@/devices/virtual/xt_idletimer/timers"

07-28 16:55:34.017  2678  2683 D FRR     : voteFps(60, 0)

07-28 16:55:34.017  2678  2683 D FRR     : ThermalListener loop:

07-28 16:55:34.018   411  1165 D SocketClient: SocketClient sendData done: 613 IfaceClass idle 1 905265931853781

07-28 16:55:34.019   965  1223 D NetdConnector: RCV <- {613 IfaceClass idle 1 905265931853781}

07-28 16:55:34.019   965  1050 D NetworkManagement: onEvent:613 IfaceClass idle 1 905265931853781:5

07-28 16:55:34.023   965  1050 V ActivityManager: Broadcast: Intent { act=android.net.conn.DATA_ACTIVITY_CHANGE flg=0x10 (has extras) } ordered=true userid=-1 callerApp=ProcessRecord{f5c5ef3 965:system/1000}

07-28 16:55:34.023   965  1050 V ActivityManager: Broadcast sticky: Intent { act=android.net.conn.DATA_ACTIVITY_CHANGE_CT flg=0x10 (has extras) } ordered=false userid=-1 callerApp=ProcessRecord{f5c5ef3 965:system/1000}

07-28 16:55:34.221   798   824 E MFI-Conn:  (     mfia_task_bootstrap,  587) mfia_task_bootstrap(): retrying to connect to mal-mfi error 13!! ====

07-28 16:55:34.221   824   824 W viarild : type=1400 audit(0.0:122878): avc: denied { write } for name="mal-mfi" dev="tmpfs" ino=8735 scontext=u:r:viarild:s0 tcontext=u:object_r:mal_mfi_socket:s0 tclass=sock_file permissive=0

07-28 16:55:35.222   798   824 E MFI-Conn:  (     mfia_task_bootstrap,  587) mfia_task_bootstrap(): retrying to connect to mal-mfi error 13!! ====

07-28 16:55:35.211   824   824 W viarild : type=1400 audit(0.0:122879): avc: denied { write } for name="mal-mfi" dev="tmpfs" ino=8735 scontext=u:r:viarild:s0 tcontext=u:object_r:mal_mfi_socket:s0 tclass=sock_file permissive=0

07-28 16:55:35.567   441   441 I thermal_repeater: select timeout

07-28 16:55:35.974   312 31395 I MAL-Daemon:  (        ru_syssig_hndler,  436) [RDS-I][ru_syssig_hndler] Send Event: 688 

07-28 16:55:35.974   312 31395 I MAL-Daemon:  (        ru_syssig_hndler,  437) [RDS-I][RDS][RU][ru_syssig_hndler] ru_check_ctx_ptr<0xf5f34d9c, 0xf5f34d9c>

07-28 16:55:35.974   312 31395 W MAL-Daemon:  (    mdfx_task_send_event,  636) mdfx_task_send_event(): [ACT] should NOT enter this leagcy API!!

07-28 16:55:35.974   312 31395 I MAL-Daemon:  (    ru_send_event_entity,  368) [RDS-I][RDS][RU][ru_send_event_entity] send event 688 to 602 with ret(0)

07-28 16:55:35.974   312   682 I MAL-Daemon:  (             rds_ru_task,  454) [RDS-I][RU][rds_ru_task] RCV Event: 688 

07-28 16:55:35.989   312   682 D MAL-Daemon:  (     ru_wsl_poll_wpainfo,  657) [RDS-D][RDS][RU][ru_wsl_poll_wpainfo]socket recv pktlen(48) 

07-28 16:55:35.990   312   682 D MAL-Daemon:  (rds_ru_ws_rssi_timer_exp,  770) [RDS-D][RU][rds_ru_ws_rssi_timer_expire_hdlr][RDS] get rssi = -68, snr = 9999 

07-28 16:55:35.990   312   682 I MAL-Daemon:  (          ru_get_netstat, 5599) [RDS-I][RU][ru_get_netstat] netstat <thrghpt, pkterrt>, wifi <0, 0%>, mobile <0, 0%>

07-28 16:55:35.990   312   682 I MAL-Daemon:  (    ru_send_event_entity,  368) [RDS-I][RDS][RU][ru_send_event_entity] send event 614 to 1236 with ret(0)

07-28 16:55:35.990  1970  2068 I MFI-Conn:  (     mfia_task_bootstrap,  944) mfia_task_bootstrap(): an event 614 incoming

07-28 16:55:35.991  1970  2110 I MFI-Conn:  (             rds_urc_hdl,  263) [RDS][rds_urc_hdl] RCV Event: 614 

07-28 16:55:35.991  1970  2110 I MFI-Conn:  (             rds_urc_hdl,  378) [RDS][IF][rds_urc_hdl] data_base update: pkterrt(0) 

07-28 16:55:36.062   439   439 I thermal_src: wake up function 3

07-28 16:55:36.063   439   439 I thermal_src: TA_DAEMON_CMD_GET_TPCB cmd=0x5, len=4 PCB=36000

07-28 16:55:36.063   439   439 I thermal_src: TA_DAEMON_CMD_SET_TTJ cmd=0x4, len=4 Tj=85000

07-28 16:55:36.063   439   439 I thermal_src: waiting NOTIFY from kernel...

07-28 16:55:36.063  2678  2683 D FRR     : buff=0x7fb368b240, len=192

07-28 16:55:36.063  2678  2683 D FRR     : uevent[0]=0x7fb368b240, len=48, "change@/devices/platform/battery/power_supply/ac"

07-28 16:55:36.063  2678  2683 D FRR     : voteFps(60, 0)

07-28 16:55:36.063  2678  2683 D FRR     : ThermalListener loop:

07-28 16:55:36.063  2678  2683 D FRR     : buff=0x7fb368b240, len=195

07-28 16:55:36.063  2678  2683 D FRR     : uevent[0]=0x7fb368b240, len=49, "change@/devices/platform/battery/power_supply/usb"

07-28 16:55:36.063  2678  2683 D FRR     : voteFps(60, 0)

07-28 16:55:36.063  2678  2683 D FRR     : ThermalListener loop:

07-28 16:55:36.063  2678  2683 D FRR     : buff=0x7fb368b240, len=210

07-28 16:55:36.063  2678  2683 D FRR     : uevent[0]=0x7fb368b240, len=54, "change@/devices/platform/battery/power_supply/wireless"

07-28 16:55:36.063  2678  2683 D FRR     : voteFps(60, 0)

07-28 16:55:36.063  2678  2683 D FRR     : ThermalListener loop:

07-28 16:55:36.071  2678  2683 D FRR     : buff=0x7fb368b240, len=963

07-28 16:55:36.071  2678  2683 D FRR     : uevent[0]=0x7fb368b240, len=53, "change@/devices/platform/battery/power_supply/battery"

07-28 16:55:36.071  2678  2683 D FRR     : voteFps(60, 0)

07-28 16:55:36.072  2678  2683 D FRR     : ThermalListener loop:

07-28 16:55:36.073   965  1933 V BatteryService: VNOILBS mScreenOn=true level=100 mCriticalBatteryLevel=3 mNotificationLowBatteryStates=false OS_VERSION=true mNotificationChargeStates=true status=5

07-28 16:55:36.073   965  1933 V BatteryService: VNOILBS, turn off battery light.

07-28 16:55:36.073   965  1933 V BatteryService: VNOILBS mScreenOn=true level=100 mCriticalBatteryLevel=3 mNotificationLowBatteryStates=false OS_VERSION=true mNotificationChargeStates=true status=5

07-28 16:55:36.073   965  1933 V BatteryService: VNOILBS, turn off battery light.

07-28 16:55:36.073   965  1933 V BatteryService: VNOILBS mScreenOn=true level=100 mCriticalBatteryLevel=3 mNotificationLowBatteryStates=false OS_VERSION=true mNotificationChargeStates=true status=5

07-28 16:55:36.073   965  1933 V BatteryService: VNOILBS, turn off battery light.

07-28 16:55:36.073   965  1933 V BatteryService: VNOILBS mScreenOn=true level=100 mCriticalBatteryLevel=3 mNotificationLowBatteryStates=false OS_VERSION=true mNotificationChargeStates=true status=5

07-28 16:55:36.073   965  1933 V BatteryService: VNOILBS, turn off battery light.

07-28 16:55:36.080   965  1227 D WifiStateMachine:  ConnectedState (when=-2ms what=131155 arg1=137!CMD_RSSI_POLL  rt=116808022/905267994 137 0 "beta-test" 3c:8c:40:e4:3c:f2 rssi=-68 f=2412 sc=80 link=65 tx=0.0, 0.0, 0.0  rx=0.1 bcn=0 [on:0 tx:0 rx:0 period:3002] from screen [on:0 period:-2006417520] gl hn rssi=-63 ag=0 hr ticks 5,266,798 ls-=0 [56,56,56,56,61] brc=0 lrc=0 offload-stopped

07-28 16:55:36.081   965  1227 D WifiStateMachine:  L2ConnectedState (when=-3ms what=131155 arg1=137!CMD_RSSI_POLL  rt=116808023/905267995 137 0 "beta-test" 3c:8c:40:e4:3c:f2 rssi=-68 f=2412 sc=80 link=65 tx=0.0, 0.0, 0.0  rx=0.1 bcn=0 [on:0 tx:0 rx:0 period:1] from screen [on:0 period:-2006417519] gl hn rssi=-63 ag=0 hr ticks 5,266,798 ls-=0 [56,56,56,56,61] brc=0 lrc=0 offload-stopped

07-28 16:55:36.081   965  1227 D WifiStateMachine:  get link layer stats 0

07-28 16:55:36.091   965  1227 I WifiStateMachine: fetchRssiLinkSpeedAndFrequencyNative, newRssi:-68, newLinkSpeed:65, SSID:"beta-test"

07-28 16:55:36.091   965  1227 D WifiStateMachine: mLastSignalLevel:2, newSignalLevel:2

07-28 16:55:36.092   965  1227 E WifiStateMachine: calculateWifiScore() we set wifi's score to 1000, so will always set wifi as a default network.

07-28 16:55:36.092   965  1227 V ActivityManager: Broadcast sticky: Intent { act=android.net.wifi.RSSI_CHANGED flg=0x4000010 (has extras) } ordered=false userid=-1 callerApp=ProcessRecord{f5c5ef3 965:system/1000}

07-28 16:55:36.093   965  1256 D WifiWatchdogStateMachine: RSSI current: 2 new: -68, 2

07-28 16:55:36.093  1322  1836 I VivoNetworkController: SystemUI|action = android.net.wifi.RSSI_CHANGED

07-28 16:55:36.222   798   824 E MFI-Conn:  (     mfia_task_bootstrap,  587) mfia_task_bootstrap(): retrying to connect to mal-mfi error 13!! ====

07-28 16:55:36.211   824   824 W viarild : type=1400 audit(0.0:122880): avc: denied { write } for name="mal-mfi" dev="tmpfs" ino=8735 scontext=u:r:viarild:s0 tcontext=u:object_r:mal_mfi_socket:s0 tclass=sock_file permissive=0

07-28 16:55:36.463   427   793 E VT      : [SRV] [VT THREAD] [VT_Bind] des = volte_imsvt1 Fail to connect . retry count: 38909

07-28 16:55:36.464   427   793 D VT      : [SRV] isIMCBrun : False

07-28 16:55:37.223   798   824 E MFI-Conn:  (     mfia_task_bootstrap,  587) mfia_task_bootstrap(): retrying to connect to mal-mfi error 13!! ====

07-28 16:55:37.221   824   824 W viarild : type=1400 audit(0.0:122881): avc: denied { write } for name="mal-mfi" dev="tmpfs" ino=8735 scontext=u:r:viarild:s0 tcontext=u:object_r:mal_mfi_socket:s0 tclass=sock_file permissive=0

07-28 16:55:37.330   965   972 I System  : FinalizerDaemon: finalize objects = 191

07-28 16:55:38.223   798   824 E MFI-Conn:  (     mfia_task_bootstrap,  587) mfia_task_bootstrap(): retrying to connect to mal-mfi error 13!! ====

07-28 16:55:38.221   824   824 W viarild : type=1400 audit(0.0:122882): avc: denied { write } for name="mal-mfi" dev="tmpfs" ino=8735 scontext=u:r:viarild:s0 tcontext=u:object_r:mal_mfi_socket:s0 tclass=sock_file permissive=0

07-28 16:55:38.287   439   439 I thermal_src: wake up function 3

07-28 16:55:38.287   439   439 I thermal_src: TA_DAEMON_CMD_GET_TPCB cmd=0x5, len=4 PCB=36000

07-28 16:55:38.287   439   439 I thermal_src: TA_DAEMON_CMD_SET_TTJ cmd=0x4, len=4 Tj=85000

07-28 16:55:38.287   439   439 I thermal_src: waiting NOTIFY from kernel...

07-28 16:55:38.610   965  2365 D DhcpStateMachine: PollingState{ when=-32ms what=196616 target=com.android.internal.util.StateMachine$SmHandler }

07-28 16:55:38.610   965  2365 D DhcpStateMachine: GET_DHCP_RESULTS on wlan0

07-28 16:55:38.610   965  2365 D DhcpUtils: [dhcpv6_get_results] result_prop_name = dhcp.ipv6.wlan0.result; isrenew = 0

07-28 16:55:38.610   965  2365 D DhcpUtils: [dhcpv6_get_results] prop_value = 

07-28 16:55:38.610   965  2365 D NetUtils: dhcpv6_get_results failed : wlan0 ()

07-28 16:55:38.610   965  2365 D DhcpStateMachine: getDhcpv6Results failed, isRenew = false

07-28 16:55:38.974   312 31395 I MAL-Daemon:  (        ru_syssig_hndler,  436) [RDS-I][ru_syssig_hndler] Send Event: 688 
