07-31 10:02:00.890   839   839 W viarild : type=1400 audit(0.0:2845): avc: denied { write } for name="mal-mfi" dev="tmpfs" ino=10393 scontext=u:r:viarild:s0 tcontext=u:object_r:mal_mfi_socket:s0 tclass=sock_file permissive=0

07-31 10:02:00.931   433   433 I thermal_src: wake up function 3

07-31 10:02:00.932   433   433 I thermal_src: TA_DAEMON_CMD_GET_TPCB cmd=0x5, len=4 PCB=35000

07-31 10:02:00.932   433   433 I thermal_src: TA_DAEMON_CMD_SET_TTJ cmd=0x4, len=4 Tj=85000

07-31 10:02:00.932   433   433 I thermal_src: waiting NOTIFY from kernel...

07-31 10:02:01.901   817   839 E MFI-Conn:  (     mfia_task_bootstrap,  587) mfia_task_bootstrap(): retrying to connect to mal-mfi error 13!! ====

07-31 10:02:01.890   839   839 W viarild : type=1400 audit(0.0:2846): avc: denied { write } for name="mal-mfi" dev="tmpfs" ino=10393 scontext=u:r:viarild:s0 tcontext=u:object_r:mal_mfi_socket:s0 tclass=sock_file permissive=0

07-31 10:02:02.141   423   797 E VT      : [SRV] [VT THREAD] [VT_Bind] des = volte_imsvt1 Fail to connect . retry count: 931

07-31 10:02:02.142   423   797 D VT      : [SRV] isIMCBrun : False

07-31 10:02:02.749  1504  3415 D ProcessTrace: mPassTime = 120152, mPassUpTimeMs = 120152, mDownloadRate = 349968

07-31 10:02:02.902   817   839 E MFI-Conn:  (     mfia_task_bootstrap,  587) mfia_task_bootstrap(): retrying to connect to mal-mfi error 13!! ====

07-31 10:02:02.900   839   839 W viarild : type=1400 audit(0.0:2847): avc: denied { write } for name="mal-mfi" dev="tmpfs" ino=10393 scontext=u:r:viarild:s0 tcontext=u:object_r:mal_mfi_socket:s0 tclass=sock_file permissive=0

07-31 10:02:03.902   817   839 E MFI-Conn:  (     mfia_task_bootstrap,  587) mfia_task_bootstrap(): retrying to connect to mal-mfi error 13!! ====

07-31 10:02:03.900   839   839 W viarild : type=1400 audit(0.0:2848): avc: denied { write } for name="mal-mfi" dev="tmpfs" ino=10393 scontext=u:r:viarild:s0 tcontext=u:object_r:mal_mfi_socket:s0 tclass=sock_file permissive=0

07-31 10:02:04.902   817   839 E MFI-Conn:  (     mfia_task_bootstrap,  587) mfia_task_bootstrap(): retrying to connect to mal-mfi error 13!! ====

07-31 10:02:04.900   839   839 W viarild : type=1400 audit(0.0:2849): avc: denied { write } for name="mal-mfi" dev="tmpfs" ino=10393 scontext=u:r:viarild:s0 tcontext=u:object_r:mal_mfi_socket:s0 tclass=sock_file permissive=0

07-31 10:02:05.142   423   797 E VT      : [SRV] [VT THREAD] [VT_Bind] des = volte_imsvt1 Fail to connect . retry count: 932

07-31 10:02:05.143   423   797 D VT      : [SRV] isIMCBrun : False

07-31 10:02:05.641   435   435 I thermal_repeater: oh, queryMdThermalInfo (0)No such file or directory

07-31 10:02:05.645   435   435 I thermal_repeater: [recvMdThermalInfo] ret=5, strLen=127, ERROR

07-31 10:02:05.903   817   839 E MFI-Conn:  (     mfia_task_bootstrap,  587) mfia_task_bootstrap(): retrying to connect to mal-mfi error 13!! ====

07-31 10:02:05.900   839   839 W viarild : type=1400 audit(0.0:2850): avc: denied { write } for name="mal-mfi" dev="tmpfs" ino=10393 scontext=u:r:viarild:s0 tcontext=u:object_r:mal_mfi_socket:s0 tclass=sock_file permissive=0

07-31 10:02:05.941   433   433 I thermal_src: wake up function 3

07-31 10:02:05.942   433   433 I thermal_src: TA_DAEMON_CMD_GET_TPCB cmd=0x5, len=4 PCB=35000

07-31 10:02:05.942   433   433 I thermal_src: TA_DAEMON_CMD_SET_TTJ cmd=0x4, len=4 Tj=85000

07-31 10:02:05.942   433   433 I thermal_src: waiting NOTIFY from kernel...

07-31 10:02:06.801  3664 15128 D libc-netbsd: [getaddrinfo]: mtk hostname=long.weixin.qq.com; servname=(null); netid=0; mark=0

07-31 10:02:06.801  3664 15128 D libc-netbsd: getaddrinfo( app_uid:10139

07-31 10:02:06.801  3664 15128 D libc-netbsd: getaddrinfo() uid prop:

07-31 10:02:06.801  3664 15128 D libc-netbsd: getaddrinfo() getuid():10139

07-31 10:02:06.801  3664 15128 D libc-netbsd: [getaddrinfo]: mtk ai_addrlen=0; ai_canonname=(null); ai_flags=0; ai_family=2

07-31 10:02:06.804   407  1175 D FrameworkListener: dispatchCommand data = (getaddrinfo long.weixin.qq.com ^ 0 2 1 0 0)

07-31 10:02:06.806   407 15129 D libc-netbsd: [getaddrinfo]: mtk hostname=long.weixin.qq.com; servname=(null); netid=0; mark=0

07-31 10:02:06.808   407 15129 D libc-netbsd: getaddrinfo( app_uid:0

07-31 10:02:06.809   407 15129 D libc-netbsd: [getaddrinfo]: mtk ai_addrlen=0; ai_canonname=(null); ai_flags=0; ai_family=2

07-31 10:02:06.811   407 15129 D libc-netbsd: getaddrinfo: long.weixin.qq.com get result from proxy gai_error = 11

07-31 10:02:06.813   407 15129 D libc-netbsd: res_queryN name = long.weixin.qq.com, class = 1, type = 1

07-31 10:02:06.817   407 15129 D libc-netbsd: res_queryN name = long.weixin.qq.com., class = 1, type = 1

07-31 10:02:06.820  3664 15128 D libc-netbsd: getaddrinfo: long.weixin.qq.com get result from proxy gai_error = 7

07-31 10:02:06.903   817   839 E MFI-Conn:  (     mfia_task_bootstrap,  587) mfia_task_bootstrap(): retrying to connect to mal-mfi error 13!! ====

07-31 10:02:06.900   839   839 W viarild : type=1400 audit(0.0:2851): avc: denied { write } for name="mal-mfi" dev="tmpfs" ino=10393 scontext=u:r:viarild:s0 tcontext=u:object_r:mal_mfi_socket:s0 tclass=sock_file permissive=0

07-31 10:02:07.210   433   433 I thermal_src: wake up function 3

07-31 10:02:07.210   433   433 I thermal_src: TA_DAEMON_CMD_GET_TPCB cmd=0x5, len=4 PCB=35000

07-31 10:02:07.210   433   433 I thermal_src: TA_DAEMON_CMD_SET_TTJ cmd=0x4, len=4 Tj=85000

07-31 10:02:07.210   433   433 I thermal_src: waiting NOTIFY from kernel...

07-31 10:02:07.211  2654  2658 D FRR     : buff=0x7f86538240, len=191

07-31 10:02:07.211  2654  2658 D FRR     : uevent[0]=0x7f86538240, len=48, "change@/devices/platform/battery/power_supply/ac"

07-31 10:02:07.211  2654  2658 D FRR     : voteFps(60, 0)

07-31 10:02:07.211  2654  2658 D FRR     : ThermalListener loop:

07-31 10:02:07.211  2654  2658 D FRR     : buff=0x7f86538240, len=194

07-31 10:02:07.211  2654  2658 D FRR     : uevent[0]=0x7f86538240, len=49, "change@/devices/platform/battery/power_supply/usb"

07-31 10:02:07.211  2654  2658 D FRR     : voteFps(60, 0)

07-31 10:02:07.211  2654  2658 D FRR     : ThermalListener loop:

07-31 10:02:07.212  2654  2658 D FRR     : buff=0x7f86538240, len=209

07-31 10:02:07.212   941  1957 V BatteryService: VNOILBS mScreenOn=true level=99 mCriticalBatteryLevel=3 mNotificationLowBatteryStates=false OS_VERSION=true mNotificationChargeStates=true status=2

07-31 10:02:07.212  2654  2658 D FRR     : uevent[0]=0x7f86538240, len=54, "change@/devices/platform/battery/power_supply/wireless"

07-31 10:02:07.212   941  1957 V BatteryService: VNOILBS, turn off battery light.

07-31 10:02:07.212  2654  2658 D FRR     : voteFps(60, 0)

07-31 10:02:07.212  2654  2658 D FRR     : ThermalListener loop:

07-31 10:02:07.212   941  1509 V BatteryService: VNOILBS mScreenOn=true level=99 mCriticalBatteryLevel=3 mNotificationLowBatteryStates=false OS_VERSION=true mNotificationChargeStates=true status=2

07-31 10:02:07.212   941  1509 V BatteryService: VNOILBS, turn off battery light.

07-31 10:02:07.213   941   956 V BatteryService: VNOILBS mScreenOn=true level=99 mCriticalBatteryLevel=3 mNotificationLowBatteryStates=false OS_VERSION=true mNotificationChargeStates=true status=2

07-31 10:02:07.213   941   956 V BatteryService: VNOILBS, turn off battery light.

07-31 10:02:07.217  2654  2658 D FRR     : buff=0x7f86538240, len=965

07-31 10:02:07.217  2654  2658 D FRR     : uevent[0]=0x7f86538240, len=53, "change@/devices/platform/battery/power_supply/battery"

07-31 10:02:07.217  2654  2658 D FRR     : voteFps(60, 0)

07-31 10:02:07.217  2654  2658 D FRR     : ThermalListener loop:

07-31 10:02:07.218   941  1977 V BatteryService: VNOILBS mScreenOn=true level=99 mCriticalBatteryLevel=3 mNotificationLowBatteryStates=false OS_VERSION=true mNotificationChargeStates=true status=2

07-31 10:02:07.218   941  1977 V BatteryService: VNOILBS, turn off battery light.

07-31 10:02:07.904   817   839 E MFI-Conn:  (     mfia_task_bootstrap,  587) mfia_task_bootstrap(): retrying to connect to mal-mfi error 13!! ====

07-31 10:02:07.900   839   839 W viarild : type=1400 audit(0.0:2852): avc: denied { write } for name="mal-mfi" dev="tmpfs" ino=10393 scontext=u:r:viarild:s0 tcontext=u:object_r:mal_mfi_socket:s0 tclass=sock_file permissive=0

07-31 10:02:08.143   423   797 E VT      : [SRV] [VT THREAD] [VT_Bind] des = volte_imsvt1 Fail to connect . retry count: 933

07-31 10:02:08.143   423   797 D VT      : [SRV] isIMCBrun : False

07-31 10:02:08.893 14924 14928 I System  : FinalizerDaemon: finalize objects = 33

07-31 10:02:08.900   839   839 W viarild : type=1400 audit(0.0:2853): avc: denied { write } for name="mal-mfi" dev="tmpfs" ino=10393 scontext=u:r:viarild:s0 tcontext=u:object_r:mal_mfi_socket:s0 tclass=sock_file permissive=0

07-31 10:02:08.904   817   839 E MFI-Conn:  (     mfia_task_bootstrap,  587) mfia_task_bootstrap(): retrying to connect to mal-mfi error 13!! ====

07-31 10:02:09.070   941  1823 D AES     : AEEIOCTL_GET/SET_SF_STATE IOCTL,cmd= 1074294797, lParam=0. 

07-31 10:02:09.071   941  1823 W Watchdog: **Get SF Time **1

07-31 10:02:09.071   941  1823 D AES     : AEEIOCTL_RT_MON_Kick IOCTL,cmd= -2147192822, lParam=300. 

07-31 10:02:09.071   941  1823 W Watchdog: SWT Watchdog before synchronized:2810609

07-31 10:02:09.071   941  1823 W Watchdog: SWT Watchdog after synchronized:2810609

07-31 10:02:09.905   817   839 E MFI-Conn:  (     mfia_task_bootstrap,  587) mfia_task_bootstrap(): retrying to connect to mal-mfi error 13!! ====

07-31 10:02:09.900   839   839 W viarild : type=1400 audit(0.0:2854): avc: denied { write } for name="mal-mfi" dev="tmpfs" ino=10393 scontext=u:r:viarild:s0 tcontext=u:object_r:mal_mfi_socket:s0 tclass=sock_file permissive=0

07-31 10:02:10.649   435   435 I thermal_repeater: select timeout

07-31 10:02:10.905   817   839 E MFI-Conn:  (     mfia_task_bootstrap,  587) mfia_task_bootstrap(): retrying to connect to mal-mfi error 13!! ====

07-31 10:02:10.900   839   839 W viarild : type=1400 audit(0.0:2855): avc: denied { write } for name="mal-mfi" dev="tmpfs" ino=10393 scontext=u:r:viarild:s0 tcontext=u:object_r:mal_mfi_socket:s0 tclass=sock_file permissive=0

07-31 10:02:10.952   433   433 I thermal_src: wake up function 3

07-31 10:02:10.952   433   433 I thermal_src: TA_DAEMON_CMD_GET_TPCB cmd=0x5, len=4 PCB=35000

07-31 10:02:10.952   433   433 I thermal_src: TA_DAEMON_CMD_SET_TTJ cmd=0x4, len=4 Tj=85000

07-31 10:02:10.952   433   433 I thermal_src: waiting NOTIFY from kernel...

07-31 10:02:11.143   423   797 E VT      : [SRV] [VT THREAD] [VT_Bind] des = volte_imsvt1 Fail to connect . retry count: 934

07-31 10:02:11.144   423   797 D VT      : [SRV] isIMCBrun : False

07-31 10:02:11.906   817   839 E MFI-Conn:  (     mfia_task_bootstrap,  587) mfia_task_bootstrap(): retrying to connect to mal-mfi error 13!! ====

07-31 10:02:11.900   839   839 W viarild : type=1400 audit(0.0:2856): avc: denied { write } for name="mal-mfi" dev="tmpfs" ino=10393 scontext=u:r:viarild:s0 tcontext=u:object_r:mal_mfi_socket:s0 tclass=sock_file permissive=0

07-31 10:02:12.906   817   839 E MFI-Conn:  (     mfia_task_bootstrap,  587) mfia_task_bootstrap(): retrying to connect to mal-mfi error 13!! ====

07-31 10:02:12.900   839   839 W viarild : type=1400 audit(0.0:2857): avc: denied { write } for name="mal-mfi" dev="tmpfs" ino=10393 scontext=u:r:viarild:s0 tcontext=u:object_r:mal_mfi_socket:s0 tclass=sock_file permissive=0

07-31 10:02:13.807 14951 14959 I System  : FinalizerDaemon: finalize objects = 2

07-31 10:02:13.900   839   839 W viarild : type=1400 audit(0.0:2858): avc: denied { write } for name="mal-mfi" dev="tmpfs" ino=10393 scontext=u:r:viarild:s0 tcontext=u:object_r:mal_mfi_socket:s0 tclass=sock_file permissive=0

07-31 10:02:13.906   817   839 E MFI-Conn:  (     mfia_task_bootstrap,  587) mfia_task_bootstrap(): retrying to connect to mal-mfi error 13!! ====

07-31 10:02:14.144   423   797 E VT      : [SRV] [VT THREAD] [VT_Bind] des = volte_imsvt1 Fail to connect . retry count: 935

07-31 10:02:14.144   423   797 D VT      : [SRV] isIMCBrun : False

07-31 10:02:14.907   817   839 E MFI-Conn:  (     mfia_task_bootstrap,  587) mfia_task_bootstrap(): retrying to connect to mal-mfi error 13!! ====

07-31 10:02:14.900   839   839 W viarild : type=1400 audit(0.0:2859): avc: denied { write } for name="mal-mfi" dev="tmpfs" ino=10393 scontext=u:r:viarild:s0 tcontext=u:object_r:mal_mfi_socket:s0 tclass=sock_file permissive=0

07-31 10:02:15.650   435   435 I thermal_repeater: oh, queryMdThermalInfo (0)No such file or directory

07-31 10:02:15.654   435   435 I thermal_repeater: [recvMdThermalInfo] ret=5, strLen=127, ERROR

07-31 10:02:15.907   817   839 E MFI-Conn:  (     mfia_task_bootstrap,  587) mfia_task_bootstrap(): retrying to connect to mal-mfi error 13!! ====

07-31 10:02:15.900   839   839 W viarild : type=1400 audit(0.0:2860): avc: denied { write } for name="mal-mfi" dev="tmpfs" ino=10393 scontext=u:r:viarild:s0 tcontext=u:object_r:mal_mfi_socket:s0 tclass=sock_file permissive=0

07-31 10:02:15.962   433   433 I thermal_src: wake up function 3

07-31 10:02:15.962   433   433 I thermal_src: TA_DAEMON_CMD_GET_TPCB cmd=0x5, len=4 PCB=35000

07-31 10:02:15.962   433   433 I thermal_src: TA_DAEMON_CMD_SET_TTJ cmd=0x4, len=4 Tj=85000

07-31 10:02:15.962   433   433 I thermal_src: waiting NOTIFY from kernel...

07-31 10:02:16.908   817   839 E MFI-Conn:  (     mfia_task_bootstrap,  587) mfia_task_bootstrap(): retrying to connect to mal-mfi error 13!! ====

07-31 10:02:16.900   839   839 W viarild : type=1400 audit(0.0:2861): avc: denied { write } for name="mal-mfi" dev="tmpfs" ino=10393 scontext=u:r:viarild:s0 tcontext=u:object_r:mal_mfi_socket:s0 tclass=sock_file permissive=0

07-31 10:02:17.144   423   797 E VT      : [SRV] [VT THREAD] [VT_Bind] des = volte_imsvt1 Fail to connect . retry count: 936

07-31 10:02:17.145   423   797 D VT      : [SRV] isIMCBrun : False

07-31 10:02:17.236   433   433 I thermal_src: wake up function 3

07-31 10:02:17.236   433   433 I thermal_src: TA_DAEMON_CMD_GET_TPCB cmd=0x5, len=4 PCB=35000

07-31 10:02:17.236   433   433 I thermal_src: TA_DAEMON_CMD_SET_TTJ cmd=0x4, len=4 Tj=85000

07-31 10:02:17.236   433   433 I thermal_src: waiting NOTIFY from kernel...

07-31 10:02:17.237  2654  2658 D FRR     : buff=0x7f86538240, len=191

07-31 10:02:17.237  2654  2658 D FRR     : uevent[0]=0x7f86538240, len=48, "change@/devices/platform/battery/power_supply/ac"

07-31 10:02:17.237  2654  2658 D FRR     : voteFps(60, 0)

07-31 10:02:17.237  2654  2658 D FRR     : ThermalListener loop:

07-31 10:02:17.237  2654  2658 D FRR     : buff=0x7f86538240, len=194

07-31 10:02:17.237  2654  2658 D FRR     : uevent[0]=0x7f86538240, len=49, "change@/devices/platform/battery/power_supply/usb"

07-31 10:02:17.237  2654  2658 D FRR     : voteFps(60, 0)

07-31 10:02:17.237  2654  2658 D FRR     : ThermalListener loop:

07-31 10:02:17.238   941   957 V BatteryService: VNOILBS mScreenOn=true level=99 mCriticalBatteryLevel=3 mNotificationLowBatteryStates=false OS_VERSION=true mNotificationChargeStates=true status=2

07-31 10:02:17.238   941   957 V BatteryService: VNOILBS, turn off battery light.

07-31 10:02:17.238   941  1870 V BatteryService: VNOILBS mScreenOn=true level=99 mCriticalBatteryLevel=3 mNotificationLowBatteryStates=false OS_VERSION=true mNotificationChargeStates=true status=2

07-31 10:02:17.238   941  1870 V BatteryService: VNOILBS, turn off battery light.

07-31 10:02:17.238  2654  2658 D FRR     : buff=0x7f86538240, len=209

07-31 10:02:17.239  2654  2658 D FRR     : uevent[0]=0x7f86538240, len=54, "change@/devices/platform/battery/power_supply/wireless"

07-31 10:02:17.239  2654  2658 D FRR     : voteFps(60, 0)

07-31 10:02:17.239  2654  2658 D FRR     : ThermalListener loop:

07-31 10:02:17.240   941  1995 V BatteryService: VNOILBS mScreenOn=true level=99 mCriticalBatteryLevel=3 mNotificationLowBatteryStates=false OS_VERSION=true mNotificationChargeStates=true status=2

07-31 10:02:17.240   941  1995 V BatteryService: VNOILBS, turn off battery light.

07-31 10:02:17.244  2654  2658 D FRR     : buff=0x7f86538240, len=965

07-31 10:02:17.244  2654  2658 D FRR     : uevent[0]=0x7f86538240, len=53, "change@/devices/platform/battery/power_supply/battery"

07-31 10:02:17.244  2654  2658 D FRR     : voteFps(60, 0)

07-31 10:02:17.244  2654  2658 D FRR     : ThermalListener loop:

07-31 10:02:17.245   941  1996 D BatteryService: mBatteryVoltage=4330, batteryLevel=50

07-31 10:02:17.245   941  1996 V BatteryService: VNOILBS mScreenOn=true level=99 mCriticalBatteryLevel=3 mNotificationLowBatteryStates=false OS_VERSION=true mNotificationChargeStates=true status=2

07-31 10:02:17.245   941  1996 V BatteryService: VNOILBS, turn off battery light.

07-31 10:02:17.246   941   941 V ActivityManager: Broadcast sticky: Intent { act=android.intent.action.BATTERY_CHANGED flg=0x60000010 (has extras) } ordered=false userid=-1 callerApp=null

07-31 10:02:17.247   941   941 D FeatureService: onReceive action android.intent.action.BATTERY_CHANGED

07-31 10:02:17.247   941   941 D WifiService: onReceive, action:android.intent.action.BATTERY_CHANGED

07-31 10:02:17.247   941  1236 D WifiController: ApStaDisabledState{ when=0 what=155652 arg1=2 target=com.android.internal.util.StateMachine$SmHandler }

07-31 10:02:17.247   941  1236 D WifiController: DefaultState{ when=0 what=155652 arg1=2 target=com.android.internal.util.StateMachine$SmHandler }

07-31 10:02:17.247   941  1236 D WifiController: battery changed pluggedType: 2

07-31 10:02:17.250  1978  1978 D SwitcherUpdateMonitor: receive broadcast, action = android.intent.action.BATTERY_CHANGED

07-31 10:02:17.254  1504  1504 I WarningMessage: receiver: action isandroid.intent.action.BATTERY_CHANGED mBatteryPowerConnetDialog=true mShowChargerOverVoltageDialog=true

07-31 10:02:17.254  1504  1504 D DeviceListener: ++onReceive++:android.intent.action.BATTERY_CHANGED

07-31 10:02:17.254  1504  1504 D DeviceListener: onReceiveandroid.intent.action.BATTERY_CHANGED

07-31 10:02:17.254  1504  1504 I UsbDeviceManagerService: mUsbReceiver action:android.intent.action.BATTERY_CHANGED mConnected:false mLastConnected:false

07-31 10:02:17.255  1340  1340 D KeyguardUpdateMonitor: received broadcast android.intent.action.BATTERY_CHANGED

07-31 10:02:17.255  1340  1340 I BatteryController: SystemUI|status = 2, mLastStatus = 2, mPluggedIn = true, mLastPluggedIn = true

07-31 10:02:17.256  1340  1340 I BatteryController: SystemUI|mLevel = 99, mLastLevel = 99

07-31 10:02:17.256  1340  1340 D PowerUI : buckets   .....15 .. 10 .. 3

07-31 10:02:17.256  1340  1340 D PowerUI : level          99 --> 99

07-31 10:02:17.256  1340  1340 D PowerUI : status         2 --> 2

07-31 10:02:17.256  1340  1340 D PowerUI : plugType       2 --> 2

07-31 10:02:17.256  1340  1340 D PowerUI : invalidCharger 0 --> 0

07-31 10:02:17.256  1340  1340 D PowerUI : bucket         1 --> 1

07-31 10:02:17.256  1340  1340 D PowerUI : plugged        true --> true

07-31 10:02:17.259   941  1933 V ActivityManager: Broadcast: Intent { act=com.vivo.dismiss.lowpower flg=0x10 } ordered=false userid=0 callerApp=ProcessRecord{5bf1545 1340:com.android.systemui/u0a17}

07-31 10:02:17.260  1340  1340 D KeyguardUpdateMonitor: handleBatteryUpdate

07-31 10:02:17.260  1340  1340 I KeyguardSmartUpdateMonitor: handleChargingModeChanged, mQuickChargeHealth = 2, batteryHealth = 2

07-31 10:02:17.260  1340  1340 I KeyguardSmartUpdateMonitor: handleChargingModeChanged, mCurrentEngineState = 0, engineState = -2

07-31 10:02:17.286   941   948 I System  : FinalizerDaemon: finalize objects = 29

07-31 10:02:17.908   817   839 E MFI-Conn:  (     mfia_task_bootstrap,  587) mfia_task_bootstrap(): retrying to connect to mal-mfi error 13!! ====

07-31 10:02:17.900   839   839 W viarild : type=1400 audit(0.0:2862): avc: denied { write } for name="mal-mfi" dev="tmpfs" ino=10393 scontext=u:r:viarild:s0 tcontext=u:object_r:mal_mfi_socket:s0 tclass=sock_file permissive=0

07-31 10:02:18.909   817   839 E MFI-Conn:  (     mfia_task_bootstrap,  587) mfia_task_bootstrap(): retrying to connect to mal-mfi error 13!! ====

07-31 10:02:18.900   839   839 W viarild : type=1400 audit(0.0:2863): avc: denied { write } for name="mal-mfi" dev="tmpfs" ino=10393 scontext=u:r:viarild:s0 tcontext=u:object_r:mal_mfi_socket:s0 tclass=sock_file permissive=0

07-31 10:02:18.991 14924 14928 I System  : FinalizerDaemon: finalize objects = 27

07-31 10:02:19.909   817   839 E MFI-Conn:  (     mfia_task_bootstrap,  587) mfia_task_bootstrap(): retrying to connect to mal-mfi error 13!! ====
