07-28 17:14:33.026   798   824 W MFI-Conn:  (     mfia_task_bootstrap,  593) mfia_task_bootstrap(13): [ASSERT] more than 60 retries to connect to mal-mfi!!

07-28 17:14:33.011   824   824 W viarild : type=1400 audit(0.0:124073): avc: denied { write } for name="mal-mfi" dev="tmpfs" ino=8735 scontext=u:r:viarild:s0 tcontext=u:object_r:mal_mfi_socket:s0 tclass=sock_file permissive=0

07-28 17:14:33.327 20887 20893 I System  : FinalizerDaemon: finalize objects = 25

07-28 17:14:33.769   427   793 E VT      : [SRV] [VT THREAD] [VT_Bind] des = volte_imsvt1 Fail to connect . retry count: 39288

07-28 17:14:33.770   427   793 D VT      : [SRV] isIMCBrun : False

07-28 17:14:34.027   798   824 E MFI-Conn:  (     mfia_task_bootstrap,  587) mfia_task_bootstrap(): retrying to connect to mal-mfi error 13!! ====

07-28 17:14:34.011   824   824 W viarild : type=1400 audit(0.0:124074): avc: denied { write } for name="mal-mfi" dev="tmpfs" ino=8735 scontext=u:r:viarild:s0 tcontext=u:object_r:mal_mfi_socket:s0 tclass=sock_file permissive=0

07-28 17:14:35.021   824   824 W viarild : type=1400 audit(0.0:124075): avc: denied { write } for name="mal-mfi" dev="tmpfs" ino=8735 scontext=u:r:viarild:s0 tcontext=u:object_r:mal_mfi_socket:s0 tclass=sock_file permissive=0

07-28 17:14:35.027   798   824 E MFI-Conn:  (     mfia_task_bootstrap,  587) mfia_task_bootstrap(): retrying to connect to mal-mfi error 13!! ====

07-28 17:14:35.062   307   340 I BufferQueueProducer: [StatusBar](this:0x7f9ed4a800,id:6,api:1,p:1322,c:307) queueBuffer: fps=0.33 dur=3006.39 max=3006.39 min=3006.39

07-28 17:14:35.074   307   307 I SurfaceFlinger: [Built-in Screen (type:0)] fps:0.332646,dur:3006.20,max:3006.20,min:3006.20

07-28 17:14:35.437   439   439 I thermal_src: wake up function 3

07-28 17:14:35.437   439   439 I thermal_src: TA_DAEMON_CMD_GET_TPCB cmd=0x5, len=4 PCB=36000

07-28 17:14:35.437   439   439 I thermal_src: TA_DAEMON_CMD_SET_TTJ cmd=0x4, len=4 Tj=85000

07-28 17:14:35.437   439   439 I thermal_src: waiting NOTIFY from kernel...

07-28 17:14:35.481   312 18192 I MAL-Daemon:  (        ru_syssig_hndler,  436) [RDS-I][ru_syssig_hndler] Send Event: 688 

07-28 17:14:35.481   312 18192 I MAL-Daemon:  (        ru_syssig_hndler,  437) [RDS-I][RDS][RU][ru_syssig_hndler] ru_check_ctx_ptr<0xf5f34d9c, 0xf5f34d9c>

07-28 17:14:35.481   312 18192 W MAL-Daemon:  (    mdfx_task_send_event,  636) mdfx_task_send_event(): [ACT] should NOT enter this leagcy API!!

07-28 17:14:35.481   312 18192 I MAL-Daemon:  (    ru_send_event_entity,  368) [RDS-I][RDS][RU][ru_send_event_entity] send event 688 to 602 with ret(0)

07-28 17:14:35.481   312   682 I MAL-Daemon:  (             rds_ru_task,  454) [RDS-I][RU][rds_ru_task] RCV Event: 688 

07-28 17:14:35.486   312   682 D MAL-Daemon:  (     ru_wsl_poll_wpainfo,  657) [RDS-D][RDS][RU][ru_wsl_poll_wpainfo]socket recv pktlen(48) 

07-28 17:14:35.486   312   682 D MAL-Daemon:  (rds_ru_ws_rssi_timer_exp,  770) [RDS-D][RU][rds_ru_ws_rssi_timer_expire_hdlr][RDS] get rssi = -67, snr = 9999 

07-28 17:14:35.486   312   682 I MAL-Daemon:  (          ru_get_netstat, 5599) [RDS-I][RU][ru_get_netstat] netstat <thrghpt, pkterrt>, wifi <148, 0%>, mobile <0, 0%>

07-28 17:14:35.486   312   682 I MAL-Daemon:  (    ru_send_event_entity,  368) [RDS-I][RDS][RU][ru_send_event_entity] send event 614 to 1236 with ret(0)

07-28 17:14:35.487  1970  2068 I MFI-Conn:  (     mfia_task_bootstrap,  944) mfia_task_bootstrap(): an event 614 incoming

07-28 17:14:35.487  1970  2110 I MFI-Conn:  (             rds_urc_hdl,  263) [RDS][rds_urc_hdl] RCV Event: 614 

07-28 17:14:35.487  1970  2110 I MFI-Conn:  (             rds_urc_hdl,  378) [RDS][IF][rds_urc_hdl] data_base update: pkterrt(0) 

07-28 17:14:35.635   965  1227 D WifiStateMachine:  ConnectedState (when=-4ms what=131155 arg1=142!CMD_RSSI_POLL  rt=117947577/906407549 142 0 "beta-test" 3c:8c:40:e4:3c:f2 rssi=-67 f=2412 sc=80 link=65 tx=2.0, 0.0, 0.0  rx=0.6 bcn=0 [on:0 tx:0 rx:0 period:3000] from screen [on:0 period:-2005277965] gl hn rssi=-62 ag=0 hr ticks 5,271,819 ls-=0 [56,56,56,56,61] brc=0 lrc=0 offload-stopped

07-28 17:14:35.636   965  1227 D WifiStateMachine:  L2ConnectedState (when=-5ms what=131155 arg1=142!CMD_RSSI_POLL  rt=117947578/906407550 142 0 "beta-test" 3c:8c:40:e4:3c:f2 rssi=-67 f=2412 sc=80 link=65 tx=2.0, 0.0, 0.0  rx=0.6 bcn=0 [on:0 tx:0 rx:0 period:1] from screen [on:0 period:-2005277964] gl hn rssi=-62 ag=0 hr ticks 5,271,819 ls-=0 [56,56,56,56,61] brc=0 lrc=0 offload-stopped

07-28 17:14:35.636   965  1227 D WifiStateMachine:  get link layer stats 0

07-28 17:14:35.640   965  1227 I WifiStateMachine: fetchRssiLinkSpeedAndFrequencyNative, newRssi:-67, newLinkSpeed:65, SSID:"beta-test"

07-28 17:14:35.640   965  1227 D WifiStateMachine: mLastSignalLevel:2, newSignalLevel:2

07-28 17:14:35.643   965  1227 E WifiStateMachine: calculateWifiScore() we set wifi's score to 1000, so will always set wifi as a default network.

07-28 17:14:35.644   965  1227 V ActivityManager: Broadcast sticky: Intent { act=android.net.wifi.RSSI_CHANGED flg=0x4000010 (has extras) } ordered=false userid=-1 callerApp=ProcessRecord{f5c5ef3 965:system/1000}

07-28 17:14:35.648   965  1256 D WifiWatchdogStateMachine: RSSI current: 2 new: -67, 2

07-28 17:14:35.648  1322  1836 I VivoNetworkController: SystemUI|action = android.net.wifi.RSSI_CHANGED

07-28 17:14:36.027   798   824 E MFI-Conn:  (     mfia_task_bootstrap,  587) mfia_task_bootstrap(): retrying to connect to mal-mfi error 13!! ====

07-28 17:14:36.021   824   824 W viarild : type=1400 audit(0.0:124076): avc: denied { write } for name="mal-mfi" dev="tmpfs" ino=8735 scontext=u:r:viarild:s0 tcontext=u:object_r:mal_mfi_socket:s0 tclass=sock_file permissive=0

07-28 17:14:36.093   439   439 I thermal_src: wake up function 3

07-28 17:14:36.093   439   439 I thermal_src: TA_DAEMON_CMD_GET_TPCB cmd=0x5, len=4 PCB=36000

07-28 17:14:36.093   439   439 I thermal_src: TA_DAEMON_CMD_SET_TTJ cmd=0x4, len=4 Tj=85000

07-28 17:14:36.093   439   439 I thermal_src: waiting NOTIFY from kernel...

07-28 17:14:36.094  2678  2683 D FRR     : buff=0x7fb368b240, len=192

07-28 17:14:36.094  2678  2683 D FRR     : uevent[0]=0x7fb368b240, len=48, "change@/devices/platform/battery/power_supply/ac"

07-28 17:14:36.094  2678  2683 D FRR     : voteFps(60, 0)

07-28 17:14:36.094  2678  2683 D FRR     : ThermalListener loop:

07-28 17:14:36.095   965  1933 V BatteryService: VNOILBS mScreenOn=true level=100 mCriticalBatteryLevel=3 mNotificationLowBatteryStates=false OS_VERSION=true mNotificationChargeStates=true status=5

07-28 17:14:36.095   965  1933 V BatteryService: VNOILBS, turn off battery light.

07-28 17:14:36.096  2678  2683 D FRR     : buff=0x7fb368b240, len=195

07-28 17:14:36.096  2678  2683 D FRR     : uevent[0]=0x7fb368b240, len=49, "change@/devices/platform/battery/power_supply/usb"

07-28 17:14:36.096  2678  2683 D FRR     : voteFps(60, 0)

07-28 17:14:36.096  2678  2683 D FRR     : ThermalListener loop:

07-28 17:14:36.096   965  2012 V BatteryService: VNOILBS mScreenOn=true level=100 mCriticalBatteryLevel=3 mNotificationLowBatteryStates=false OS_VERSION=true mNotificationChargeStates=true status=5

07-28 17:14:36.096   965  2012 V BatteryService: VNOILBS, turn off battery light.

07-28 17:14:36.096  2678  2683 D FRR     : buff=0x7fb368b240, len=210

07-28 17:14:36.096  2678  2683 D FRR     : uevent[0]=0x7fb368b240, len=54, "change@/devices/platform/battery/power_supply/wireless"

07-28 17:14:36.096  2678  2683 D FRR     : voteFps(60, 0)

07-28 17:14:36.096  2678  2683 D FRR     : ThermalListener loop:

07-28 17:14:36.097   965  1969 V BatteryService: VNOILBS mScreenOn=true level=100 mCriticalBatteryLevel=3 mNotificationLowBatteryStates=false OS_VERSION=true mNotificationChargeStates=true status=5

07-28 17:14:36.097   965  1969 V BatteryService: VNOILBS, turn off battery light.

07-28 17:14:36.101  2678  2683 D FRR     : buff=0x7fb368b240, len=963

07-28 17:14:36.101  2678  2683 D FRR     : uevent[0]=0x7fb368b240, len=53, "change@/devices/platform/battery/power_supply/battery"

07-28 17:14:36.101  2678  2683 D FRR     : voteFps(60, 0)

07-28 17:14:36.101  2678  2683 D FRR     : ThermalListener loop:

07-28 17:14:36.102   965  1939 D BatteryService: mBatteryVoltage=4376, batteryLevel=50

07-28 17:14:36.102   965  1939 V BatteryService: VNOILBS mScreenOn=true level=100 mCriticalBatteryLevel=3 mNotificationLowBatteryStates=false OS_VERSION=true mNotificationChargeStates=true status=5

07-28 17:14:36.102   965  1939 V BatteryService: VNOILBS, turn off battery light.

07-28 17:14:36.104   965   965 V ActivityManager: Broadcast sticky: Intent { act=android.intent.action.BATTERY_CHANGED flg=0x60000010 (has extras) } ordered=false userid=-1 callerApp=null

07-28 17:14:36.105   965   965 D FeatureService: onReceive action android.intent.action.BATTERY_CHANGED

07-28 17:14:36.105   965   965 D WifiService: onReceive, action:android.intent.action.BATTERY_CHANGED

07-28 17:14:36.105   965  1229 D WifiController: DeviceActiveState{ when=0 what=155652 arg1=2 target=com.android.internal.util.StateMachine$SmHandler }

07-28 17:14:36.105   965  1229 D WifiController: StaEnabledState{ when=0 what=155652 arg1=2 target=com.android.internal.util.StateMachine$SmHandler }

07-28 17:14:36.105   965  1229 D WifiController: DefaultState{ when=-1ms what=155652 arg1=2 target=com.android.internal.util.StateMachine$SmHandler }

07-28 17:14:36.105   965  1229 D WifiController: battery changed pluggedType: 2

07-28 17:14:36.107  7934  7934 D MusicService: ========action = android.intent.action.BATTERY_CHANGED

07-28 17:14:36.107  1484  1484 I WarningMessage: receiver: action isandroid.intent.action.BATTERY_CHANGED mBatteryPowerConnetDialog=true mShowChargerOverVoltageDialog=true

07-28 17:14:36.108  1484  1484 D DeviceListener: ++onReceive++:android.intent.action.BATTERY_CHANGED

07-28 17:14:36.108  1322  1322 D KeyguardUpdateMonitor: received broadcast android.intent.action.BATTERY_CHANGED

07-28 17:14:36.108  1484  1484 D DeviceListener: onReceiveandroid.intent.action.BATTERY_CHANGED

07-28 17:14:36.108  1484  1484 I UsbDeviceManagerService: mUsbReceiver action:android.intent.action.BATTERY_CHANGED mConnected:false mLastConnected:false

07-28 17:14:36.108  1322  1322 I BatteryController: SystemUI|status = 5, mLastStatus = 5, mPluggedIn = true, mLastPluggedIn = true

07-28 17:14:36.109  1322  1322 I BatteryController: SystemUI|mLevel = 100, mLastLevel = 100

07-28 17:14:36.109  1997  1997 D SwitcherUpdateMonitor: receive broadcast, action = android.intent.action.BATTERY_CHANGED

07-28 17:14:36.109  1322  1322 D PowerUI : buckets   .....15 .. 10 .. 3

07-28 17:14:36.109  1322  1322 D PowerUI : level          100 --> 100

07-28 17:14:36.109  1322  1322 D PowerUI : status         5 --> 5

07-28 17:14:36.109  1322  1322 D PowerUI : plugType       2 --> 2

07-28 17:14:36.109  1322  1322 D PowerUI : invalidCharger 0 --> 0

07-28 17:14:36.109  1322  1322 D PowerUI : bucket         1 --> 1

07-28 17:14:36.109  1322  1322 D PowerUI : plugged        true --> true

07-28 17:14:36.110   965  1507 V ActivityManager: Broadcast: Intent { act=com.vivo.dismiss.lowpower flg=0x10 } ordered=false userid=0 callerApp=ProcessRecord{a9d1b8a 1322:com.android.systemui/u0a17}

07-28 17:14:36.111  1322  1322 D KeyguardUpdateMonitor: handleBatteryUpdate

07-28 17:14:36.111  1322  1322 I KeyguardSmartUpdateMonitor: handleChargingModeChanged, mQuickChargeHealth = 2, batteryHealth = 2

07-28 17:14:36.111  1322  1322 I KeyguardSmartUpdateMonitor: handleChargingModeChanged, mCurrentEngineState = 0, engineState = -2

07-28 17:14:36.770   427   793 E VT      : [SRV] [VT THREAD] [VT_Bind] des = volte_imsvt1 Fail to connect . retry count: 39289

07-28 17:14:36.770   427   793 D VT      : [SRV] isIMCBrun : False

07-28 17:14:36.792   441   441 I thermal_repeater: select timeout

07-28 17:14:37.021   824   824 W viarild : type=1400 audit(0.0:124077): avc: denied { write } for name="mal-mfi" dev="tmpfs" ino=8735 scontext=u:r:viarild:s0 tcontext=u:object_r:mal_mfi_socket:s0 tclass=sock_file permissive=0

07-28 17:14:37.028   798   824 E MFI-Conn:  (     mfia_task_bootstrap,  587) mfia_task_bootstrap(): retrying to connect to mal-mfi error 13!! ====

07-28 17:14:37.052   307  2346 I BufferQueueProducer: [StatusBar](this:0x7f9ed4a800,id:6,api:1,p:1322,c:307) queueBuffer: fps=1.00 dur=1990.15 max=997.04 min=993.11

07-28 17:14:37.067   307   307 I SurfaceFlinger: [Built-in Screen (type:0)] fps:1.003560,dur:1992.91,max:996.67,min:996.23

07-28 17:14:38.028   798   824 E MFI-Conn:  (     mfia_task_bootstrap,  587) mfia_task_bootstrap(): retrying to connect to mal-mfi error 13!! ====
