07-28 16:38:21.146   965  2012 D AlarmManager:  whichBatch = -1

07-28 16:38:21.146   965  2012 D AlarmManager:  whichBatch = -1

07-28 16:38:21.146   965  2012 D AlarmManager:  whichBatch = -1

07-28 16:38:21.146   965  2012 D AlarmManager:  whichBatch = -1

07-28 16:38:21.146   965  2012 D AlarmManager:  whichBatch = -1

07-28 16:38:21.146   965  2012 D AlarmManager:  whichBatch = -1

07-28 16:38:21.146 10766 11006 D VivoGame.AwakeWatcher: startWatch key check_logo_image, mWatchMap = [net_changed, check_appointment_list]

07-28 16:38:21.146   965  2012 D AlarmManager:  whichBatch = -1

07-28 16:38:21.146   965  2012 D AlarmManager:  whichBatch = -1

07-28 16:38:21.146   965  2012 D AlarmManager:  whichBatch = -1

07-28 16:38:21.146   965  2012 D AlarmManager:  whichBatch = -1

07-28 16:38:21.146   965  2012 D AlarmManager:  whichBatch = -1

07-28 16:38:21.146   965  2012 D AlarmManager:  whichBatch = -1

07-28 16:38:21.146   965  2012 D AlarmManager:  whichBatch = -1

07-28 16:38:21.146   965  2012 D AlarmManager:  whichBatch = -1

07-28 16:38:21.146   965  2012 D AlarmManager:  whichBatch = -1

07-28 16:38:21.146   965  2012 D AlarmManager:  whichBatch = -1

07-28 16:38:21.146   965  2012 D AlarmManager:  whichBatch = -1

07-28 16:38:21.146   965  2012 D AlarmManager:  whichBatch = -1

07-28 16:38:21.146   965  2012 D AlarmManager:  whichBatch = -1

07-28 16:38:21.146   965  2012 D AlarmManager:  whichBatch = -1

07-28 16:38:21.146   965  2012 D AlarmManager:  whichBatch = -1

07-28 16:38:21.146   965  2012 D AlarmManager:  whichBatch = -1

07-28 16:38:21.146   965  2012 D AlarmManager:  whichBatch = -1

07-28 16:38:21.147 10766 11006 D VivoGame.AppointmentDownloadUtils: checkAppointmentDownloadList, checkFrom = 1

07-28 16:38:21.147   965  2012 D AlarmManager:  whichBatch = -1

07-28 16:38:21.147   965  2012 D AlarmManager:  whichBatch = -1

07-28 16:38:21.147   965  2012 D AlarmManager:  whichBatch = -1

07-28 16:38:21.147   965  2012 D AlarmManager:  whichBatch = -1

07-28 16:38:21.147   965  2012 D AlarmManager:  whichBatch = -1

07-28 16:38:21.147   965  2012 D AlarmManager:  whichBatch = -1

07-28 16:38:21.147   965  2012 D AlarmManager:  whichBatch = -1

07-28 16:38:21.147   965  2012 D AlarmManager:  whichBatch = -1

07-28 16:38:21.147   965  2012 D AlarmManager:  whichBatch = -1

07-28 16:38:21.147   965  2012 D AlarmManager:  whichBatch = -1

07-28 16:38:21.147   965  2012 D AlarmManager:  whichBatch = -1

07-28 16:38:21.147   965  2012 D AlarmManager:  whichBatch = -1

07-28 16:38:21.147   965  2012 D AlarmManager:  whichBatch = -1

07-28 16:38:21.147   965  2012 D AlarmManager:  whichBatch = -1

07-28 16:38:21.147   965  2012 D AlarmManager:  whichBatch = -1

07-28 16:38:21.147   965  2012 D AlarmManager:  whichBatch = -1

07-28 16:38:21.147   965  2012 D AlarmManager:  whichBatch = -1

07-28 16:38:21.147   965  2012 D AlarmManager:  whichBatch = -1

07-28 16:38:21.147 10766 11006 D VivoGame.AppointmentDownloadUtils: checkAppointmentDownloadList, currentTime = 1501231101147, lastCheckTime = 1501228437275, delta = 2663872, timeInterval = 3600000

07-28 16:38:21.147   965  2012 D AlarmManager:  whichBatch = -1

07-28 16:38:21.147   965  2012 D AlarmManager:  whichBatch = -1

07-28 16:38:21.147   965  2012 D AlarmManager:  whichBatch = -1

07-28 16:38:21.148   965  2012 D AlarmManager:  whichBatch = -1

07-28 16:38:21.148   965  2012 D AlarmManager:  whichBatch = -1

07-28 16:38:21.148 10766 11006 D VivoGame.AwakeWatcher: endWatch key check_appointment_list, mWatchMap = [net_changed, check_appointment_list, check_logo_image]

07-28 16:38:21.148 10766 11006 D VivoGame.AwakeWatcher: tryKillSelf for check_appointment_list, mWatchMap = [net_changed, check_logo_image]

07-28 16:38:21.148 10766 11006 D VivoGame.AwakeWatcher: endWatch key check_logo_image, mWatchMap = [net_changed, check_logo_image]

07-28 16:38:21.148 10766 11006 D VivoGame.AwakeWatcher: tryKillSelf for check_logo_image, mWatchMap = [net_changed]

07-28 16:38:21.148  1680 11002 V VDP1018-DownloadService: processing inserted download 7

07-28 16:38:21.148  1680 11002 I VDP1018-DownloadProxyImpl: mLastNet 255

07-28 16:38:21.150 10766 10766 I VivoGame.NetChangedTask: NetChangedTask onPostExecute

07-28 16:38:21.150   965  1507 D ConnectivityService: getActiveNetworkInfo networkInfo = [type: WIFI[], state: CONNECTED/CONNECTED, reason: (unspecified), extra: "beta-test", roaming: false, failover: false, isAvailable: true]

07-28 16:38:21.152   965  1969 V AlarmAlign: remove pkg = com.vivo.devicereg, action = cn.richinfo.dmyk.action.APN_RETRY

07-28 16:38:21.152   965  1969 V AlarmAlign: list mBatch[0] whenElapsed = 905421938, maxWhenElapsed = 905422238, pkg = android, action = android.appwidget.action.APPWIDGET_UPDATE

07-28 16:38:21.152   965  1969 V AlarmAlign: list mBatch[1] whenElapsed = 947431055, maxWhenElapsed = 947431355, pkg = android, action = android.net.dhcp.DhcpClient.wlan0.RENEW

07-28 16:38:21.152   965  1969 V AlarmAlign: list mBatch[2] whenElapsed = 968448990, maxWhenElapsed = 968449290, pkg = com.vivo.devicereg, action = cn.richinfo.dmyk.action.HEARTBEAT

07-28 16:38:21.152   965  1969 V AlarmAlign: list mBatch[3] whenElapsed = 1464761632, maxWhenElapsed = 1464761932, pkg = com.vivo.devicereg, action = cn.richinfo.dmyk.action.APPINFO

07-28 16:38:21.153   965  1969 V AlarmAlign: list mBatch[4] whenElapsed = 2521305203, maxWhenElapsed = 2521305503, pkg = com.vivo.devicereg, action = cn.richinfo.dmyk.action.APN

07-28 16:38:21.153   965  1969 V AlarmAlign: list mBatch[5] whenElapsed = 916331915, maxWhenElapsed = 916332215, pkg = android, action = android.intent.action.auto_bright.day.end

07-28 16:38:21.153   965  1969 V AlarmAlign: list mBatch[6] whenElapsed = 930733424, maxWhenElapsed = 930733724, pkg = com.vivo.pem, action = com.vivo.pem.cbgpower

07-28 16:38:21.153   965  1969 V AlarmAlign: list mBatch[7] whenElapsed = 948731914, maxWhenElapsed = 948732214, pkg = android, action = android.intent.action.auto_bright.day.start

07-28 16:38:21.154   427   793 E VT      : [SRV] [VT THREAD] [VT_Bind] des = volte_imsvt1 Fail to connect . retry count: 38564

07-28 16:38:21.154   427   793 D VT      : [SRV] isIMCBrun : False

07-28 16:38:21.157  9618  9618 D ActivityThread: BDC-RECEIVER handled : 0 / ReceiverData{intent=Intent { act=android.net.conn.CONNECTIVITY_CHANGE flg=0x4000010 cmp=com.iqoo.secure/.update.download.DownloadReceiver (has extras) } packageName=com.iqoo.secure resultCode=0 resultData=null resultExtras=null}

07-28 16:38:21.157   965  1037 V NetworkStats: setKernelCounterSet uid=10058 set=0

07-28 16:38:21.157  9618  9618 D ActivityThread: SVC-Creating service: CreateServiceData{token=android.os.BinderProxy@3049026 className=com.iqoo.secure.update.download.DownloadService packageName=com.iqoo.secure intent=null}

07-28 16:38:21.157  9618  9618 D FunDownloadManager: Service onCreate

07-28 16:38:21.158  1464  1464 D ActivityThread: BDC-Calling onReceive: intent=Intent { act=android.net.conn.CONNECTIVITY_CHANGE flg=0x4000010 cmp=com.iqoo.secure/.wifidetect.NetworkReceiver (has extras) }, receiver=com.iqoo.secure.wifidetect.NetworkReceiver@3553a57

07-28 16:38:21.159   965  1361 V AlarmAlign: remove pkg = com.vivo.devicereg, action = cn.richinfo.dmyk.action.APN

07-28 16:38:21.159 10766 10766 D VivoGame.AwakeWatcher: startWatch key check_self_update, mWatchMap = [net_changed]

07-28 16:38:21.159   965  1361 V AlarmAlign: list mBatch[0] whenElapsed = 905421938, maxWhenElapsed = 905422238, pkg = android, action = android.appwidget.action.APPWIDGET_UPDATE

07-28 16:38:21.159 10766 10766 D VivoGame.AwakeWatcher: endWatch key net_changed, mWatchMap = [net_changed, check_self_update]

07-28 16:38:21.159   965  1361 V AlarmAlign: list mBatch[1] whenElapsed = 947431055, maxWhenElapsed = 947431355, pkg = android, action = android.net.dhcp.DhcpClient.wlan0.RENEW

07-28 16:38:21.159 10766 10766 D VivoGame.AwakeWatcher: tryKillSelf for net_changed, mWatchMap = [check_self_update]

07-28 16:38:21.159   965  1361 V AlarmAlign: list mBatch[2] whenElapsed = 968448990, maxWhenElapsed = 968449290, pkg = com.vivo.devicereg, action = cn.richinfo.dmyk.action.HEARTBEAT

07-28 16:38:21.159 10766 10766 D VivoGame.NetChangedTask: CONNECTIVITY_ACTION, timeInterval = 86400000

07-28 16:38:21.159  1606  1617 I DaemonService: DataUsageService pid = 1464

07-28 16:38:21.159   965  1361 V AlarmAlign: list mBatch[3] whenElapsed = 1464761632, maxWhenElapsed = 1464761932, pkg = com.vivo.devicereg, action = cn.richinfo.dmyk.action.APPINFO

07-28 16:38:21.159 10766 10766 D VivoGame.NetChangedTask: CONNECTIVITY_ACTION, currentTime - lastCheckTime = 16900720

07-28 16:38:21.159   965  1361 V AlarmAlign: list mBatch[4] whenElapsed = 916331915, maxWhenElapsed = 916332215, pkg = android, action = android.intent.action.auto_bright.day.end

07-28 16:38:21.159 10766 10766 D VivoGame.AwakeWatcher: endWatch key check_self_update, mWatchMap = [check_self_update]

07-28 16:38:21.160   965  1361 V AlarmAlign: list mBatch[5] whenElapsed = 930733424, maxWhenElapsed = 930733724, pkg = com.vivo.pem, action = com.vivo.pem.cbgpower

07-28 16:38:21.160 10766 10766 D VivoGame.AwakeWatcher: tryKillSelf for check_self_update, mWatchMap = []

07-28 16:38:21.160   965  1361 V AlarmAlign: list mBatch[6] whenElapsed = 948731914, maxWhenElapsed = 948732214, pkg = android, action = android.intent.action.auto_bright.day.start

07-28 16:38:21.160   965  1361 D AlarmManager:  whichBatch = -1

07-28 16:38:21.160   965  1361 D AlarmManager:  whichBatch = -1

07-28 16:38:21.160   965  1361 D AlarmManager:  whichBatch = -1

07-28 16:38:21.160   965  1361 D AlarmManager:  whichBatch = -1

07-28 16:38:21.160   965  1361 D AlarmManager:  whichBatch = -1

07-28 16:38:21.160   965  1361 D AlarmManager:  whichBatch = -1

07-28 16:38:21.160   965  1361 D AlarmManager:  whichBatch = -1

07-28 16:38:21.160   965  1361 D AlarmManager:  whichBatch = -1

07-28 16:38:21.160   965  1361 D AlarmManager:  whichBatch = -1

07-28 16:38:21.160   965  1361 D AlarmManager:  whichBatch = -1

07-28 16:38:21.160   965  1361 D AlarmManager:  whichBatch = -1

07-28 16:38:21.160   965  1361 D AlarmManager:  whichBatch = -1

07-28 16:38:21.160   965  1361 D AlarmManager:  whichBatch = -1

07-28 16:38:21.160   965  1361 D AlarmManager:  whichBatch = -1

07-28 16:38:21.160   965  1361 D AlarmManager:  whichBatch = -1

07-28 16:38:21.161   965  1361 D AlarmManager:  whichBatch = -1

07-28 16:38:21.161   965  1361 D AlarmManager:  whichBatch = -1

07-28 16:38:21.161   965  1361 D AlarmManager:  whichBatch = -1

07-28 16:38:21.161   965  1361 D AlarmManager:  whichBatch = -1

07-28 16:38:21.161   965  1361 D AlarmManager:  whichBatch = -1

07-28 16:38:21.161   965  1361 D AlarmManager:  whichBatch = -1

07-28 16:38:21.161   965  1361 D AlarmManager:  whichBatch = -1

07-28 16:38:21.161   965  1361 D AlarmManager:  whichBatch = -1

07-28 16:38:21.161   965  1361 D AlarmManager:  whichBatch = -1

07-28 16:38:21.161 10766 10766 D VivoGame.GameLocalActivityManager: exitAuto, reason : awake watcher key = check_self_update

07-28 16:38:21.161   965  1361 D AlarmManager:  whichBatch = -1

07-28 16:38:21.161   965  1361 D AlarmManager:  whichBatch = -1

07-28 16:38:21.161   965  1361 D AlarmManager:  whichBatch = -1

07-28 16:38:21.161   965  1361 D AlarmManager:  whichBatch = -1

07-28 16:38:21.161   965  1361 D AlarmManager:  whichBatch = -1

07-28 16:38:21.161   965  1361 D AlarmManager:  whichBatch = -1

07-28 16:38:21.161   965  1361 D AlarmManager:  whichBatch = -1

07-28 16:38:21.161   965  1361 D AlarmManager:  whichBatch = -1

07-28 16:38:21.161   965  1361 D AlarmManager:  whichBatch = -1

07-28 16:38:21.161   965  1361 D AlarmManager:  whichBatch = -1

07-28 16:38:21.161   965  1361 D AlarmManager:  whichBatch = -1

07-28 16:38:21.161   965  1361 D AlarmManager:  whichBatch = -1

07-28 16:38:21.161   965  1361 D AlarmManager:  whichBatch = -1

07-28 16:38:21.161   965  1361 D AlarmManager:  whichBatch = -1

07-28 16:38:21.162   965  1361 D AlarmManager:  whichBatch = -1

07-28 16:38:21.162   965  1361 D AlarmManager:  whichBatch = -1

07-28 16:38:21.162   965  1361 D AlarmManager:  whichBatch = -1

07-28 16:38:21.162   965  1361 D AlarmManager:  whichBatch = -1

07-28 16:38:21.162   965  1361 D AlarmManager:  whichBatch = -1

07-28 16:38:21.162   965  1361 D AlarmManager:  whichBatch = -1

07-28 16:38:21.162  1606  1617 I DaemonService: DataUsageService pid = 1464

07-28 16:38:21.162   965  1361 D AlarmManager:  whichBatch = -1

07-28 16:38:21.162   965  1361 D AlarmManager:  whichBatch = -1

07-28 16:38:21.163   965  1957 I ExtraAlarmManager: Uid : 10048, Package name is : com.vivo.devicereg

07-28 16:38:21.163   965  1957 D ExtraAlarmManager: com.vivo.devicereg: is package

07-28 16:38:21.163   965  1957 I ExtraAlarmManager: type: 2 Type: 2

07-28 16:38:21.163   965  1957 V AlarmAlign: addAlarm pkg = com.vivo.devicereg, action = cn.richinfo.dmyk.action.APN, whenElapsed = 2521305202

07-28 16:38:21.163   965  1957 V AlarmAlign: addAlarm whenElapsed = 2521305202, needGrouping = false

07-28 16:38:21.163   965  1957 V AlarmAlign: list mBatch[0] whenElapsed = 905421938, maxWhenElapsed = 905422238, pkg = android, action = android.appwidget.action.APPWIDGET_UPDATE

07-28 16:38:21.163   965  1957 V AlarmAlign: list mBatch[1] whenElapsed = 947431055, maxWhenElapsed = 947431355, pkg = android, action = android.net.dhcp.DhcpClient.wlan0.RENEW

07-28 16:38:21.164   965  1957 V AlarmAlign: list mBatch[2] whenElapsed = 968448990, maxWhenElapsed = 968449290, pkg = com.vivo.devicereg, action = cn.richinfo.dmyk.action.HEARTBEAT

07-28 16:38:21.164   965  1957 V AlarmAlign: list mBatch[3] whenElapsed = 1464761632, maxWhenElapsed = 1464761932, pkg = com.vivo.devicereg, action = cn.richinfo.dmyk.action.APPINFO

07-28 16:38:21.164   965  1957 V AlarmAlign: list mBatch[4] whenElapsed = 2521305202, maxWhenElapsed = 2521305502, pkg = com.vivo.devicereg, action = cn.richinfo.dmyk.action.APN

07-28 16:38:21.164   965  1957 V AlarmAlign: list mBatch[5] whenElapsed = 916331915, maxWhenElapsed = 916332215, pkg = android, action = android.intent.action.auto_bright.day.end

07-28 16:38:21.164   965  1957 V AlarmAlign: list mBatch[6] whenElapsed = 930733424, maxWhenElapsed = 930733724, pkg = com.vivo.pem, action = com.vivo.pem.cbgpower

07-28 16:38:21.164   965  1957 V AlarmAlign: list mBatch[7] whenElapsed = 948731914, maxWhenElapsed = 948732214, pkg = android, action = android.intent.action.auto_bright.day.start

07-28 16:38:21.164  9618  9618 V FunDownloadManager: StorageManager::mDownloadDataDir = /data/user/0/com.iqoo.secure/cache

07-28 16:38:21.164  9618  9618 V FunDownloadManager: StorageManager::mExternalStorageDir = /storage/emulated/0

07-28 16:38:21.164   965  1957 D AlarmManager:  whichBatch = -1

07-28 16:38:21.164  9618  9618 V FunDownloadManager: StorageManager::mSystemCacheDir = /cache

07-28 16:38:21.165  1680 11002 V VDP1018-DownloadService: processing inserted download 8

07-28 16:38:21.165  1680 11002 I VDP1018-DownloadProxyImpl: mLastNet 255

07-28 16:38:21.168  1464  1464 D ActivityThread: BDC-RECEIVER handled : 0 / ReceiverData{intent=Intent { act=android.net.conn.CONNECTIVITY_CHANGE flg=0x4000010 cmp=com.iqoo.secure/.wifidetect.NetworkReceiver (has extras) } packageName=com.iqoo.secure resultCode=0 resultData=null resultExtras=null}

07-28 16:38:21.170  9618 11008 V FunDownloadManager: in removeSpuriousFiles

07-28 16:38:21.171  9618 11008 V FunDownloadManager: in trimDatabase

07-28 16:38:21.171  9618 11008 V FunDownloadManager: starting query, database is not null; projection[0] is _id; selection is status >= '200'; selectionArgs is null; sort is lastmod.

07-28 16:38:21.171 10766 10766 I VivoGame.GameLocalActivityManager: isServiceRunning, isRunning = true, className = com.vivo.game.update.GameReceiverService

07-28 16:38:21.171 10766 10766 I VivoGame.GameLocalActivityManager: isServiceRunning, isRunning = false, className = com.vivo.game.update.AutoUpdateGameService

07-28 16:38:21.172 10766 10766 D ActivityThread: SVC-Calling onStartCommand: com.vivo.game.update.GameReceiverService@4efcfd1, flags=0, startId=2

07-28 16:38:21.175  9665  9665 D ActivityThread: BDC-Calling onReceive: intent=Intent { act=android.net.conn.CONNECTIVITY_CHANGE flg=0x4000010 cmp=com.vivo.networkstate/.StartupReceiver (has extras) }, receiver=com.vivo.networkstate.StartupReceiver@f3becd4

07-28 16:38:21.175  9665  9665 D networkStateUpdate: networkstate onReceive onReceive

07-28 16:38:21.175  9665  9665 D networkStateUpdate: receive ConnectivityManager.CONNECTIVITY_ACTION

07-28 16:38:21.175  9665  9665 D ActivityThread: BDC-RECEIVER handled : 0 / ReceiverData{intent=Intent { act=android.net.conn.CONNECTIVITY_CHANGE flg=0x4000010 cmp=com.vivo.networkstate/.StartupReceiver (has extras) } packageName=com.vivo.networkstate resultCode=0 resultData=null resultExtras=null}

07-28 16:38:21.177 10766 10766 D ActivityThread: SVC-SERVICE_ARGS handled : 0 / ServiceArgsData{token=android.os.BinderProxy@eb5916a startId=2 args=Intent { cmp=com.vivo.game/.update.GameReceiverService (has extras) }}

07-28 16:38:21.177  9618 11008 V FunDownloadManager: created cursor android.database.sqlite.SQLiteCursor@412467 on behalf of 9618

07-28 16:38:21.178 10766 10766 D ActivityThread: SVC-Destroying service: com.vivo.game.update.GameReceiverService@4efcfd1

07-28 16:38:21.178 10766 10766 D ActivityThread: SVC-STOP_SERVICE handled : 0 / android.os.BinderProxy@eb5916a

07-28 16:38:21.180  1484  1484 D ActivityThread: BDC-Calling onReceive: intent=Intent { act=android.net.conn.CONNECTIVITY_CHANGE flg=0x4000010 cmp=com.vivo.daemonService/.ewarranty.EwarrantyBroadcastReceiver (has extras) }, receiver=com.vivo.daemonService.ewarranty.EwarrantyBroadcastReceiver@99d9fa1

07-28 16:38:21.180  1484  1484 D EWarranty.fw.EWarrantyBroadcastReceiver: isForNetEntry()=false

07-28 16:38:21.180  1484  1484 D EWarranty.fw.EWarrantyBroadcastReceiver: EwarrantyBroadcastReceiver.onReceive, action=android.net.conn.CONNECTIVITY_CHANGE

07-28 16:38:21.181   965  1037 V NetworkStats: setKernelCounterSet uid=10058 set=1

07-28 16:38:21.181  1484  1484 D EWarranty.fw.utils: actState=2

07-28 16:38:21.181  1484  1484 D EWarranty.fw.utils: reportUsedTimeState=2

07-28 16:38:21.182  1484  1484 D EWarranty.fw.EWarrantyBroadcastReceiver: EwarrantyBroadcastReceiver,registered=true, frequency=0

07-28 16:38:21.182   965   979 D ConnectivityService: getActiveNetworkInfo networkInfo = [type: WIFI[], state: CONNECTED/CONNECTED, reason: (unspecified), extra: "beta-test", roaming: false, failover: false, isAvailable: true]

07-28 16:38:21.183  1606  1619 I DaemonService: DataUsageService pid = 1464

07-28 16:38:21.184  1484  1484 D EWarranty.fw.utils: checkNetConnections, result=true

07-28 16:38:21.184  1484  1484 D EWarranty.fw.utils: last report time = 0current try count = 0

07-28 16:38:21.184  1484  1484 D EWarranty.fw.utils: last report time = 1497423012583current try count = 2

07-28 16:38:21.185  9618  9618 D ActivityThread: SVC-CREATE_SERVICE handled : 0 / CreateServiceData{token=android.os.BinderProxy@3049026 className=com.iqoo.secure.update.download.DownloadService packageName=com.iqoo.secure intent=null}

07-28 16:38:21.185  9618  9618 D ActivityThread: SVC-Calling onStartCommand: com.iqoo.secure.update.download.DownloadService@37e1214, flags=0, startId=1

07-28 16:38:21.185  9618  9618 D FunDownloadManager: onStartCommand startId == 1

07-28 16:38:21.185  1484  1484 D EWarranty.fw.EWarrantyBroadcastReceiver: simPopStartTime = 0

07-28 16:38:21.185  1484  1484 D EWarranty.fw.EWarrantyBroadcastReceiver: simPopInterruptTime = 0

07-28 16:38:21.185  1484  1484 D EWarranty.fw.EWarrantyBroadcastReceiver: simPopEndTime = 0

07-28 16:38:21.185  1484  1484 D EWarranty.fw.utils: reportUsedTimeState=2

07-28 16:38:21.185  9618  9618 D ActivityThread: SVC-SERVICE_ARGS handled : 0 / ServiceArgsData{token=android.os.BinderProxy@3049026 startId=1 args=Intent { cmp=com.iqoo.secure/.update.download.DownloadService }}

07-28 16:38:21.186  1484  1484 D ActivityThread: BDC-RECEIVER handled : 0 / ReceiverData{intent=Intent { act=android.net.conn.CONNECTIVITY_CHANGE flg=0x4000010 cmp=com.vivo.daemonService/.ewarranty.EwarrantyBroadcastReceiver (has extras) } packageName=com.vivo.daemonService resultCode=0 resultData=null resultExtras=null}

07-28 16:38:21.187  9618 11009 V FunDownloadManager: Service Updating for  startId 1

07-28 16:38:21.188  9618 11009 V FunDownloadManager: starting query, database is not null; projection is null; selection is null; selectionArgs is null; sort is null.

07-28 16:38:21.191  1484  1484 D ActivityThread: BDC-Calling onReceive: intent=Intent { act=android.net.conn.CONNECTIVITY_CHANGE flg=0x4000010 cmp=com.vivo.daemonService/.msgpush.MsgPushSerReceiver (has extras) }, receiver=com.vivo.daemonService.msgpush.MsgPushSerReceiver@64635c6

07-28 16:38:21.191  1484  1484 D MsgPush.MsgPushSerReceiver: MsgPushSerReceiver.onReceive, action=android.net.conn.CONNECTIVITY_CHANGE

07-28 16:38:21.192  1484  1484 D MsgPush.MsgPushSerReceiver: interval=1174

07-28 16:38:21.193  1680 11002 V VDP1018-DownloadService: Nothing left; stopped

07-28 16:38:21.193  1680  1680 D ActivityThread: SVC-Destroying service: com.android.providers.downloads.DownloadService@8e3aad

07-28 16:38:21.193  1680  1680 V VDP1018-DownloadService: Service onDestroy

07-28 16:38:21.193  1484  1484 D ActivityThread: BDC-RECEIVER handled : 0 / ReceiverData{intent=Intent { act=android.net.conn.CONNECTIVITY_CHANGE flg=0x4000010 cmp=com.vivo.daemonService/.msgpush.MsgPushSerReceiver (has extras) } packageName=com.vivo.daemonService resultCode=0 resultData=null resultExtras=null}

07-28 16:38:21.193  1680  1680 D ActivityThread: SVC-STOP_SERVICE handled : 0 / android.os.BinderProxy@1769bc4

07-28 16:38:21.194  9618 11009 V FunDownloadManager: created cursor android.database.sqlite.SQLiteCursor@5a7fabd on behalf of 9618

07-28 16:38:21.196  1484  1484 D ActivityThread: BDC-Calling onReceive: intent=Intent { act=android.net.conn.CONNECTIVITY_CHANGE flg=0x4000010 cmp=com.vivo.daemonService/.appstore.AppStoreReceiver (has extras) }, receiver=com.vivo.daemonService.appstore.AppStoreReceiver@d6b6987

07-28 16:38:21.196  1484  1484 D DaemSer.AppSt.Constants: customize : N

07-28 16:38:21.196  1484  1484 D DaemSer.AppSt.Constants: model : PD1612

07-28 16:38:21.196  1484  1484 D DaemSer.AppSt.Constants: isNeedEnableAppStoreModel : false

07-28 16:38:21.196  1484  1484 D DaemonS.as.NetChangeRe: not CN-YD

07-28 16:38:21.197   965  2010 D ActivityManager: getContentProviderImpl: from caller=android.app.ApplicationThreadProxy@8eb6c15 (pid=1484, userId=0) to get content provider com.vivo.msgpush.settings cpr=ContentProviderRecord{f535d2f u0 com.vivo.msgpush/.data.SettingsProvider}

07-28 16:38:21.197  1484  1484 D ActivityThread: BDC-RECEIVER handled : 0 / ReceiverData{intent=Intent { act=android.net.conn.CONNECTIVITY_CHANGE flg=0x4000010 cmp=com.vivo.daemonService/.appstore.AppStoreReceiver (has extras) } packageName=com.vivo.daemonService resultCode=0 resultData=null resultExtras=null}

07-28 16:38:21.197   965  2010 D ActivityManager: getContentProviderImpl: updateLruProcessLocked cpr.proc=ProcessRecord{e3d2f3c 27639:com.vivo.msgpush/u0a99}

07-28 16:38:21.200  1484 11011 D ActivityThread: holder:android.app.IActivityManager$ContentProviderHolder@64d40b4, holder.provider:android.content.ContentProviderProxy@7d394dd

07-28 16:38:21.201  9618 11009 V FunDownloadManager: Nothing left; stopped

07-28 16:38:21.201 27639 27672 D SettingsProvider: query, sUriMatcher=0

07-28 16:38:21.202  9618  9618 D ActivityThread: SVC-Destroying service: com.iqoo.secure.update.download.DownloadService@37e1214

07-28 16:38:21.202  9618  9618 D FunDownloadManager: Service onDestroy

07-28 16:38:21.202  9618  9618 D ActivityThread: SVC-STOP_SERVICE handled : 0 / android.os.BinderProxy@3049026

07-28 16:38:21.212 10854 10861 I System  : FinalizerDaemon: finalize objects = 1

07-28 16:38:21.222   965   993 I ActivityManager: Start proc 11012:com.vivo.findphone/u0a52 for broadcast com.vivo.findphone/.BootBroadcastReceiver

07-28 16:38:21.230  1606  2893 I DaemonService: DataUsageService pid = 1464

07-28 16:38:21.233 27639 32229 D SettingsProvider: query, sUriMatcher=0

07-28 16:38:21.238  1484 11011 D MsgPush.MsgPushSerReceiver: allow=true

07-28 16:38:21.243  1484 11011 D MsgPush.MsgPushSerReceiver: isRunning=false

07-28 16:38:21.243  1484 11011 D MsgPush.MsgPushSerReceiver: isFromBoot=false

07-28 16:38:21.243  1484 11011 D MsgPush.MsgPushSerReceiver: startService, elapsedRealtime=904233157, inSuperSave=false

07-28 16:38:21.246   965   979 W ActivityManager: Skip forceProcessStateUpTo() to newState 11

07-28 16:38:21.250   965  2012 D ActivityManager: getContentProviderImpl: from caller=android.app.ApplicationThreadProxy@4699b2a (pid=1484, userId=0) to get content provider com.vivo.msgpush.settings cpr=ContentProviderRecord{f535d2f u0 com.vivo.msgpush/.data.SettingsProvider}

07-28 16:38:21.250   965  2012 D ActivityManager: getContentProviderImpl: updateLruProcessLocked cpr.proc=ProcessRecord{e3d2f3c 27639:com.vivo.msgpush/u0a99}

07-28 16:38:21.254  1484 11011 D ActivityThread: holder:android.app.IActivityManager$ContentProviderHolder@c5fe852, holder.provider:android.content.ContentProviderProxy@f0b1723

07-28 16:38:21.255 27639 27672 D SettingsProvider: query, sUriMatcher=0

07-28 16:38:21.265   965   979 D ActivityManager: getContentProviderImpl: from caller=android.app.ApplicationThreadProxy@aba0d1b (pid=1484, userId=0) to get content provider com.vivo.msgpush.settings cpr=ContentProviderRecord{f535d2f u0 com.vivo.msgpush/.data.SettingsProvider}

07-28 16:38:21.265   965   979 D ActivityManager: getContentProviderImpl: updateLruProcessLocked cpr.proc=ProcessRecord{e3d2f3c 27639:com.vivo.msgpush/u0a99}

07-28 16:38:21.269  1484 11011 D ActivityThread: holder:android.app.IActivityManager$ContentProviderHolder@d7b420, holder.provider:android.content.ContentProviderProxy@579a1d9

07-28 16:38:21.269 27639 27653 D SettingsProvider: query, sUriMatcher=0

07-28 16:38:21.271 11012 11012 D ActivityThread: installProvider: context.getPackageName()=com.vivo.findphone

07-28 16:38:21.276   965  1954 D ActivityManager: publishContentProviders: from caller=android.app.ApplicationThreadProxy@f17feb8 (pid=11012)

07-28 16:38:21.276  1484 11011 D MsgPush.MsgPushSerReceiver: allow=true

07-28 16:38:21.277  1484 11011 W ContextImpl: Calling a method in the system process without a qualified user: android.app.ContextImpl.startService:1228 android.content.ContextWrapper.startService:581 android.content.ContextWrapper.startService:581 com.vivo.daemonService.msgpush.MsgPushSerReceiver.startService:146 com.vivo.daemonService.msgpush.MsgPushSerReceiver.access$700:18 

07-28 16:38:21.281  1484  1484 D ActivityThread: SVC-Calling onStartCommand: com.vivo.daemonService.msgpush.MsgPushService@5206c09, flags=0, startId=31

07-28 16:38:21.281  1484  1484 D MsgPush.MsgPushService: MsgPushService, onStart

07-28 16:38:21.282   965   979 D ActivityManager: getContentProviderImpl: from caller=android.app.ApplicationThreadProxy@723b491 (pid=1484, userId=0) to get content provider com.vivo.msgpush.chkinfo cpr=ContentProviderRecord{7429d4b u0 com.vivo.msgpush/.data.ChkInfoProvider}

07-28 16:38:21.282   965   979 D ActivityManager: getContentProviderImpl: updateLruProcessLocked cpr.proc=ProcessRecord{e3d2f3c 27639:com.vivo.msgpush/u0a99}

07-28 16:38:21.286  1484  1484 D ActivityThread: holder:android.app.IActivityManager$ContentProviderHolder@af0379e, holder.provider:android.content.ContentProviderProxy@b6e027f

07-28 16:38:21.287 27639 32229 D ChkInfoProvider: query, sUriMatcher=0

07-28 16:38:21.288 11012 11024 D MPlugin : createInstance(): Begin = 115773230

07-28 16:38:21.291 11012 11024 D MPlugin : create Instance (two parameters) with : com.mediatek.common.telephony.IOnlyOwnerSimSupport

07-28 16:38:21.293 11012 11024 D MPlugin : Clazz exists on mapping table : false

07-28 16:38:21.294 11012 11024 E MPlugin : Unsupported class: com.mediatek.common.telephony.IOnlyOwnerSimSupport

07-28 16:38:21.294 11012 11024 D MPlugin : createInstance(): End = 115773236

07-28 16:38:21.299 11012 11012 D ActivityThread: BIND_APPLICATION handled : 0 / AppBindData{appInfo=ApplicationInfo{8002aaa com.vivo.findphone}}

07-28 16:38:21.300 10854 11000 D OpenSSLLib: OpensslErr:Module:12(116:176); file:external/boringssl/src/crypto/asn1/asn1_lib.c ;Line:186;Function:ASN1_get_object

07-28 16:38:21.301 11012 11012 D ActivityThread: BDC-Calling onReceive: intent=Intent { act=android.net.conn.CONNECTIVITY_CHANGE flg=0x4000010 cmp=com.vivo.findphone/.BootBroadcastReceiver (has extras) }, receiver=com.vivo.findphone.BootBroadcastReceiver@92bda38

07-28 16:38:21.302 11012 11012 I FindPhone2.BootBroadcastReceiver: onReceive action = android.net.conn.CONNECTIVITY_CHANGE

07-28 16:38:21.302 11012 11012 I FindPhone2.CommonHelper: isStateSync true

07-28 16:38:21.302 11012 11012 I FindPhone2.BootBroadcastReceiver: isOpen false isSetSyncResult true

07-28 16:38:21.302 11012 11012 I FindPhone2.BootBroadcastReceiver: findphone is not open

07-28 16:38:21.303 11012 11012 D ActivityThread: BDC-RECEIVER handled : 0 / ReceiverData{intent=Intent { act=android.net.conn.CONNECTIVITY_CHANGE flg=0x4000010 cmp=com.vivo.findphone/.BootBroadcastReceiver (has extras) } packageName=com.vivo.findphone resultCode=0 resultData=null resultExtras=null}

07-28 16:38:21.303 11012 11012 I Process : Sending signal. PID: 11012 SIG: 9

07-28 16:38:21.304  1484  1484 D ActivityThread: SVC-SERVICE_ARGS handled : 0 / ServiceArgsData{token=android.os.BinderProxy@5ef8910 startId=31 args=Intent { cmp=com.vivo.daemonService/.msgpush.MsgPushService }}

07-28 16:38:21.305   305   305 E lowmemorykiller: Error writing /proc/11012/oom_score_adj; errno=22

07-28 16:38:21.307 10766 10766 D ActivityThread: BDC-Calling onReceive: intent=Intent { act=android.net.conn.CONNECTIVITY_CHANGE flg=0x4000010 cmp=com.vivo.game/.update.UpdateDownloadReceiver (has extras) }, receiver=com.vivo.game.update.UpdateDownloadReceiver@17e0d37

07-28 16:38:21.309 10766 10766 I VivoGame.UpdateDownloadReceiver: action = android.net.conn.CONNECTIVITY_CHANGE

07-28 16:38:21.315   965  1993 D ActivityManager: getContentProviderImpl: from caller=android.app.ApplicationThreadProxy@45e3ff6 (pid=1484, userId=0) to get content provider com.vivo.msgpush.chkinfo cpr=ContentProviderRecord{7429d4b u0 com.vivo.msgpush/.data.ChkInfoProvider}

07-28 16:38:21.315   965  1993 D ActivityManager: getContentProviderImpl: updateLruProcessLocked cpr.proc=ProcessRecord{e3d2f3c 27639:com.vivo.msgpush/u0a99}

07-28 16:38:21.320  1484 11027 D ActivityThread: holder:android.app.IActivityManager$ContentProviderHolder@fd3f24c, holder.provider:android.content.ContentProviderProxy@3d98295

07-28 16:38:21.321 27639 29380 D ChkInfoProvider: query, sUriMatcher=0

07-28 16:38:21.325 10766 10766 D ActivityThread: BDC-RECEIVER handled : 0 / ReceiverData{intent=Intent { act=android.net.conn.CONNECTIVITY_CHANGE flg=0x4000010 cmp=com.vivo.game/.update.UpdateDownloadReceiver (has extras) } packageName=com.vivo.game resultCode=0 resultData=null resultExtras=null}

07-28 16:38:21.326 10766 10766 D ActivityThread: SVC-Creating service: CreateServiceData{token=android.os.BinderProxy@a3c92a4 className=com.vivo.game.update.GameReceiverService packageName=com.vivo.game intent=null}

07-28 16:38:21.326 10766 10766 D ActivityThread: SVC-CREATE_SERVICE handled : 0 / CreateServiceData{token=android.os.BinderProxy@a3c92a4 className=com.vivo.game.update.GameReceiverService packageName=com.vivo.game intent=null}

07-28 16:38:21.326 10766 10766 D ActivityThread: SVC-Calling onStartCommand: com.vivo.game.update.GameReceiverService@f50980d, flags=0, startId=1

07-28 16:38:21.326 10766 10766 D ActivityThread: SVC-SERVICE_ARGS handled : 0 / ServiceArgsData{token=android.os.BinderProxy@a3c92a4 startId=1 args=Intent { act=android.net.conn.CONNECTIVITY_CHANGE cmp=com.vivo.game/.update.GameReceiverService }}

07-28 16:38:21.327  7145  7145 D ActivityThread: BDC-Calling onReceive: intent=Intent { act=android.net.conn.CONNECTIVITY_CHANGE flg=0x4000010 cmp=com.bbk.appstore/com.vivo.push.sdk.service.PushServiceReceiver (has extras) }, receiver=com.vivo.push.sdk.service.PushServiceReceiver@b22080b

07-28 16:38:21.328  7145  7145 D ActivityThread: BDC-RECEIVER handled : 0 / ReceiverData{intent=Intent { act=android.net.conn.CONNECTIVITY_CHANGE flg=0x4000010 cmp=com.bbk.appstore/com.vivo.push.sdk.service.PushServiceReceiver (has extras) } packageName=com.bbk.appstore resultCode=0 resultData=null resultExtras=null}

07-28 16:38:21.332  3404  3404 D ActivityThread: BDC-Calling onReceive: intent=Intent { act=android.net.conn.CONNECTIVITY_CHANGE flg=0x4000010 cmp=com.tencent.mm/.booter.MMReceivers$ConnectionReceiver (has extras) }, receiver=com.tencent.mm.booter.MMReceivers$ConnectionReceiver@faad215

07-28 16:38:21.334   965  1954 D ConnectivityService: getActiveNetworkInfo networkInfo = [type: WIFI[], state: CONNECTED/CONNECTED, reason: (unspecified), extra: "beta-test", roaming: false, failover: false, isAvailable: true]

07-28 16:38:21.337   965  1362 D ConnectivityService: getActiveNetworkInfo networkInfo = [type: WIFI[], state: CONNECTED/CONNECTED, reason: (unspecified), extra: "beta-test", roaming: false, failover: false, isAvailable: true]

07-28 16:38:21.339 27639 27650 D ChkInfoProvider: query, sUriMatcher=0

07-28 16:38:21.344  3404  3404 D ActivityThread: BDC-RECEIVER handled : 0 / ReceiverData{intent=Intent { act=android.net.conn.CONNECTIVITY_CHANGE flg=0x4000010 cmp=com.tencent.mm/.booter.MMReceivers$ConnectionReceiver (has extras) } packageName=com.tencent.mm resultCode=0 resultData=null resultExtras=null}

07-28 16:38:21.345  3404  3404 D ActivityThread: SVC-Calling onStartCommand: com.tencent.mm.booter.CoreService@b1f22df, flags=0, startId=275

07-28 16:38:21.345  3404  3404 D ActivityThread: SVC-SERVICE_ARGS handled : 0 / ServiceArgsData{token=android.os.BinderProxy@dca661b startId=275 args=Intent { flg=0x10000000 cmp=com.tencent.mm/.booter.CoreService (has extras) }}

07-28 16:38:21.345   965  1947 W BroadcastQueue: Cancel launching app com.sankuai.meituan/10120 for broadcast Intent { act=android.net.conn.CONNECTIVITY_CHANGE flg=0x4000010 (has extras) }: process is forbid to start up

07-28 16:38:21.348   965  1036 W BroadcastQueue: Cancel launching app com.sankuai.meituan/10120 for broadcast Intent { act=android.net.conn.CONNECTIVITY_CHANGE flg=0x4000010 (has extras) }: process is forbid to start up

07-28 16:38:21.349   965  1036 W BroadcastQueue: Cancel launching app com.taobao.taobao/10124 for broadcast Intent { act=android.net.conn.CONNECTIVITY_CHANGE flg=0x4000010 (has extras) }: process is forbid to start up

07-28 16:38:21.352  7145  7145 D ActivityThread: BDC-Calling onReceive: intent=Intent { act=android.net.conn.CONNECTIVITY_CHANGE flg=0x4000010 cmp=com.bbk.appstore/.update.AutoUpdateReceiver (has extras) }, receiver=com.bbk.appstore.update.AutoUpdateReceiver@f72f6e8

07-28 16:38:21.352  7145  7145 I AppStore.AutoUpdateReceiver: onReceive, intent action is android.net.conn.CONNECTIVITY_CHANGE

07-28 16:38:21.352  7145  7145 I AppStore.AutoUpdateReceiver: start AutoUpdateService

07-28 16:38:21.355  7145  7145 D ActivityThread: BDC-RECEIVER handled : 0 / ReceiverData{intent=Intent { act=android.net.conn.CONNECTIVITY_CHANGE flg=0x4000010 cmp=com.bbk.appstore/.update.AutoUpdateService (has extras) } packageName=com.bbk.appstore resultCode=0 resultData=null resultExtras=null}

07-28 16:38:21.355  7145  7145 D ActivityThread: SVC-Calling onStartCommand: com.bbk.appstore.update.AutoUpdateService@12dbbc5, flags=0, startId=97

07-28 16:38:21.356  7145  7145 D ActivityThread: SVC-SERVICE_ARGS handled : 0 / ServiceArgsData{token=android.os.BinderProxy@63d923c startId=97 args=Intent { act=android.net.conn.CONNECTIVITY_CHANGE flg=0x4000010 cmp=com.bbk.appstore/.update.AutoUpdateService (has extras) }}

07-28 16:38:21.360   965  1947 D ConnectivityService: getActiveNetworkInfo networkInfo = [type: WIFI[], state: CONNECTED/CONNECTED, reason: (unspecified), extra: "beta-test", roaming: false, failover: false, isAvailable: true]

07-28 16:38:21.360   965  1993 D ConnectivityService: getActiveNetworkInfo networkInfo = [type: WIFI[], state: CONNECTED/CONNECTED, reason: (unspecified), extra: "beta-test", roaming: false, failover: false, isAvailable: true]

07-28 16:38:21.360 10925 10925 D ActivityThread: BDC-Calling onReceive: intent=Intent { act=android.net.conn.CONNECTIVITY_CHANGE flg=0x4000010 cmp=com.vivo.space/.service.UpgradeReceiver (has extras) }, receiver=com.vivo.space.service.UpgradeReceiver@d55d212

07-28 16:38:21.361   965  2004 D ConnectivityService: getActiveNetworkInfo networkInfo = [type: WIFI[], state: CONNECTED/CONNECTED, reason: (unspecified), extra: "beta-test", roaming: false, failover: false, isAvailable: true]

07-28 16:38:21.361 10925 10925 D ActivityThread: BDC-RECEIVER handled : 0 / ReceiverData{intent=Intent { act=android.net.conn.CONNECTIVITY_CHANGE flg=0x4000010 cmp=com.vivo.space/.service.UpgradeReceiver (has extras) } packageName=com.vivo.space resultCode=0 resultData=null resultExtras=null}

07-28 16:38:21.362  1484 11027 D MsgPush.MsgPushService: hasChkTimeArrived, hasArrived=false

07-28 16:38:21.365  7145 11029 I AppStore.AutoUpdateService: isNeedLastUsedTime=false

07-28 16:38:21.366   965   979 D ConnectivityService: getActiveNetworkInfo networkInfo = [type: WIFI[], state: CONNECTED/CONNECTED, reason: (unspecified), extra: "beta-test", roaming: false, failover: false, isAvailable: true]

07-28 16:38:21.366   305   305 E lowmemorykiller: Error writing /proc/11012/oom_score_adj; errno=22

07-28 16:38:21.372   305   305 E lowmemorykiller: Error writing /proc/11012/oom_score_adj; errno=22

07-28 16:38:21.374   965  1969 D ActivityManager: getContentProviderImpl: from caller=android.app.ApplicationThreadProxy@2efecd0 (pid=1484, userId=0) to get content provider com.vivo.msgpush.chkinfo cpr=ContentProviderRecord{7429d4b u0 com.vivo.msgpush/.data.ChkInfoProvider}

07-28 16:38:21.376  1484 11027 D ActivityThread: holder:android.app.IActivityManager$ContentProviderHolder@da42faa, holder.provider:android.content.ContentProviderProxy@cea479b

07-28 16:38:21.377 27639 27653 D ChkInfoProvider: query, sUriMatcher=0

07-28 16:38:21.379  3070  3070 D ActivityThread: BDC-Calling onReceive: intent=Intent { flg=0x10 cmp=com.tencent.mm/.booter.NotifyReceiver (has extras) }, receiver=com.tencent.mm.booter.NotifyReceiver@d595ce0

07-28 16:38:21.381  3070  3070 D ActivityThread: BDC-RECEIVER handled : 0 / ReceiverData{intent=Intent { flg=0x10 cmp=com.tencent.mm/.booter.NotifyReceiver (has extras) } packageName=com.tencent.mm resultCode=-1 resultData=null resultExtras=null}

07-28 16:38:21.388   305   305 E lowmemorykiller: Error writing /proc/11012/oom_score_adj; errno=22

07-28 16:38:21.390   965  2004 V AlarmAlign: remove pkg = com.vivo.daemonService, action = com.vivo.msgpush.CHECK_MSG

07-28 16:38:21.390   965  2004 D AlarmManager:  whichBatch = -1

07-28 16:38:21.390   965  2004 D AlarmManager:  whichBatch = -1

07-28 16:38:21.390   965  2004 D AlarmManager:  whichBatch = -1

07-28 16:38:21.390   965  2004 D AlarmManager:  whichBatch = -1

07-28 16:38:21.390   965  2004 D AlarmManager:  whichBatch = -1

07-28 16:38:21.391   965  2004 D AlarmManager:  whichBatch = -1

07-28 16:38:21.391   965  2004 D AlarmManager:  whichBatch = -1

07-28 16:38:21.391   965  2004 D AlarmManager:  whichBatch = -1

07-28 16:38:21.391   965  2004 D AlarmManager:  whichBatch = -1

07-28 16:38:21.391   965  2004 D AlarmManager:  whichBatch = -1

07-28 16:38:21.391   965  2004 D AlarmManager:  whichBatch = -1

07-28 16:38:21.391   965  2004 D AlarmManager:  whichBatch = -1

07-28 16:38:21.391   965  2004 D AlarmManager:  whichBatch = -1

07-28 16:38:21.391   965  2004 D AlarmManager:  whichBatch = -1

07-28 16:38:21.391   965  2004 D AlarmManager:  whichBatch = -1

07-28 16:38:21.391  3070  3070 D ActivityThread: SVC-Calling onStartCommand: com.tencent.mm.booter.NotifyReceiver$NotifyService@4de35cf, flags=0, startId=268

07-28 16:38:21.392   965  2004 D AlarmManager:  whichBatch = -1

07-28 16:38:21.392   965  2004 D AlarmManager:  whichBatch = -1

07-28 16:38:21.392   965  2004 D AlarmManager:  whichBatch = -1

07-28 16:38:21.392   965  2004 D AlarmManager:  whichBatch = -1

07-28 16:38:21.392   965  2004 D AlarmManager:  whichBatch = -1

07-28 16:38:21.392   965  2004 D AlarmManager:  whichBatch = -1

07-28 16:38:21.392   965  2004 D AlarmManager:  whichBatch = -1

07-28 16:38:21.392   965  2004 D AlarmManager:  whichBatch = -1

07-28 16:38:21.392   965  2004 D AlarmManager:  whichBatch = -1

07-28 16:38:21.392   965  2004 D AlarmManager:  whichBatch = -1

07-28 16:38:21.392  3070  3070 D ActivityThread: SVC-SERVICE_ARGS handled : 0 / ServiceArgsData{token=android.os.BinderProxy@932b0a9 startId=268 args=Intent { cmp=com.tencent.mm/.booter.NotifyReceiver$NotifyService (has extras) }}

07-28 16:38:21.392   965  2004 D AlarmManager:  whichBatch = -1

07-28 16:38:21.393   965  2004 D AlarmManager:  whichBatch = -1

07-28 16:38:21.393   965  2004 D AlarmManager:  whichBatch = -1

07-28 16:38:21.393   965  2004 D AlarmManager:  whichBatch = -1

07-28 16:38:21.393   965  2004 D AlarmManager:  whichBatch = -1

07-28 16:38:21.393   965  2004 D AlarmManager:  whichBatch = -1

07-28 16:38:21.393   965  2004 D AlarmManager:  whichBatch = -1

07-28 16:38:21.393   965  2004 D AlarmManager:  whichBatch = -1

07-28 16:38:21.393   965  2004 D AlarmManager:  whichBatch = -1

07-28 16:38:21.393   965  2004 D AlarmManager:  whichBatch = -1

07-28 16:38:21.393   965  2004 D AlarmManager:  whichBatch = -1

07-28 16:38:21.393   965  2004 D AlarmManager:  whichBatch = -1

07-28 16:38:21.393   965  2004 D AlarmManager:  whichBatch = -1

07-28 16:38:21.393   965  2004 D AlarmManager:  whichBatch = -1

07-28 16:38:21.393   965  2004 D AlarmManager:  whichBatch = -1

07-28 16:38:21.393   965  2004 D AlarmManager:  whichBatch = -1

07-28 16:38:21.393   965  2004 D AlarmManager:  whichBatch = -1

07-28 16:38:21.393   965  2004 D AlarmManager:  whichBatch = -1

07-28 16:38:21.393   965  2004 D AlarmManager:  whichBatch = -1

07-28 16:38:21.393   965  2004 D AlarmManager:  whichBatch = -1

07-28 16:38:21.393   965  2004 D AlarmManager:  whichBatch = -1

07-28 16:38:21.396   965  1993 I ExtraAlarmManager: type: 1 Type: 1

07-28 16:38:21.396   965  1993 V AlarmAlign: addAlarm pkg = com.vivo.daemonService, action = com.vivo.msgpush.CHECK_MSG, whenElapsed = 978510914

07-28 16:38:21.396   965  1993 D AlarmManager:  whichBatch = -1

07-28 16:38:21.397  1484 11027 D MsgPush.MsgPushService: startChkTimer, nChkTimeStr=2017-07-29 13:16:19

07-28 16:38:21.397  1484 11027 D MsgPush.MsgPushService: processLocalMsgs()

07-28 16:38:21.398   965  1947 D ActivityManager: getContentProviderImpl: from caller=android.app.ApplicationThreadProxy@32f64c9 (pid=1484, userId=0) to get content provider com.vivo.msgpush cpr=ContentProviderRecord{2762e79 u0 com.vivo.msgpush/.data.MsgsProvider}

07-28 16:38:21.398   965  1947 D ActivityManager: getContentProviderImpl: updateLruProcessLocked cpr.proc=ProcessRecord{e3d2f3c 27639:com.vivo.msgpush/u0a99}

07-28 16:38:21.400   305   305 E lowmemorykiller: Error writing /proc/11012/oom_score_adj; errno=22

07-28 16:38:21.406  1484 11027 D ActivityThread: holder:android.app.IActivityManager$ContentProviderHolder@e73e738, holder.provider:android.content.ContentProviderProxy@51cb311

07-28 16:38:21.407 27639 32229 D MsgsProvider: query

07-28 16:38:21.412  1484 11027 D MsgPush.MsgPushService: startPopTimer(), popMsgs.size()=0

07-28 16:38:21.416   305   305 E lowmemorykiller: Error writing /proc/11012/oom_score_adj; errno=22

07-28 16:38:21.417 10854 11000 D MPlugin : createInstance(): Begin = 115773359

07-28 16:38:21.417 10854 11000 D MPlugin : create Instance (two parameters) with : com.mediatek.common.telephony.IOnlyOwnerSimSupport

07-28 16:38:21.417 10854 11000 D MPlugin : Clazz exists on mapping table : false

07-28 16:38:21.417 10854 11000 E MPlugin : Unsupported class: com.mediatek.common.telephony.IOnlyOwnerSimSupport

07-28 16:38:21.417 10854 11000 D MPlugin : createInstance(): End = 115773360

07-28 16:38:21.421   798   824 E MFI-Conn:  (     mfia_task_bootstrap,  587) mfia_task_bootstrap(): retrying to connect to mal-mfi error 13!! ====

07-28 16:38:21.411   824   824 W viarild : type=1400 audit(0.0:121808): avc: denied { write } for name="mal-mfi" dev="tmpfs" ino=8735 scontext=u:r:viarild:s0 tcontext=u:object_r:mal_mfi_socket:s0 tclass=sock_file permissive=0

07-28 16:38:21.428 10854 11000 I AppStore.ImeiUtils: funtouchSDKImei=863883039881235

07-28 16:38:21.430   965   993 D ActivityManager: getContentProviderImpl: from caller=android.app.ApplicationThreadProxy@85957ce (pid=10854, userId=0) to get content provider settings cpr=ContentProviderRecord{2fcf66b u0 com.android.providers.settings/.SettingsProvider}

07-28 16:38:21.431 10854 11000 D ActivityThread: holder:android.app.IActivityManager$ContentProviderHolder@4a29a4f, holder.provider:android.content.ContentProviderProxy@c59f5dc

07-28 16:38:21.435   965  1939 D ConnectivityService: getActiveNetworkInfo networkInfo = [type: WIFI[], state: CONNECTED/CONNECTED, reason: (unspecified), extra: "beta-test", roaming: false, failover: false, isAvailable: true]

07-28 16:38:21.437 10854 11000 I bruce   : VERSION IS 150429

07-28 16:38:21.438   965   979 D DisplayManagerService: Display listener for pid 11012 died.

07-28 16:38:21.444   965  1933 I ActivityManager: Process com.vivo.findphone (pid 11012) has died

07-28 16:38:21.444   965  1933 V ActivityManager: Broadcast: Intent { act=android.intent.action.KILL_BACKGROUND_SERVICE.com.vivo.findphone flg=0x10 (has extras) } ordered=false userid=0 callerApp=ProcessRecord{f5c5ef3 965:system/1000}

07-28 16:38:21.444   965  1933 D ActivityManager: SVC-handleAppDiedLocked: app = ProcessRecord{e1f56ef 11012:com.vivo.findphone/u0a52}, app.pid = 11012

07-28 16:38:21.444   965  1933 D ActivityManager: cleanUpApplicationRecord -- 11012

07-28 16:38:21.445   965  1933 D ActivityManager: removeDyingProviderLocked: cpr=ContentProviderRecord{baf05fc u0 com.vivo.findphone/.db.Provider} always=false inLaunching=false

07-28 16:38:21.445   965  1933 D ActivityManager: SVC-mBroadcastQueues: com.android.server.am.BroadcastQueue@c823d06

07-28 16:38:21.445   965  1933 D ActivityManager: SVC-mBroadcastQueues: com.android.server.am.BroadcastQueue@aafffc7

07-28 16:38:21.445 10854 11000 I System.out: [CDS][DNS] getAllByNameImpl netId = 0

07-28 16:38:21.446  1464  4018 I FloatWindowManagerService: get died  is : 11012 ; id is : 10052

07-28 16:38:21.446   965  1266 D ScreenBrightnessModeRestore: pakage name is com.vivo.findphonewith :10052

07-28 16:38:21.446   965  1266 D ScreenBrightnessModeRestore:  onProcessDiedInner, pid = 11012 , mCurrentForceGroundPid = 2015 mAppName: com.vivo.findphone mWaitToRestore=false

07-28 16:38:21.446 10854 11000 D libc-netbsd: [getaddrinfo]: mtk hostname=appupgrade.vivo.com.cn; servname=(null); netid=0; mark=0

07-28 16:38:21.446   965  1266 D ScreenBrightnessModeRestore: mRunnable try to restore, mLastScreenBrightness: 112 mWaitToRestoreBrightness: false mWaitToRestoreMode: false mLastScreenMode: 1

07-28 16:38:21.446 10854 11000 D libc-netbsd: getaddrinfo( app_uid:10035

07-28 16:38:21.446 10854 11000 D libc-netbsd: getaddrinfo() uid prop:

07-28 16:38:21.446 10854 11000 D libc-netbsd: getaddrinfo() getuid():10035

07-28 16:38:21.446 10854 11000 D libc-netbsd: [getaddrinfo]: mtk ai_addrlen=0; ai_canonname=(null); ai_flags=4; ai_family=0

07-28 16:38:21.446 10854 11000 D libc-netbsd: [getaddrinfo]: mtk hostname=appupgrade.vivo.com.cn; servname=(null); netid=0; mark=0

07-28 16:38:21.447 10854 11000 D libc-netbsd: getaddrinfo( app_uid:10035

07-28 16:38:21.447 10854 11000 D libc-netbsd: getaddrinfo() uid prop:

07-28 16:38:21.447 10854 11000 D libc-netbsd: getaddrinfo() getuid():10035

07-28 16:38:21.447 10854 11000 D libc-netbsd: [getaddrinfo]: mtk ai_addrlen=0; ai_canonname=(null); ai_flags=1024; ai_family=0

07-28 16:38:21.447   411  1169 D FrameworkListener: dispatchCommand data = (getaddrinfo appupgrade.vivo.com.cn ^ 1024 0 1 0 0)

07-28 16:38:21.449   411 11032 D libc-netbsd: [getaddrinfo]: mtk hostname=appupgrade.vivo.com.cn; servname=(null); netid=1020; mark=1020

07-28 16:38:21.449   411 11032 D libc-netbsd: getaddrinfo( app_uid:0

07-28 16:38:21.449   411 11032 D libc-netbsd: [getaddrinfo]: mtk ai_addrlen=0; ai_canonname=(null); ai_flags=1024; ai_family=0

07-28 16:38:21.449   411 11032 D libc-netbsd: getaddrinfo: appupgrade.vivo.com.cn get result from proxy gai_error = 11

07-28 16:38:21.450  1464  1918 I FloatWindowManagerService: get top = com.android.mms

07-28 16:38:21.450  1464  1918 I FloatWindowManagerService: die is : com.vivo.findphone ; fore is : com.android.mms

07-28 16:38:21.450   411 11032 D libc-netbsd: default dns: query_ipv6=0, query_ipv4=1

07-28 16:38:21.451   411 11032 D libc-netbsd: res_queryN name = appupgrade.vivo.com.cn, class = 1, type = 1

07-28 16:38:21.451   411 11032 D libc-netbsd: netid=1020, dns0:192.168.30.3

07-28 16:38:21.451   411 11032 D libc-netbsd: netid=1020, dns1:114.114.114.114

07-28 16:38:21.451   411 11032 D libc-netbsd: netid=1020, dns2:8.8.8.8

07-28 16:38:21.462   965  2365 D DhcpUtils: read:ra_info_flag=0

07-28 16:38:21.481   965  1253 D PerfServiceManager: [PerfService] MESSAGE_TIMEOUT:106 

07-28 16:38:21.481   411 11032 D libc-netbsd: res_queryN name = appupgrade.vivo.com.cn succeed

07-28 16:38:21.483   411 11032 D SocketClient: SocketClient sendData done: 222

