--------- beginning of main

07-31 09:23:57.437  2655  2656 D GasService: FG app changed: from com.android.settings to com.android.mms

--------- beginning of system

07-31 09:23:57.596  6567  6567 W FtTelephonyAdapterImpl: getActiveSubInfoList.subInfo is empty

07-31 09:23:57.596  6567  6567 D Mms/CacheDelay: ---->>>start cache------------

07-31 09:23:57.599  6567  6567 I Mms/PrivacyMessageProcess: PrivacyMessageProcess init

07-31 09:23:57.601  6567  6634 I ContactArray: ContactsCache init begin:1501464237601

07-31 09:23:57.601   941  1509 D ActivityManager: getContentProviderImpl: from caller=android.app.ApplicationThreadProxy@621dee8 (pid=6567, userId=0) to get content provider com.android.contacts cpr=ContentProviderRecord{91e9e7b u0 com.android.providers.contacts/.ContactsProvider2}

07-31 09:23:57.602   941  1509 D ActivityManager: getContentProviderImpl: updateLruProcessLocked cpr.proc=ProcessRecord{65e19de 3079:android.process.acore/u0a4}

07-31 09:23:57.602  6567  6567 D Mms/CacheDelay: ---->>>cache finish------------

07-31 09:23:57.603  6567  6635 I PrivacyContactsArray: PrivacyContactsCache init begin:1501464237603

07-31 09:23:57.603   941  1996 D ActivityManager: getContentProviderImpl: from caller=android.app.ApplicationThreadProxy@dc6c901 (pid=6567, userId=0) to get content provider com.android.contacts cpr=ContentProviderRecord{91e9e7b u0 com.android.providers.contacts/.ContactsProvider2}

07-31 09:23:57.604  6567  6634 D ActivityThread: holder:android.app.IActivityManager$ContentProviderHolder@6365b63, holder.provider:android.content.ContentProviderProxy@68f4360

07-31 09:23:57.605  6567  6635 D ActivityThread: holder:android.app.IActivityManager$ContentProviderHolder@5e678de, holder.provider:android.content.ContentProviderProxy@5a94abf

07-31 09:23:57.606  3079  3090 I ContactsProvider: query: uri=content://com.android.contacts/data/phones?encrypt=%20%3C%202 , projection=[_id, display_name, data1] , selection=[null] , args=null , order=[_id LIMIT 2000 OFFSET 0] CPID=6567 , User=0 , callingPackage=[com.android.mms]

07-31 09:23:57.607  3079  3089 I ContactsProvider: query: uri=content://com.android.contacts/data?encrypt=%3E0 , projection=[contact_id, raw_contact_id, display_name, data1] , selection=[mimetype_id = 5] , args=null , order=[null] CPID=6567 , User=0 , callingPackage=[com.android.mms]

07-31 09:23:57.611  6567  6635 D PrivacyContactsArray: -----count = 0

07-31 09:23:57.612  6567  6635 I PrivacyContactsArray: PrivacyContactsCache init complete:1501464237612

07-31 09:23:57.612  6567  6635 I Mms/PrivacyMessageProcess: PrivacyContactsCache run done....

07-31 09:23:57.613   941   957 V ActivityManager: Broadcast: Intent { act=com.android.mms.privacymsg.cacheover flg=0x10 } ordered=false userid=0 callerApp=ProcessRecord{778e9a3 6567:com.android.mms/u0a11}

07-31 09:23:57.613   941  1977 V ActivityManager: Broadcast: Intent { act=com.android.mms.ACTION_NAME_LOAD_FINISHED flg=0x10 } ordered=false userid=0 callerApp=ProcessRecord{778e9a3 6567:com.android.mms/u0a11}

07-31 09:23:57.613  6567  6634 I ContactArray: ContactsCache init complete:1501464237613

07-31 09:23:57.615  6567  6634 E PatternBuilder:  Incorrectly nested parentheses in regexp pattern

07-31 09:23:57.615  6567  6634 W System.err: java.util.regex.PatternSyntaxException: Incorrectly nested parentheses in regexp pattern near index 1:

07-31 09:23:57.615  6567  6634 W System.err: )

07-31 09:23:57.615  6567  6634 W System.err:  ^

07-31 09:23:57.615  6567  6634 W System.err: 	at java.util.regex.Pattern.compileImpl(Native Method)

07-31 09:23:57.615  6567  6634 W System.err: 	at java.util.regex.Pattern.compile(Pattern.java:411)

07-31 09:23:57.615  6567  6634 W System.err: 	at java.util.regex.Pattern.<init>(Pattern.java:394)

07-31 09:23:57.615  6567  6634 W System.err: 	at java.util.regex.Pattern.compile(Pattern.java:381)

07-31 09:23:57.615  6567  6634 W System.err: 	at com.android.mms.data.contactcache.PatternBuilder.buildNameMTPattern(PatternBuilder.java:69)

07-31 09:23:57.615  6567  6634 W System.err: 	at com.android.mms.data.contactcache.PatternBuilder.build(PatternBuilder.java:24)

07-31 09:23:57.615  6567  6634 W System.err: 	at com.android.mms.data.contactcache.ContactsArray.init(ContactsArray.java:67)

07-31 09:23:57.615  6567  6634 W System.err: 	at com.android.mms.data.contactcache.ContactsCacheProcess$InitThread.run(ContactsCacheProcess.java:71)

07-31 09:23:57.616  6567  6634 I ContactsCacheProcess: ContactsCache run done....

07-31 09:23:57.774   941  1870 D ActivityManager: getContentProviderImpl: from caller=android.app.ApplicationThreadProxy@6a813a6 (pid=6567, userId=0) to get content provider sms cpr=ContentProviderRecord{56a054c u0 com.android.providers.telephony/.SmsProvider}

07-31 09:23:57.775   941  1870 D ActivityManager: getContentProviderImpl: updateLruProcessLocked cpr.proc=ProcessRecord{335c711 1907:com.android.phone/1001}

07-31 09:23:57.775  6567  6567 D ActivityThread: holder:android.app.IActivityManager$ContentProviderHolder@c95358c, holder.provider:android.content.ContentProviderProxy@820a4d5

07-31 09:23:58.375   435   435 I thermal_repeater: select timeout

07-31 09:23:58.423   817   839 E MFI-Conn:  (     mfia_task_bootstrap,  587) mfia_task_bootstrap(): retrying to connect to mal-mfi error 13!! ====

07-31 09:23:58.420   839   839 W viarild : type=1400 audit(0.0:550): avc: denied { write } for name="mal-mfi" dev="tmpfs" ino=10393 scontext=u:r:viarild:s0 tcontext=u:object_r:mal_mfi_socket:s0 tclass=sock_file permissive=0

07-31 09:23:58.471   941  1259 D PerfServiceManager: [PerfService] MESSAGE_TIMEOUT:106 

07-31 09:23:58.484   941  1259 I libPerfService: 6: set: -1, -1, 

07-31 09:23:58.486   941  1259 I libPerfService: 6: set freq: -1, -1, 

07-31 09:23:58.584   423   797 E VT      : [SRV] [VT THREAD] [VT_Bind] des = volte_imsvt1 Fail to connect . retry count: 170

07-31 09:23:58.584   423   797 D VT      : [SRV] isIMCBrun : False

07-31 09:23:59.177   941   986 V ActivityManager: Broadcast: Intent { act=android.intent.action.FORCE_STOP_PACKAGE.com.android.mms flg=0x10 (has extras) } ordered=false userid=0 callerApp=ProcessRecord{6939912 941:system/1000}

07-31 09:23:59.423   817   839 E MFI-Conn:  (     mfia_task_bootstrap,  587) mfia_task_bootstrap(): retrying to connect to mal-mfi error 13!! ====

07-31 09:23:59.420   839   839 W viarild : type=1400 audit(0.0:551): avc: denied { write } for name="mal-mfi" dev="tmpfs" ino=10393 scontext=u:r:viarild:s0 tcontext=u:object_r:mal_mfi_socket:s0 tclass=sock_file permissive=0

07-31 09:24:00.000   941  1217 V AlarmAlign: mAlarmBatches = 34, triggerList = 1

07-31 09:24:00.001   941  1217 V AlarmAlign: triggerList has deliver.1

07-31 09:24:00.001   941  1217 D DataShapingService: Alarm manager openLteDataUpLinkGate: false

07-31 09:24:00.001   941  1217 V AlarmManager: openLteGateSuccess = false

07-31 09:24:00.001   941  1217 V ActivityManager: Broadcast: Intent { act=android.intent.action.TIME_TICK flg=0x50000114 (has extras) } ordered=true userid=-1 callerApp=null

07-31 09:24:00.003   941  1217 V AlarmAlign: triggerAlarm v at 117387556, size=1, hasWakeup=false, mWake_Set=true, mNextWakeup=117605739, mNextNonWakeup=117387556, mBatch.end=118821580, why=8

07-31 09:24:00.004  1978  1978 I UpSlideUpdateMonitor: UpSlide|onReceive, action = android.intent.action.TIME_TICK

07-31 09:24:00.004  1978  1978 D ActivityThread: BDC-Calling finishReceiver: IIntentReceiver=48f5b15

07-31 09:24:00.005   941   941 V AlarmManager: isPowerSavingStart  mIsEnabled = true   mIsUsbConnected = true   mScreenOff = false   mIsWFDConnected = false

07-31 09:24:00.005   941   941 D ActivityThread: BDC-Calling finishReceiver: IIntentReceiver=632fe19

07-31 09:24:00.006   941   941 V AlarmManager: mSupportAlarmGrouping = true  mAmPlus = com.mediatek.amplus.AlarmManagerPlus@a854e8

07-31 09:24:00.006   941   941 V AlarmAlign: addAlarm pkg = android, action = android.intent.action.TIME_TICK, whenElapsed = 117447555

07-31 09:24:00.006   941   941 D AlarmManager:  whichBatch = -1

07-31 09:24:00.006   941   941 V AlarmAlign: checkSet SCREEN_ON, type = 3, when = 117447555

07-31 09:24:00.006   941   941 V AlarmAlign: setLocked to kernel, type = 3, when = 117447555, curTime = 117387561

07-31 09:24:00.006   941   941 D ActivityThread: BDC-Calling finishReceiver: IIntentReceiver=e6c62d5

07-31 09:24:00.007  1340  1340 D KeyguardUpdateMonitor: received broadcast android.intent.action.TIME_TICK

07-31 09:24:00.007  1340  1340 D ActivityThread: BDC-Calling finishReceiver: IIntentReceiver=46c4d9a

07-31 09:24:00.007  1340  1340 D KeyguardUpdateMonitor: handleTimeUpdate

07-31 09:24:00.008  1340  1340 I ImageDigitalClock: updateTime = 9:24

07-31 09:24:00.010  1504  1504 D ActivityThread: BDC-Calling finishReceiver: IIntentReceiver=28e3196

07-31 09:24:00.014  1340  1340 D ActivityThread: BDC-Calling finishReceiver: IIntentReceiver=1328108

07-31 09:24:00.016  1340  1340 D ActivityThread: BDC-Calling finishReceiver: IIntentReceiver=a41d2c6

07-31 09:24:00.019  1340  1340 D ActivityThread: BDC-Calling finishReceiver: IIntentReceiver=7634287

07-31 09:24:00.021  1340  1340 D ActivityThread: BDC-Calling finishReceiver: IIntentReceiver=ef2a5b4

07-31 09:24:00.024  1340  1340 D ActivityThread: BDC-Calling finishReceiver: IIntentReceiver=3278023

07-31 09:24:00.031  1340  1340 D ActivityThread: BDC-Calling finishReceiver: IIntentReceiver=eee6920

07-31 09:24:00.045  1340  1340 D ActivityThread: BDC-Calling finishReceiver: IIntentReceiver=e4ab2d9

07-31 09:24:00.067  1340  1340 D ActivityThread: BDC-Calling finishReceiver: IIntentReceiver=522749e

07-31 09:24:00.069  1997  1997 D ActivityThread: BDC-Calling finishReceiver: IIntentReceiver=2fbf1e1

07-31 09:24:00.072   941  1404 D ActivityManager: getContentProviderImpl: from caller=android.app.ApplicationThreadProxy@3f121e7 (pid=1504, userId=0) to get content provider com.bbk.iqoo.logsystemes cpr=ContentProviderRecord{f472131 u0 com.bbk.iqoo.logsystem/.databases.CommonProvider}

07-31 09:24:00.072   941  1404 D ActivityManager: getContentProviderImpl: updateLruProcessLocked cpr.proc=ProcessRecord{a4c4016 2220:com.bbk.iqoo.logsystem/u0a61}

07-31 09:24:00.073  1504  6647 D ActivityThread: holder:android.app.IActivityManager$ContentProviderHolder@ba8dbd, holder.provider:android.content.ContentProviderProxy@3cc1fb2

07-31 09:24:00.075  1997  1997 D ActivityThread: BDC-Calling finishReceiver: IIntentReceiver=dfebb06

07-31 09:24:00.076   306  1081 I BufferQueueProducer: [StatusBar](this:0x7f7ffd3800,id:6,api:1,p:1340,c:306) queueBuffer: fps=0.03 dur=32831.53 max=32831.53 min=32831.53

07-31 09:24:00.079  1340  1340 D ActivityThread: BDC-Calling finishReceiver: IIntentReceiver=ee49cfc

07-31 09:24:00.083   941   941 D AlarmManager: onSendFinished begin

07-31 09:24:00.093   306   306 I SurfaceFlinger: [Built-in Screen (type:0)] fps:8.807919,dur:3633.09,max:3047.89,min:14.07

07-31 09:24:00.192  1504  3415 D ProcessTrace: mPassTime = 3588934, mPassUpTimeMs = 120129, mDownloadRate = 10453527

07-31 09:24:00.424   817   839 E MFI-Conn:  (     mfia_task_bootstrap,  587) mfia_task_bootstrap(): retrying to connect to mal-mfi error 13!! ====

07-31 09:24:00.420   839   839 W viarild : type=1400 audit(0.0:552): avc: denied { write } for name="mal-mfi" dev="tmpfs" ino=10393 scontext=u:r:viarild:s0 tcontext=u:object_r:mal_mfi_socket:s0 tclass=sock_file permissive=0

07-31 09:24:00.861   941  1106 I PackageManager: mcs_unbind

07-31 09:24:00.862   941  1106 I PackageManager: calling disconnectService()

07-31 09:24:00.862   941  1106 I PackageManager: disconnectService: false

07-31 09:24:00.867  4997  4997 D ActivityThread: SVC-UNBIND_SERVICE handled : 0 / BindServiceData{token=android.os.BinderProxy@1ff4d76 intent=Intent { cmp=com.android.defcontainer/.DefaultContainerService }}

07-31 09:24:00.867  4997  4997 D ActivityThread: SVC-Destroying service: com.android.defcontainer.DefaultContainerService@2921f77

07-31 09:24:00.873  4997  4997 D ActivityThread: SVC-STOP_SERVICE handled : 0 / android.os.BinderProxy@1ff4d76

07-31 09:24:01.202  1907  1916 I System  : FinalizerDaemon: finalize objects = 107

07-31 09:24:01.424   817   839 E MFI-Conn:  (     mfia_task_bootstrap,  587) mfia_task_bootstrap(): retrying to connect to mal-mfi error 13!! ====

07-31 09:24:01.420   839   839 W viarild : type=1400 audit(0.0:553): avc: denied { write } for name="mal-mfi" dev="tmpfs" ino=10393 scontext=u:r:viarild:s0 tcontext=u:object_r:mal_mfi_socket:s0 tclass=sock_file permissive=0

07-31 09:24:01.584   423   797 E VT      : [SRV] [VT THREAD] [VT_Bind] des = volte_imsvt1 Fail to connect . retry count: 171

07-31 09:24:01.585   423   797 D VT      : [SRV] isIMCBrun : False

07-31 09:24:01.596  6567  6567 V MMSLog  : ----------onReceiveWithPrivilege----------

07-31 09:24:01.599   941  1509 D AppOps  : startOperation: allowing code 40 uid 10011 package com.android.mms

07-31 09:24:01.609  6567  6567 D ActivityThread: SVC-Creating service: CreateServiceData{token=android.os.BinderProxy@9dd44ea className=com.android.mms.transaction.SmsReceiverService packageName=com.android.mms intent=null}

07-31 09:24:01.614  1482  1482 D ActivityThread: SVC-Creating service: CreateServiceData{token=android.os.BinderProxy@cc2c5b6 className=com.iqoo.secure.ui.antiharassment.InterceptService packageName=com.iqoo.secure intent=null}

07-31 09:24:01.615  1482  1482 D ActivityThread: SVC-CREATE_SERVICE handled : 0 / CreateServiceData{token=android.os.BinderProxy@cc2c5b6 className=com.iqoo.secure.ui.antiharassment.InterceptService packageName=com.iqoo.secure intent=null}

07-31 09:24:01.616  1482  1482 V ActivityThread: handleBindService s=com.iqoo.secure.ui.antiharassment.InterceptService@7efd2b7 rebind=false

07-31 09:24:01.618   941   987 V NetworkStats: setKernelCounterSet uid=10058 set=0

07-31 09:24:01.622   433   433 I thermal_src: wake up function 3

07-31 09:24:01.622   433   433 I thermal_src: TA_DAEMON_CMD_GET_TPCB cmd=0x5, len=4 PCB=32000

07-31 09:24:01.622   433   433 I thermal_src: TA_DAEMON_CMD_SET_TTJ cmd=0x4, len=4 Tj=85000

07-31 09:24:01.622   433   433 I thermal_src: waiting NOTIFY from kernel...

07-31 09:24:01.624  1624  2680 I DaemonService: DataUsageService pid = 1482

07-31 09:24:01.626  1482  1482 D ActivityThread: SVC-BIND_SERVICE handled : 0 / BindServiceData{token=android.os.BinderProxy@cc2c5b6 intent=Intent { pkg=com.iqoo.secure cmp=com.iqoo.secure/.ui.antiharassment.InterceptService }}

07-31 09:24:01.631  6567  6567 D ActivityThread: SVC-CREATE_SERVICE handled : 0 / CreateServiceData{token=android.os.BinderProxy@9dd44ea className=com.android.mms.transaction.SmsReceiverService packageName=com.android.mms intent=null}

07-31 09:24:01.631  6567  6567 D ActivityThread: SVC-Calling onStartCommand: com.android.mms.transaction.SmsReceiverService@531d3db, flags=0, startId=1

07-31 09:24:01.631  6567  6567 D Mms/MMSLog: Message Sent Result Code = 0

07-31 09:24:01.631  6567  6567 D ActivityThread: SVC-SERVICE_ARGS handled : 0 / ServiceArgsData{token=android.os.BinderProxy@9dd44ea startId=1 args=Intent { act=com.vivo.telephony.VIVO_SMS_RECEIVED cmp=com.android.mms/.transaction.SmsReceiverService (has extras) }}

07-31 09:24:01.651  6567  6650 D Mms/MMSLog: Sms handleMessage :{ when=-18ms what=0 arg1=1 obj=Intent { act=com.vivo.telephony.VIVO_SMS_RECEIVED cmp=com.android.mms/.transaction.SmsReceiverService (has extras) } target=com.android.mms.transaction.SmsReceiverService$ServiceHandler obj=Intent { act=com.vivo.telephony.VIVO_SMS_RECEIVED cmp=com.android.mms/.transaction.SmsReceiverService (has extras) } }

07-31 09:24:01.652  6567  6650 D SmsReceiverService:  com.vivo.telephony.VIVO_SMS_RECEIVED -----------------

07-31 09:24:01.655   941  1380 D ActivityManager: getContentProviderImpl: from caller=android.app.ApplicationThreadProxy@eefa300 (pid=6567, userId=0) to get content provider sms cpr=ContentProviderRecord{56a054c u0 com.android.providers.telephony/.SmsProvider}

07-31 09:24:01.655   941  1380 D ActivityManager: getContentProviderImpl: updateLruProcessLocked cpr.proc=ProcessRecord{335c711 1907:com.android.phone/1001}

07-31 09:24:01.656  6567  6650 D ActivityThread: holder:android.app.IActivityManager$ContentProviderHolder@553b951, holder.provider:android.content.ContentProviderProxy@cc2c5b6

07-31 09:24:01.662  6567  6650 D SmsReceiverService: cur==========android.content.ContentResolver$CursorWrapperInner@3daaa24

07-31 09:24:01.662  6567  6650 D SmsReceiverService: cur.getCount ========0

07-31 09:24:01.666  6567  6567 D ActivityThread: SVC-Destroying service: com.android.mms.transaction.SmsReceiverService@531d3db

07-31 09:24:01.669  6567  6567 D ActivityThread: SVC-STOP_SERVICE handled : 0 / android.os.BinderProxy@9dd44ea

07-31 09:24:01.671  1482  1482 D ActivityThread: SVC-UNBIND_SERVICE handled : 0 / BindServiceData{token=android.os.BinderProxy@cc2c5b6 intent=Intent { pkg=com.iqoo.secure cmp=com.iqoo.secure/.ui.antiharassment.InterceptService }}

07-31 09:24:01.671  1482  1482 D ActivityThread: SVC-Destroying service: com.iqoo.secure.ui.antiharassment.InterceptService@7efd2b7

07-31 09:24:01.671  1624  1641 I DaemonService: DataUsageService pid = 1482

07-31 09:24:01.671  1482  1482 D ActivityThread: SVC-STOP_SERVICE handled : 0 / android.os.BinderProxy@cc2c5b6

07-31 09:24:01.674  1624  1639 I DaemonService: DataUsageService pid = 1482

07-31 09:24:01.998  2864  2871 I System  : FinalizerDaemon: finalize objects = 291

07-31 09:24:02.425   817   839 E MFI-Conn:  (     mfia_task_bootstrap,  587) mfia_task_bootstrap(): retrying to connect to mal-mfi error 13!! ====

07-31 09:24:02.420   839   839 W viarild : type=1400 audit(0.0:554): avc: denied { write } for name="mal-mfi" dev="tmpfs" ino=10393 scontext=u:r:viarild:s0 tcontext=u:object_r:mal_mfi_socket:s0 tclass=sock_file permissive=0

07-31 09:24:02.668  3079  3086 I System  : FinalizerDaemon: finalize objects = 15

07-31 09:24:03.376   435   435 I thermal_repeater: oh, queryMdThermalInfo (0)No such file or directory

07-31 09:24:03.379   435   435 I thermal_repeater: [recvMdThermalInfo] ret=5, strLen=127, ERROR

07-31 09:24:03.420   839   839 W viarild : type=1400 audit(0.0:555): avc: denied { write } for name="mal-mfi" dev="tmpfs" ino=10393 scontext=u:r:viarild:s0 tcontext=u:object_r:mal_mfi_socket:s0 tclass=sock_file permissive=0

07-31 09:24:03.425   817   839 E MFI-Conn:  (     mfia_task_bootstrap,  587) mfia_task_bootstrap(): retrying to connect to mal-mfi error 13!! ====

07-31 09:24:03.841   941   948 I System  : FinalizerDaemon: finalize objects = 255

07-31 09:24:04.426   817   839 E MFI-Conn:  (     mfia_task_bootstrap,  587) mfia_task_bootstrap(): retrying to connect to mal-mfi error 13!! ====

07-31 09:24:04.420   839   839 W viarild : type=1400 audit(0.0:556): avc: denied { write } for name="mal-mfi" dev="tmpfs" ino=10393 scontext=u:r:viarild:s0 tcontext=u:object_r:mal_mfi_socket:s0 tclass=sock_file permissive=0

07-31 09:24:04.585   423   797 E VT      : [SRV] [VT THREAD] [VT_Bind] des = volte_imsvt1 Fail to connect . retry count: 172

07-31 09:24:04.585   423   797 D VT      : [SRV] isIMCBrun : False

07-31 09:24:05.398   448   448 I sn      : Retry 52

07-31 09:24:05.400   448   448 I sn      : Fail to access err=2

07-31 09:24:05.401   448   448 I sn      : Fail to access err=2

07-31 09:24:05.401   448   448 I sn      : Fail to access err=2

07-31 09:24:05.401   448   448 I sn      : Check all possible paths

07-31 09:24:05.426   817   839 E MFI-Conn:  (     mfia_task_bootstrap,  587) mfia_task_bootstrap(): retrying to connect to mal-mfi error 13!! ====

07-31 09:24:05.420   839   839 W viarild : type=1400 audit(0.0:557): avc: denied { write } for name="mal-mfi" dev="tmpfs" ino=10393 scontext=u:r:viarild:s0 tcontext=u:object_r:mal_mfi_socket:s0 tclass=sock_file permissive=0

07-31 09:24:05.886  4997  5004 I System  : FinalizerDaemon: finalize objects = 7

07-31 09:24:06.259  6540  6546 I System  : FinalizerDaemon: finalize objects = 52

07-31 09:24:06.420   839   839 W viarild : type=1400 audit(0.0:558): avc: denied { write } for name="mal-mfi" dev="tmpfs" ino=10393 scontext=u:r:viarild:s0 tcontext=u:object_r:mal_mfi_socket:s0 tclass=sock_file permissive=0

07-31 09:24:06.427   817   839 E MFI-Conn:  (     mfia_task_bootstrap,  587) mfia_task_bootstrap(): retrying to connect to mal-mfi error 13!! ====

07-31 09:24:06.632   433   433 I thermal_src: wake up function 3

07-31 09:24:06.632   433   433 I thermal_src: TA_DAEMON_CMD_GET_TPCB cmd=0x5, len=4 PCB=32000

07-31 09:24:06.632   433   433 I thermal_src: TA_DAEMON_CMD_SET_TTJ cmd=0x4, len=4 Tj=85000

07-31 09:24:06.632   433   433 I thermal_src: waiting NOTIFY from kernel...

07-31 09:24:07.208   433   433 I thermal_src: wake up function 3

07-31 09:24:07.208   433   433 I thermal_src: TA_DAEMON_CMD_GET_TPCB cmd=0x5, len=4 PCB=32000

07-31 09:24:07.208   433   433 I thermal_src: TA_DAEMON_CMD_SET_TTJ cmd=0x4, len=4 Tj=85000

07-31 09:24:07.209   433   433 I thermal_src: waiting NOTIFY from kernel...

07-31 09:24:07.209  2654  2658 D FRR     : buff=0x7f86538240, len=191

07-31 09:24:07.209  2654  2658 D FRR     : uevent[0]=0x7f86538240, len=48, "change@/devices/platform/battery/power_supply/ac"

07-31 09:24:07.209  2654  2658 D FRR     : voteFps(60, 0)

07-31 09:24:07.209  2654  2658 D FRR     : ThermalListener loop:

07-31 09:24:07.209  2654  2658 D FRR     : buff=0x7f86538240, len=194

07-31 09:24:07.209  2654  2658 D FRR     : uevent[0]=0x7f86538240, len=49, "change@/devices/platform/battery/power_supply/usb"

07-31 09:24:07.209  2654  2658 D FRR     : voteFps(60, 0)

07-31 09:24:07.209  2654  2658 D FRR     : ThermalListener loop:

07-31 09:24:07.210   941  1380 V BatteryService: VNOILBS mScreenOn=true level=91 mCriticalBatteryLevel=3 mNotificationLowBatteryStates=false OS_VERSION=true mNotificationChargeStates=true status=2

07-31 09:24:07.210   941  1380 V BatteryService: VNOILBS, turn off battery light.

07-31 09:24:07.211   941   970 V BatteryService: VNOILBS mScreenOn=true level=91 mCriticalBatteryLevel=3 mNotificationLowBatteryStates=false OS_VERSION=true mNotificationChargeStates=true status=2

07-31 09:24:07.211   941   970 V BatteryService: VNOILBS, turn off battery light.

07-31 09:24:07.211  2654  2658 D FRR     : buff=0x7f86538240, len=209

07-31 09:24:07.212  2654  2658 D FRR     : uevent[0]=0x7f86538240, len=54, "change@/devices/platform/battery/power_supply/wireless"

07-31 09:24:07.212  2654  2658 D FRR     : voteFps(60, 0)

07-31 09:24:07.212  2654  2658 D FRR     : ThermalListener loop:

07-31 09:24:07.212   941  1933 D BatteryService: mBatteryVoltage=4235, batteryLevel=50

07-31 09:24:07.212   941  1933 V BatteryService: VNOILBS mScreenOn=true level=91 mCriticalBatteryLevel=3 mNotificationLowBatteryStates=false OS_VERSION=true mNotificationChargeStates=true status=2

07-31 09:24:07.212   941  1933 V BatteryService: VNOILBS, turn off battery light.

07-31 09:24:07.212   941   941 V ActivityManager: Broadcast sticky: Intent { act=android.intent.action.BATTERY_CHANGED flg=0x60000010 (has extras) } ordered=false userid=-1 callerApp=null

07-31 09:24:07.213   941   941 D FeatureService: onReceive action android.intent.action.BATTERY_CHANGED

07-31 09:24:07.213   941   941 D WifiService: onReceive, action:android.intent.action.BATTERY_CHANGED

07-31 09:24:07.215  1978  1978 D SwitcherUpdateMonitor: receive broadcast, action = android.intent.action.BATTERY_CHANGED

07-31 09:24:07.215  1340  1340 D KeyguardUpdateMonitor: received broadcast android.intent.action.BATTERY_CHANGED

07-31 09:24:07.215  1340  1340 I BatteryController: SystemUI|status = 2, mLastStatus = 2, mPluggedIn = true, mLastPluggedIn = true

07-31 09:24:07.216  1340  1340 I BatteryController: SystemUI|mLevel = 91, mLastLevel = 91

07-31 09:24:07.216   941  1236 D WifiController: ApStaDisabledState{ when=-2ms what=155652 arg1=2 target=com.android.internal.util.StateMachine$SmHandler }

07-31 09:24:07.216   941  1236 D WifiController: DefaultState{ when=-2ms what=155652 arg1=2 target=com.android.internal.util.StateMachine$SmHandler }

07-31 09:24:07.216   941  1236 D WifiController: battery changed pluggedType: 2

07-31 09:24:07.216  1340  1340 D KeyguardUpdateMonitor: handleBatteryUpdate

07-31 09:24:07.216  1340  1340 D PowerUI : buckets   .....15 .. 10 .. 3

07-31 09:24:07.216  1340  1340 D PowerUI : level          91 --> 91

07-31 09:24:07.216  1340  1340 D PowerUI : status         2 --> 2

07-31 09:24:07.216  1340  1340 D PowerUI : plugType       2 --> 2

07-31 09:24:07.216  1340  1340 D PowerUI : invalidCharger 0 --> 0

07-31 09:24:07.216  1340  1340 D PowerUI : bucket         1 --> 1

07-31 09:24:07.216  1340  1340 D PowerUI : plugged        true --> true

07-31 09:24:07.216  1504  1504 I WarningMessage: receiver: action isandroid.intent.action.BATTERY_CHANGED mBatteryPowerConnetDialog=true mShowChargerOverVoltageDialog=true

07-31 09:24:07.216  1504  1504 D DeviceListener: ++onReceive++:android.intent.action.BATTERY_CHANGED

07-31 09:24:07.216  1504  1504 D DeviceListener: onReceiveandroid.intent.action.BATTERY_CHANGED

07-31 09:24:07.217  1504  1504 I UsbDeviceManagerService: mUsbReceiver action:android.intent.action.BATTERY_CHANGED mConnected:false mLastConnected:false

07-31 09:24:07.217  2654  2658 D FRR     : buff=0x7f86538240, len=965

07-31 09:24:07.217  2654  2658 D FRR     : uevent[0]=0x7f86538240, len=53, "change@/devices/platform/battery/power_supply/battery"

07-31 09:24:07.217  2654  2658 D FRR     : voteFps(60, 0)

07-31 09:24:07.217  2654  2658 D FRR     : ThermalListener loop:

07-31 09:24:07.217   941  1977 V ActivityManager: Broadcast: Intent { act=com.vivo.dismiss.lowpower flg=0x10 } ordered=false userid=0 callerApp=ProcessRecord{5bf1545 1340:com.android.systemui/u0a17}

07-31 09:24:07.218   941  1995 V BatteryService: VNOILBS mScreenOn=true level=91 mCriticalBatteryLevel=3 mNotificationLowBatteryStates=false OS_VERSION=true mNotificationChargeStates=true status=2

07-31 09:24:07.218   941  1995 V BatteryService: VNOILBS, turn off battery light.

07-31 09:24:07.218  1340  1340 I KeyguardSmartUpdateMonitor: handleChargingModeChanged, mQuickChargeHealth = 2, batteryHealth = 2

07-31 09:24:07.218  1340  1340 I KeyguardSmartUpdateMonitor: handleChargingModeChanged, mCurrentEngineState = 0, engineState = -2

07-31 09:24:07.427   817   839 E MFI-Conn:  (     mfia_task_bootstrap,  587) mfia_task_bootstrap(): retrying to connect to mal-mfi error 13!! ====

07-31 09:24:07.420   839   839 W viarild : type=1400 audit(0.0:559): avc: denied { write } for name="mal-mfi" dev="tmpfs" ino=10393 scontext=u:r:viarild:s0 tcontext=u:object_r:mal_mfi_socket:s0 tclass=sock_file permissive=0

07-31 09:24:07.586   423   797 E VT      : [SRV] [VT THREAD] [VT_Bind] des = volte_imsvt1 Fail to connect . retry count: 173

07-31 09:24:07.586   423   797 D VT      : [SRV] isIMCBrun : False

07-31 09:24:08.384   435   435 I thermal_repeater: select timeout

07-31 09:24:08.420   839   839 W viarild : type=1400 audit(0.0:560): avc: denied { write } for name="mal-mfi" dev="tmpfs" ino=10393 scontext=u:r:viarild:s0 tcontext=u:object_r:mal_mfi_socket:s0 tclass=sock_file permissive=0

07-31 09:24:08.427   817   839 E MFI-Conn:  (     mfia_task_bootstrap,  587) mfia_task_bootstrap(): retrying to connect to mal-mfi error 13!! ====

07-31 09:24:08.999   941  1823 D AES     : AEEIOCTL_GET/SET_SF_STATE IOCTL,cmd= 1074294797, lParam=0. 

07-31 09:24:09.000   941  1823 W Watchdog: **Get SF Time **1

07-31 09:24:09.000   941  1823 D AES     : AEEIOCTL_RT_MON_Kick IOCTL,cmd= -2147192822, lParam=300. 

07-31 09:24:09.000   941  1823 W Watchdog: SWT Watchdog before synchronized:530538

07-31 09:24:09.000   941  1823 W Watchdog: SWT Watchdog after synchronized:530538

07-31 09:24:09.428   817   839 E MFI-Conn:  (     mfia_task_bootstrap,  587) mfia_task_bootstrap(): retrying to connect to mal-mfi error 13!! ====

07-31 09:24:09.420   839   839 W viarild : type=1400 audit(0.0:561): avc: denied { write } for name="mal-mfi" dev="tmpfs" ino=10393 scontext=u:r:viarild:s0 tcontext=u:object_r:mal_mfi_socket:s0 tclass=sock_file permissive=0

07-31 09:24:10.428   817   839 E MFI-Conn:  (     mfia_task_bootstrap,  587) mfia_task_bootstrap(): retrying to connect to mal-mfi error 13!! ====

07-31 09:24:10.420   839   839 W viarild : type=1400 audit(0.0:562): avc: denied { write } for name="mal-mfi" dev="tmpfs" ino=10393 scontext=u:r:viarild:s0 tcontext=u:object_r:mal_mfi_socket:s0 tclass=sock_file permissive=0

07-31 09:24:10.586   423   797 E VT      : [SRV] [VT THREAD] [VT_Bind] des = volte_imsvt1 Fail to connect . retry count: 174

07-31 09:24:10.586   423   797 D VT      : [SRV] isIMCBrun : False

07-31 09:24:11.429   817   839 E MFI-Conn:  (     mfia_task_bootstrap,  587) mfia_task_bootstrap(): retrying to connect to mal-mfi error 13!! ====

07-31 09:24:11.420   839   839 W viarild : type=1400 audit(0.0:563): avc: denied { write } for name="mal-mfi" dev="tmpfs" ino=10393 scontext=u:r:viarild:s0 tcontext=u:object_r:mal_mfi_socket:s0 tclass=sock_file permissive=0

07-31 09:24:11.643   433   433 I thermal_src: wake up function 3

07-31 09:24:11.643   433   433 I thermal_src: TA_DAEMON_CMD_GET_TPCB cmd=0x5, len=4 PCB=32000

07-31 09:24:11.643   433   433 I thermal_src: TA_DAEMON_CMD_SET_TTJ cmd=0x4, len=4 Tj=85000

07-31 09:24:11.643   433   433 I thermal_src: waiting NOTIFY from kernel...

07-31 09:24:12.429   817   839 E MFI-Conn:  (     mfia_task_bootstrap,  587) mfia_task_bootstrap(): retrying to connect to mal-mfi error 13!! ====

07-31 09:24:12.420   839   839 W viarild : type=1400 audit(0.0:564): avc: denied { write } for name="mal-mfi" dev="tmpfs" ino=10393 scontext=u:r:viarild:s0 tcontext=u:object_r:mal_mfi_socket:s0 tclass=sock_file permissive=0

07-31 09:24:13.384   435   435 I thermal_repeater: oh, queryMdThermalInfo (0)No such file or directory

07-31 09:24:13.387   435   435 I thermal_repeater: [recvMdThermalInfo] ret=5, strLen=127, ERROR

07-31 09:24:13.430   817   839 E MFI-Conn:  (     mfia_task_bootstrap,  587) mfia_task_bootstrap(): retrying to connect to mal-mfi error 13!! ====

07-31 09:24:13.420   839   839 W viarild : type=1400 audit(0.0:565): avc: denied { write } for name="mal-mfi" dev="tmpfs" ino=10393 scontext=u:r:viarild:s0 tcontext=u:object_r:mal_mfi_socket:s0 tclass=sock_file permissive=0

07-31 09:24:13.587   423   797 E VT      : [SRV] [VT THREAD] [VT_Bind] des = volte_imsvt1 Fail to connect . retry count: 175

07-31 09:24:13.587   423   797 D VT      : [SRV] isIMCBrun : False

07-31 09:24:13.691  6567  6575 I System  : FinalizerDaemon: finalize objects = 265

07-31 09:24:14.431   817   839 E MFI-Conn:  (     mfia_task_bootstrap,  587) mfia_task_bootstrap(): retrying to connect to mal-mfi error 13!! ====

07-31 09:24:14.430   839   839 W viarild : type=1400 audit(0.0:566): avc: denied { write } for name="mal-mfi" dev="tmpfs" ino=10393 scontext=u:r:viarild:s0 tcontext=u:object_r:mal_mfi_socket:s0 tclass=sock_file permissive=0

07-31 09:24:15.401   448   448 I sn      : Retry 53

07-31 09:24:15.402   448   448 I sn      : Fail to access err=2

07-31 09:24:15.402   448   448 I sn      : Fail to access err=2

07-31 09:24:15.402   448   448 I sn      : Fail to access err=2

07-31 09:24:15.402   448   448 I sn      : Check all possible paths

07-31 09:24:15.432   817   839 E MFI-Conn:  (     mfia_task_bootstrap,  587) mfia_task_bootstrap(): retrying to connect to mal-mfi error 13!! ====

07-31 09:24:15.430   839   839 W viarild : type=1400 audit(0.0:567): avc: denied { write } for name="mal-mfi" dev="tmpfs" ino=10393 scontext=u:r:viarild:s0 tcontext=u:object_r:mal_mfi_socket:s0 tclass=sock_file permissive=0

07-31 09:24:16.430   839   839 W viarild : type=1400 audit(0.0:568): avc: denied { write } for name="mal-mfi" dev="tmpfs" ino=10393 scontext=u:r:viarild:s0 tcontext=u:object_r:mal_mfi_socket:s0 tclass=sock_file permissive=0

07-31 09:24:16.433   817   839 E MFI-Conn:  (     mfia_task_bootstrap,  587) mfia_task_bootstrap(): retrying to connect to mal-mfi error 13!! ====

07-31 09:24:16.552  6540  6546 I System  : FinalizerDaemon: finalize objects = 27

07-31 09:24:16.587   423   797 E VT      : [SRV] [VT THREAD] [VT_Bind] des = volte_imsvt1 Fail to connect . retry count: 176

07-31 09:24:16.587   423   797 D VT      : [SRV] isIMCBrun : False

07-31 09:24:16.651   433   433 I thermal_src: wake up function 3

07-31 09:24:16.652   433   433 I thermal_src: TA_DAEMON_CMD_GET_TPCB cmd=0x5, len=4 PCB=32000

07-31 09:24:16.652   433   433 I thermal_src: TA_DAEMON_CMD_SET_TTJ cmd=0x4, len=4 Tj=85000

07-31 09:24:16.652   433   433 I thermal_src: waiting NOTIFY from kernel...

07-31 09:24:17.223   433   433 I thermal_src: wake up function 3

07-31 09:24:17.223   433   433 I thermal_src: TA_DAEMON_CMD_GET_TPCB cmd=0x5, len=4 PCB=32000

07-31 09:24:17.223   433   433 I thermal_src: TA_DAEMON_CMD_SET_TTJ cmd=0x4, len=4 Tj=85000

07-31 09:24:17.223   433   433 I thermal_src: waiting NOTIFY from kernel...

07-31 09:24:17.224  2654  2658 D FRR     : buff=0x7f86538240, len=191

07-31 09:24:17.224  2654  2658 D FRR     : uevent[0]=0x7f86538240, len=48, "change@/devices/platform/battery/power_supply/ac"

07-31 09:24:17.224  2654  2658 D FRR     : voteFps(60, 0)

07-31 09:24:17.224  2654  2658 D FRR     : ThermalListener loop:

07-31 09:24:17.224  2654  2658 D FRR     : buff=0x7f86538240, len=194

07-31 09:24:17.224  2654  2658 D FRR     : uevent[0]=0x7f86538240, len=49, "change@/devices/platform/battery/power_supply/usb"

07-31 09:24:17.224  2654  2658 D FRR     : voteFps(60, 0)

07-31 09:24:17.224  2654  2658 D FRR     : ThermalListener loop:

07-31 09:24:17.224  2654  2658 D FRR     : buff=0x7f86538240, len=209

07-31 09:24:17.224  2654  2658 D FRR     : uevent[0]=0x7f86538240, len=54, "change@/devices/platform/battery/power_supply/wireless"

07-31 09:24:17.224  2654  2658 D FRR     : voteFps(60, 0)

07-31 09:24:17.224  2654  2658 D FRR     : ThermalListener loop:

07-31 09:24:17.225   941  1870 V BatteryService: VNOILBS mScreenOn=true level=91 mCriticalBatteryLevel=3 mNotificationLowBatteryStates=false OS_VERSION=true mNotificationChargeStates=true status=2

07-31 09:24:17.225   941  1870 V BatteryService: VNOILBS, turn off battery light.

07-31 09:24:17.225   941  1949 V BatteryService: VNOILBS mScreenOn=true level=91 mCriticalBatteryLevel=3 mNotificationLowBatteryStates=false OS_VERSION=true mNotificationChargeStates=true status=2

07-31 09:24:17.225   941  1949 V BatteryService: VNOILBS, turn off battery light.

07-31 09:24:17.226   941  1955 V BatteryService: VNOILBS mScreenOn=true level=91 mCriticalBatteryLevel=3 mNotificationLowBatteryStates=false OS_VERSION=true mNotificationChargeStates=true status=2

07-31 09:24:17.226   941  1955 V BatteryService: VNOILBS, turn off battery light.

07-31 09:24:17.230  2654  2658 D FRR     : buff=0x7f86538240, len=965

07-31 09:24:17.230  2654  2658 D FRR     : uevent[0]=0x7f86538240, len=53, "change@/devices/platform/battery/power_supply/battery"

07-31 09:24:17.230  2654  2658 D FRR     : voteFps(60, 0)

07-31 09:24:17.230  2654  2658 D FRR     : ThermalListener loop:

07-31 09:24:17.231   941   956 V BatteryService: VNOILBS mScreenOn=true level=91 mCriticalBatteryLevel=3 mNotificationLowBatteryStates=false OS_VERSION=true mNotificationChargeStates=true status=2

07-31 09:24:17.231   941   956 V BatteryService: VNOILBS, turn off battery light.

07-31 09:24:17.433   817   839 E MFI-Conn:  (     mfia_task_bootstrap,  587) mfia_task_bootstrap(): retrying to connect to mal-mfi error 13!! ====

07-31 09:24:17.430   839   839 W viarild : type=1400 audit(0.0:569): avc: denied { write } for name="mal-mfi" dev="tmpfs" ino=10393 scontext=u:r:viarild:s0 tcontext=u:object_r:mal_mfi_socket:s0 tclass=sock_file permissive=0

07-31 09:24:18.392   435   435 I thermal_repeater: select timeout
