07-28 17:00:29.990   312   682 I MAL-Daemon:  (    ru_send_event_entity,  368) [RDS-I][RDS][RU][ru_send_event_entity] send event 604 to 602 with ret(0)

07-28 17:00:29.990   312   682 I MAL-Daemon:  (          ru_get_netstat, 5599) [RDS-I][RU][ru_get_netstat] netstat <thrghpt, pkterrt>, wifi <74, 0%>, mobile <0, 0%>

07-28 17:00:29.990   312   682 I MAL-Daemon:  (    ru_send_event_entity,  368) [RDS-I][RDS][RU][ru_send_event_entity] send event 614 to 1236 with ret(0)

07-28 17:00:29.990   312   682 I MAL-Daemon:  (             rds_ru_task,  454) [RDS-I][RU][rds_ru_task] RCV Event: 604 

07-28 17:00:29.991   312   682 I MAL-Daemon:  (  rds_ru_wifi_status_ind, 1379) [RDS-I][RU][EVENT_RU_WS_WIFI_STATUS_IND] fgwifi_en:1(no use) i4wifirssi:0xffffffbd i4wifisnr:0x270f

07-28 17:00:29.991   312   682 I MAL-Daemon:  (    ru_send_event_entity,  368) [RDS-I][RDS][RU][ru_send_event_entity] send event 615 to 1236 with ret(0)

07-28 17:00:29.991   312   682 I MAL-Daemon:  (          rds_ru_rpl_gen, 5180) [RDS-I][RU][rds_ru_rpl_gen][RDS][OP0] TYPE : <0>, UI Policy : <3>, RDS Policy : <3>

07-28 17:00:29.991   312   682 I MAL-Daemon:  (      rds_cell_only_orng, 3673) [RDS-I][RU][RDS IMS/MMS][rds_cell_only_orng] 

07-28 17:00:29.991   312   682 I MAL-Daemon:  (          rds_ru_rpl_gen, 5191) [RDS-I][RU][rds_ru_rpl_gen][RDS][OP0] TYPE : <0>, RAN1 : <254> ,RAN2 : <254>

07-28 17:00:29.991   312   682 I MAL-Daemon:  (          rds_ru_rpl_gen, 5180) [RDS-I][RU][rds_ru_rpl_gen][RDS][OP0] TYPE : <1>, UI Policy : <3>, RDS Policy : <3>

07-28 17:00:29.991   312   682 I MAL-Daemon:  (      rds_cell_only_orng, 3673) [RDS-I][RU][RDS IMS/MMS][rds_cell_only_orng] 

07-28 17:00:29.991   312   682 I MAL-Daemon:  (          rds_ru_rpl_gen, 5191) [RDS-I][RU][rds_ru_rpl_gen][RDS][OP0] TYPE : <1>, RAN1 : <254> ,RAN2 : <254>

07-28 17:00:29.991   312   682 I MAL-Daemon:  (          rds_ru_rpl_gen, 5180) [RDS-I][RU][rds_ru_rpl_gen][RDS][OP0] TYPE : <2>, UI Policy : <3>, RDS Policy : <3>

07-28 17:00:29.991   312   682 I MAL-Daemon:  (      rds_cell_only_orng, 3673) [RDS-I][RU][RDS IMS/MMS][rds_cell_only_orng] 

07-28 17:00:29.991   312   682 I MAL-Daemon:  (          rds_ru_rpl_gen, 5191) [RDS-I][RU][rds_ru_rpl_gen][RDS][OP0] TYPE : <2>, RAN1 : <254> ,RAN2 : <254>

07-28 17:00:29.991   312   682 I MAL-Daemon:  (          rds_ru_rpl_gen, 5180) [RDS-I][RU][rds_ru_rpl_gen][RDS][OP0] TYPE : <3>, UI Policy : <3>, RDS Policy : <3>

07-28 17:00:29.991   312   682 I MAL-Daemon:  (          rds_ru_rpl_gen, 5191) [RDS-I][RU][rds_ru_rpl_gen][RDS][OP0] TYPE : <3>, RAN1 : <255> ,RAN2 : <255>

07-28 17:00:29.991   312   682 I MAL-Daemon:  (          rds_ru_rpl_gen, 5180) [RDS-I][RU][rds_ru_rpl_gen][RDS][OP0] TYPE : <4>, UI Policy : <3>, RDS Policy : <3>

07-28 17:00:29.991   312   682 I MAL-Daemon:  (          rds_ru_rpl_gen, 5191) [RDS-I][RU][rds_ru_rpl_gen][RDS][OP0] TYPE : <4>, RAN1 : <255> ,RAN2 : <255>

07-28 17:00:29.991   312   682 I MAL-Daemon:  (          rds_ru_rpl_gen, 5180) [RDS-I][RU][rds_ru_rpl_gen][RDS][OP0] TYPE : <5>, UI Policy : <3>, RDS Policy : <3>

07-28 17:00:29.991   312   682 I MAL-Daemon:  (          rds_ru_rpl_gen, 5191) [RDS-I][RU][rds_ru_rpl_gen][RDS][OP0] TYPE : <5>, RAN1 : <255> ,RAN2 : <255>

07-28 17:00:29.991   312   682 I MAL-Daemon:  (          rds_ru_rpl_gen, 5191) [RDS-I][RU][rds_ru_rpl_gen][RDS][OP0] TYPE : <6>, RAN1 : <254> ,RAN2 : <254>

07-28 17:00:29.991   312   682 I MAL-Daemon:  (    rds_op_check_feature,  324) [RDS-I][RDS][OP][rds_op_check_feature] operator id(0) check feature<0>, curr_opmsk is <1>, sys_opmsk is <0x0001, 1>

07-28 17:00:29.991   312   682 I MAL-Daemon:  (  rds_ru_ims_vops_update, 4980) [RDS-I][RU][rds_ru_ims_vops_update][RDS IMS]Policy type: 0 IMS VOPS IE is Disabled, update IMS RPL from Ori:(254, 254) New:(254,254)

07-28 17:00:29.991   312   682 I MAL-Daemon:  (  rds_ru_ims_vops_update, 4980) [RDS-I][RU][rds_ru_ims_vops_update][RDS IMS]Policy type: 1 IMS VOPS IE is Disabled, update IMS RPL from Ori:(254, 254) New:(254,254)

07-28 17:00:29.991   312   682 I MAL-Daemon:  (  rds_ru_ims_vops_update, 4980) [RDS-I][RU][rds_ru_ims_vops_update][RDS IMS]Policy type: 2 IMS VOPS IE is Disabled, update IMS RPL from Ori:(254, 254) New:(254,254)

07-28 17:00:29.991   312   682 I MAL-Daemon:  (          rds_ru_rpl_gen, 5215) [RDS-I][RU][rds_ru_rpl_gen][RDS] Current policy: fgimsolte_en<0>, fgwfc_en<0>, erdspolicy<3>, 

07-28 17:00:29.991   312   682 I MAL-Daemon:  (          rds_ru_rpl_gen, 5218) [RDS-I][RU][rds_ru_rpl_gen][RDS] Threshold i4wifirssih<-75>, i4wifirssil<-85>, i4wifirssih_ho<-78>, i4wifirssil_ho<-88>, i4wifisnrh<10>, i4wifisnrl<6>

07-28 17:00:29.991   312   682 I MAL-Daemon:  (          rds_ru_rpl_gen, 5221) [RDS-I][RU][rds_ru_rpl_gen][RDS] Threshold i4ltersrph<-106>, i4ltersrpm<-111>, i4ltersrpl<-116>, i4ltersrqh<5>, i4ltersrqm<3>, i4ltersrql<1>

07-28 17:00:29.991   312   682 I MAL-Daemon:  (          rds_ru_rpl_gen, 5224) [RDS-I][RU][rds_ru_rpl_gen][RDS] current rds ru status: i4wifirssi<-67>, i4wifisnr<9999>, i4ltersrp<-141>, i4ltersrq<0>, u4active_ran<1> 

07-28 17:00:29.992   312   682 I MAL-Daemon:  (          rds_ru_rpl_gen, 5227) [RDS-I][RU][rds_ru_rpl_gen][RDS] current wifi backhaul : rtp_plr<0>, rtp_jitter<0>, ping_ind<0>

07-28 17:00:29.992   312   682 I MAL-Daemon:  (          rds_ru_rpl_gen, 5230) [RDS-I][RU][rds_ru_rpl_gen][RDS] Call stat : IR92<0>, IR94<0> 

07-28 17:00:29.992   312   682 I MAL-Daemon:  (          rds_ru_rpl_gen, 5236) [RDS-I][RU][RDS IMS/MMS][rds_ru_rpl_gen] Ori:(254,254)/(255,255) New:(254,254)/(255,255)

07-28 17:00:29.992   312   682 I MAL-Daemon:  (          rds_ru_rpl_gen, 5241) [RDS-I][RU][RDS IMS/MMS WIFI][rds_ru_rpl_gen] Ori:(254,254)/(255,255) New:(254,254)/(255,255)

07-28 17:00:29.992   312   682 I MAL-Daemon:  (          rds_ru_rpl_gen, 5246) [RDS-I][RU][RDS IMS/MMS CELL][rds_ru_rpl_gen] Ori:(254,254)/(255,255) New:(254,254)/(255,255)

07-28 17:00:29.992   312   682 I MAL-Daemon:  (          rds_ru_rpl_gen, 5250) [RDS-I][RU][RDS EMG][rds_ru_rpl_gen] Ori:(254,254) New:(254,254)

07-28 17:00:29.993  1970  2068 I MFI-Conn:  (     mfia_task_bootstrap,  944) mfia_task_bootstrap(): an event 614 incoming

07-28 17:00:29.993  1970  2068 I MFI-Conn:  (     mfia_task_bootstrap,  944) mfia_task_bootstrap(): an event 615 incoming

07-28 17:00:29.995  1970  2110 I MFI-Conn:  (             rds_urc_hdl,  263) [RDS][rds_urc_hdl] RCV Event: 614 

07-28 17:00:29.995  1970  2110 I MFI-Conn:  (             rds_urc_hdl,  378) [RDS][IF][rds_urc_hdl] data_base update: pkterrt(0) 

07-28 17:00:29.995  1970  2110 I MFI-Conn:  (             rds_urc_hdl,  263) [RDS][rds_urc_hdl] RCV Event: 615 

07-28 17:00:29.995  1970  2110 I MFI-Conn:  (             rds_urc_hdl,  388) [RDS][IF][rds_urc_hdl] data_base update: i4wifirssi(-67) 

07-28 17:00:30.449   798   824 E MFI-Conn:  (     mfia_task_bootstrap,  587) mfia_task_bootstrap(): retrying to connect to mal-mfi error 13!! ====

07-28 17:00:30.441   824   824 W viarild : type=1400 audit(0.0:123193): avc: denied { write } for name="mal-mfi" dev="tmpfs" ino=8735 scontext=u:r:viarild:s0 tcontext=u:object_r:mal_mfi_socket:s0 tclass=sock_file permissive=0

07-28 17:00:30.548   427   793 E VT      : [SRV] [VT THREAD] [VT_Bind] des = volte_imsvt1 Fail to connect . retry count: 39007

07-28 17:00:30.550   427   793 D VT      : [SRV] isIMCBrun : False

07-28 17:00:30.868   441   441 I thermal_repeater: oh, queryMdThermalInfo (0)No such file or directory

07-28 17:00:30.873   441   441 I thermal_repeater: [recvMdThermalInfo] ret=5, strLen=127, ERROR

07-28 17:00:31.450   798   824 E MFI-Conn:  (     mfia_task_bootstrap,  587) mfia_task_bootstrap(): retrying to connect to mal-mfi error 13!! ====

07-28 17:00:31.441   824   824 W viarild : type=1400 audit(0.0:123194): avc: denied { write } for name="mal-mfi" dev="tmpfs" ino=8735 scontext=u:r:viarild:s0 tcontext=u:object_r:mal_mfi_socket:s0 tclass=sock_file permissive=0

07-28 17:00:31.534   965  1227 D WifiStateMachine:  ConnectedState (when=-2ms what=131165 arg1=305!CMD_OBTAINING_IP_ADDRESS_WATCHDOG_TIMER  rt=117103476/905563448{ when=-2ms what=131165 arg1=305 target=com.android.internal.util.StateMachine$SmHandler } 305 0

07-28 17:00:31.534   965  1227 D WifiStateMachine:  L2ConnectedState (when=-3ms what=131165 arg1=305!CMD_OBTAINING_IP_ADDRESS_WATCHDOG_TIMER  rt=117103477/905563448{ when=-3ms what=131165 arg1=305 target=com.android.internal.util.StateMachine$SmHandler } 305 0

07-28 17:00:31.535   965  1227 D WifiStateMachine:  ConnectModeState (when=-3ms what=131165 arg1=305!CMD_OBTAINING_IP_ADDRESS_WATCHDOG_TIMER  rt=117103477/905563449{ when=-3ms what=131165 arg1=305 target=com.android.internal.util.StateMachine$SmHandler } 305 0

07-28 17:00:31.535   965  1227 D WifiStateMachine:  DriverStartedState (when=-3ms what=131165 arg1=305!CMD_OBTAINING_IP_ADDRESS_WATCHDOG_TIMER  rt=117103477/905563449{ when=-3ms what=131165 arg1=305 target=com.android.internal.util.StateMachine$SmHandler } 305 0

07-28 17:00:31.535   965  1227 D WifiStateMachine:  SupplicantStartedState (when=-3ms what=131165 arg1=305!CMD_OBTAINING_IP_ADDRESS_WATCHDOG_TIMER  rt=117103477/905563449{ when=-3ms what=131165 arg1=305 target=com.android.internal.util.StateMachine$SmHandler } 305 0

07-28 17:00:31.535   965  1227 D WifiStateMachine:  DefaultState (when=-4ms what=131165 arg1=305!CMD_OBTAINING_IP_ADDRESS_WATCHDOG_TIMER  rt=117103478/905563449{ when=-4ms what=131165 arg1=305 target=com.android.internal.util.StateMachine$SmHandler } 305 0

07-28 17:00:31.960   965  1227 D WifiStateMachine:  ConnectedState (when=-1ms what=131155 arg1=137!CMD_RSSI_POLL  rt=117103902/905563873 137 0 "beta-test" 3c:8c:40:e4:3c:f2 rssi=-67 f=2412 sc=80 link=65 tx=1.9, 0.0, 0.0  rx=0.0 bcn=0 [on:0 tx:0 rx:0 period:2993] from screen [on:0 period:-2006121640] gl hn rssi=-62 ag=0 hr ticks 5,266,806 ls-=0 [56,56,56,56,61] brc=0 lrc=0 offload-stopped

07-28 17:00:31.960   965  1227 D WifiStateMachine:  L2ConnectedState (when=-1ms what=131155 arg1=137!CMD_RSSI_POLL  rt=117103902/905563874 137 0 "beta-test" 3c:8c:40:e4:3c:f2 rssi=-67 f=2412 sc=80 link=65 tx=1.9, 0.0, 0.0  rx=0.0 bcn=0 [on:0 tx:0 rx:0 period:0] from screen [on:0 period:-2006121640] gl hn rssi=-62 ag=0 hr ticks 5,266,806 ls-=0 [56,56,56,56,61] brc=0 lrc=0 offload-stopped

07-28 17:00:31.960   965  1227 D WifiStateMachine:  get link layer stats 0

07-28 17:00:31.970   965  1227 I WifiStateMachine: fetchRssiLinkSpeedAndFrequencyNative, newRssi:-69, newLinkSpeed:65, SSID:"beta-test"

07-28 17:00:31.970   965  1227 D WifiStateMachine: mLastSignalLevel:2, newSignalLevel:2

07-28 17:00:31.971   965  1227 E WifiStateMachine: calculateWifiScore() we set wifi's score to 1000, so will always set wifi as a default network.

07-28 17:00:31.971   965  1227 V ActivityManager: Broadcast sticky: Intent { act=android.net.wifi.RSSI_CHANGED flg=0x4000010 (has extras) } ordered=false userid=-1 callerApp=ProcessRecord{f5c5ef3 965:system/1000}

07-28 17:00:31.975   965  1256 D WifiWatchdogStateMachine: RSSI current: 2 new: -69, 2

07-28 17:00:31.975  1322  1836 I VivoNetworkController: SystemUI|action = android.net.wifi.RSSI_CHANGED

07-28 17:00:32.140 16876 16884 I System  : FinalizerDaemon: finalize objects = 267

07-28 17:00:32.450   798   824 E MFI-Conn:  (     mfia_task_bootstrap,  587) mfia_task_bootstrap(): retrying to connect to mal-mfi error 13!! ====

07-28 17:00:32.450   798   824 W MFI-Conn:  (     mfia_task_bootstrap,  593) mfia_task_bootstrap(13): [ASSERT] more than 60 retries to connect to mal-mfi!!

07-28 17:00:32.441   824   824 W viarild : type=1400 audit(0.0:123195): avc: denied { write } for name="mal-mfi" dev="tmpfs" ino=8735 scontext=u:r:viarild:s0 tcontext=u:object_r:mal_mfi_socket:s0 tclass=sock_file permissive=0

07-28 17:00:32.598   965  2365 D DhcpStateMachine: PollingState{ when=-12ms what=196616 target=com.android.internal.util.StateMachine$SmHandler }

07-28 17:00:32.598   965  2365 D DhcpStateMachine: GET_DHCP_RESULTS on wlan0

07-28 17:00:32.598   965  2365 D DhcpUtils: [dhcpv6_get_results] result_prop_name = dhcp.ipv6.wlan0.result; isrenew = 0

07-28 17:00:32.598   965  2365 D DhcpUtils: [dhcpv6_get_results] prop_value = 

07-28 17:00:32.598   965  2365 D NetUtils: dhcpv6_get_results failed : wlan0 ()

07-28 17:00:32.598   965  2365 D DhcpStateMachine: getDhcpv6Results failed, isRenew = false

07-28 17:00:32.611   965   972 I System  : FinalizerDaemon: finalize objects = 183

07-28 17:00:32.662   307   340 I BufferQueueProducer: [StatusBar](this:0x7f9ed4a800,id:6,api:1,p:1322,c:307) queueBuffer: fps=0.33 dur=3008.75 max=3008.75 min=3008.75

07-28 17:00:32.671   307   307 I SurfaceFlinger: [Built-in Screen (type:0)] fps:0.332667,dur:3006.01,max:3006.01,min:3006.01

07-28 17:00:32.974   312 31395 I MAL-Daemon:  (        ru_syssig_hndler,  436) [RDS-I][ru_syssig_hndler] Send Event: 688 

07-28 17:00:32.974   312 31395 I MAL-Daemon:  (        ru_syssig_hndler,  437) [RDS-I][RDS][RU][ru_syssig_hndler] ru_check_ctx_ptr<0xf5f34d9c, 0xf5f34d9c>

07-28 17:00:32.974   312 31395 W MAL-Daemon:  (    mdfx_task_send_event,  636) mdfx_task_send_event(): [ACT] should NOT enter this leagcy API!!

07-28 17:00:32.974   312 31395 I MAL-Daemon:  (    ru_send_event_entity,  368) [RDS-I][RDS][RU][ru_send_event_entity] send event 688 to 602 with ret(0)

07-28 17:00:32.974   312   682 I MAL-Daemon:  (             rds_ru_task,  454) [RDS-I][RU][rds_ru_task] RCV Event: 688 

07-28 17:00:32.981   312   682 D MAL-Daemon:  (     ru_wsl_poll_wpainfo,  657) [RDS-D][RDS][RU][ru_wsl_poll_wpainfo]socket recv pktlen(48) 

07-28 17:00:32.981   312   682 D MAL-Daemon:  (rds_ru_ws_rssi_timer_exp,  770) [RDS-D][RU][rds_ru_ws_rssi_timer_expire_hdlr][RDS] get rssi = -69, snr = 9999 

07-28 17:00:32.981   312   682 I MAL-Daemon:  (  ru_wsl_wifi_status_ind,  752) [RDS-I][RDS][RU][ru_wsl_wifi_status_ind] ru_check_ctx_ptr<0xf5f34d9c, 0xf5f34d9c>

07-28 17:00:32.981   312   682 W MAL-Daemon:  (    mdfx_task_send_event,  636) mdfx_task_send_event(): [ACT] should NOT enter this leagcy API!!

07-28 17:00:32.981   312   682 I MAL-Daemon:  (    ru_send_event_entity,  368) [RDS-I][RDS][RU][ru_send_event_entity] send event 604 to 602 with ret(0)

07-28 17:00:32.987   312   682 I MAL-Daemon:  (          ru_get_netstat, 5599) [RDS-I][RU][ru_get_netstat] netstat <thrghpt, pkterrt>, wifi <158, 0%>, mobile <0, 0%>

07-28 17:00:32.987   312   682 I MAL-Daemon:  (    ru_send_event_entity,  368) [RDS-I][RDS][RU][ru_send_event_entity] send event 614 to 1236 with ret(0)

07-28 17:00:32.987   312   682 I MAL-Daemon:  (             rds_ru_task,  454) [RDS-I][RU][rds_ru_task] RCV Event: 604 

07-28 17:00:32.987   312   682 I MAL-Daemon:  (  rds_ru_wifi_status_ind, 1379) [RDS-I][RU][EVENT_RU_WS_WIFI_STATUS_IND] fgwifi_en:1(no use) i4wifirssi:0xffffffbb i4wifisnr:0x270f

07-28 17:00:32.987   312   682 I MAL-Daemon:  (    ru_send_event_entity,  368) [RDS-I][RDS][RU][ru_send_event_entity] send event 615 to 1236 with ret(0)

07-28 17:00:32.987   312   682 I MAL-Daemon:  (          rds_ru_rpl_gen, 5180) [RDS-I][RU][rds_ru_rpl_gen][RDS][OP0] TYPE : <0>, UI Policy : <3>, RDS Policy : <3>

07-28 17:00:32.987   312   682 I MAL-Daemon:  (      rds_cell_only_orng, 3673) [RDS-I][RU][RDS IMS/MMS][rds_cell_only_orng] 

07-28 17:00:32.987   312   682 I MAL-Daemon:  (          rds_ru_rpl_gen, 5191) [RDS-I][RU][rds_ru_rpl_gen][RDS][OP0] TYPE : <0>, RAN1 : <254> ,RAN2 : <254>

07-28 17:00:32.987   312   682 I MAL-Daemon:  (          rds_ru_rpl_gen, 5180) [RDS-I][RU][rds_ru_rpl_gen][RDS][OP0] TYPE : <1>, UI Policy : <3>, RDS Policy : <3>

07-28 17:00:32.988   312   682 I MAL-Daemon:  (      rds_cell_only_orng, 3673) [RDS-I][RU][RDS IMS/MMS][rds_cell_only_orng] 

07-28 17:00:32.988   312   682 I MAL-Daemon:  (          rds_ru_rpl_gen, 5191) [RDS-I][RU][rds_ru_rpl_gen][RDS][OP0] TYPE : <1>, RAN1 : <254> ,RAN2 : <254>

07-28 17:00:32.988   312   682 I MAL-Daemon:  (          rds_ru_rpl_gen, 5180) [RDS-I][RU][rds_ru_rpl_gen][RDS][OP0] TYPE : <2>, UI Policy : <3>, RDS Policy : <3>

07-28 17:00:32.988   312   682 I MAL-Daemon:  (      rds_cell_only_orng, 3673) [RDS-I][RU][RDS IMS/MMS][rds_cell_only_orng] 

07-28 17:00:32.988   312   682 I MAL-Daemon:  (          rds_ru_rpl_gen, 5191) [RDS-I][RU][rds_ru_rpl_gen][RDS][OP0] TYPE : <2>, RAN1 : <254> ,RAN2 : <254>

07-28 17:00:32.988   312   682 I MAL-Daemon:  (          rds_ru_rpl_gen, 5180) [RDS-I][RU][rds_ru_rpl_gen][RDS][OP0] TYPE : <3>, UI Policy : <3>, RDS Policy : <3>

07-28 17:00:32.988   312   682 I MAL-Daemon:  (          rds_ru_rpl_gen, 5191) [RDS-I][RU][rds_ru_rpl_gen][RDS][OP0] TYPE : <3>, RAN1 : <255> ,RAN2 : <255>

07-28 17:00:32.988   312   682 I MAL-Daemon:  (          rds_ru_rpl_gen, 5180) [RDS-I][RU][rds_ru_rpl_gen][RDS][OP0] TYPE : <4>, UI Policy : <3>, RDS Policy : <3>

07-28 17:00:32.988   312   682 I MAL-Daemon:  (          rds_ru_rpl_gen, 5191) [RDS-I][RU][rds_ru_rpl_gen][RDS][OP0] TYPE : <4>, RAN1 : <255> ,RAN2 : <255>

07-28 17:00:32.988   312   682 I MAL-Daemon:  (          rds_ru_rpl_gen, 5180) [RDS-I][RU][rds_ru_rpl_gen][RDS][OP0] TYPE : <5>, UI Policy : <3>, RDS Policy : <3>

07-28 17:00:32.988   312   682 I MAL-Daemon:  (          rds_ru_rpl_gen, 5191) [RDS-I][RU][rds_ru_rpl_gen][RDS][OP0] TYPE : <5>, RAN1 : <255> ,RAN2 : <255>

07-28 17:00:32.988   312   682 I MAL-Daemon:  (          rds_ru_rpl_gen, 5191) [RDS-I][RU][rds_ru_rpl_gen][RDS][OP0] TYPE : <6>, RAN1 : <254> ,RAN2 : <254>

07-28 17:00:32.988   312   682 I MAL-Daemon:  (    rds_op_check_feature,  324) [RDS-I][RDS][OP][rds_op_check_feature] operator id(0) check feature<0>, curr_opmsk is <1>, sys_opmsk is <0x0001, 1>

07-28 17:00:32.988   312   682 I MAL-Daemon:  (  rds_ru_ims_vops_update, 4980) [RDS-I][RU][rds_ru_ims_vops_update][RDS IMS]Policy type: 0 IMS VOPS IE is Disabled, update IMS RPL from Ori:(254, 254) New:(254,254)

07-28 17:00:32.988   312   682 I MAL-Daemon:  (  rds_ru_ims_vops_update, 4980) [RDS-I][RU][rds_ru_ims_vops_update][RDS IMS]Policy type: 1 IMS VOPS IE is Disabled, update IMS RPL from Ori:(254, 254) New:(254,254)

07-28 17:00:32.988   312   682 I MAL-Daemon:  (  rds_ru_ims_vops_update, 4980) [RDS-I][RU][rds_ru_ims_vops_update][RDS IMS]Policy type: 2 IMS VOPS IE is Disabled, update IMS RPL from Ori:(254, 254) New:(254,254)

07-28 17:00:32.988   312   682 I MAL-Daemon:  (          rds_ru_rpl_gen, 5215) [RDS-I][RU][rds_ru_rpl_gen][RDS] Current policy: fgimsolte_en<0>, fgwfc_en<0>, erdspolicy<3>, 

07-28 17:00:32.988   312   682 I MAL-Daemon:  (          rds_ru_rpl_gen, 5218) [RDS-I][RU][rds_ru_rpl_gen][RDS] Threshold i4wifirssih<-75>, i4wifirssil<-85>, i4wifirssih_ho<-78>, i4wifirssil_ho<-88>, i4wifisnrh<10>, i4wifisnrl<6>

07-28 17:00:32.988   312   682 I MAL-Daemon:  (          rds_ru_rpl_gen, 5221) [RDS-I][RU][rds_ru_rpl_gen][RDS] Threshold i4ltersrph<-106>, i4ltersrpm<-111>, i4ltersrpl<-116>, i4ltersrqh<5>, i4ltersrqm<3>, i4ltersrql<1>

07-28 17:00:32.989   312   682 I MAL-Daemon:  (          rds_ru_rpl_gen, 5224) [RDS-I][RU][rds_ru_rpl_gen][RDS] current rds ru status: i4wifirssi<-69>, i4wifisnr<9999>, i4ltersrp<-141>, i4ltersrq<0>, u4active_ran<1> 

07-28 17:00:32.989   312   682 I MAL-Daemon:  (          rds_ru_rpl_gen, 5227) [RDS-I][RU][rds_ru_rpl_gen][RDS] current wifi backhaul : rtp_plr<0>, rtp_jitter<0>, ping_ind<0>

07-28 17:00:32.989   312   682 I MAL-Daemon:  (          rds_ru_rpl_gen, 5230) [RDS-I][RU][rds_ru_rpl_gen][RDS] Call stat : IR92<0>, IR94<0> 

07-28 17:00:32.989   312   682 I MAL-Daemon:  (          rds_ru_rpl_gen, 5236) [RDS-I][RU][RDS IMS/MMS][rds_ru_rpl_gen] Ori:(254,254)/(255,255) New:(254,254)/(255,255)

07-28 17:00:32.989   312   682 I MAL-Daemon:  (          rds_ru_rpl_gen, 5241) [RDS-I][RU][RDS IMS/MMS WIFI][rds_ru_rpl_gen] Ori:(254,254)/(255,255) New:(254,254)/(255,255)

07-28 17:00:32.989   312   682 I MAL-Daemon:  (          rds_ru_rpl_gen, 5246) [RDS-I][RU][RDS IMS/MMS CELL][rds_ru_rpl_gen] Ori:(254,254)/(255,255) New:(254,254)/(255,255)

07-28 17:00:32.989   312   682 I MAL-Daemon:  (          rds_ru_rpl_gen, 5250) [RDS-I][RU][RDS EMG][rds_ru_rpl_gen] Ori:(254,254) New:(254,254)

07-28 17:00:32.989  1970  2068 I MFI-Conn:  (     mfia_task_bootstrap,  944) mfia_task_bootstrap(): an event 614 incoming

07-28 17:00:32.989  1970  2068 I MFI-Conn:  (     mfia_task_bootstrap,  944) mfia_task_bootstrap(): an event 615 incoming

07-28 17:00:32.989  1970  2110 I MFI-Conn:  (             rds_urc_hdl,  263) [RDS][rds_urc_hdl] RCV Event: 614 

07-28 17:00:32.989  1970  2110 I MFI-Conn:  (             rds_urc_hdl,  378) [RDS][IF][rds_urc_hdl] data_base update: pkterrt(0) 

07-28 17:00:32.989  1970  2110 I MFI-Conn:  (             rds_urc_hdl,  263) [RDS][rds_urc_hdl] RCV Event: 615 

07-28 17:00:32.989  1970  2110 I MFI-Conn:  (             rds_urc_hdl,  388) [RDS][IF][rds_urc_hdl] data_base update: i4wifirssi(-69) 

07-28 17:00:33.007  1484  3817 I System.out: [socket][2605:47940] exception

07-28 17:00:33.009   411  1172 D SocketClient: SocketClient sendData done: 

07-28 17:00:33.011  1484  3817 I System.out: [CDS]rx timeout:8000

07-28 17:00:33.011  1484  3817 I System.out: [socket][2605] connection clients3.google.com/74.125.204.138:80;LocalPort=55972(8000)

07-28 17:00:33.011  1484  3817 I System.out: [CDS]connect[clients3.google.com/74.125.204.138:80] tm:8

07-28 17:00:33.011  1484  3817 D Posix   : [Posix_connect Debug]Process com.vivo.daemonService :80 

07-28 17:00:33.012   411  1172 D SocketClient: SocketClient sendData done: 

07-28 17:00:33.451   798   824 E MFI-Conn:  (     mfia_task_bootstrap,  587) mfia_task_bootstrap(): retrying to connect to mal-mfi error 13!! ====

07-28 17:00:33.441   824   824 W viarild : type=1400 audit(0.0:123196): avc: denied { write } for name="mal-mfi" dev="tmpfs" ino=8735 scontext=u:r:viarild:s0 tcontext=u:object_r:mal_mfi_socket:s0 tclass=sock_file permissive=0

07-28 17:00:33.551   427   793 E VT      : [SRV] [VT THREAD] [VT_Bind] des = volte_imsvt1 Fail to connect . retry count: 39008

07-28 17:00:33.551   427   793 D VT      : [SRV] isIMCBrun : False

07-28 17:00:33.817   439   439 I thermal_src: wake up function 3

07-28 17:00:33.817   439   439 I thermal_src: TA_DAEMON_CMD_GET_TPCB cmd=0x5, len=4 PCB=36000

07-28 17:00:33.817   439   439 I thermal_src: TA_DAEMON_CMD_SET_TTJ cmd=0x4, len=4 Tj=85000

07-28 17:00:33.818   439   439 I thermal_src: waiting NOTIFY from kernel...

07-28 17:00:34.451   798   824 E MFI-Conn:  (     mfia_task_bootstrap,  587) mfia_task_bootstrap(): retrying to connect to mal-mfi error 13!! ====

07-28 17:00:34.451   824   824 W viarild : type=1400 audit(0.0:123197): avc: denied { write } for name="mal-mfi" dev="tmpfs" ino=8735 scontext=u:r:viarild:s0 tcontext=u:object_r:mal_mfi_socket:s0 tclass=sock_file permissive=0

07-28 17:00:34.975   965  1227 D WifiStateMachine:  ConnectedState (when=-4ms what=131155 arg1=137!CMD_RSSI_POLL  rt=117106917/905566888 137 0 "beta-test" 3c:8c:40:e4:3c:f2 rssi=-69 f=2412 sc=80 link=65 tx=0.9, 0.0, 0.0  rx=0.0 bcn=0 [on:0 tx:0 rx:0 period:2997] from screen [on:0 period:-2006118625] gl hn rssi=-64 ag=0 hr ticks 5,266,806 ls-=0 [56,56,56,56,61] brc=0 lrc=0 offload-stopped

07-28 17:00:34.976   965  1227 D WifiStateMachine:  L2ConnectedState (when=-5ms what=131155 arg1=137!CMD_RSSI_POLL  rt=117106918/905566889 137 0 "beta-test" 3c:8c:40:e4:3c:f2 rssi=-69 f=2412 sc=80 link=65 tx=0.9, 0.0, 0.0  rx=0.0 bcn=0 [on:0 tx:0 rx:0 period:0] from screen [on:0 period:-2006118625] gl hn rssi=-64 ag=0 hr ticks 5,266,806 ls-=0 [56,56,56,56,61] brc=0 lrc=0 offload-stopped

07-28 17:00:34.976   965  1227 D WifiStateMachine:  get link layer stats 0

07-28 17:00:34.988   965  1227 I WifiStateMachine: fetchRssiLinkSpeedAndFrequencyNative, newRssi:-69, newLinkSpeed:65, SSID:"beta-test"

07-28 17:00:34.988   965  1227 D WifiStateMachine: mLastSignalLevel:2, newSignalLevel:2

07-28 17:00:34.989   965  1227 E WifiStateMachine: calculateWifiScore() we set wifi's score to 1000, so will always set wifi as a default network.

07-28 17:00:34.989   965  1227 V ActivityManager: Broadcast sticky: Intent { act=android.net.wifi.RSSI_CHANGED flg=0x4000010 (has extras) } ordered=false userid=-1 callerApp=ProcessRecord{f5c5ef3 965:system/1000}

07-28 17:00:34.992  1322  1836 I VivoNetworkController: SystemUI|action = android.net.wifi.RSSI_CHANGED

07-28 17:00:34.994   965  1256 D WifiWatchdogStateMachine: RSSI current: 2 new: -69, 2

07-28 17:00:35.452   798   824 E MFI-Conn:  (     mfia_task_bootstrap,  587) mfia_task_bootstrap(): retrying to connect to mal-mfi error 13!! ====

07-28 17:00:35.441   824   824 W viarild : type=1400 audit(0.0:123198): avc: denied { write } for name="mal-mfi" dev="tmpfs" ino=8735 scontext=u:r:viarild:s0 tcontext=u:object_r:mal_mfi_socket:s0 tclass=sock_file permissive=0

07-28 17:00:35.665   307   340 I BufferQueueProducer: [StatusBar](this:0x7f9ed4a800,id:6,api:1,p:1322,c:307) queueBuffer: fps=0.33 dur=3003.84 max=3003.84 min=3003.84

07-28 17:00:35.678   307   307 I SurfaceFlinger: [Built-in Screen (type:0)] fps:0.332632,dur:3006.32,max:3006.32,min:3006.32

07-28 17:00:35.877   441   441 I thermal_repeater: select timeout

07-28 17:00:35.974   312 31395 I MAL-Daemon:  (        ru_syssig_hndler,  436) [RDS-I][ru_syssig_hndler] Send Event: 688 

07-28 17:00:35.974   312 31395 I MAL-Daemon:  (        ru_syssig_hndler,  437) [RDS-I][RDS][RU][ru_syssig_hndler] ru_check_ctx_ptr<0xf5f34d9c, 0xf5f34d9c>

07-28 17:00:35.974   312 31395 W MAL-Daemon:  (    mdfx_task_send_event,  636) mdfx_task_send_event(): [ACT] should NOT enter this leagcy API!!

07-28 17:00:35.974   312 31395 I MAL-Daemon:  (    ru_send_event_entity,  368) [RDS-I][RDS][RU][ru_send_event_entity] send event 688 to 602 with ret(0)

07-28 17:00:35.974   312   682 I MAL-Daemon:  (             rds_ru_task,  454) [RDS-I][RU][rds_ru_task] RCV Event: 688 

07-28 17:00:36.001   312   682 D MAL-Daemon:  (     ru_wsl_poll_wpainfo,  657) [RDS-D][RDS][RU][ru_wsl_poll_wpainfo]socket recv pktlen(48) 

07-28 17:00:36.001   312   682 D MAL-Daemon:  (rds_ru_ws_rssi_timer_exp,  770) [RDS-D][RU][rds_ru_ws_rssi_timer_expire_hdlr][RDS] get rssi = -69, snr = 9999 

07-28 17:00:36.002   312   682 I MAL-Daemon:  (          ru_get_netstat, 5599) [RDS-I][RU][ru_get_netstat] netstat <thrghpt, pkterrt>, wifi <190, 0%>, mobile <0, 0%>

07-28 17:00:36.002   312   682 I MAL-Daemon:  (    ru_send_event_entity,  368) [RDS-I][RDS][RU][ru_send_event_entity] send event 614 to 1236 with ret(0)

07-28 17:00:36.002  1970  2068 I MFI-Conn:  (     mfia_task_bootstrap,  944) mfia_task_bootstrap(): an event 614 incoming

07-28 17:00:36.003  1970  2110 I MFI-Conn:  (             rds_urc_hdl,  263) [RDS][rds_urc_hdl] RCV Event: 614 

07-28 17:00:36.003  1970  2110 I MFI-Conn:  (             rds_urc_hdl,  378) [RDS][IF][rds_urc_hdl] data_base update: pkterrt(0) 

07-28 17:00:36.079   439   439 I thermal_src: wake up function 3

07-28 17:00:36.079   439   439 I thermal_src: TA_DAEMON_CMD_GET_TPCB cmd=0x5, len=4 PCB=36000

07-28 17:00:36.079   439   439 I thermal_src: TA_DAEMON_CMD_SET_TTJ cmd=0x4, len=4 Tj=85000

07-28 17:00:36.079   439   439 I thermal_src: waiting NOTIFY from kernel...

07-28 17:00:36.080  2678  2683 D FRR     : buff=0x7fb368b240, len=192

07-28 17:00:36.080  2678  2683 D FRR     : uevent[0]=0x7fb368b240, len=48, "change@/devices/platform/battery/power_supply/ac"

07-28 17:00:36.080  2678  2683 D FRR     : voteFps(60, 0)

07-28 17:00:36.080  2678  2683 D FRR     : ThermalListener loop:

07-28 17:00:36.080  2678  2683 D FRR     : buff=0x7fb368b240, len=195

07-28 17:00:36.080  2678  2683 D FRR     : uevent[0]=0x7fb368b240, len=49, "change@/devices/platform/battery/power_supply/usb"

07-28 17:00:36.080  2678  2683 D FRR     : voteFps(60, 0)

07-28 17:00:36.080  2678  2683 D FRR     : ThermalListener loop:

07-28 17:00:36.080  2678  2683 D FRR     : buff=0x7fb368b240, len=210

07-28 17:00:36.080  2678  2683 D FRR     : uevent[0]=0x7fb368b240, len=54, "change@/devices/platform/battery/power_supply/wireless"

07-28 17:00:36.080  2678  2683 D FRR     : voteFps(60, 0)

07-28 17:00:36.080  2678  2683 D FRR     : ThermalListener loop:

07-28 17:00:36.082   965  1947 V BatteryService: VNOILBS mScreenOn=true level=100 mCriticalBatteryLevel=3 mNotificationLowBatteryStates=false OS_VERSION=true mNotificationChargeStates=true status=5

07-28 17:00:36.082   965  1947 V BatteryService: VNOILBS, turn off battery light.

07-28 17:00:36.082   965  1947 V BatteryService: VNOILBS mScreenOn=true level=100 mCriticalBatteryLevel=3 mNotificationLowBatteryStates=false OS_VERSION=true mNotificationChargeStates=true status=5

07-28 17:00:36.082   965  1947 V BatteryService: VNOILBS, turn off battery light.

07-28 17:00:36.083   965  1933 V BatteryService: VNOILBS mScreenOn=true level=100 mCriticalBatteryLevel=3 mNotificationLowBatteryStates=false OS_VERSION=true mNotificationChargeStates=true status=5

07-28 17:00:36.083   965  1933 V BatteryService: VNOILBS, turn off battery light.

07-28 17:00:36.086  2678  2683 D FRR     : buff=0x7fb368b240, len=963

07-28 17:00:36.086  2678  2683 D FRR     : uevent[0]=0x7fb368b240, len=53, "change@/devices/platform/battery/power_supply/battery"

07-28 17:00:36.086  2678  2683 D FRR     : voteFps(60, 0)

07-28 17:00:36.086  2678  2683 D FRR     : ThermalListener loop:

07-28 17:00:36.087   965  1957 V BatteryService: VNOILBS mScreenOn=true level=100 mCriticalBatteryLevel=3 mNotificationLowBatteryStates=false OS_VERSION=true mNotificationChargeStates=true status=5

07-28 17:00:36.087   965  1957 V BatteryService: VNOILBS, turn off battery light.

07-28 17:00:36.452   798   824 E MFI-Conn:  (     mfia_task_bootstrap,  587) mfia_task_bootstrap(): retrying to connect to mal-mfi error 13!! ====

07-28 17:00:36.441   824   824 W viarild : type=1400 audit(0.0:123199): avc: denied { write } for name="mal-mfi" dev="tmpfs" ino=8735 scontext=u:r:viarild:s0 tcontext=u:object_r:mal_mfi_socket:s0 tclass=sock_file permissive=0

07-28 17:00:36.551   427   793 E VT      : [SRV] [VT THREAD] [VT_Bind] des = volte_imsvt1 Fail to connect . retry count: 39009

07-28 17:00:36.552   427   793 D VT      : [SRV] isIMCBrun : False

07-28 17:00:37.453   798   824 E MFI-Conn:  (     mfia_task_bootstrap,  587) mfia_task_bootstrap(): retrying to connect to mal-mfi error 13!! ====

07-28 17:00:37.451   824   824 W viarild : type=1400 audit(0.0:123200): avc: denied { write } for name="mal-mfi" dev="tmpfs" ino=8735 scontext=u:r:viarild:s0 tcontext=u:object_r:mal_mfi_socket:s0 tclass=sock_file permissive=0

07-28 17:00:37.657   307  2293 I BufferQueueProducer: [StatusBar](this:0x7f9ed4a800,id:6,api:1,p:1322,c:307) queueBuffer: fps=1.00 dur=1992.07 max=996.42 min=995.65

07-28 17:00:37.671   307   307 I SurfaceFlinger: [Built-in Screen (type:0)] fps:1.003426,dur:1993.17,max:996.91,min:996.26

07-28 17:00:37.991   965  1227 D WifiStateMachine:  ConnectedState (when=-1ms what=131155 arg1=137!CMD_RSSI_POLL  rt=117109932/905569904 137 0 "beta-test" 3c:8c:40:e4:3c:f2 rssi=-69 f=2412 sc=80 link=65 tx=2.0, 0.0, 0.0  rx=0.0 bcn=0 [on:0 tx:0 rx:0 period:2996] from screen [on:0 period:-2006115609] gl hn rssi=-64 ag=0 hr ticks 5,266,806 ls-=0 [56,56,56,56,61] brc=0 lrc=0 offload-stopped

07-28 17:00:37.991   965  1227 D WifiStateMachine:  L2ConnectedState (when=-2ms what=131155 arg1=137!CMD_RSSI_POLL  rt=117109933/905569905 137 0 "beta-test" 3c:8c:40:e4:3c:f2 rssi=-69 f=2412 sc=80 link=65 tx=2.0, 0.0, 0.0  rx=0.0 bcn=0 [on:0 tx:0 rx:0 period:0] from screen [on:0 period:-2006115609] gl hn rssi=-64 ag=0 hr ticks 5,266,806 ls-=0 [56,56,56,56,61] brc=0 lrc=0 offload-stopped

07-28 17:00:37.991   965  1227 D WifiStateMachine:  get link layer stats 0

07-28 17:00:38.004   965  1227 I WifiStateMachine: fetchRssiLinkSpeedAndFrequencyNative, newRssi:-69, newLinkSpeed:65, SSID:"beta-test"

07-28 17:00:38.004   965  1227 D WifiStateMachine: mLastSignalLevel:2, newSignalLevel:2

07-28 17:00:38.004   965  1227 E WifiStateMachine: calculateWifiScore() we set wifi's score to 1000, so will always set wifi as a default network.

07-28 17:00:38.004   965  1227 V ActivityManager: Broadcast sticky: Intent { act=android.net.wifi.RSSI_CHANGED flg=0x4000010 (has extras) } ordered=false userid=-1 callerApp=ProcessRecord{f5c5ef3 965:system/1000}

07-28 17:00:38.007   965  1256 D WifiWatchdogStateMachine: RSSI current: 2 new: -69, 2

07-28 17:00:38.018  1322  1836 I VivoNetworkController: SystemUI|action = android.net.wifi.RSSI_CHANGED

07-28 17:00:38.034 16845 16853 I art     : Background sticky concurrent mark sweep GC freed 19598(1010KB) AllocSpace objects, 0(0B) LOS objects, 68% free, 498KB/1583KB, paused 5.890ms total 21.919ms

07-28 17:00:38.453   798   824 E MFI-Conn:  (     mfia_task_bootstrap,  587) mfia_task_bootstrap(): retrying to connect to mal-mfi error 13!! ====
